<?xml version="1.0" encoding="UTF-8"?>
<dataroot xmlns:od="urn:schemas-microsoft-com:officedata" xmlns:xsi="http://www.w3.org/2001/XMLSchema-instance"  xsi:noNamespaceSchemaLocation="results.xsd" generated="2021-06-30T08:18:30">
<results>
<Field1>HITId</Field1>
<Field2>HITTypeId</Field2>
<Field3>Title</Field3>
<Field4>Description</Field4>
<Field5>Keywords</Field5>
<Field6>Reward</Field6>
<Field7>CreationTime</Field7>
<Field8>MaxAssignments</Field8>
<Field9>RequesterAnnotation</Field9>
<Field10>AssignmentDurationInSeconds</Field10>
<Field11>AutoApprovalDelayInSeconds</Field11>
<Field12>Expiration</Field12>
<Field13>NumberOfSimilarHITs</Field13>
<Field14>LifetimeInSeconds</Field14>
<Field15>AssignmentId</Field15>
<Field16>WorkerId</Field16>
<Field17>AssignmentStatus</Field17>
<Field18>AcceptTime</Field18>
<Field19>SubmitTime</Field19>
<Field20>AutoApprovalTime</Field20>
<Field21>ApprovalTime</Field21>
<Field22>RejectionTime</Field22>
<Field23>RequesterFeedback</Field23>
<Field24>WorkTimeInSeconds</Field24>
<Field25>LifetimeApprovalRate</Field25>
<Field26>Last30DaysApprovalRate</Field26>
<Field27>Last7DaysApprovalRate</Field27>
<Field28>Input.IMGKEY</Field28>
<Field29>Input.AGE</Field29>
<Field30>Input.IMG</Field30>
<Field31>Input.img_url</Field31>
<Field32>Answer.areaTotal</Field32>
<Field33>Answer.crop</Field33>
<Field34>Answer.croparea</Field34>
<Field35>Answer.grld</Field35>
<Field36>Answer.grldarea</Field36>
<Field37>Answer.tree</Field37>
<Field38>Answer.treearea</Field38>
<Field39>Answer.wtld</Field39>
<Field40>Answer.wtldarea</Field40>
<Field41>Approve</Field41>
<Field42>Reject</Field42>
</results>
<results>
<Field1>3W0XM68YZR8YF0RSZ3SXOPSQKZFK12</Field1>
<Field2>3PUZG2R74TXVF7CR9RD94D92J8X45X</Field2>
<Field3>Participate in a land classification study (Bonuses for accuracy)</Field3>
<Field4>Classify an aerial image into four different types of land cover</Field4>
<Field5>image classification, land cover, photo interpretation</Field5>
<Field6>$0.50</Field6>
<Field7>Tue Jun 29 15:46:53 PDT 2021</Field7>
<Field8>6</Field8>
<Field9>BatchId:4491423;OriginalHitTemplateId:928390828;</Field9>
<Field10>3600</Field10>
<Field11>259200</Field11>
<Field12>Tue Jul 06 15:46:53 PDT 2021</Field12>
<Field15>34V1S5K3GVEBSA7SRFIQIW1IAFP69E</Field15>
<Field16>A1MSMWOY6GTA99</Field16>
<Field17>Submitted</Field17>
<Field18>Tue Jun 29 22:21:18 PDT 2021</Field18>
<Field19>Tue Jun 29 22:31:26 PDT 2021</Field19>
<Field20>Fri Jul 02 22:31:26 PDT 2021</Field20>
<Field24>608</Field24>
<Field25>0% (0/0)</Field25>
<Field26>0% (0/0)</Field26>
<Field27>0% (0/0)</Field27>
<Field28>25340</Field28>
<Field29>old</Field29>
<Field30>img25340_old.jpg</Field30>
<Field31>https://raw.githubusercontent.com/ROIHabitat/lcimages/master/img25340_old.jpg</Field31>
<Field32>2297</Field32>
<Field33>1GD1JH1KG1KH1LE1LF1LG1LH1ME1MF1MG1MH1MN1NE1NF1NG1NH1NM1NN1NO1OE1OH1OM1ON1OO1OP1PG1PH1PL1PM1PN1PO1PP1QG1QO1QP1RF1SB1SC1SD1SF1TB1TC1TD1TE1TF1UB1UC1UD1UE1UF1VC1VD1VE1VF1VG1VH1VI1VJ1VK1WD1WE1WF1WG1WH1WI1WJ1WK1XH1XI1XJ1XK3AE3AF3AG3AV3AX3BF3BG3BI3BK3BL3BM3BN3BO3BP3BV3BX3CE3CF3CG3CH3CI3CO3CP3CV3CX3DE3DF3DG3DH3DI3DJ3DK3DL3DM3DP3DV3DX3EF3EG3EH3EN3EO3EP3FF3FG3FH3FO3FP3FQ3GE3GF3GG3GH3GO3GP3GQ3HE3HF3HG3HL3HM3HN3HO3HP3HQ3HX3IE3IF3IG3IH3IL3IM3IN3IO3IP3IQ3IX3JE3JF3JG3JH3JI3JL3JM3JN3JO3JP3JQ3JX3KE3KF3KG3KH3KI3KW3LF3LG3LH3LI3LJ3MG3MH3MI3NH3NI3NW3NX3OH3OI3OW3PW3PX4AA4AB4AC4AD4AE4AK4AL4AM4BA4BB4BC4BD4BE4BF4BG4BH4BJ4BK4BL4BM4CA4CB4CC4CD4CE4CF4CG4CH4CJ4CK4CL4CM4DD4DE4DF4DG4DH4DI4DJ4DK4DL4EC4ED4EE4EF4EG4EI4EJ4EK4EL4FB4FC4FD4FE4FF4FH4FI4FJ4FK4GB4GC4GD4GE4GG4GH4GI4GJ4GK4GP4GQ4GR4GS4HB4HC4HD4HG4HH4HI4HJ4HM4HN4HO4HP4HQ4HR4HS4IF4IG4IH4II4IM4IN4IO4IP4IQ4IR4IS4JF4JG4JH4JI4JL4JM4JN4JO4JP4JQ4JR4KE4KF4KG4KH4KK4KL4KO4KP4KQ4KR4LE4LF4LG4LH4LJ4LK4LL4LM4LN4LO4LP4LQ4MA4MB4MH4MI4MJ4MK4MM4MN4MO4MP4MQ4NA4NB4NH4NI4NJ4NK4NL4NM4NN4NO4NP4NQ4OA4OB4OD4OH4OI4OJ4OK4ON4OO4OP4OQ4PA4PB4PC4PD4QA4QB4QC4QD4RA4RB4RC4RD4RE4SA4SB4SC4SD4SE4SH4SI4SJ4TA4TB4TC4TD4TE4TH4TI4TJ4TK4TL4TM4TN4TO4UA4UB4UC4UD4UH4UI4UJ4UK4UL4UM4UN4UO4VA4VB4VJ4VK4VL4VM4VW4VX4WA4WB4WV4WW4WX4XA4XB</Field33>
<Field34>409</Field34>
<Field35>1DA1DB1DD1EA1EB1ED1FA1FB1FD1GA1GB1HA1HB1IA1IB1IG1IH1KA1KB1LA1LB1LC1MA1MB1MC1MD1NA1NB1NC1ND1OA1OB1OC1OD1OF1OG1PA1PB1PC1PD1PE1PF1QC1QD1QE1QF1RC1RD1RE1SE2GP2HD2HE2HF2HP2IM2IN2IO2IP2JM2JN2JO2JP2KM2KN2KO2LM2LN2LO2LQ2MM2MN2MO2MP2MQ2MR2MS2MT2NL2NM2NN2NO2NP2NQ2NR2NS2NT2OO2OP2OR2OS2OT2OU2PB2PC2PD2PE2PF2PG2PH2PI2PJ2PK2PL2PM2PN2PO2PR2PS2PT2PU2QB2QC2QD2QE2QF2QG2QH2QI2QJ2QK2QL2QM2QN2QR2QS2QT2QU2RB2RC2RD2RE2RF2RG2RH2RI2RJ2RK2RL2RM2RN2RO2RP2RQ2RR2RS2RT2RU2SB2SC2SD2SK2SL2SM2SN2SO2SP2SQ2SR2SS2ST2SU2TB2TC2TD2TE2TF2TG2TH2TI2TJ2TK2TL2TM2TN2TO2TP2TQ2TR2TS2TT2TU2UB2UC2UD2UE2UF2UG2UH2UI2UJ2UK2UL2UM2UN2UO2UP2UU2VB2VC2VD2VE2VF2VG2VH2VI2VJ2VK3AH3AI3AJ3AK3AP3AQ3IJ3IK3JJ3JK3KD3KJ3KK3KL3KR3KS3KT3LE3LK3LL3LQ3LR3LS3LT3ME3MJ3MK3ML3MM3MP3MQ3MR3MS3MT3NJ3NK3NL3NM3NP3NQ3NR3NS3NT3OA3OG3OJ3OK3OL3OM3ON3OP3OQ3OR3PA3PG3PH3PI3PJ3PK3PL3PM3PN3QA3QG3QH3QI3QJ3QK3QL3QM3QN3RA3RG3RH3RJ3RK3RL3RM3RN3SA3SF3SG3SH3SI3SJ3SL3SM3SN3SP3SQ3TA3TG3TH3TI3TJ3TK3TL3TM3TN3TO3TP3TQ3UA3UG3UH3UI3UJ3UO3UP3UQ3VA3VJ3VK3VL3VM3WA3WB3WC3WD3WE3WJ3WK3WL3WM3XA3XB3XC3XD3XE3XF3XG3XH3XI3XJ3XK3XL3XM3XN3XO3XX4AF4AG4AH4AI4AJ4AX4BI4BQ4BR4BS4CI4CN4CO4CP4CQ4CR4CS4DA4DB4DC4DM4DN4DO4DP4DQ4DR4DS4EA4EB4EH4EM4EN4EO4EP4EQ4ER4ES4FA4FG4FL4FM4FN4FO4FP4FQ4FS4FT4FU4GA4GF4GL4GM4GN4GO4GT4GU4GV4GW4GX4HA4HE4HF4HK4HL4HT4HU4HV4HW4HX4IA4IB4ID4IE4IJ4IK4IL4IT4IU4IV4IW4IX4JA4JB4JD4JE4JJ4JK4JS4JT4JU4JV4JW4JX4KA4KB4KC4KD4KJ4KS4KT4KU4KW4KX4LA4LB4LC4LI4LW4LX4MC4MV4MW4MX4NC4NV4NW4NX4OC4OL4OM4OV4OW4OX4PH4PI4QH4QI4RF4RG4RH4RI4RV4SF4SG4SL4SV4SW4SX4TF4TG4TV4TW4TX4UE4UF4UG4UU4UV4UW4UX4VC4VH4VI4VU4WC4WD4WE4WF4WG4WH4WI4WJ4WK4WL4WU4XC4XD4XE4XF4XG4XH4XI4XJ4XO4XP4XT4XU4XV4XW4XX</Field35>
<Field36>528</Field36>
<Field37>1AU1AV1AW1AX1BL1BM1BN1BU1BV1BW1BX1CK1CL1CM1CN1CO1CP1CQ1CR1CS1CT1CU1CV1CW1CX1DL1DM1DN1DO1DP1DQ1DR1DS1DT1DU1DV1DW1DX1EC1EE1EL1EM1EN1EO1EP1EQ1ER1ES1ET1EU1EV1EW1EX1FC1FE1FL1FM1FN1FO1FP1FQ1FR1FS1FU1FV1FW1FX1GC1GE1GJ1GK1GL1GM1GN1GO1GP1GQ1GT1GU1GV1GW1GX1HC1HD1HE1HF1HG1HH1HI1HJ1HK1HL1HM1HN1HO1HP1HQ1HR1HS1HT1HU1HV1HW1HX1IC1ID1IE1IF1II1IJ1IK1IL1IM1IN1IO1IP1IQ1IR1IS1IT1IU1IV1IW1IX1JA1JB1JC1JD1JE1JF1JG1JI1JJ1JK1JL1JM1JN1JO1JP1JQ1JR1JS1JT1JU1JV1JW1JX1KC1KD1KE1KF1KI1KJ1KK1KL1KM1KN1KO1KP1KQ1KR1KS1KT1KU1KV1KW1KX1LD1LI1LJ1LK1LL1LM1LN1LO1LP1LQ1LR1LS1LT1LU1LV1LW1LX1MI1MJ1MK1ML1MM1MO1MP1MQ1MR1MS1MT1MU1MV1MX1NI1NJ1NK1NL1NP1NQ1NR1NS1NT1NU1NV1NX1OI1OJ1OK1OL1OQ1OR1OS1OT1OU1OV1OX1PI1PJ1PK1PQ1PR1PS1PT1PU1PV1PX1QA1QB1QH1QI1QJ1QK1QL1QM1QN1QQ1QR1QS1QV1QX1RA1RB1RG1RH1RI1RJ1RK1RL1RM1RN1RO1RP1RQ1RR1RS1RV1SA1SG1SH1SI1SJ1SK1SL1SM1SN1SO1SP1SQ1SR1SS1ST1SW1SX1TA1TG1TH1TI1TJ1TK1TL1TM1TN1TO1TP1TQ1TR1TS1TT1TU1TV1TW1TX1UA1UG1UH1UI1UJ1UK1UL1UM1UN1UO1UP1UQ1UR1US1UT1UV1UW1UX1VA1VB1VL1VM1VN1VO1VP1VQ1VR1VS1VT1VU1VV1VW1VX1WA1WB1WC1WL1WM1WN1WO1WP1WQ1WR1WS1WT1WU1WV1WW1WX1XA1XB1XC1XD1XE1XF1XG1XN1XO1XP1XQ1XR1XS1XT1XU1XV1XW1XX2AD2AE2AF2AG2AH2AI2AJ2AK2AL2AM2AN2AO2AP2AQ2AR2BD2BE2BF2BG2BH2BI2BJ2BK2BL2BM2BN2BO2BP2BQ2BR2CA2CE2CF2CG2CH2CI2CL2CM2CN2CO2CP2CQ2CR2CS2CT2CU2CV2DA2DE2DF2DG2DH2DI2DJ2DM2DN2DO2DP2DQ2DR2DS2DT2DU2DV2EA2EE2EF2EG2EH2EI2EJ2EM2EN2EO2EQ2ER2ES2ET2EU2EV2EW2FA2FB2FC2FD2FE2FF2FG2FH2FI2FJ2FM2FN2FO2FQ2FR2FS2FT2FU2FV2FW2GA2GB2GC2GD2GE2GF2GG2GH2GI2GJ2GQ2GR2GS2GU2GV2GW2GX2HA2HB2HC2HQ2HR2HS2HV2HW2HX2IA2IB2IC2ID2IE2IQ2IR2IS2IT2IV2IW2IX2JB2JQ2JR2JS2JT2JW2JX2KB2KQ2KR2KS2KT2KW2KX2LA2LB2LR2LS2LT2LW2LX2MW2MX2NW2NX2OW2OX2PW2PX2QO2QP2QQ2QW2QX2RW2RX2SW2SX2TW2TX2UQ2UR2US2UT2UW2UX2VA2VL2VM2VN2VO2VP2VQ2VR2VS2VT2VU2VW2VX2WA2WB2WC2WD2WE2WF2WG2WH2WI2WJ2WK2WL2WM2WN2WO2WP2WQ2WR2WS2WT2WU2WV2WW2WX2XA2XB2XC2XD2XE2XF2XG2XH2XI2XJ2XK2XL2XM2XN2XO2XP2XQ2XR2XS2XT2XU2XV2XW2XX3AA3AB3AC3AD3AL3AM3AN3AO3AR3AS3AT3AU3BA3BB3BC3BD3BQ3BR3BS3BT3BU3CA3CB3CC3CD3CQ3CR3CS3CT3CU3DA3DB3DC3DD3DQ3DR3DS3DT3DU3EA3EB3EC3ED3EE3EI3EJ3EK3EL3EM3EQ3ER3ES3ET3EU3EV3EX3FA3FB3FC3FD3FE3FI3FJ3FK3FL3FM3FN3FR3FS3FT3FU3FV3FW3FX3GA3GB3GC3GD3GI3GJ3GK3GL3GM3GN3GR3GS3GT3GU3GV3GX3HA3HB3HC3HD3HH3HI3HJ3HK3HR3HS3HT3HU3HV3IA3IB3IC3ID3II3IR3IS3IT3IU3IV3JA3JB3JC3JD3JR3JS3JT3JU3JV3KA3KB3KC3KM3KN3KO3KP3KQ3KU3KV3LA3LB3LC3LD3LM3LN3LO3LP3LU3LV3MA3MB3MC3MD3MF3MN3MO3MU3MV3MW3MX3NA3NB3NC3ND3NE3NF3NG3NN3NO3NU3NV3OB3OC3OD3OE3OF3OO3OS3OT3OU3OV3PB3PC3PD3PE3PF3PO3PP3PQ3PR3PS3PT3PU3PV3QB3QC3QD3QE3QF3QO3QP3QQ3QR3QS3QT3QU3QV3QX3RB3RC3RD3RE3RF3RI3RO3RP3RQ3RR3RS3RT3RU3RV3RW3RX3SB3SC3SD3SE3SK3SO3SR3SS3ST3SU3SV3SW3SX3TB3TC3TD3TE3TF3TR3TS3TT3TU3TV3TW3TX3UB3UC3UD3UE3UF3UK3UL3UM3UN3UR3US3UT3UU3UV3UW3UX3VB3VC3VD3VE3VF3VG3VH3VI3VN3VO3VP3VQ3VR3VS3VT3VU3VV3VW3VX3WF3WG3WH3WI3WN3WO3WP3WQ3WR3WS3WT3WU3WV3WW3WX3XP3XQ3XR3XS3XT3XU3XV3XW4KV4LR4LS4LT4LU4LV4ME4MF4MG4MR4MS4MT4MU4NE4NF4NG4NR4NS4NT4NU4OE4OF4OG4OR4OS4OT4OU4PE4PF4PG4PJ4PK4PL4PM4PN4PO4PP4PQ4PR4PS4PT4PU4PV4PW4PX4QE4QF4QG4QJ4QK4QL4QM4QN4QO4QP4QQ4QR4QS4QT4QU4QV4QW4QX4RJ4RK4RL4RM4RN4RO4RP4RQ4RR4RS4RT4RU4RW4RX4SM4SN4SO4SP4SQ4SR4SS4ST4SU4TS4TT4TU4VD4VE4VF4VG</Field37>
<Field38>1003</Field38>
<Field39>1AA1AB1AC1AD1AE1AF1AG1AH1AI1AJ1AK1AL1AM1AN1AO1AP1AQ1AR1AS1AT1BA1BB1BC1BD1BE1BF1BG1BH1BI1BJ1BK1BO1BP1BQ1BR1BS1BT1CA1CB1CC1CD1CE1CF1CG1CH1CI1CJ1DC1DE1DF1DG1DH1DI1DJ1DK1EF1EG1EH1EI1EJ1EK1FF1FG1FH1FI1FJ1FK1FT1GF1GG1GH1GI1GR1GS1MW1NW1OW1PW1QT1QU1QW1RT1RU1RW1RX1SU1SV1UU1XL1XM2AA2AB2AC2AS2AT2AU2AV2AW2AX2BA2BB2BC2BS2BT2BU2BV2BW2BX2CB2CC2CD2CJ2CK2CW2CX2DB2DC2DD2DK2DL2DW2DX2EB2EC2ED2EK2EL2EP2EX2FK2FL2FP2FX2GK2GL2GM2GN2GO2GT2HG2HH2HI2HJ2HK2HL2HM2HN2HO2HT2HU2IF2IG2IH2II2IJ2IK2IL2IU2JA2JC2JD2JE2JF2JG2JH2JI2JJ2JK2JL2JU2JV2KA2KC2KD2KE2KF2KG2KH2KI2KJ2KK2KL2KP2KU2KV2LC2LD2LE2LF2LG2LH2LI2LJ2LK2LL2LP2LU2LV2MA2MB2MC2MD2ME2MF2MG2MH2MI2MJ2MK2ML2MU2MV2NA2NB2NC2ND2NE2NF2NG2NH2NI2NJ2NK2NU2NV2OA2OB2OC2OD2OE2OF2OG2OH2OI2OJ2OK2OL2OM2ON2OV2PA2PP2PV2QA2QV2RA2RV2SA2SE2SF2SG2SH2SI2SJ2SV2TA2TV2UA2UV2VV3AW3BE3BH3BJ3BW3CJ3CK3CL3CM3CN3CW3DN3DO3DW3EW3GW3HW3IW3JW3KX3LW3LX3OX3QW4AN4AO4AP4AQ4AR4AS4AT4AU4AV4AW4BN4BO4BP4BT4BU4BV4BW4BX4CT4CU4CV4CW4CX4DV4DW4DX4EV4EW4EX4FR4FV4FW4FX4IC4JC4KI4KM4KN4LD4MD4ML4ND4TP4TQ4TR4UP4UQ4UR4US4UT4VN4VO4VP4VQ4VR4VS4VT4VV4WM4WN4WO4WP4WQ4WR4WS4WT4XK4XL4XM4XN4XQ4XR4XS</Field39>
<Field40>357</Field40>
</results>
<results>
<Field1>3W0XM68YZR8YF0RSZ3SXOPSQKZFK12</Field1>
<Field2>3PUZG2R74TXVF7CR9RD94D92J8X45X</Field2>
<Field3>Participate in a land classification study (Bonuses for accuracy)</Field3>
<Field4>Classify an aerial image into four different types of land cover</Field4>
<Field5>image classification, land cover, photo interpretation</Field5>
<Field6>$0.50</Field6>
<Field7>Tue Jun 29 15:46:53 PDT 2021</Field7>
<Field8>6</Field8>
<Field9>BatchId:4491423;OriginalHitTemplateId:928390828;</Field9>
<Field10>3600</Field10>
<Field11>259200</Field11>
<Field12>Tue Jul 06 15:46:53 PDT 2021</Field12>
<Field15>3570Y55XZSWSQ446B4JST47YD1AYGS</Field15>
<Field16>A1EK8YNHZHTW1J</Field16>
<Field17>Submitted</Field17>
<Field18>Tue Jun 29 18:59:18 PDT 2021</Field18>
<Field19>Tue Jun 29 19:22:15 PDT 2021</Field19>
<Field20>Fri Jul 02 19:22:15 PDT 2021</Field20>
<Field24>1377</Field24>
<Field25>100% (1/1)</Field25>
<Field26>0% (0/0)</Field26>
<Field27>0% (0/0)</Field27>
<Field28>25340</Field28>
<Field29>old</Field29>
<Field30>img25340_old.jpg</Field30>
<Field31>https://raw.githubusercontent.com/ROIHabitat/lcimages/master/img25340_old.jpg</Field31>
<Field32>2285</Field32>
<Field33>1AA1AB1AC1AD1AE1AF1AG1AH1AI1AJ1AK1AL1AM1AN1AO1AP1AQ1AR1AS1AT1AU1AV1AW1AX1BA1BB1BC1BD1BE1BF1BG1BH1BI1BJ1BK1BL1BM1BN1BO1BP1BQ1BR1BS1BT1BU1BV1BW1BX1CA1CB1CC1CD1CE1CF1CG1CH1CI1CJ1CK1CL1CM1CN1CO1CP1CQ1CR1CS1CT1CU1CV1CW1CX1DA1DB1DC1DD1DE1DF1DG1DH1DI1DJ1DK1DL1DM1DN1DO1DP1DQ1DR1DS1DT1DU1DV1DW1DX1EA1EB1EC1ED1EE1EF1EG1EH1EI1EJ1EK1EL1EM1EN1EO1EP1EQ1ER1ES1ET1EU1EV1EW1EX1FA1FB1FC1FD1FE1FF1FG1FH1FI1FJ1FK1FL1FM1FN1FO1FP1FQ1FR1FS1FT1FU1FV1FW1FX1GA1GB1GC1GD1GE1GF1GG1GH1GI1GL1GM1GN1GO1GP1GQ1GR1GS1GT1GU1GV1GW1GX1HA1HB1HC1HD1HE1HF1HG1HH1HI1HO1HP1HQ1HR1HS1HT1HU1HV1HW1HX1IA1IB1IC1ID1IE1IF1IG1IH1II1IV1IW1IX1JA1JB1JC1JD1JE1JF1JG1JH1JI1JJ1JK1KA1KB1KC1KD1KE1KF1KG1KH1KI1KJ1KK1KL1KM1KN1LA1LB1LC1LD1LE1LF1LG1LH1LI1LJ1LK1LL1LM1LN1LO1LP1MA1MB1MC1MD1ME1MF1MG1MH1MI1MJ1MK1ML1MM1MN1MO1MP1NA1NB1NC1ND1NE1NF1NG1NH1NI1NJ1NK1NL1NM1NN1NO1NP1NQ1NR1OA1OB1OC1OD1OE1OF1OG1OH1OI1OJ1OK1OL1OM1ON1OO1OP1OQ1OR1OS1OT1PA1PB1PC1PD1PE1PF1PG1PH1PI1PJ1PK1PL1PM1PN1PO1PP1PQ1PR1PS1PT1PU1PV1QA1QB1QC1QD1QE1QF1QG1QH1QI1QJ1QK1QL1QM1QN1QO1QP1QQ1QR1QS1QT1QU1QV1QW1QX1RA1RB1RC1RD1RE1RF1RG1RH1RI1RJ1RK1RL1RM1RN1RO1RP1RQ1RR1RS1RT1RU1RV1RW1RX1SA1SB1SC1SD1SE1SF1SG1SH1SI1SJ1SK1SL1SM1SP1SQ1SR1SS1ST1SU1SX1TA1TB1TC1TD1TE1TF1TG1TH1TI1TJ1TK1TL1TM1TR1TS1TT1TU1TX1UA1UB1UC1UD1UE1UF1UG1UH1UI1UJ1UK1UL1UM1US1UT1UU1VA1VB1VC1VD1VE1VF1VG1VH1VI1VJ1VK1VL1VM1VQ1VS1VT1VU1WA1WB1WC1WD1WE1WF1WG1WH1WI1WJ1WK1WL1WM1WR1WS1WT1WU1WV1WW1WX1XA1XB1XC1XD1XE1XF1XG1XH1XI1XJ1XK1XL1XM1XN1XR1XS1XT1XU1XV1XW1XX2AA2AB2AC2AD2AE2AF2AG2AH2AI2AJ2AM2AN2AO2AP2AQ2AR2AS2AT2AU2AV2AX2BA2BB2BC2BD2BE2BF2BJ2BO2BP2BQ2BR2BS2BT2BU2BV2BX2CA2CB2CC2CD2CP2CQ2CR2CS2CT2CU2CX2DA2DB2DC2DD2DP2DQ2DR2DS2DT2DX2EA2EB2EC2ED2EQ2ER2ES2ET2EX2FA2FB2FC2FD2FL2FQ2FR2FS2FT2FU2FX2GA2GB2GE2GL2GP2GQ2GR2GS2GT2GU2GX2HA2HF2HG2HH2HI2HJ2HK2HL2HM2HO2HP2HQ2HR2HS2HT2HU2HV2HX2IA2IF2IG2IH2II2IJ2IK2IL2IM2IN2IO2IP2IQ2IR2IS2IT2IU2IV2IX2JE2JF2JL2JM2JN2JO2JP2JQ2JR2JS2JT2JU2JV2JX2KL2KM2KN2KO2KP2KQ2KR2KS2KT2KU2KV2KX2LK2LL2LM2LN2LO2LP2LQ2LR2LS2LT2LU2LV2MH2MI2MJ2MK2ML2MM2MN2MO2MP2MQ2MR2MS2MT2MU2MV2NN2NO2NP2NQ2NR2NS2NT2NU2NV2ON2OO2OP2OQ2OR2OS2OT2OU2OV2PO2PP2PQ2PR2PS2PT2PU2PV2QO2QP2QQ2QR2QS2QT2QU2QV2RA2RG2RO2RP2RQ2RR2RS2RT2RU2RV2SA2SB2SO2SP2SQ2SR2SS2ST2SU2SV2SX2TA2TB2TN2TO2TP2TQ2TR2TS2TT2TU2TV2TX2UB2UC2UL2UM2UN2UO2UP2UQ2UR2US2UT2UU2UV2UX2VD2VL2VM2VN2VO2VP2VQ2VR2VS2VT2VU2VV2VX2WL2WM2WN2WO2WP2WQ2WR2WS2WT2WU2WV2WX2XA2XE2XF2XL2XM2XN2XO2XP2XQ2XR2XS2XT2XU2XV2XX3AA3AB3AC3AD3AE3AF3AG3AH3AI3AJ3AK3AL3AM3AN3AO3AP3AQ3AR3AU3AV3AW3AX3BA3BB3BC3BD3BE3BF3BG3BH3BI3BJ3BK3BL3BM3BN3BO3BP3BQ3BR3BX3CA3CB3CC3CD3CE3CF3CG3CH3CI3CL3CM3CN3CO3CP3CQ3CW3CX3DA3DB3DC3DD3DE3DF3DG3DH3DM3DN3DO3DP3DQ3DU3DV3DW3DX3EA3EB3EC3ED3EE3EF3EG3EH3EN3EO3EP3ET3EU3EV3EW3EX3FA3FB3FC3FD3FE3FF3FG3FH3FN3FO3FP3FU3FV3FW3FX3GA3GB3GC3GD3GE3GF3GG3GH3GN3GO3GP3GT3GU3GV3GW3GX3HA3HB3HC3HD3HE3HF3HG3HH3HN3HO3HP3HQ3HR3HS3HT3HU3HV3HW3HX3IA3IB3IF3IG3IN3IO3IP3IQ3IR3IS3IT3IU3IV3IW3IX3JA3JB3JF3JG3JM3JN3JO3JP3JQ3JR3JS3JT3JU3JV3JW3JX3KA3KB3KF3KP3KQ3KR3KS3KT3KU3KV3KW3KX3LA3LB3LC3LD3LJ3LK3LN3LP3LQ3LR3LS3LT3LU3LV3LW3LX3MA3MB3MC3MD3MI3MJ3MK3MP3MQ3MR3MS3MT3MU3MV3MW3MX3NA3NB3NC3ND3NE3NJ3NK3NL3NP3NQ3NR3NS3NT3NU3NV3NW3NX3OA3OB3OC3OD3OE3OF3OL3OP3OQ3OR3OS3OT3OU3OV3OW3OX3PA3PB3PC3PK3PL3PP3PQ3PR3PS3PT3PU3PV3PW3PX3QA3QB3QC3QJ3QK3QL3QM3QP3QQ3QR3QS3QT3QU3QV3QW3QX3RA3RB3RC3RD3RL3RM3RN3RR3RS3RT3RU3RV3SA3SD3SE3ST3TA3TD3TE3TF3TG3TH3TT3UA3UB3UC3UD3UH3UI3UT3VA3VB3VC3VH3VT3WA3WB3WC3WD3WE3WJ3WK3WO3WS3WT3XA3XB3XC3XJ3XK3XL3XM3XN3XO3XP3XQ3XR3XS3XT3XU4AA4AB4AF4AG4AM4AN4AO4AP4AQ4AR4AS4AT4AU4AV4AX4BB4BF4BG4BM4BN4BO4BP4BQ4BR4BS4BT4BU4BV4BX4CA4CB4CF4CG4CN4CO4CP4CQ4CR4CS4CT4CU4CV4CX4DA4DB4DC4DD4DE4DF4DG4DN4DO4DP4DQ4DR4DS4DT4DU4DV4DX4EA4EB4EC4ED4EE4EF4EG4EO4EP4EQ4ER4ES4ET4EU4EV4EX4FA4FB4FC4FD4FE4FF4FG4FO4FP4FQ4FR4FS4FT4FU4FV4FX4GA4GB4GC4GD4GE4GF4GG4GP4GQ4GR4GS4GT4GU4GV4GW4GX4HA4HB4HE4HF4HG4HQ4HR4HS4HT4HU4HV4HW4HX4IA4IB4IR4IS4IT4IU4IV4IW4IX4JA4JB4JS4JT4JU4JV4JW4JX4KA4KV4KW4KX4LA4LG4LW4LX4MA4MG4MV4MW4MX4NA4NB4NC4ND4NX4OA4OB4OC4OD4OE4OX4PA4PB4PC4PD4PE4PT4PU4PV4PW4PX4QA4QB4QC4QD4QE4QF4QM4QN4QX4RB4RC4RD4RE4RF4RN4RW4RX4SB4SC4SD4SE4SF4SG4SH4SI4SJ4SK4SX4TB4TC4TD4TE4TF4TG4TH4TI4TJ4TW4UB4UC4UD4UE4UF4UG4UH4UI4UJ4UM4UN4VC4VD4VE4VF4VG4VH4VI4VJ4VK4VL4VO4VP4WD4WE4WF4WG4WH4WI4WJ4WK4XD4XE4XF4XG4XH4XI4XJ4XX</Field33>
<Field34>1362</Field34>
<Field35>3FI3FJ3GI3GJ3GK3GM3HI3HJ3HK3HL3HM3IK3IL3IM3JK3KL3LL3LM3ML3MM3NM3OM3PM3PN3PO3QN3QO</Field35>
<Field36>27</Field36>
<Field37>1SN1SO1TN1TO1TP1TQ1UN1UO1UP1UQ1UR1VN1VO1VP1VR1WN1WO1WP1WQ1XO1XP1XQ2AW2BW2CV2CW2DU2DV2DW2EU2EV2EW2FV2FW2GV2GW2HW2IW2JW2KW2LW2LX2MW2MX2NW2NX2OW2OX2PW2PX2QW2QX2RW2RX2SW2TW2UW2VW2WW2XW3PI3PJ3QF3QG3QH3QI3RE3RF3RG3RH3RI3RJ3RK3RO3RP3RQ3RW3RX3SF3SG3SH3SI3SJ3SK3SL3SM3SN3SO3SP3SQ3SR3SS3SU3SV3SW3SX3TI3TJ3TK3TL3TM3TN3TO3TP3TQ3TR3TS3TU3TV3TW3TX3UJ3UK3UL3UM3UN3UO3UP3UQ3UR3US3UU3UV3UW3UX3VI3VJ3VK3VL3VM3VN3VO3VP3VQ3VR3VS3VU3VV3VW3VX3WL3WM3WU3WV3WW3WX3XV3XW3XX4AW4BW4CW4DW4EW4FW4RA4SA4TA4UA4VA4VB4WA4WB4WC4XA4XB4XC</Field37>
<Field38>167</Field38>
<Field39>1GJ1GK1HJ1HK1HL1HM1IL1IM1IN1IO1IP1IQ1IR1IS1IT1IU1JO1JP1JQ1JR1JS1JT1JU1JV1JW1JX1KO1KP1KQ1KR1KS1KT1KU1KV1KW1KX1LQ1LR1LS1LT1LU1LV1LW1LX1MQ1MR1MS1MT1MU1MV1MW1MX1NS1NT1NU1NV1NW1NX1OU1OV1OW1OX1PW1PX1SV1SW1TV1TW1UV1UW1UX1VV1VW1VX2AK2AL2BG2BH2BI2BK2BL2BM2BN2CE2CF2CG2CH2CI2CJ2CK2CL2CM2CN2CO2DE2DF2DG2DH2DI2DJ2DK2DL2DM2DN2DO2EE2EF2EG2EH2EI2EJ2EK2EL2EM2EN2EO2EP2FE2FF2FG2FH2FI2FJ2FK2FM2FN2FO2FP2GC2GD2GF2GG2GH2GI2GJ2GK2GM2GN2GO2HB2HC2HD2HE2HN2IB2IC2ID2IE2JA2JB2JC2JD2JG2JH2JI2JJ2JK2KA2KB2KC2KD2KE2KF2KG2KH2KI2KJ2KK2LA2LB2LC2LD2LE2LF2LG2LH2LI2LJ2MA2MB2MC2MD2ME2MF2MG2NA2NB2NC2ND2NE2NF2NG2NH2NI2NJ2NK2NL2NM2OA2OB2OC2OD2OE2OF2OG2OH2OI2OJ2OK2OL2OM2PA2PB2PC2PD2PE2PF2PG2PH2PI2PJ2PK2PL2PM2PN2QA2QB2QC2QD2QE2QF2QG2QH2QI2QJ2QK2QL2QM2QN2RB2RC2RD2RE2RF2RH2RI2RJ2RK2RL2RM2RN2SC2SD2SE2SF2SG2SH2SI2SJ2SK2SL2SM2SN2TC2TD2TE2TF2TG2TH2TI2TJ2TK2TL2TM2UA2UD2UE2UF2UG2UH2UI2UJ2UK2VA2VB2VC2VE2VF2VG2VH2VI2VJ2VK2WA2WB2WC2WD2WE2WF2WG2WH2WI2WJ2WK2XB2XC2XD2XG2XH2XI2XJ2XK3AS3AT3BS3BT3BU3BV3BW3CJ3CK3CR3CS3CT3CU3CV3DI3DJ3DK3DL3DR3DS3DT3EI3EJ3EK3EL3EM3EQ3ER3ES3FK3FL3FM3FQ3FR3FS3FT3GL3GQ3GR3GS3IC3ID3IE3IH3II3IJ3JC3JD3JE3JH3JI3JJ3JL3KC3KD3KE3KG3KH3KI3KJ3KK3KM3KN3KO3LE3LF3LG3LH3LI3LO3ME3MF3MG3MH3MN3MO3NF3NG3NH3NI3NN3NO3OG3OH3OI3OJ3ON3OO3PD3PE3PF3PG3PH3QD3QE3SB3SC3TB3TC3UE3UF3UG3VD3VE3VF3VG3WF3WG3WH3WI3WN3WP3WQ3WR3XD3XE3XF3XG3XH3XI4AC4AD4AE4AH4AI4AJ4AK4AL4BA4BC4BD4BE4BH4BI4BJ4BK4BL4CC4CD4CE4CH4CI4CJ4CK4CL4CM4DI4DJ4DK4DL4DM4EI4EJ4EK4EL4EM4EN4FJ4FK4FL4FM4FN4GJ4GK4GL4GM4GN4GO4HC4HD4HK4HL4HM4HN4HO4HP4IC4ID4IE4IF4IG4IH4IK4IL4IM4IN4IO4IP4IQ4JC4JD4JE4JF4JG4JH4JI4JJ4JK4JL4JM4JN4JO4JP4JQ4JR4KB4KC4KD4KE4KF4KG4KH4KI4KJ4KK4KL4KM4KN4KO4KP4KQ4KR4KS4KT4KU4LB4LC4LD4LE4LF4LH4LI4LJ4LK4LL4LM4LN4LO4LP4LQ4LR4LS4LT4LU4LV4MB4MC4MD4ME4MF4MI4MJ4MK4ML4MM4MN4MO4MP4MQ4MR4MS4MT4MU4NE4NF4NG4NH4NI4NJ4NK4NL4NM4NN4NO4NP4NQ4NR4NS4NT4NU4NV4NW4OF4OG4OH4OI4OJ4OK4OL4OM4ON4OO4OP4OQ4OR4OS4OT4OU4OV4OW4PF4PG4PH4PI4PJ4PK4PL4PM4PN4PO4PP4PQ4PR4PS4QG4QH4QI4QJ4QK4QL4QO4QP4QQ4QR4QS4QT4QU4QV4QW4RG4RH4RI4RJ4RK4RL4RM4RO4RP4RQ4RR4RS4RT4RU4RV4SL4SM4SN4SO4SP4SQ4SR4SS4ST4SU4SV4SW4TK4TL4TM4TN4TO4TP4TQ4TR4TS4TT4TU4TV4TX4UK4UL4UO4UP4UQ4UR4US4UT4UU4UV4UW4UX4VM4VN4VQ4VR4VS4VT4VU4VV4VW4VX4WL4WM4WN4WO4WP4WQ4WR4WS4WT4WU4WV4WW4WX4XK4XL4XM4XN4XO4XP4XQ4XR4XS4XT4XU4XV4XW</Field39>
<Field40>729</Field40>
</results>
<results>
<Field1>3W0XM68YZR8YF0RSZ3SXOPSQKZFK12</Field1>
<Field2>3PUZG2R74TXVF7CR9RD94D92J8X45X</Field2>
<Field3>Participate in a land classification study (Bonuses for accuracy)</Field3>
<Field4>Classify an aerial image into four different types of land cover</Field4>
<Field5>image classification, land cover, photo interpretation</Field5>
<Field6>$0.50</Field6>
<Field7>Tue Jun 29 15:46:53 PDT 2021</Field7>
<Field8>6</Field8>
<Field9>BatchId:4491423;OriginalHitTemplateId:928390828;</Field9>
<Field10>3600</Field10>
<Field11>259200</Field11>
<Field12>Tue Jul 06 15:46:53 PDT 2021</Field12>
<Field15>3B3WTRP3DEFNA9OR4D6NSJK6U8J92S</Field15>
<Field16>ALK9VVFFQUB3Z</Field16>
<Field17>Submitted</Field17>
<Field18>Tue Jun 29 19:39:02 PDT 2021</Field18>
<Field19>Tue Jun 29 19:51:14 PDT 2021</Field19>
<Field20>Fri Jul 02 19:51:14 PDT 2021</Field20>
<Field24>732</Field24>
<Field25>0% (0/0)</Field25>
<Field26>0% (0/0)</Field26>
<Field27>0% (0/0)</Field27>
<Field28>25340</Field28>
<Field29>old</Field29>
<Field30>img25340_old.jpg</Field30>
<Field31>https://raw.githubusercontent.com/ROIHabitat/lcimages/master/img25340_old.jpg</Field31>
<Field32>2301</Field32>
<Field34>0</Field34>
<Field36>0</Field36>
<Field37>1SN1TN1TO1TP1TQ1UN1UO1UP1UQ1UR1VN1VO1VR1WN1WO1WP1WQ1XO1XP1XQ1XR2CV2CW2DU2DV2EU2FU2FV2GV2HW2IW2JW2KW2LW2MW2NW2OW2PW2QW2RW2SW2TW2UW2VW2WW2XW3RW3RX3SV3SW3TU3TV3TW3TX3UU3UV3UW3UX3VV3VW3VX3WV3WW3WX3XW3XX4AW4BW4CW4DW4EW4FW4RA4SA4TA4UA4VA4VB4WA4WB4XA4XB</Field37>
<Field38>82</Field38>
<Field39>1AA1AB1AC1AD1AE1AF1AG1AH1AI1AJ1AK1AL1AM1AN1AO1AP1AQ1AR1AS1AT1AU1AV1AW1AX1BA1BB1BC1BD1BE1BF1BG1BH1BI1BJ1BK1BL1BM1BN1BO1BP1BQ1BR1BS1BT1BU1BV1BW1BX1CA1CB1CC1CD1CE1CF1CG1CH1CI1CJ1CK1CL1CM1CN1CO1CP1CQ1CR1CS1CT1CU1CV1CW1CX1DA1DB1DC1DD1DE1DF1DG1DH1DI1DJ1DK1DL1DM1DN1DO1DP1DQ1DR1DS1DT1DU1DV1DW1DX1EA1EB1EC1ED1EE1EF1EG1EH1EI1EJ1EK1EL1EM1EN1EO1EP1EQ1ER1ES1ET1EU1EV1EW1EX1FA1FB1FC1FD1FE1FF1FG1FH1FI1FJ1FK1FL1FM1FN1FO1FP1FQ1FR1FS1FT1FU1FV1FW1FX1GA1GB1GC1GD1GE1GF1GG1GH1GI1GJ1GK1GL1GM1GN1GO1GP1GQ1GR1GS1GT1GU1GV1GW1GX1HA1HB1HC1HD1HE1HF1HG1HH1HI1HJ1HK1HL1HM1HN1HO1HP1HQ1HR1HS1HT1HU1HV1HW1HX1IA1IB1IC1ID1IE1IF1IG1IH1II1IJ1IK1IL1IM1IN1IO1IP1IQ1IR1IS1IT1IU1IV1IW1IX1JA1JB1JC1JD1JE1JF1JG1JH1JI1JJ1JK1JL1JM1JN1JO1JP1JQ1JR1JS1JT1JU1JV1JW1JX1KA1KB1KC1KD1KE1KF1KG1KH1KI1KJ1KK1KL1KM1KN1KO1KP1KQ1KR1KS1KT1KU1KV1KW1KX1LA1LB1LC1LD1LE1LF1LG1LH1LI1LJ1LK1LL1LM1LN1LO1LP1LQ1LR1LS1LT1LU1LV1LW1LX1MA1MB1MC1MD1ME1MF1MG1MH1MI1MJ1MK1ML1MM1MN1MO1MP1MQ1MR1MS1MT1MU1MV1MW1MX1NA1NB1NC1ND1NE1NF1NG1NH1NI1NJ1NK1NL1NM1NN1NO1NP1NQ1NR1NS1NT1NU1NV1NW1NX1OA1OB1OC1OD1OE1OF1OG1OH1OI1OJ1OK1OL1OM1ON1OO1OP1OQ1OR1OS1OT1OU1OV1OW1OX1PA1PB1PC1PD1PE1PF1PG1PH1PI1PJ1PK1PL1PM1PN1PO1PP1PQ1PR1PS1PT1PU1PV1PW1PX1QA1QB1QC1QD1QE1QF1QG1QH1QI1QJ1QK1QL1QM1QN1QO1QP1QQ1QR1QS1QT1QU1QV1QW1QX1RA1RB1RC1RD1RE1RF1RG1RH1RI1RJ1RK1RL1RM1RN1RO1RP1RQ1RR1RS1RT1RU1RV1RW1RX1SA1SB1SC1SD1SE1SF1SG1SH1SI1SJ1SK1SL1SM1SO1SP1SQ1SR1SS1ST1SU1SV1SW1SX1TA1TB1TC1TD1TE1TF1TG1TH1TI1TJ1TK1TL1TM1TR1TS1TT1TU1TV1TW1TX1UA1UB1UC1UD1UE1UF1UG1UH1UI1UJ1UK1UL1UM1US1UT1UU1UV1UW1UX1VA1VB1VC1VD1VE1VF1VG1VH1VI1VJ1VK1VL1VM1VP1VQ1VS1VT1VU1VV1VW1VX1WA1WB1WC1WD1WE1WF1WG1WH1WI1WJ1WK1WL1WM1WR1WS1WT1WU1WV1WW1WX1XA1XB1XC1XD1XE1XF1XG1XH1XI1XJ1XK1XL1XM1XN1XS1XT1XU1XV1XW1XX2AA2AB2AC2AD2AE2AF2AG2AH2AI2AJ2AK2AL2AM2AN2AO2AP2AQ2AR2AS2AT2AU2AV2AW2AX2BA2BB2BC2BD2BE2BF2BG2BH2BI2BJ2BK2BL2BM2BN2BO2BP2BQ2BR2BS2BT2BU2BV2BW2BX2CA2CB2CC2CD2CE2CF2CG2CH2CI2CJ2CK2CL2CM2CN2CO2CP2CQ2CR2CS2CT2CU2CX2DA2DB2DC2DD2DE2DF2DG2DH2DI2DJ2DK2DL2DM2DN2DO2DP2DQ2DR2DS2DT2DW2DX2EA2EB2EC2ED2EE2EF2EG2EH2EI2EJ2EK2EL2EM2EN2EO2EP2EQ2ER2ES2ET2EV2EW2EX2FA2FB2FC2FD2FE2FF2FG2FH2FI2FJ2FK2FL2FM2FN2FO2FP2FQ2FR2FS2FT2FW2FX2GA2GB2GC2GD2GE2GF2GG2GH2GI2GJ2GK2GL2GM2GN2GO2GP2GQ2GR2GS2GT2GU2GW2GX2HA2HB2HC2HD2HE2HF2HG2HH2HI2HJ2HK2HL2HM2HN2HO2HP2HQ2HR2HS2HT2HU2HV2HX2IA2IB2IC2ID2IE2IF2IG2IH2II2IJ2IK2IL2IM2IN2IO2IP2IQ2IR2IS2IT2IU2IV2IX2JA2JB2JC2JD2JE2JF2JG2JH2JI2JJ2JK2JL2JM2JN2JO2JP2JQ2JR2JS2JT2JU2JV2JX2KA2KB2KC2KD2KE2KF2KG2KH2KI2KJ2KK2KL2KM2KN2KO2KP2KQ2KR2KS2KT2KU2KV2KX2LA2LB2LC2LD2LE2LF2LG2LH2LI2LJ2LK2LL2LM2LN2LO2LP2LQ2LR2LS2LT2LU2LV2LX2MA2MB2MC2MD2ME2MF2MG2MH2MI2MJ2MK2ML2MM2MN2MO2MP2MQ2MR2MS2MT2MU2MV2MX2NA2NB2NC2ND2NE2NF2NG2NH2NI2NJ2NK2NL2NM2NN2NO2NP2NQ2NR2NS2NT2NU2NV2NX2OA2OB2OC2OD2OE2OF2OG2OH2OI2OJ2OK2OL2OM2ON2OO2OP2OQ2OR2OS2OT2OU2OV2OX2PA2PB2PC2PD2PE2PF2PG2PH2PI2PJ2PK2PL2PM2PN2PO2PP2PQ2PR2PS2PT2PU2PV2PX2QA2QB2QC2QD2QE2QF2QG2QH2QI2QJ2QK2QL2QM2QN2QO2QP2QQ2QR2QS2QT2QU2QV2QX2RA2RB2RC2RD2RE2RF2RG2RH2RI2RJ2RK2RL2RM2RN2RO2RP2RQ2RR2RS2RT2RU2RV2RX2SA2SB2SC2SD2SE2SF2SG2SH2SI2SJ2SK2SL2SM2SN2SO2SP2SQ2SR2SS2ST2SU2SV2SX2TA2TB2TC2TD2TE2TF2TG2TH2TI2TJ2TK2TL2TM2TN2TO2TP2TQ2TR2TS2TT2TU2TV2TX2UA2UB2UC2UD2UE2UF2UG2UH2UI2UJ2UK2UL2UM2UN2UO2UP2UQ2UR2US2UT2UU2UV2UX2VA2VB2VC2VD2VE2VF2VG2VH2VI2VJ2VK2VL2VM2VN2VO2VP2VQ2VR2VS2VT2VU2VV2VX2WA2WB2WC2WD2WE2WF2WG2WH2WI2WJ2WK2WL2WM2WN2WO2WP2WQ2WR2WS2WT2WU2WV2WX2XA2XB2XC2XD2XE2XF2XG2XH2XI2XJ2XK2XL2XM2XN2XO2XP2XQ2XR2XS2XT2XU2XV2XX3AA3AB3AC3AD3AE3AF3AG3AH3AI3AJ3AK3AL3AM3AN3AO3AP3AQ3AR3AS3AT3AU3AV3AW3AX3BA3BB3BC3BD3BE3BF3BG3BH3BI3BJ3BK3BL3BM3BN3BO3BP3BQ3BR3BS3BT3BU3BV3BW3BX3CA3CB3CC3CD3CE3CF3CG3CH3CI3CJ3CK3CL3CM3CN3CO3CP3CQ3CR3CS3CT3CU3CV3CW3CX3DA3DB3DC3DD3DE3DF3DG3DH3DI3DJ3DK3DL3DM3DN3DO3DP3DQ3DR3DS3DT3DU3DV3DW3DX3EA3EB3EC3ED3EE3EF3EG3EH3EI3EJ3EK3EL3EM3EN3EO3EP3EQ3ER3ES3ET3EU3EV3EW3EX3FA3FB3FC3FD3FE3FF3FG3FH3FI3FJ3FK3FL3FM3FN3FO3FP3FQ3FR3FS3FT3FU3FV3FW3FX3GA3GB3GC3GD3GE3GF3GG3GH3GI3GJ3GK3GL3GM3GN3GO3GP3GQ3GR3GS3GT3GU3GV3GW3GX3HA3HB3HC3HD3HE3HF3HG3HH3HI3HJ3HK3HL3HM3HN3HO3HP3HQ3HR3HS3HT3HU3HV3HW3HX3IA3IB3IC3ID3IE3IF3IG3IH3II3IJ3IK3IL3IM3IN3IO3IP3IQ3IR3IS3IT3IU3IV3IW3IX3JA3JB3JC3JD3JE3JF3JG3JH3JI3JJ3JK3JL3JM3JN3JO3JP3JQ3JR3JS3JT3JU3JV3JW3JX3KA3KB3KC3KD3KE3KF3KG3KH3KI3KJ3KK3KL3KM3KN3KO3KP3KQ3KR3KS3KT3KU3KV3KW3KX3LA3LB3LC3LD3LE3LF3LG3LH3LI3LJ3LK3LL3LM3LN3LO3LP3LQ3LR3LS3LT3LU3LV3LW3LX3MA3MB3MC3MD3ME3MF3MG3MH3MI3MJ3MK3ML3MM3MN3MO3MP3MQ3MR3MS3MT3MU3MV3MW3MX3NA3NB3NC3ND3NE3NF3NG3NH3NI3NJ3NK3NL3NM3NN3NO3NP3NQ3NR3NS3NT3NU3NV3NW3NX3OA3OB3OC3OD3OE3OF3OG3OH3OI3OJ3OK3OL3OM3ON3OO3OP3OQ3OR3OS3OT3OU3OV3OW3OX3PA3PB3PC3PD3PE3PF3PG3PH3PI3PJ3PK3PL3PM3PN3PO3PP3PQ3PR3PS3PT3PU3PV3PW3PX3QA3QB3QC3QD3QE3QF3QG3QH3QI3QJ3QK3QL3QM3QN3QO3QP3QQ3QR3QS3QT3QU3QV3QW3QX3RA3RB3RC3RD3RE3RF3RG3RH3RI3RJ3RK3RL3RM3RN3RO3RP3RQ3RR3RS3RT3RU3RV3SA3SB3SC3SD3SE3SF3SG3SH3SI3SJ3SK3SL3SM3SN3SO3SP3SQ3SR3SS3ST3SU3SX3TA3TB3TC3TD3TE3TF3TG3TH3TI3TJ3TK3TL3TM3TN3TO3TP3TQ3TR3TS3TT3UA3UB3UC3UD3UE3UF3UG3UH3UI3UJ3UK3UL3UM3UN3UO3UP3UQ3UR3US3UT3VA3VB3VC3VD3VE3VF3VG3VH3VI3VJ3VK3VL3VM3VN3VO3VP3VQ3VR3VS3VT3VU3WA3WB3WC3WD3WE3WF3WG3WH3WI3WJ3WK3WL3WM3WN3WO3WP3WQ3WR3WS3WT3WU3XA3XB3XC3XD3XE3XF3XG3XH3XI3XJ3XK3XL3XM3XN3XO3XP3XQ3XR3XS3XT3XU3XV4AA4AB4AC4AD4AE4AF4AG4AH4AI4AJ4AK4AL4AM4AN4AO4AP4AQ4AR4AS4AT4AU4AV4AX4BA4BB4BC4BD4BE4BF4BG4BH4BI4BJ4BK4BL4BM4BN4BO4BP4BQ4BR4BS4BT4BU4BV4BX4CA4CB4CC4CD4CE4CF4CG4CH4CI4CJ4CK4CL4CM4CN4CO4CP4CQ4CR4CS4CT4CU4CV4CX4DA4DB4DC4DD4DE4DF4DG4DH4DI4DJ4DK4DL4DM4DN4DO4DP4DQ4DR4DS4DT4DU4DV4DX4EA4EB4EC4ED4EE4EF4EG4EH4EI4EJ4EK4EL4EM4EN4EO4EP4EQ4ER4ES4ET4EU4EV4EX4FA4FB4FC4FD4FE4FF4FG4FH4FI4FJ4FK4FL4FM4FN4FO4FP4FQ4FR4FS4FT4FU4FV4FX4GA4GB4GC4GD4GE4GF4GG4GH4GI4GJ4GK4GL4GM4GN4GO4GP4GQ4GR4GS4GT4GU4GV4GW4GX4HA4HB4HC4HD4HE4HF4HG4HH4HI4HJ4HK4HL4HM4HN4HO4HP4HQ4HR4HS4HT4HU4HV4HW4HX4IA4IB4IC4ID4IE4IF4IG4IH4II4IJ4IK4IL4IM4IN4IO4IP4IQ4IR4IS4IT4IU4IV4IW4IX4JA4JB4JC4JD4JE4JF4JG4JH4JI4JJ4JK4JL4JM4JN4JO4JP4JQ4JR4JS4JT4JU4JV4JW4JX4KA4KB4KC4KD4KE4KF4KG4KH4KI4KJ4KK4KL4KM4KN4KO4KP4KQ4KR4KS4KT4KU4KV4KW4KX4LA4LB4LC4LD4LE4LF4LG4LH4LI4LJ4LK4LL4LM4LN4LO4LP4LQ4LR4LS4LT4LU4LV4LW4LX4MA4MB4MC4MD4ME4MF4MG4MH4MI4MJ4MK4ML4MM4MN4MO4MP4MQ4MR4MS4MT4MU4MV4MW4MX4NA4NB4NC4ND4NE4NF4NG4NH4NI4NJ4NK4NL4NM4NN4NO4NP4NQ4NR4NS4NT4NU4NV4NW4NX4OA4OB4OC4OD4OE4OF4OG4OH4OI4OJ4OK4OL4OM4ON4OO4OP4OQ4OR4OS4OT4OU4OV4OW4OX4PA4PB4PC4PD4PE4PF4PG4PH4PI4PJ4PK4PL4PM4PN4PO4PP4PQ4PR4PS4PT4PU4PV4PW4PX4QA4QB4QC4QD4QE4QF4QG4QH4QI4QJ4QK4QL4QM4QN4QO4QP4QQ4QR4QS4QT4QU4QV4QW4QX4RB4RC4RD4RE4RF4RG4RH4RI4RJ4RK4RL4RM4RN4RO4RP4RQ4RR4RS4RT4RU4RV4RW4RX4SB4SC4SD4SE4SF4SG4SH4SI4SJ4SK4SL4SM4SN4SO4SP4SQ4SR4SS4ST4SU4SV4SW4SX4TB4TC4TD4TE4TF4TG4TH4TJ4TK4TL4TM4TN4TO4TP4TQ4TR4TS4TT4TU4TV4TW4TX4UB4UC4UD4UE4UF4UG4UH4UJ4UK4UL4UM4UN4UO4UP4UQ4UR4US4UT4UU4UV4UW4UX4VC4VD4VE4VF4VG4VH4VI4VJ4VK4VL4VM4VN4VO4VP4VQ4VR4VS4VT4VU4VV4VW4VX4WC4WD4WE4WF4WG4WH4WI4WJ4WK4WL4WM4WN4WO4WP4WQ4WR4WS4WT4WU4WV4WW4WX4XC4XD4XE4XF4XG4XH4XI4XJ4XK4XL4XM4XN4XO4XP4XR4XS4XT4XU4XV4XW4XX</Field39>
<Field40>2219</Field40>
</results>
<results>
<Field1>3W0XM68YZR8YF0RSZ3SXOPSQKZFK12</Field1>
<Field2>3PUZG2R74TXVF7CR9RD94D92J8X45X</Field2>
<Field3>Participate in a land classification study (Bonuses for accuracy)</Field3>
<Field4>Classify an aerial image into four different types of land cover</Field4>
<Field5>image classification, land cover, photo interpretation</Field5>
<Field6>$0.50</Field6>
<Field7>Tue Jun 29 15:46:53 PDT 2021</Field7>
<Field8>6</Field8>
<Field9>BatchId:4491423;OriginalHitTemplateId:928390828;</Field9>
<Field10>3600</Field10>
<Field11>259200</Field11>
<Field12>Tue Jul 06 15:46:53 PDT 2021</Field12>
<Field15>3HPZF4IVNP6F9SO19IN93DMJF88YC6</Field15>
<Field16>A2G44A4ZPWRPXU</Field16>
<Field17>Submitted</Field17>
<Field18>Tue Jun 29 16:48:54 PDT 2021</Field18>
<Field19>Tue Jun 29 17:22:43 PDT 2021</Field19>
<Field20>Fri Jul 02 17:22:43 PDT 2021</Field20>
<Field24>2029</Field24>
<Field25>0% (0/0)</Field25>
<Field26>0% (0/0)</Field26>
<Field27>0% (0/0)</Field27>
<Field28>25340</Field28>
<Field29>old</Field29>
<Field30>img25340_old.jpg</Field30>
<Field31>https://raw.githubusercontent.com/ROIHabitat/lcimages/master/img25340_old.jpg</Field31>
<Field32>2304</Field32>
<Field33>1AA1AB1AC1AD1AE1AF1AG1AH1AI1AJ1AK1AL1AM1AN1AO1AP1AQ1AR1AS1AT1AU1AV1AW1AX1BA1BB1BC1BD1BE1BF1BG1BH1BI1BJ1BK1BL1BM1BN1BO1BP1BQ1BR1BS1BT1BU1BV1BW1BX1CA1CB1CC1CD1CE1CF1CG1CH1CI1CJ1CK1CL1CM1CN1CO1CP1CQ1CR1CS1CT1CU1CV1CW1CX1DA1DB1DC1DD1DE1DF1DG1DH1DI1DJ1DK1DL1DM1DN1DO1DP1DQ1DR1DS1DT1DU1DV1DW1DX1EA1EB1EC1ED1EE1EF1EG1EH1EI1EJ1EK1EL1EM1EN1EO1EP1EQ1ER1ES1ET1EU1EV1EW1EX1FA1FB1FC1FD1FE1FF1FG1FH1FI1FJ1FK1FL1FM1FN1FO1FP1FQ1FR1FS1FT1FU1FV1FW1FX1GA1GB1GC1GD1GE1GF1GG1GH1GI1GJ1GK1GL1GM1GN1GO1GP1GQ1GR1GS1GT1GU1GV1GW1GX1HA1HB1HC1HD1HE1HF1HG1HH1HI1HJ1HK1HL1HM1HN1HO1HP1HQ1HR1HS1HT1HU1HV1HW1HX1IA1IB1IC1ID1IE1IF1IG1IH1II1IJ1IK1IL1IM1IN1IO1IP1IQ1IR1IS1IT1IU1IV1IW1IX1JA1JB1JC1JD1JE1JF1JG1JH1JI1JJ1JK1JL1JM1JN1JO1JP1JQ1JR1JS1JT1JU1JV1JW1JX1KA1KB1KC1KD1KE1KF1KG1KH1KI1KJ1KK1KL1KM1KN1KO1KP1KQ1KR1KS1KT1KU1KV1KW1KX1LA1LB1LC1LD1LE1LF1LG1LH1LI1LJ1LK1LL1LM1LN1LO1LP1LQ1LR1LS1LT1LU1LV1LW1LX1MA1MB1MC1MD1ME1MF1MG1MH1MI1MJ1MK1ML1MM1MN1MO1MP1MQ1MR1MS1MT1MU1MV1MW1MX1NA1NB1NC1ND1NE1NF1NG1NH1NI1NJ1NK1NL1NM1NN1NO1NP1NQ1NR1NS1NT1NU1NV1NW1NX1OA1OB1OC1OD1OE1OF1OG1OH1OI1OJ1OK1OL1OM1ON1OO1OP1OQ1OR1OS1OT1OU1OV1OW1OX1PA1PB1PC1PD1PE1PF1PG1PH1PI1PJ1PK1PL1PM1PN1PO1PP1PQ1PR1PS1PT1PU1PV1PW1PX1QA1QB1QC1QD1QE1QF1QG1QH1QI1QJ1QK1QL1QM1QN1QO1QP1QQ1QR1QS1QT1QU1QV1QW1QX1RA1RB1RC1RD1RE1RF1RG1RH1RI1RJ1RK1RL1RM1RN1RO1RP1RQ1RR1RS1RT1RU1RV1RW1RX1SA1SB1SC1SD1SE1SF1SG1SH1SI1SJ1SK1SL1SM1SN1SO1SP1SQ1SR1SS1ST1SU1SV1SW1SX1TA1TB1TC1TD1TE1TF1TG1TH1TI1TJ1TK1TL1TM1TN1TO1TP1TQ1TR1TS1TT1TU1TV1TW1TX1UA1UB1UC1UD1UE1UF1UG1UH1UI1UJ1UK1UL1UM1UN1UO1UP1UQ1UR1US1UT1UU1UV1UW1UX1VA1VB1VC1VD1VE1VF1VG1VH1VI1VJ1VK1VL1VM1VN1VO1VP1VQ1VR1VS1VT1VU1VV1VW1VX1WA1WB1WC1WD1WE1WF1WG1WH1WI1WJ1WK1WL1WM1WN1WO1WP1WQ1WR1WS1WT1WU1WV1WW1WX1XA1XB1XC1XD1XE1XF1XG1XH1XI1XJ1XK1XL1XM1XN1XO1XP1XQ1XR1XS1XT1XU1XV1XW1XX2AA2AB2AC2AD2AE2AF2AG2AH2AI2AJ2AK2AL2AM2AN2AO2AP2AQ2AR2AS2AT2AU2AV2AW2AX2BA2BB2BC2BD2BE2BF2BG2BH2BI2BJ2BK2BL2BM2BN2BO2BP2BQ2BR2BS2BT2BU2BV2BW2BX2CA2CB2CC2CD2CE2CF2CG2CH2CI2CJ2CK2CL2CM2CN2CO2CP2CQ2CR2CS2CT2CU2CV2CW2CX2DA2DB2DC2DD2DE2DF2DG2DH2DI2DJ2DK2DL2DM2DN2DO2DP2DQ2DR2DS2DT2DU2DV2DW2DX2EA2EB2EC2ED2EE2EF2EG2EH2EI2EJ2EK2EL2EM2EN2EO2EP2EQ2ER2ES2ET2EU2EV2EW2EX2FA2FB2FC2FD2FE2FF2FG2FH2FI2FJ2FK2FL2FM2FN2FO2FP2FQ2FR2FS2FT2FU2FV2FW2FX2GA2GB2GC2GD2GE2GF2GG2GH2GI2GJ2GK2GL2GM2GN2GO2GP2GQ2GR2GS2GT2GU2GV2GW2GX2HA2HB2HC2HD2HE2HF2HG2HH2HI2HJ2HK2HL2HM2HN2HO2HP2HQ2HR2HS2HT2HU2HV2HW2HX2IA2IB2IC2ID2IE2IF2IG2IH2II2IJ2IK2IL2IM2IN2IO2IP2IQ2IR2IS2IT2IU2IV2IW2IX2JA2JB2JC2JD2JE2JF2JG2JH2JI2JJ2JK2JL2JM2JN2JO2JP2JQ2JR2JS2JT2JU2JV2JW2JX2KA2KB2KC2KD2KE2KF2KG2KH2KI2KJ2KK2KL2KM2KN2KO2KP2KQ2KR2KS2KT2KU2KV2KW2KX2LA2LB2LC2LD2LE2LF2LG2LH2LI2LJ2LK2LL2LM2LN2LO2LP2LQ2LR2LS2LT2LU2LV2LW2LX2MA2MB2MC2MD2ME2MF2MG2MH2MI2MJ2MK2ML2MM2MN2MO2MP2MQ2MR2MS2MT2MU2MV2MW2MX2NA2NB2NC2ND2NE2NF2NG2NH2NI2NJ2NK2NL2NM2NN2NO2NP2NQ2NR2NS2NT2NU2NV2NW2NX2OA2OB2OC2OD2OE2OF2OG2OH2OI2OJ2OK2OL2OM2ON2OO2OP2OQ2OR2OS2OT2OU2OV2OW2OX2PA2PB2PC2PD2PE2PF2PG2PH2PI2PJ2PK2PL2PM2PN2PO2PP2PQ2PR2PS2PT2PU2PV2PW2PX2QA2QB2QC2QD2QE2QF2QG2QH2QI2QJ2QK2QL2QM2QN2QO2QP2QQ2QR2QS2QT2QU2QV2QW2QX2RA2RB2RC2RD2RE2RF2RG2RH2RI2RJ2RK2RL2RM2RN2RO2RP2RQ2RR2RS2RT2RU2RV2RW2RX2SA2SB2SC2SD2SE2SF2SG2SH2SI2SJ2SK2SL2SM2SN2SO2SP2SQ2SR2SS2ST2SU2SV2SW2SX2TA2TB2TC2TD2TE2TF2TG2TH2TI2TJ2TK2TL2TM2TN2TO2TP2TQ2TR2TS2TT2TU2TV2TW2TX2UA2UB2UC2UD2UE2UF2UG2UH2UI2UJ2UK2UL2UM2UN2UO2UP2UQ2UR2US2UT2UU2UV2UW2UX2VA2VB2VC2VD2VE2VF2VG2VH2VI2VJ2VK2VL2VM2VN2VO2VP2VQ2VR2VS2VT2VU2VV2VW2VX2WA2WB2WC2WD2WE2WF2WG2WH2WI2WJ2WK2WL2WM2WN2WO2WP2WQ2WR2WS2WT2WU2WV2WW2WX2XA2XB2XC2XD2XE2XF2XG2XH2XI2XJ2XK2XL2XM2XN2XO2XP2XQ2XR2XS2XT2XU2XV2XW2XX3AA3AB3AC3AD3AE3AF3AG3AH3AI3AJ3AK3AL3AM3AN3AO3AP3AQ3AR3AS3AT3AU3AV3AW3AX3BA3BB3BC3BD3BE3BF3BG3BH3BI3BJ3BK3BL3BM3BN3BO3BP3BQ3BR3BS3BT3BU3BV3BW3BX3CA3CB3CC3CD3CE3CF3CG3CH3CI3CJ3CK3CL3CM3CN3CO3CP3CQ3CR3CS3CT3CU3CV3CW3CX3DA3DB3DC3DD3DE3DF3DG3DH3DI3DJ3DK3DL3DM3DN3DO3DP3DQ3DR3DS3DT3DU3DV3DW3DX3EA3EB3EC3ED3EE3EF3EG3EH3EI3EJ3EK3EL3EM3EN3EO3EP3EQ3ER3ES3ET3EU3EV3EW3EX3FA3FB3FC3FD3FE3FF3FG3FH3FI3FJ3FK3FL3FM3FN3FO3FP3FQ3FR3FS3FT3FU3FV3FW3FX3GA3GB3GC3GD3GE3GF3GG3GH3GI3GJ3GK3GL3GM3GN3GO3GP3GQ3GR3GS3GT3GU3GV3GW3GX3HA3HB3HC3HD3HE3HF3HG3HH3HI3HJ3HK3HL3HM3HN3HO3HP3HQ3HR3HS3HT3HU3HV3HW3HX3IA3IB3IC3ID3IE3IF3IG3IH3II3IJ3IK3IL3IM3IN3IO3IP3IQ3IR3IS3IT3IU3IV3IW3IX3JA3JB3JC3JD3JE3JF3JG3JH3JI3JJ3JK3JL3JM3JN3JO3JP3JQ3JR3JS3JT3JU3JV3JW3JX3KA3KB3KC3KD3KE3KF3KG3KH3KI3KJ3KK3KL3KM3KN3KO3KP3KQ3KR3KS3KT3KU3KV3KW3KX3LA3LB3LC3LD3LE3LF3LG3LH3LI3LJ3LK3LL3LM3LN3LO3LP3LQ3LR3LS3LT3LU3LV3LW3LX3MA3MB3MC3MD3ME3MF3MG3MH3MI3MJ3MK3ML3MM3MN3MO3MP3MQ3MR3MS3MT3MU3MV3MW3MX3NA3NB3NC3ND3NE3NF3NG3NH3NI3NJ3NK3NL3NM3NN3NO3NP3NQ3NR3NS3NT3NU3NV3NW3NX3OA3OB3OC3OD3OE3OF3OG3OH3OI3OJ3OK3OL3OM3ON3OO3OP3OQ3OR3OS3OT3OU3OV3OW3OX3PA3PB3PC3PD3PE3PF3PG3PH3PI3PJ3PK3PL3PM3PN3PO3PP3PQ3PR3PS3PT3PU3PV3PW3PX3QA3QB3QC3QD3QE3QF3QG3QH3QI3QJ3QK3QL3QM3QN3QO3QP3QQ3QR3QS3QT3QU3QV3QW3QX3RA3RB3RC3RD3RE3RF3RG3RH3RI3RJ3RK3RL3RM3RN3RO3RP3RQ3RR3RS3RT3RU3RV3RW3RX3SA3SB3SC3SD3SE3SF3SG3SH3SI3SJ3SK3SL3SM3SN3SO3SP3SQ3SR3SS3ST3SU3SV3SW3SX3TA3TB3TC3TD3TE3TF3TG3TH3TI3TJ3TK3TL3TM3TN3TO3TP3TQ3TR3TS3TT3TU3TV3TW3TX3UA3UB3UC3UD3UE3UF3UG3UH3UI3UJ3UK3UL3UM3UN3UO3UP3UQ3UR3US3UT3UU3UV3UW3UX3VA3VB3VC3VD3VE3VF3VG3VH3VI3VJ3VK3VL3VM3VN3VO3VP3VQ3VR3VS3VT3VU3VV3VW3VX3WA3WB3WC3WD3WE3WF3WG3WH3WI3WJ3WK3WL3WM3WN3WO3WP3WQ3WR3WS3WT3WU3WV3WW3WX3XA3XB3XC3XD3XE3XF3XG3XH3XI3XJ3XK3XL3XM3XN3XO3XP3XQ3XR3XS3XT3XU3XV3XW3XX4AA4AB4AC4AD4AE4AF4AG4AH4AI4AJ4AK4AL4AM4AN4AO4AP4AQ4AR4AS4AT4AU4AV4AW4AX4BA4BB4BC4BD4BE4BF4BG4BH4BI4BJ4BK4BL4BM4BN4BO4BP4BQ4BR4BS4BT4BU4BV4BW4BX4CA4CB4CC4CD4CE4CF4CG4CH4CI4CJ4CK4CL4CM4CN4CO4CP4CQ4CR4CS4CT4CU4CV4CW4CX4DA4DB4DC4DD4DE4DF4DG4DH4DI4DJ4DK4DL4DM4DN4DO4DP4DQ4DR4DS4DT4DU4DV4DW4DX4EA4EB4EC4ED4EE4EF4EG4EH4EI4EJ4EK4EL4EM4EN4EO4EP4EQ4ER4ES4ET4EU4EV4EW4EX4FA4FB4FC4FD4FE4FF4FG4FH4FI4FJ4FK4FL4FM4FN4FO4FP4FQ4FR4FS4FT4FU4FV4FW4FX4GA4GB4GC4GD4GE4GF4GG4GH4GI4GJ4GK4GL4GM4GN4GO4GP4GQ4GR4GS4GT4GU4GV4GW4GX4HA4HB4HC4HD4HE4HF4HG4HH4HI4HJ4HK4HL4HM4HN4HO4HP4HQ4HR4HS4HT4HU4HV4HW4HX4IA4IB4IC4ID4IE4IF4IG4IH4II4IJ4IK4IL4IM4IN4IO4IP4IQ4IR4IS4IT4IU4IV4IW4IX4JA4JB4JC4JD4JE4JF4JG4JH4JI4JJ4JK4JL4JM4JN4JO4JP4JQ4JR4JS4JT4JU4JV4JW4JX4KA4KB4KC4KD4KE4KF4KG4KH4KI4KJ4KK4KL4KM4KN4KO4KP4KQ4KR4KS4KT4KU4KV4KW4KX4LA4LB4LC4LD4LE4LF4LG4LH4LI4LJ4LK4LL4LM4LN4LO4LP4LQ4LR4LS4LT4LU4LV4LW4LX4MA4MB4MC4MD4ME4MF4MG4MH4MI4MJ4MK4ML4MM4MN4MO4MP4MQ4MR4MS4MT4MU4MV4MW4MX4NA4NB4NC4ND4NE4NF4NG4NH4NI4NJ4NK4NL4NM4NN4NO4NP4NQ4NR4NS4NT4NU4NV4NW4NX4OA4OB4OC4OD4OE4OF4OG4OH4OI4OJ4OK4OL4OM4ON4OO4OP4OQ4OR4OS4OT4OU4OV4OW4OX4PA4PB4PC4PD4PE4PF4PG4PH4PI4PJ4PK4PL4PM4PN4PO4PP4PQ4PR4PS4PT4PU4PV4PW4PX4QA4QB4QC4QD4QE4QF4QG4QH4QI4QJ4QK4QL4QM4QN4QO4QP4QQ4QR4QS4QT4QU4QV4QW4QX4RA4RB4RC4RD4RE4RF4RG4RH4RI4RJ4RK4RL4RM4RN4RO4RP4RQ4RR4RS4RT4RU4RV4RW4RX4SA4SB4SC4SD4SE4SF4SG4SH4SI4SJ4SK4SL4SM4SN4SO4SP4SQ4SR4SS4ST4SU4SV4SW4SX4TA4TB4TC4TD4TE4TF4TG4TH4TI4TJ4TK4TL4TM4TN4TO4TP4TQ4TR4TS4TT4TU4TV4TW4TX4UA4UB4UC4UD4UE4UF4UG4UH4UI4UJ4UK4UL4UM4UN4UO4UP4UQ4UR4US4UT4UU4UV4UW4UX4VA4VB4VC4VD4VE4VF4VG4VH4VI4VJ4VK4VL4VM4VN4VO4VP4VQ4VR4VS4VT4VU4VV4VW4VX4WA4WB4WC4WD4WE4WF4WG4WH4WI4WJ4WK4WL4WM4WN4WO4WP4WQ4WR4WS4WT4WU4WV4WW4WX4XA4XB4XC4XD4XE4XF4XG4XH4XI4XJ4XK4XL4XM4XN4XO4XP4XQ4XR4XS4XT4XU4XV4XW4XX</Field33>
<Field34>2304</Field34>
<Field36>0</Field36>
<Field38>0</Field38>
<Field40>0</Field40>
</results>
<results>
<Field1>3W0XM68YZR8YF0RSZ3SXOPSQKZFK12</Field1>
<Field2>3PUZG2R74TXVF7CR9RD94D92J8X45X</Field2>
<Field3>Participate in a land classification study (Bonuses for accuracy)</Field3>
<Field4>Classify an aerial image into four different types of land cover</Field4>
<Field5>image classification, land cover, photo interpretation</Field5>
<Field6>$0.50</Field6>
<Field7>Tue Jun 29 15:46:53 PDT 2021</Field7>
<Field8>6</Field8>
<Field9>BatchId:4491423;OriginalHitTemplateId:928390828;</Field9>
<Field10>3600</Field10>
<Field11>259200</Field11>
<Field12>Tue Jul 06 15:46:53 PDT 2021</Field12>
<Field15>3MMN5BL1W2HR2B34XMOXGFVI0QJ3MZ</Field15>
<Field16>A1XXRBBQ6HFGBA</Field16>
<Field17>Submitted</Field17>
<Field18>Wed Jun 30 05:38:51 PDT 2021</Field18>
<Field19>Wed Jun 30 05:42:02 PDT 2021</Field19>
<Field20>Sat Jul 03 05:42:02 PDT 2021</Field20>
<Field24>191</Field24>
<Field25>0% (0/0)</Field25>
<Field26>0% (0/0)</Field26>
<Field27>0% (0/0)</Field27>
<Field28>25340</Field28>
<Field29>old</Field29>
<Field30>img25340_old.jpg</Field30>
<Field31>https://raw.githubusercontent.com/ROIHabitat/lcimages/master/img25340_old.jpg</Field31>
<Field32>2295</Field32>
<Field33>1AL1AM1AN1AO1BL1BM1BN1BO1CL1CM1CN1CO1DL1DM1DN1DO1DQ1DR1DS1EK1EL1EM1EN1EO1EQ1ER1ES1FJ1FK1FL1FM1FN1FO1FQ1FR1FS1GJ1GK1GL1GM1GN1GO1GP1GQ1GR1GS1HD1HE1HF1HG1HH1HL1HM1HN1HO1HP1HQ1HR1HS1IC1ID1IE1IF1IG1IH1II1IJ1IP1IQ1IR1IS1IT1JB1JC1JD1JE1JF1JG1JH1JI1JJ1JK1JQ1JR1JS1JT1KA1KB1KC1KD1KE1KG1KH1KI1KJ1KK1KL1KR1KS1KT1LA1LB1LC1LD1LI1LJ1LK1LL1LM1LN1LR1LS1LT1MA1MB1MC1MJ1MK1ML1MM1MN1MO1NA1NB1NC1NL1NM1NN1NO1NP1NQ1OA1OB1OM1ON1OO1OP1OQ1PN1PO1PP1PQ1QN1QO1QP1QQ1RM1RN1RO1RP1SF1SG1SH1SM1SN1SO1TE1TF1TG1TH1TI1TM1TN1TO1UE1UF1UG1UH1UI1UJ1UK1UL1UM1VH1VI1VJ1VK1VL2GF2GG2GH2HE2HF2HG2HH2IE2IF2IG2IH2JE2JF2JG2KE2KF2KG2LE2LF2LG2ME2MF2MG2ND2NE2NF2NG2NH2NI2OD2OE2OF2OG2OH2OI2OJ2OK2PD2PE2PF2PG2PH2PI2PJ2PK2PL2QD2QE2QF2QG2QH2QI2QJ2QK2QL2QM2RF2RG2RH2RI2RJ2RK2RL2RM2SA2SG2SH2SI2SJ2SK2SL2SM2TA2TB2UA2UB2UC2UD2UE2UF2UG2UH2VA2VB2VC2VD2VE2VF2VG2VH2WA2WB2WC2WD2WE2WF2WG2WH2XA2XB2XC2XD2XE2XF2XG3AA3AB3AC3AD3AE3AF3AG3AH3BA3BB3BC3BD3BE3BF3BG3CA3CB3CC3CD3CE3CF3CG3DA3DB3DC3DD3DE3DF3ED3EE3FD3FE3GD3GE3GH3GI3GJ3HD3HE3HF3HG3HH3HI3HJ3HK3ID3IE3IF3IG3IH3II3IJ3IK3JD3JE3JF3JG3JH3JI3JJ3JK3JL3JM3KD3KE3KF3KG3KK3KL3KM3LC3LD3LE3LF3LG3LK3LL3LM3MC3MD3ME3MF3MG3MK3ML3MM3NC3ND3NE3NF3NG3NK3NL3NM3OC3OD3OE3OF3OG3PC3PD3PE3PF3PG3PH3PI3PJ3PK3PW3PX3QD3QE3QF3QG3QH3QI3QJ3QK3QW3QX3RD3RE3RF3RG3RH3RI3RJ3RK3RV3RW3RX3SD3SE3SF3SG3SH3SI3SJ3SK3SL3SM3SV3SW3SX3TL3TM3TN3TO3TP3TQ3TR3TS3TT3TU3TV3TW3TX3UO3UP3UQ3UR3US3UT3UU3WA3WB3WC3WD3WE3WF3WG3WH3WI3XA3XB3XC3XD3XE3XF3XG3XH3XI3XJ3XK3XL4BE4BF4BG4CD4CE4CF4CG4CH4DD4DE4DF4DG4DH4ED4EE4EF4EG4EH4FD4FE4FF4FG4FH4GD4GE4GF4GG4GH4GI4HD4HE4HF4HG4HH4HI4HK4HL4ID4IE4IF4IG4IH4II4IK4IL4JD4JE4JF4JG4JH4JI4JJ4JK4JL4JM4KD4KE4KF4KG4KH4KI4KJ4KK4KL4KM4LH4LI4LJ4LK4LL4LM4MH4MI4MJ4MK4ML4MM4NK4NL4NM4NN4NO4OK4OL4OM4ON4OO4OP4OQ4OR4PL4PM4PN4PO4PP4PQ4PR4QN4QO4QP4QQ4QR4RP4RQ4RR</Field33>
<Field34>573</Field34>
<Field35>1KF1LE1LF1LG1LH1MD1ME1MF1MG1MH1MI1ND1NE1NF1NG1NH1NI1NJ1NK1OC1OD1OE1OF1OG1OH1OI1OJ1OK1OL1PA1PB1PC1PD1PE1PF1PG1PH1PI1PJ1PK1PL1PM1QA1QB1QC1QD1QE1QF1QG1QH1QI1QJ1QK1QL1QM1RA1RB1RC1RD1RE1RF1RG1RH1RI1RJ1RK1RL1SA1SB1SC1SD1SE1SI1SJ1SK1SL1TA1TB1TC1TD1TJ1TK1TL1UA1UB1UC1UD1VA1VB1VC1VD1WA1WB1WC1WD1XA1XB1XC1XD2FK2FL2FM2FN2GI2GJ2GK2GL2GM2GN2HI2HJ2HK2HL2HM2HN2II2IJ2IK2IL2IM2IN2IO2JH2JI2JJ2JK2JL2JM2JN2JO2KH2KI2KJ2KK2KL2KM2KN2KO2KP2LH2LI2LJ2LK2LL2LM2LN2LO2LP2MH2MI2MJ2MK2ML2MM2MN2MO2MP2NJ2NK2NL2NM2NN2NO2NP2OL2OM2ON2OO2OP2PM2PN2PO2PP2QN2QO2QP2RN2RO2RP2RQ2SN2SO2SP2SQ2SR2TN2TO2TP2TQ2TR2TS2UM2UN2UO2UP2UQ2UR2US2UT2VM2VN2VO2VS2VT2VU2VV2VW2WM2WN2WO2WT2WU2WV2WW2XN2XO2XT2XU2XV2XW3AI3AJ3AK3AL3AM3AN3AO3AP3AQ3AR3AS3AT3AU3AV3AW3AX3BH3BI3BJ3BK3BL3BM3BN3BO3BP3BQ3BR3BS3BT3BU3BV3BW3BX3CH3CN3CO3CP3CQ3CR3CS3CT3CU3CV3CW3CX3DG3DH3DN3DO3DP3DQ3DR3DS3DT3DU3DV3DW3DX3EF3EG3EH3EO3EP3EQ3ER3ES3ET3EU3EV3EW3EX3FF3FG3FH3FR3FS3FT3FU3FV3FW3FX3GF3GG3GS3GT3GU3GV3GW3GX3HS3HT3HU3HV3HW3HX3IS3IT3IU3IV3IW3IX3JT3JU3JV3JW3JX3KH3KI3KJ3KT3KU3KV3KW3KX3LH3LI3LJ3LT3LU3LV3LW3LX3MH3MI3MJ3MT3MU3MV3MW3MX3NH3NI3NJ3NT3NU3NV3NW3NX3OH3OI3OJ3OK3OL3OM3ON3OT3OU3OV3OW3OX3PL3PM3PN3PO3PT3PU3PV3QL3QM3QN3QO3QP3QQ3QR3QS3QT3QU3QV3RL3RM3RN3RO3RP3RQ3RR3RS3RT3RU3SN3SO3SP3SQ3SR3SS3ST3SU3XX4AA4AB4AC4AD4AE4AF4AG4AH4AI4AJ4AK4AL4AM4AN4AO4AP4AQ4BA4BB4BC4BD4BH4BI4BJ4BK4BL4BM4BN4BO4BP4BQ4BR4CA4CB4CC4CI4CJ4CK4CL4CM4CN4CO4CP4CQ4DA4DB4DC4DI4DJ4DK4DL4DM4DN4DO4DP4EA4EB4EC4EI4EJ4EK4EL4FA4FB4FC4FI4FJ4FK4FL4GA4GB4GC4GJ4GK4GL4HA4HB4HC4HJ4IA4IB4IC4JA4JB4JC4KA4KB4KC4LA4LB4LC4LD4MA4MB4MC4MD4ME4NA4NB4NC4ND4NE4NF4OA4OB4OC4OD4OE4OF4PA4PB4PC4PD4PE4PF4QA4QB4QC4QD4QE4QF4RA4RB4RC4RD4RE4RF4SA4SB4SC4SD4SE4SF4SG4TB4TC4TD4TE4TF4TG4TH4UD4UE4UF4UG4UH</Field35>
<Field36>553</Field36>
<Field37>1AA1AB1AC1AD1AE1AF1AG1AH1AI1AJ1AK1AP1AQ1AR1AS1AT1AU1AV1AW1AX1BA1BB1BC1BD1BE1BF1BG1BH1BI1BJ1BK1BP1BQ1BR1BS1BT1BU1BV1BW1BX1CA1CB1CC1CD1CE1CF1CG1CH1CI1CJ1CK1CP1CQ1CR1CS1CT1CU1CV1CW1CX1DA1DB1DC1DD1DE1DF1DG1DH1DI1DJ1DK1DP1DT1DU1DV1DW1DX1EA1EB1EC1ED1EE1EF1EG1EH1EI1EJ1EP1ET1EU1EV1EW1EX1FA1FB1FC1FD1FE1FF1FG1FH1FI1FP1FT1FU1FV1FW1FX1GA1GB1GC1GD1GE1GF1GG1GH1GI1GT1GU1GV1GW1GX1HA1HB1HC1HI1HJ1HK1HT1HU1HV1HW1HX1IA1IB1IK1IL1IM1IN1IO1IU1IV1IW1IX1JA1JL1JM1JN1JO1JP1JU1JV1JW1JX1KM1KN1KO1KP1KW1KX1LO1LP1LQ1LW1LX1MP1MQ1MR1MS1MV1MW1MX1NR1NS1NV1NW1NX1OR1OS1OV1OW1OX1PR1PS1PV1PW1PX1QR1QS1QT1QV1QW1QX1RQ1RR1RS1RT1RV1RW1RX1SP1SQ1SR1SS1ST1SV1SW1SX1TP1TQ1TR1TS1TT1TV1TW1TX1UN1UO1UP1UQ1UR1US1UT1VE1VF1VG1VM1VN1VO1VP1VQ1VR1VS1VT1WE1WF1WG1WH1WI1WJ1WK1WL1WM1WN1WO1WP1WQ1WR1WS1XE1XF1XG1XH1XI1XJ1XK1XL1XM1XN1XO2BD2BE2BF2BG2BH2BI2CB2CC2CD2CE2CF2CG2CH2CI2CJ2CK2CL2CM2CN2CO2CP2CQ2CR2CS2CT2CU2DA2DB2DC2DD2DE2DF2DG2DH2DI2DJ2DK2DL2DM2DN2DO2DP2DQ2DR2DS2DT2DU2EA2EB2EC2ED2EE2EH2EI2EJ2EK2EL2EM2EN2EO2EP2EQ2ER2ES2ET2EU2FA2FB2FC2FO2FP2FQ2FR2FS2FT2FU2GA2GB2GC2GP2GQ2GR2GS2GT2GU2HA2HB2HC2HP2HQ2HR2HS2IA2IB2IP2IQ2IR2IS2JA2JB2JP2JQ2JR2JS2KA2KB2KQ2KR2KS2LA2LB2LQ2LR2LS2MA2MB2MQ2MR2MS2MT2NA2NB2NQ2NR2NS2NT2NU2NV2OA2OB2OC2OQ2OR2OS2OT2OU2OV2PA2PB2PC2PQ2PR2PS2PT2PU2PV2QA2QB2QC2QQ2QR2QS2QT2QU2RA2RB2RC2RD2RE2RR2RS2RT2RU2SB2SC2SD2SE2SF2SS2ST2SU2TC2TD2TE2TF2TG2TT2TU2UU2VI2VP2VQ2VR2WI2WJ2WK2WL2WP2WQ2WR2WS2XH2XI2XJ2XK2XL2XP2XQ2XR2XS3EN3FO3FP3FQ3GO3GP3GQ3GR3HO3HP3HQ3HR3IO3IP3IQ3IR3JN3JO3JP3JQ3JR3JS3KN3KO3KP3KQ3KR3KS3LN3LO3LP3LQ3LR3LS3MN3MO3MP3MQ3MR3MS3NN3NO3NP3NQ3NR3NS3OO3OP3OQ3OR3OS3PP3PQ3PR3PS4AR4AS4AT4AU4AV4AW4BS4BT4BU4BV4BW4BX4CR4CS4CT4CU4CV4CW4CX4DQ4DR4DS4DT4DU4DV4DW4DX4EM4EN4EO4EP4EQ4ER4ES4ET4EU4EV4EW4EX4FM4FN4FO4FP4FQ4FR4FS4FT4FU4FV4FW4FX4GM4GN4GO4GP4GQ4GR4GS4GT4GV4GW4GX4HM4HN4HO4HP4HQ4HR4HS4HV4HW4HX4IJ4IM4IN4IO4IP4IQ4IR4IS4IT4IU4IV4IW4IX4JN4JO4JP4JQ4JS4JT4JU4JV4JW4JX4KN4KO4KP4KQ4KS4KT4KU4KV4KW4KX4LE4LF4LG4LN4LO4LP4LQ4LS4LT4LU4LW4LX4MF4MG4MS4MT4MU4MW4MX4NG4NH4NI4NJ4NS4NT4NU4NW4NX4OG4OH4OI4OJ4OV4OW4OX4PG4PH4PI4PJ4PK4PW4PX4QG4QH4QI4QJ4QK4QL4QM4QX4RG4RH4RI4RJ4RK4RL4RM4RN4RO4RX4SH4SI4SJ4SK4SL4SM4SN4SO4SP4SQ4SR4SS4SX4TA4TK4TL4TM4TN4TO4TP4TQ4TR4TS4TX4UA4UB4UC4UK4UL4UM4UN4UO4UP4UQ4UR4US4UW4UX4VA4VB4VC4VD4VE4VF4VG4VH4VI4VJ4VK4VL4VM4VN4VO4VP4VQ4VR4VS4VT4VU4VV4VW4VX4WA4WB4WC4WD4WE4WF4WG4WH4WI4WJ4WK4WL4WM4WN4WO4WP4WQ4WR4WS4WT4WU4WV4WW4WX4XA4XB4XC4XD4XE4XF4XG4XH4XI4XJ4XK4XL4XM4XN4XO4XP4XQ4XR4XS4XT4XU4XV4XW4XX</Field37>
<Field38>790</Field38>
<Field39>1KQ1KU1KV1LU1LV1MT1MU1NT1NU1OT1OU1PT1PU1QU1RU1SU1TU1UU1UV1UW1UX1VU1VV1VW1VX1WT1WU1WV1WW1WX1XP1XQ1XR1XS1XT1XU1XV1XW2AA2AB2AC2AD2AE2AF2AG2AH2AI2AJ2AK2AL2AM2AN2AO2AP2AQ2AR2AS2AT2AU2AV2AW2AX2BA2BB2BC2BJ2BK2BL2BM2BN2BO2BP2BQ2BR2BS2BT2BU2BV2BW2BX2CA2CV2CW2CX2DV2DW2DX2EF2EG2EV2EW2EX2FD2FE2FF2FG2FH2FI2FJ2FV2FW2FX2GD2GE2GV2GW2GX2HD2HT2HU2HV2HW2HX2IC2ID2IT2IU2IV2IW2IX2JC2JD2JT2JU2JV2JW2JX2KC2KD2KT2KU2KV2KW2KX2LC2LD2LT2LU2LV2LW2LX2MC2MD2MU2MV2MW2MX2NC2NW2NX2OW2OX2PW2PX2QV2QW2QX2RV2RW2RX2SV2SW2SX2TH2TI2TJ2TK2TL2TM2TV2TW2TX2UI2UJ2UK2UL2UV2UW2UX2VJ2VK2VL2VX2WX2XX3CI3CJ3CK3CL3CM3DI3DJ3DK3DL3DM3EA3EB3EC3EI3EJ3EK3EL3EM3FA3FB3FC3FI3FJ3FK3FL3FM3FN3GA3GB3GC3GK3GL3GM3GN3HA3HB3HC3HL3HM3HN3IA3IB3IC3IL3IM3IN3JA3JB3JC3KA3KB3KC3LA3LB3MA3MB3NA3NB3OA3OB3PA3PB3QA3QB3QC3RA3RB3RC3SA3SB3SC3TA3TB3TC3TD3TE3TF3TG3TH3TI3TJ3TK3UA3UB3UC3UD3UE3UF3UG3UH3UI3UJ3UK3UL3UM3UN3UV3UW3UX3VA3VB3VC3VD3VE3VF3VG3VH3VI3VJ3VK3VL3VM3VN3VO3VP3VQ3VR3VS3VT3VU3VV3VW3VX3WJ3WK3WL3WM3WN3WO3WP3WQ3WR3WS3WT3WU3WV3WW3WX3XM3XN3XO3XP3XQ3XR3XS3XT3XU3XV3XW4GU4HT4HU4JR4KR4LR4LV4MN4MO4MP4MQ4MR4MV4NP4NQ4NR4NV4OS4OT4OU4PS4PT4PU4PV4QS4QT4QU4QV4QW4RS4RT4RU4RV4RW4ST4SU4SV4SW4TT4TU4TV4TW4UT4UU4UV</Field39>
<Field40>379</Field40>
</results>
<results>
<Field1>37OPIVELUWG37Y3KP1ITMY51WCHHAJ</Field1>
<Field2>3PUZG2R74TXVF7CR9RD94D92J8X45X</Field2>
<Field3>Participate in a land classification study (Bonuses for accuracy)</Field3>
<Field4>Classify an aerial image into four different types of land cover</Field4>
<Field5>image classification, land cover, photo interpretation</Field5>
<Field6>$0.50</Field6>
<Field7>Tue Jun 29 15:46:53 PDT 2021</Field7>
<Field8>6</Field8>
<Field9>BatchId:4491423;OriginalHitTemplateId:928390828;</Field9>
<Field10>3600</Field10>
<Field11>259200</Field11>
<Field12>Tue Jul 06 15:46:53 PDT 2021</Field12>
<Field15>32N49TQG3JVACJWYKT4YQJS1XPVVA4</Field15>
<Field16>A1YXKN5ATSR5I1</Field16>
<Field17>Submitted</Field17>
<Field18>Tue Jun 29 19:38:41 PDT 2021</Field18>
<Field19>Tue Jun 29 19:54:32 PDT 2021</Field19>
<Field20>Fri Jul 02 19:54:32 PDT 2021</Field20>
<Field24>951</Field24>
<Field25>0% (0/0)</Field25>
<Field26>0% (0/0)</Field26>
<Field27>0% (0/0)</Field27>
<Field28>24891</Field28>
<Field29>new</Field29>
<Field30>img24891_new.jpg</Field30>
<Field31>https://raw.githubusercontent.com/ROIHabitat/lcimages/master/img24891_new.jpg</Field31>
<Field32>2295</Field32>
<Field33>1AA1AB1AC1AD1AE1AF1AG1AH1AI1AJ1AK1AL1AM1AN1AO1AP1AQ1AR1AS1AT1AU1AV1AW1AX1BS1BT1BU1CA1CB1CC1CD1CE1CF1CG1CH1CI1CJ1CK1DA1DB1DC1DD1DE1DF1DG1DH1DI1DJ1DK1EA1EB1EC1ED1EE1EF1EG1EH1EI1EJ1EK1FA1FB1FC1FD1FE1FF1FG1FH1FI1FJ1FK1GB1GC1GD1GE1GF1GG1GH1GI1GJ1GK1HC1HD1HE1HF1HG1HH1HI1HJ1HK1ID1IE1IF1IG1IH1II1IJ1IK1JD1JE1JF1JG1JH1JI1JJ1JK1KC1KD1KE1KF1KG1KH1KI1KJ1KK1LC1LD1LE1LF1LG1LH1LI1LJ1LK1MC1MD1ME1MF1MG1MH1MI1MJ1MK1NK1QO1QP1QQ1QR1QS1QT1QU1QV1QW1QX1RL1RO1RP1RQ1RR1RS1RT1RU1RV1RW1RX1SI1SJ1SK1SL1SO1SP1SQ1SR1SS1ST1SU1SV1SW1SX1TI1TJ1TK1TL1TO1TP1TQ1TR1TS1TT1TU1TV1TW1TX1UH1UI1UJ1UK1UL1UO1UP1UQ1UR1US1UT1UU1UV1UW1UX1VF1VG1VH1VI1VJ1VK1VL1VO1VP1VQ1VR1VS1VT1VU1VV1VW1VX1WF1WG1WH1WI1WJ1WK1WN1WO1WP1WQ1WR1WS1WT1WU1WV1WW1WX1XF1XG1XH1XI1XJ1XK1XM1XN1XO1XP1XQ1XR1XS1XT1XU1XV1XW1XX2PA2PB2PC2PD2PE2PF2PG2PH2PI2PJ2PK2PL2QA2QB2QC2QD2QE2QF2QG2QH2QI2QJ2QK2QL2RA2RB2RC2RD2RE2RF2RG2RH2RI2RJ2RK2RL2SA2SB2SC2SD2SE2SF2SG2SH2SI2SJ2SK2SL2SM2TA2TB2TC2TD2TE2TF2TG2TH2TI2TJ2TK2TL2TM2UA2UB2UC2UD2UE2UF2UG2UH2UI2UJ2UK2UL2UM2VA2VB2VC2VD2VE2VF2VG2VH2VI2VJ2VK2VL2VM2WA2WB2WC2WD2WE2WF2WG2WH2WI2WJ2WK2WL2WM2XA2XB2XC2XD2XE2XF2XG2XH2XI2XJ2XK2XL2XM3AK3AL3AM3AN3AO3AP3AQ3AR3AS3AT3AU3AV3AW3AX3BJ3BK3BL3BM3BN3BO3BP3BQ3BR3BS3BT3BU3BV3BW3BX3CH3CI3CJ3CK3CL3CM3CN3CO3CP3CQ3CR3CS3CT3CU3CV3CW3CX3DF3DG3DH3DI3DJ3DK3DL3DM3DN3DO3DP3DQ3DR3DS3DT3DU3DV3DW3DX3EF3EG3EH3EI3EJ3EK3EL3EM3EN3EO3EP3EQ3ER3ES3ET3EU3EV3EW3EX3FA3FB3FC3FD3FE3FG3FH3FI3FJ3FK3FL3FM3FN3FO3FP3FQ3FR3FS3FT3FU3FV3FW3FX3GA3GB3GC3GD3GE3GG3GH3GI3GJ3GK3GL3GM3GN3GO3GP3GQ3GR3GS3GT3GU3GV3GW3GX3HA3HB3HC3HD3HE3HH3HI3HJ3HK3HL3HM3HN3HO3HP3HQ3HR3HS3HT3HU3HV3HW3HX3IA3IB3ID3IE3IH3II3IJ3IK3IL3IM3IN3IO3IP3IQ3IR3IS3IT3IU3IV3JA3JB3JC3JD3JE3JH3JI3JJ3JK3JL3JM3JN3JO3JP3JQ3JR3JS3JT3JU3JV3JW3KB3KC3KD3KE3KH3KI3KJ3KK3KL3KM3KN3KO3KP3KQ3KR3KS3KT3KU3LA3LB3LC3LD3LE3LL3LM3LN3LO3LP3LQ3LR3LS3MA3MB3MC3MD3MM3MN3MO3MP3MQ3MR3NA3NB3NC3ND3OA3OB3OC3OD3PA3PB3PC3PD3QA3QB3QC3QD3RA3RB3RC3RD3SA3SB3SC3SD3SF3SG3SH3SI3TA3TB3TC3TD3TF3TG3TH3TI3TJ3TK3UA3UB3UC3UD3UF3UG3UH3UI3UJ3UK3UL3VA3VF3VG3VH3VI3VJ3VK3VL3VM3VN3WF3WG3WH3WI3WJ3WK3WL3WM3WN3WO3XF3XG3XH3XI3XJ3XK3XL3XM3XN3XO4AA4AB4AC4AD4AE4AF4AG4AH4AI4AU4AV4AW4AX4BA4BB4BC4BD4BE4BF4BG4BH4BI4BU4BV4BW4BX4CA4CB4CC4CD4CE4CF4CG4CH4CI4CT4CU4CV4CW4CX4DA4DB4DC4DD4DE4DF4DG4DH4DT4DU4DV4DW4DX4EA4EB4EC4ED4EE4EF4ET4EU4EV4EW4EX4FA4FB4FC4FD4FE4FF4FT4FU4FV4GA4GB4GC4GD4GE4GF4GT4GU4GV4HE4HF4HT4HU4HV4IF4IG4IH4IS4IT4IU4IV4JS4JT4JU4JV4KC4KD4KR4KS4KT4KU4KV4LB4LC4LD4LR4LS4LT4LU4LV4MA4MB4MC4MD4MR4MS4MT4MU4MV4NA4NB4NC4ND4NH4NI4NJ4NK4NL4NM4NN4NR4NS4NT4NU4NV4OA4OB4OC4OD4OE4OG4OH4OI4OJ4OK4OL4OM4ON4OR4OS4OT4OU4OV4PA4PB4PC4PD4PE4PF4PG4PH4PI4PJ4PK4PL4PM4PN4PO4PQ4PR4PS4PT4PU4PV4PW4QA4QB4QC4QD4QE4QF4QG4QH4QI4QJ4QK4QL4QM4QN4QO4QP4QQ4QR4QS4QT4QU4QV4QW4RB4RC4RD4RE4RF4RG4RH4RI4RJ4RK4RL4RM4RN4RO4RP4RQ4RR4RS4RT4RU4RV4RW4SB4SC4SD4SE4SF4SG4SH4SI4SJ4SK4SL4SM4SN4SO4SP4SQ4SR4SS4ST4SU4SV4TB4TC4TD4TE4TF4TG4TH4TI4TJ4TK4TL4TM4TN4TO4TP4TQ4TR4TS4TT4TU4TV4UA4UB4UC4UD4UE4UF4UG4UH4UI4UJ4UK4UL4UM4UN4UO4UP4UQ4UR4US4UT4UU4UV4VA4VB4VC4VD4VE4VF4VG4VH4VI4VJ4VK4VL4VM4VN4VO4VP4VQ4VR4VS4VT4VU4VV4WA4WB4WC4WD4WE4WF4WG4WH4WI4WJ4WK4WL4WM4WN4WO4WP4WQ4WR4WS4WT4WU4WV4XA4XB4XC4XD4XE4XF4XG4XH4XI4XJ4XK4XL4XM4XN4XO4XQ4XR4XS4XT</Field33>
<Field34>1026</Field34>
<Field35>1BM1BN1BO1BP1BQ1BR1BV1BW1BX1CL1CM1CN1CO1CP1CQ1CR1CS1CT1CU1CV1CW1CX1DL1DM1DN1DO1DP1DQ1DR1DS1DT1DU1DV1DW1DX1EL1EM1EN1EO1EP1EQ1ER1ES1ET1EU1EV1EW1EX1FL1FM1FN1FO1FP1FQ1FR1FS1FT1FU1FV1FW1FX1GL1GM1GN1GO1GP1GQ1GR1GS1GT1GU1GV1GW1GX1HL1HM1HN1HO1HP1HQ1HR1HS1HT1HU1HV1HW1HX1IL1IM1IN1IO1IP1IQ1IR1IS1IT1IU1IV1IW1IX1JL1JM1JN1JO1JP1JQ1JR1JS1JT1JU1JV1JW1JX1KL1KM1KN1KO1KP1KQ1KR1KS1KT1KU1KV1KW1KX1LL1LM1LN1LO1LP1LQ1LR1LS1LT1LU1LV1LW1LX1ML1MM1MN1MO1MP1MQ1MR1MS1MT1MU1MV1MW1MX1NL1NM1NN1NO1NP1NQ1NR1NS1NT1NU1NV1NW1NX1OL1OM1ON1OO1OP1OQ1OR1OS1OT1OU1OV1OW1OX1PL1PM1PN1PO1PP1PQ1PR1PS1PT1PU1PV1PW1PX1QL2AF2AG2AH2AI2AJ2AK2AL2AM2AN2AO2AP2AQ2AR2AS2AT2AU2AV2AW2AX2BE2BF2BG2BH2BI2BJ2BK2BL2BM2BN2BO2BP2BQ2BR2BS2BT2BU2BV2BW2BX2CA2CB2CC2CD2CE2CF2CG2CH2CI2CJ2CK2CO2CP2CQ2CR2CS2CT2CU2CV2CW2CX2DA2DB2DC2DD2DE2DF2DG2DH2DI2DJ2DK2DO2DP2DQ2DR2DS2DT2DU2DV2DW2DX2EA2EB2EC2ED2EE2EF2EG2EH2EI2EJ2EK2EL2EM2EN2EO2EP2EQ2ER2ES2ET2EU2EV2EW2EX2FA2FB2FC2FD2FE2FF2FG2FH2FI2FJ2FK2FL2FM2FN2FO2FP2FQ2FR2FS2FT2FU2FV2FW2FX2GA2GB2GC2GD2GE2GF2GG2GH2GI2GJ2GK2GL2GM2GN2GO2GP2GQ2GR2GS2GT2GU2GV2GW2GX2HA2HB2HC2HD2HE2HF2HG2HH2HI2HJ2HK2HL2HM2HN2HO2HP2HQ2HR2HS2HT2HU2HV2HW2HX2IA2IB2IC2ID2IE2IF2IG2IH2II2IJ2IK2IL2IM2IN2IO2IP2IQ2IR2IS2IT2IU2IV2IW2IX2JA2JB2JC2JD2JE2JF2JG2JH2JI2JJ2JK2JL2JM2JN2JO2JP2JQ2JR2JS2JT2JU2JV2JW2JX2KA2KB2KC2KD2KE2KF2KG2KH2KI2KJ2KK2KL2KM2KN2KO2KP2KQ2KR2KS2KT2KU2KV2KW2KX2LA2LB2LC2LD2LE2LF2LG2LH2LI2LJ2LK2LL2LM2LN2LO2LP2LQ2LR2LS2LT2LU2LV2LW2LX2MA2MB2MC2MD2ME2MF2MG2MH2MI2MJ2MK2ML2MM2MN2MO2MP2MQ2MR2MS2MT2MU2MV2MW2MX2NA2NB2NC2ND2NE2NF2NG2NH2NI2NJ2NK2NL2NM2NN2NO2NP2NQ2NR2NS2NT2NU2NV2NW2NX2OA2OB2OC2OD2OE2OF2OG2OH2OI2OJ2OK2OL2OM2ON2OO2OP2OQ2OR2OS2OT2OU2OV2OW2OX2PM2PN2PO2PP2PQ2PR2PS2PT2PU2PV2PW2PX2QM2QN2QO2QP2QQ2QR2QS2QT2QU2QV2QW2QX2RM2RN2RO2RP2RQ2RR2RS2RT2RU2RV2RW2RX2SN2SO2SP2SQ2SR2SS2ST2SU2SV2SW2SX2TN2TO2TP2TQ2TR2TS2TT2TU2TV2TW2TX2UN2UO2UP2UQ2UR2US2UT2UU2UV2UW2VN2VO2VP2VQ2VR2VS2VT2WN2WO2WP2WQ2WR2WS2WT2WV2WW2XN2XO2XP2XQ2XR2XV4EG4EH4FG4FH4GG4GH4HA4HB4HC4HD4HG4HH4KE4KP4KQ4LE4LF4LG4LH4LN4LO4LP4LQ4ME4MF4MG4MH4MM4MN4MO4MQ4NE4NF4NG4NO4NP4NQ4OF4OO4OP4OQ4PP</Field35>
<Field36>669</Field36>
<Field37>1BA1BB1BC1BD1BE1BF1BG1BH1BI1BJ1BK1BL1GA1HA1HB1IA1IB1IC1JA1JB1JC1KA1KB1LA1LB1MA1MB1NA1NB1NC1ND1NE1NF1NG1NH1NI1NJ1OA1OB1OC1OD1OE1OF1OG1OH1OI1OJ1OK1PA1PB1PC1PD1PE1PF1PG1PH1PI1PJ1PK1QA1QB1QC1QD1QE1QF1QG1QH1QI1QJ1QK1QM1QN1RA1RB1RC1RD1RE1RF1RG1RH1RI1RJ1RK1RM1RN1SA1SB1SC1SD1SE1SF1SG1SH1SM1SN1TA1TB1TC1TD1TE1TF1TG1TH1TM1TN1UA1UB1UC1UD1UE1UF1UG1UM1UN1VA1VB1VC1VD1VE1VM1VN1WA1WB1WC1WD1WE1WL1WM1XA1XB1XC1XD1XE1XL2AA2AB2AC2AD2AE2BA2BB2BC2BD2CL2CM2CN2DL2DM2DN2UX2VU2VV2VW2VX2WU2WX2XS2XT2XU2XW2XX3AA3AB3AC3AD3AH3AI3AJ3BA3BB3BC3BD3BG3BI3CA3CB3CC3CD3CE3CF3CG3DA3DB3DC3DD3DE3EA3EB3EC3ED3EE3IC3IW3KV3KW3KX3LG3LH3LI3LJ3LK3LT3LU3LV3LW3LX3ME3MF3MG3MH3MI3MJ3MK3ML3MS3MT3MU3MV3NE3NF3NJ3NK3NL3NM3NN3NO3NP3NQ3NR3NS3NT3NU3NV3OE3OF3OU3OV3PE3PF3QE3QF3QX3RE3RF3RQ3RR3RX3SE3SQ3SR3SS3ST3SU3SX3TE3TS3TT3TU3TV3TW3TX3UE3UU3UV3UW3VB3VC3VD3WB3XB4AT4BJ4BL4BQ4BS4BT4CJ4CK4CQ4CR4CS4DQ4DR4DS4EQ4ER4ES4FQ4FR4FS4FW4FX4GQ4GR4GS4GW4GX4HO4HP4HQ4HR4HS4HW4HX4IA4IB4IC4ID4IE4IN4IO4IP4IQ4IR4IW4IX4JA4JB4JC4JD4JE4JF4JG4JH4JI4JJ4JK4JL4JM4JN4JO4JP4JQ4JR4JW4JX4KA4KB4KF4KG4KH4KI4KJ4KK4KL4KM4KN4KO4KW4KX4LA4LI4LJ4LK4LL4LM4LW4LX4MI4MJ4MK4ML4MP4MW4MX4NW4NX4OW4OX4PX4QX4RA4RX4SA4SW4SX4TA4TW4TX4UW4UX4VW4VX4WW4WX</Field37>
<Field38>385</Field38>
<Field39>3AE3AF3AG3BE3BF3BH3FF3GF3HF3HG3IF3IG3JF3JG3JX3KF3KG3LF3MW3MX3NG3NH3NI3NW3NX3OG3OH3OI3OJ3OK3OL3OM3ON3OO3OP3OQ3OR3OS3OT3OW3OX3PG3PH3PI3PJ3PK3PL3PM3PN3PO3PP3PQ3PR3PS3PT3PU3PV3PW3PX3QG3QH3QI3QJ3QK3QL3QM3QN3QO3QP3QQ3QR3QS3QT3QU3QV3QW3RG3RH3RI3RJ3RK3RL3RM3RN3RO3RP3RS3RT3RU3RV3RW3SJ3SK3SL3SM3SN3SO3SP3SV3SW3TL3TM3TN3TO3TP3TQ3TR3UM3UN3UO3UP3UQ3UR3US3UT3UX3VE3VO3VP3VQ3VR3VS3VT3VU3VV3VW3VX3WC3WD3WE3WP3WQ3WR3WS3WT3WU3WV3WW3WX3XC3XD3XE3XP3XQ3XR3XS3XT3XU3XV3XW3XX4AJ4AK4AL4AM4AN4AO4AP4AQ4AR4AS4BK4BM4BN4BO4BP4BR4CL4CM4CN4CO4CP4DI4DJ4DK4DL4DM4DN4DO4DP4EI4EJ4EK4EL4EM4EN4EO4EP4FI4FJ4FK4FL4FM4FN4FO4FP4GI4GJ4GK4GL4GM4GN4GO4GP4HI4HJ4HK4HL4HM4HN4II4IJ4IK4IL4IM</Field39>
<Field40>215</Field40>
</results>
<results>
<Field1>37OPIVELUWG37Y3KP1ITMY51WCHHAJ</Field1>
<Field2>3PUZG2R74TXVF7CR9RD94D92J8X45X</Field2>
<Field3>Participate in a land classification study (Bonuses for accuracy)</Field3>
<Field4>Classify an aerial image into four different types of land cover</Field4>
<Field5>image classification, land cover, photo interpretation</Field5>
<Field6>$0.50</Field6>
<Field7>Tue Jun 29 15:46:53 PDT 2021</Field7>
<Field8>6</Field8>
<Field9>BatchId:4491423;OriginalHitTemplateId:928390828;</Field9>
<Field10>3600</Field10>
<Field11>259200</Field11>
<Field12>Tue Jul 06 15:46:53 PDT 2021</Field12>
<Field15>32UTUBMZ7J9FVT1QQ74ULUC7F66VBN</Field15>
<Field16>A2G44A4ZPWRPXU</Field16>
<Field17>Submitted</Field17>
<Field18>Tue Jun 29 16:48:09 PDT 2021</Field18>
<Field19>Tue Jun 29 17:13:01 PDT 2021</Field19>
<Field20>Fri Jul 02 17:13:01 PDT 2021</Field20>
<Field24>1492</Field24>
<Field25>0% (0/0)</Field25>
<Field26>0% (0/0)</Field26>
<Field27>0% (0/0)</Field27>
<Field28>24891</Field28>
<Field29>new</Field29>
<Field30>img24891_new.jpg</Field30>
<Field31>https://raw.githubusercontent.com/ROIHabitat/lcimages/master/img24891_new.jpg</Field31>
<Field32>2304</Field32>
<Field33>1AO1AV1AW1BD1BK1BM1BN1BO1BQ1BW1BX1CC1CF1CG1CK1CM1CO1CP1CR1CT1CW1CX1DD1DH1DJ1DK1DL1DO1DP1DS1DX1EF1EG1EH1EQ1ES1ET1EU1EV1EW1EX1FC1FE1FF1FG1FI1FJ1FN1FS1FU1FW1GF1GG1GJ1GP1GQ1GT1GU1HD1HH1HI1HL1HN1HR1HU1HW1HX1IF1IK1IQ1IT1IV1IW1JD1JF1JG1JL1JN1JR1JT1KC1KD1KE1KF1KH1KJ1KK1KP1KQ1KV1KX1LH1LJ1LL1LM1LN1LP1LR1LT1LW1ME1ML1MN1MO1MR1MV1MW1MX1NG1NH1NJ1NN1NQ1NS1OC1OM1OO1OQ1OS1OV1PC1PD1PI1PK1PO1PU1QG1QI1QM1RD1RH1RJ1RQ1RS1RU1RW1SB1SD1SG1SH1SK1SR1SX1TD1TF1TN1TP1TS1TV1TW1UQ1UW1VU1WE1WF1WI1WR1WT1WU1WX1XE1XR2AA2AB2AC2AD2AE2AF2AI2AJ2AR2BA2BB2BC2BD2BE2BF2BL2BN2BP2BS2BU2BW2CA2CB2CC2CD2CE2CF2CH2CJ2DA2DE2DF2DG2DH2DI2DM2DQ2DU2EA2EB2EC2ED2EE2EF2EG2EK2EL2ES2FA2FB2FC2FD2FE2FF2FG2FN2FW2GA2GB2GC2GD2GI2GK2GL2GO2GV2HA2HB2HC2HD2HH2HN2HO2HR2IA2IB2IC2ID2IH2IJ2IM2IO2JA2JE2JF2JG2JI2JM2JO2JP2JQ2KA2KE2KF2KG2KK2KL2KN2KS2KU2KW2LA2LB2LC2LD2LE2LF2LG2LJ2LP2LQ2LW2MA2MB2MC2MD2ME2MF2MG2MJ2MO2MS2MU2NA2NB2NC2ND2NE2NF2NG2NH2NO2NP2NT2NV2NW2OA2OB2OC2OD2OF2OG2OH2OI2OO2OR2PA2PB2PC2PD2PE2PF2PG2PH2PM2PN2PU2PW2QA2QC2QD2QE2QK2QP2QR2RA2RC2RD2RE2RI2RM2RO2RR2RT2RW2SA2SC2SD2SE2SK2SM2SQ2SU2SW2TA2TB2TC2TD2TE2TH2TN2TP2TS2TU2TW2UA2UB2UC2UD2UE2UG2UJ2UL2UR2UW2VA2VB2VC2VD2VE2VM2VP2VQ2VR2VW2WA2WB2WC2WD2WE2WI2WJ2WK2WL2WM2WP2WQ2WR2WV2XA2XB2XC2XD2XE2XI2XJ2XK2XL2XM2XP2XQ2XR3AC3AD3BE3BF3BS3CD3CF3CH3CI3CJ3CL3DH3DM3DV3EC3ED3EG3EJ3EK3EM3EN3EO3EQ3EU3FF3FJ3FO3FT3FW3GC3GH3GJ3GO3HE3HJ3HK3HL3HR3HT3IC3IF3IH3IK3IM3IP3IS3IT3JJ3JO3JV3KC3KN3KP3LC3LD3LE3LI3LO3MC3ME3MN3MS3MW3ND3NG3NK3NW3OH3OM3PA3PJ3PQ3PS3QE3QI3QL3QP3QQ3RD3RE3RF3RK3RV3RW3SD3SE3SO3ST3SU3TJ3TT3UG3UO3UP3UQ3UR3VC3VF3VL3VM3WI3WJ3WV4AD4AF4AG4AH4AN4AQ4BC4BD4BE4BF4BH4BL4BM4BU4BV4BW4CC4CH4CK4CL4CT4CW4DA4DB4DE4DF4DI4DK4DM4DN4DP4DR4DU4DW4EA4ED4EE4EG4EJ4EK4EL4EM4EN4EP4ER4FB4FD4FE4FH4FK4FL4FN4FQ4FS4GA4GB4GD4GG4GH4GJ4GK4GQ4HA4HB4HC4HE4HI4HL4HP4HQ4HU4HX4IA4IB4IF4IH4II4IJ4IK4IP4IR4IX4JM4JN4JO4JS4JV4JW4JX4KA4KH4KI4KK4KL4KM4KN4KU4KV4KW4LE4LF4LJ4LP4LT4MA4MF4MG4MH4ML4MM4MN4MP4MQ4MS4MU4NA4NB4ND4NH4NK4NM4NN4NP4NQ4NT4NU4NW4OA4OB4OC4OE4OJ4OL4ON4OR4OX4PA4PB4PD4PG4PI4PM4PO4PQ4PR4PU4PV4PX4QB4QG4QH4QK4QM4QO4QR4QT4QU4QV4RA4RB4RD4RF4RI4RJ4RL4RN4RQ4RT4SB4SF4SG4SI4SK4SL4SM4SO4SP4SQ4SS4ST4SV4SX4TA4TB4TI4TJ4TK4TO4TU4TV4TX4UA4UF4UG4UI4UJ4UK4UM4UN4UO4UQ4VA4VC4VE4VH4VI4VJ4VL4VP4VW4VX4WB4WD4WG4WI4WJ4WM4WN4WO4WP4WR4WS4XA4XB4XF4XM</Field33>
<Field34>733</Field34>
<Field35>1OW1OX1QP1QT1QV1QW1QX1RO1TQ1TR1TX1UN1UO1US1UU1VN1VO1VP1VQ1VR1VS1VT1VX1WO1XN1XP</Field35>
<Field36>26</Field36>
<Field37>1AA1AB1AC1AD1AE1AF1AG1AH1AI1AJ1AK1AL1AM1AN1AP1AQ1AR1AS1AT1AU1AX1BA1BB1BC1BE1BF1BG1BH1BI1BJ1BL1BP1BR1BS1BT1BU1BV1CA1CB1CD1CE1CH1CI1CJ1CL1CN1CQ1CS1CU1CV1DA1DB1DC1DE1DF1DG1DI1DM1DN1DQ1DR1DT1DU1DV1DW1EA1EB1EC1ED1EE1EI1EJ1EK1EL1EM1EN1EO1EP1ER1FA1FB1FD1FH1FK1FL1FM1FO1FP1FQ1FR1FT1FV1FX1GA1GB1GC1GD1GE1GH1GI1GK1GL1GM1GN1GO1GR1GS1GV1GW1GX1HA1HB1HC1HE1HF1HG1HJ1HK1HM1HO1HP1HQ1HS1HT1HV1IA1IB1IC1ID1IE1IG1IH1II1IJ1IL1IM1IN1IO1IP1IR1IS1IU1IX1JA1JB1JC1JE1JH1JI1JJ1JK1JM1JO1JP1JQ1JS1JU1JV1JW1JX1KA1KB1KG1KI1KL1KM1KN1KO1KR1KS1KT1KU1KW1LA1LB1LC1LD1LE1LF1LG1LI1LK1LO1LQ1LS1LU1LV1LX1MA1MB1MC1MD1MF1MG1MH1MI1MJ1MK1MM1MP1MQ1MS1MT1MU1NA1NB1NC1ND1NE1NF1NI1NK1NL1NM1NO1NP1NR1NT1NU1NV1NW1NX1OA1OB1OD1OE1OF1OG1OH1OI1OJ1OK1OL1ON1OP1OR1OT1OU1PA1PB1PE1PF1PG1PH1PJ1PL1PM1PN1PP1PQ1PR1PS1PT1PV1PW1PX1QA1QB1QC1QD1QE1QF1QH1QJ1QK1QL1QN1QO1QQ1QR1QS1QU1RA1RB1RC1RE1RF1RG1RI1RK1RL1RM1RN1RP1RR1RT1RV1RX1SA1SC1SE1SF1SI1SJ1SL1SM1SN1SO1SP1SQ1SS1ST1SU1SV1SW1TA1TB1TC1TE1TG1TH1TI1TJ1TK1TL1TM1TO1TT1TU1UA1UB1UC1UD1UE1UF1UG1UH1UI1UJ1UK1UL1UM1UP1UR1UT1UV1UX1VA1VB1VC1VD1VE1VF1VG1VH1VI1VJ1VK1VL1VM1VV1VW1WA1WB1WC1WD1WG1WH1WJ1WK1WL1WM1WN1WP1WQ1WS1WV1WW1XA1XB1XC1XD1XF1XG1XH1XI1XJ1XK1XL1XM1XO1XQ1XS1XT1XU1XV1XW1XX2AG2AH2AK2AL2AM2AN2AO2AP2AQ2AS2AT2AU2AV2AW2AX2BG2BH2BI2BJ2BK2BM2BO2BQ2BR2BT2BV2BX2CG2CI2CK2CL2CM2CN2CO2CP2CQ2CR2CS2CT2CU2CV2CW2CX2DB2DC2DD2DJ2DK2DL2DN2DO2DP2DR2DS2DT2DV2DW2DX2EH2EI2EJ2EM2EN2EO2EP2EQ2ER2ET2EU2EV2EW2EX2FH2FI2FJ2FK2FL2FM2FO2FP2FQ2FR2FS2FT2FU2FV2FX2GE2GF2GG2GH2GJ2GM2GN2GP2GQ2GR2GS2GT2GU2GW2GX2HE2HF2HG2HI2HJ2HK2HL2HM2HP2HQ2HS2HT2HU2HV2HW2HX2IE2IF2IG2II2IK2IL2IN2IP2IQ2IR2IS2IT2IU2IV2IW2IX2JB2JC2JD2JH2JJ2JK2JL2JN2JR2JS2JT2JU2JV2JW2JX2KB2KC2KD2KH2KI2KJ2KM2KO2KP2KQ2KR2KT2KV2KX2LH2LI2LK2LL2LM2LN2LO2LR2LS2LT2LU2LV2LX2MH2MI2MK2ML2MM2MN2MP2MQ2MR2MT2MV2MW2MX2NI2NJ2NK2NL2NM2NN2NQ2NR2NS2NU2NX2OE2OJ2OK2OL2OM2ON2OP2OQ2OS2OT2OU2OV2OW2OX2PI2PJ2PK2PL2PO2PP2PQ2PR2PS2PT2PV2PX2QB2QF2QG2QH2QI2QJ2QL2QM2QN2QO2QQ2QS2QT2QU2QV2QW2QX2RB2RF2RG2RH2RJ2RK2RL2RN2RP2RQ2RS2RU2RV2RX2SB2SF2SG2SH2SI2SJ2SL2SN2SO2SP2SR2SS2ST2SV2SX2TF2TG2TI2TJ2TK2TL2TM2TO2TQ2TR2TT2TV2TX2UF2UH2UI2UK2UM2UN2UO2UP2UQ2US2UT2UU2UV2UX2VF2VG2VH2VI2VJ2VK2VL2VN2VO2VS2VT2VU2VV2VX2WF2WG2WH2WN2WO2WS2WT2WU2WW2WX2XF2XG2XH2XN2XO2XS2XT2XU2XV2XW2XX3AA3AB3AE3AF3AG3AH3AI3AJ3AK3AL3AM3AN3AO3AP3AQ3AR3AS3AT3AU3AV3AW3AX3BA3BB3BC3BD3BG3BH3BI3BJ3BK3BL3BM3BN3BO3BP3BQ3BR3BT3BU3BV3BW3BX3CA3CB3CC3CE3CG3CK3CM3CN3CO3CP3CQ3CR3CS3CT3CU3CV3CW3CX3DA3DB3DC3DD3DE3DF3DG3DI3DJ3DK3DL3DN3DO3DP3DQ3DR3DS3DT3DU3DW3DX3EA3EB3EE3EF3EH3EI3EL3EP3ER3ES3ET3EV3EW3EX3FA3FB3FC3FD3FE3FG3FH3FI3FK3FL3FM3FN3FP3FQ3FR3FS3FU3FV3FX3GA3GB3GD3GE3GF3GG3GI3GK3GL3GM3GN3GP3GQ3GR3GS3GT3GU3GV3GW3GX3HA3HB3HC3HD3HF3HG3HH3HI3HM3HN3HO3HP3HQ3HS3HU3HV3HW3HX3IA3IB3ID3IE3IG3II3IJ3IL3IN3IO3IQ3IR3IU3IV3IW3IX3JA3JB3JC3JD3JE3JF3JG3JH3JI3JK3JL3JM3JN3JP3JQ3JR3JS3JT3JU3JW3JX3KA3KB3KD3KE3KF3KG3KH3KI3KJ3KK3KL3KM3KO3KQ3KR3KS3KT3KU3KV3KW3KX3LA3LB3LF3LG3LH3LJ3LK3LL3LM3LN3LP3LQ3LR3LS3LT3LU3LV3LW3LX3MA3MB3MD3MF3MG3MH3MI3MJ3MK3ML3MM3MO3MP3MQ3MR3MT3MU3MV3MX3NA3NB3NC3NE3NF3NH3NI3NJ3NL3NM3NN3NO3NP3NQ3NR3NS3NT3NU3NV3NX3OA3OB3OC3OD3OE3OF3OG3OI3OJ3OK3OL3ON3OO3OP3OQ3OR3OS3OT3OU3OV3OW3OX3PB3PC3PD3PE3PF3PG3PH3PI3PK3PL3PM3PN3PO3PP3PR3PT3PU3PV3PW3PX3QA3QB3QC3QD3QF3QG3QH3QJ3QK3QM3QN3QO3QR3QS3QT3QU3QV3QW3QX3RA3RB3RC3RG3RH3RI3RJ3RL3RM3RN3RO3RP3RQ3RR3RS3RT3RU3RX3SA3SB3SC3SF3SG3SH3SI3SJ3SK3SL3SM3SN3SP3SQ3SR3SS3SV3SW3SX3TA3TB3TC3TD3TE3TF3TG3TH3TI3TK3TL3TM3TN3TO3TP3TQ3TR3TS3TU3TV3TW3TX3UA3UB3UC3UD3UE3UF3UH3UI3UJ3UK3UL3UM3UN3US3UT3UU3UV3UW3UX3VA3VB3VD3VE3VG3VH3VI3VJ3VK3VN3VO3VP3VQ3VR3VS3VT3VU3VV3VW3VX3WA3WB3WC3WD3WE3WF3WG3WH3WK3WL3WM3WN3WO3WP3WQ3WR3WS3WT3WU3WW3WX3XA3XB3XC3XD3XE3XF3XG3XH3XI3XJ3XK3XL3XM3XN3XO3XP3XQ3XR3XS3XT3XU3XV3XW3XX4AA4AB4AC4AE4AI4AJ4AK4AL4AM4AO4AP4AR4AS4AT4AU4AV4AW4AX4BA4BB4BG4BI4BJ4BK4BN4BO4BP4BQ4BR4BS4BT4BX4CA4CB4CD4CE4CF4CG4CI4CJ4CM4CN4CO4CP4CQ4CR4CS4CU4CV4CX4DC4DD4DG4DH4DJ4DL4DO4DQ4DS4DT4DV4DX4EB4EC4EF4EH4EI4EO4EQ4ES4ET4EU4EV4EW4EX4FA4FC4FF4FG4FI4FJ4FM4FO4FP4FR4FT4FU4FV4FW4FX4GC4GE4GF4GI4GL4GM4GN4GO4GP4GR4GS4GT4GU4GV4GW4GX4HD4HF4HG4HH4HJ4HK4HM4HN4HO4HR4HS4HT4HV4HW4IC4ID4IE4IG4IL4IM4IN4IO4IQ4IS4IT4IU4IV4IW4JA4JB4JC4JD4JE4JF4JG4JH4JI4JJ4JK4JL4JP4JQ4JR4JT4JU4KB4KC4KD4KE4KF4KG4KJ4KO4KP4KQ4KR4KS4KT4KX4LA4LB4LC4LD4LG4LH4LI4LK4LL4LM4LN4LO4LQ4LR4LS4LU4LV4LW4LX4MB4MC4MD4ME4MI4MJ4MK4MO4MR4MT4MV4MW4MX4NC4NE4NF4NG4NI4NJ4NL4NO4NR4NS4NV4NX4OD4OF4OG4OH4OI4OK4OM4OO4OP4OQ4OS4OT4OU4OV4OW4PC4PE4PF4PH4PJ4PK4PL4PN4PP4PS4PT4PW4QA4QC4QD4QE4QF4QI4QJ4QL4QN4QP4QQ4QS4QW4QX4RC4RE4RG4RH4RK4RM4RO4RP4RR4RS4RU4RV4RW4RX4SA4SC4SD4SE4SH4SJ4SN4SR4SU4SW4TC4TD4TE4TF4TG4TH4TL4TM4TN4TP4TQ4TR4TS4TT4TW4UB4UC4UD4UE4UH4UL4UP4UR4US4UT4UU4UV4UW4UX4VB4VD4VF4VG4VK4VM4VN4VO4VQ4VR4VS4VT4VU4VV4WA4WC4WE4WF4WH4WK4WL4WQ4WT4WU4WV4WW4WX4XC4XD4XE4XG4XH4XI4XJ4XK4XL4XN4XO4XP4XQ4XR4XS4XT4XU4XV4XW4XX</Field37>
<Field38>1545</Field38>
<Field40>0</Field40>
</results>
<results>
<Field1>37OPIVELUWG37Y3KP1ITMY51WCHHAJ</Field1>
<Field2>3PUZG2R74TXVF7CR9RD94D92J8X45X</Field2>
<Field3>Participate in a land classification study (Bonuses for accuracy)</Field3>
<Field4>Classify an aerial image into four different types of land cover</Field4>
<Field5>image classification, land cover, photo interpretation</Field5>
<Field6>$0.50</Field6>
<Field7>Tue Jun 29 15:46:53 PDT 2021</Field7>
<Field8>6</Field8>
<Field9>BatchId:4491423;OriginalHitTemplateId:928390828;</Field9>
<Field10>3600</Field10>
<Field11>259200</Field11>
<Field12>Tue Jul 06 15:46:53 PDT 2021</Field12>
<Field15>3AUQQEL7U86EB6YGSR751DGOO4GV0C</Field15>
<Field16>A1MSMWOY6GTA99</Field16>
<Field17>Submitted</Field17>
<Field18>Tue Jun 29 23:10:41 PDT 2021</Field18>
<Field19>Tue Jun 29 23:17:25 PDT 2021</Field19>
<Field20>Fri Jul 02 23:17:25 PDT 2021</Field20>
<Field24>404</Field24>
<Field25>0% (0/0)</Field25>
<Field26>0% (0/0)</Field26>
<Field27>0% (0/0)</Field27>
<Field28>24891</Field28>
<Field29>new</Field29>
<Field30>img24891_new.jpg</Field30>
<Field31>https://raw.githubusercontent.com/ROIHabitat/lcimages/master/img24891_new.jpg</Field31>
<Field32>2301</Field32>
<Field33>1CO1CP1CQ1DO1DP1DQ1EO1EP1EQ1ER1FN1FO1FP1FQ1FR1GN1GO1GP1GQ1GR1HK1HO1HP1HQ1HR1IJ1IK1IO1IP1IQ1IR1JC1JF1JG1JH1JJ1JK1JO1JP1JQ1JR1JS1KF1KG1KH1KJ1KK1KL1KM1KN1KO1KP1KQ1KR1KS1LF1LG1LH1LK1LL1LM1LN1LO1LP1LQ1LR1LS1ML1MP1MQ1MR1NK1NP1NQ1NR1NS1OK1OP1OQ1OR1OS1PP1PQ1PR1PS1QK1QL1QQ1RH1RI1RJ1RK1RL1SH1SI1SJ1SK1SL1SM1TH1TI1TJ1TK1TL1TM1UH1UI1UJ1UK1UL1UM1UN1UR1US1UT1VL1VM1VN1VQ1VR1VS1VT1WR1WS1WT1XR1XS2CB2CC2CD2DB2DC2DD2DE2EB2EC2ED2EE2EF2FB2FC2FD2FE2FF2FG2FH2GD2GE2GF2GG2GH2HF2HG2HH2HI2IF2IG2IH2II2IJ2JG2JH2JI2JJ2JK2KH2KI2KJ2KK2KL2LI2LJ2LK2LL2LM2LN2MI2MJ2MK2ML2MM2MN2MO2MP2NJ2NK2NL2NM2NN2NO2NP2OM2ON2OO2OP2PN2PO2PP2QN2QO2QP2SN2SO2SP2TN2TO2TP2TQ2UN2UO2UP2UQ2VN2VO2VP2VQ2WO2WP2WQ4FF4FG4FH4FI4FJ4GD4GE4GF4GG4GH4GI4GJ4GK4GL4GM4HC4HD4HE4HF4HG4HH4HI4HJ4HK4HL4HM4HN4IC4ID4IE4IF4IJ4IK4IL4IM4IN4IO4JC4JD4JE4JF4JG4JH4JI4JJ4JK4JL4JM4JN4JO4KD4KE4KF4KG4KH4KI4KJ4KN4KO4LF4LG4LH4LI4LJ4LO4MO4MP4NO4NP4OO4OP4OQ4PO4PP4PQ4QO4QP4QQ4QR4RP4RQ4RR4SH4SI4SJ4SK4SL4SP4SQ4SR4TF4TG4TH4TI4TJ4TK4TL4TP4TQ4TR4UD4UE4UF4UG4UH4UI4UJ4UK4UL4UM4UN4UO4UP4UQ4VA4VB4VC4VD4VE4VF4VG4VH4VI4VO4VP4VQ4WN4WO4WP4WQ4XN4XO4XP</Field33>
<Field34>352</Field34>
<Field35>1AD1AH1AI1AO1AP1AQ1AR1AS1BD1BH1BI1BO1BP1BQ1BR1BS1CD1CE1CF1CG1CH1CI1CJ1CK1CR1CS1DE1DF1DG1DH1DI1DJ1DR1DS1EE1EF1EG1EH1EI1EJ1ES1ET1FD1FE1FF1FG1FH1FI1FJ1FK1FL1FM1FS1FT1FU1FV1GD1GE1GF1GG1GH1GI1GJ1GK1GL1GM1GS1GT1GU1GV1HD1HE1HF1HG1HH1HI1HJ1HL1HM1HN1HS1HT1HU1HV1IA1ID1IE1IF1IG1IH1II1IL1IM1IN1IS1IT1IU1IV1JA1JD1JE1JI1JL1JM1JN1JT1JU1JV1JW1KA1KD1KE1KI1KT1KU1KV1KW1KX1LA1LE1LI1LJ1LT1LU1LV1LW1LX1MA1ME1MF1MG1MH1MI1MJ1MM1MN1MO1MS1MT1MV1MW1MX1NA1NB1NE1NF1NG1NH1NI1NJ1NM1NN1NO1NT1OA1OB1OE1OF1OG1OM1ON1OO1OT1PA1PB1PG1PM1PN1PO1PT1QA1QB1QC1QG1QM1QN1QO1QP1QR1QS1QT1RA1RB1RC1RM1RN1RO1RP1RQ1RR1RS1RT1SA1SB1SC1SN1SO1SP1SQ1SR1SS1ST1TA1TB1TC1TD1TN1TO1TP1TQ1TR1TS1TT1UA1UB1UC1UD1UO1UP1UQ1VA1VB1VC1VD1VE1VK1VO1VP1WA1WB1WC1WD1WE1XA1XB1XC1XD1XE2AT2AU2AV2AW2AX2BT2BU2BV2BW2BX2CA2CU2CV2CW2CX2DA2DM2DN2DO2DV2DW2DX2EA2EL2EM2EN2EO2EP2EV2EW2EX2FA2FI2FJ2FK2FL2FM2FN2FO2FP2FQ2FR2FV2FW2FX2GA2GB2GC2GI2GJ2GK2GL2GM2GN2GO2GP2GQ2GR2GV2GW2GX2HA2HB2HC2HD2HE2HJ2HK2HL2HM2HN2HO2HP2HQ2HR2HS2HW2HX2IA2IB2IC2ID2IE2IK2IL2IM2IN2IO2IP2IQ2IR2IS2IT2IU2IX2JA2JB2JC2JD2JE2JF2JL2JM2JN2JO2JP2JQ2JR2JS2JT2JU2JX2KA2KB2KC2KD2KE2KF2KG2KM2KN2KO2KP2KQ2KR2KS2KT2KU2KW2KX2LA2LB2LC2LD2LE2LF2LG2LH2LO2LP2LQ2LR2LS2LT2LU2LW2LX2MA2MB2MC2MD2ME2MF2MG2MH2MQ2MR2MS2MT2MW2MX2NA2NB2NC2ND2NE2NF2NG2NH2NI2NQ2NR2NS2NT2NU2NV2NW2NX2OC2OD2OE2OF2OG2OH2OI2OJ2OK2OL2OQ2OR2OS2OT2OU2OV2OW2OX2PD2PE2PF2PG2PH2PI2PJ2PK2PL2PM2PQ2PR2PS2PT2PU2PV2PW2PX2QE2QF2QG2QH2QI2QJ2QK2QL2QM2QQ2QR2QS2QT2QV2QW2QX2RG2RH2RI2RJ2RK2RL2RM2RN2RO2RP2RQ2RR2RS2RX2SG2SH2SI2SJ2SK2SL2SM2SQ2SR2TH2TI2TJ2TK2TM2UI2UJ2UK2UM2VM2VV2VW2VX3AB3AC3AD3AE3AF3AH3AI3AJ3AU3AV3AW3AX3BA3BB3BC3BD3BE3BF3BG3BK3BL3BM3BN3BO3BU3BV3BW3BX3CA3CB3CC3CD3CE3CF3CG3CK3CL3CM3CN3CO3CU3CV3CW3CX3DA3DB3DC3DD3DE3DF3DG3DK3DL3DM3DN3DO3DU3DV3DW3DX3EA3EB3EC3ED3EE3EF3EG3EK3EL3EM3EN3EO3EU3EV3EW3EX3FA3FB3FC3FD3FE3FF3FG3FK3FL3FM3FN3FO3FU3FV3FW3FX3GB3GC3GD3GE3GF3GG3GK3GL3GM3GN3GO3GU3GV3GW3GX3HB3HC3HD3HE3HF3HG3HK3HL3HM3HN3HO3HX3IB3IC3ID3IE3IF3IG3IK3IL3IM3IN3IO3IX3JC3JD3JE3JF3JK3JL3JM3JN3JO3JQ3JR3JS3JX3KF3KK3KL3KM3KN3KO3KQ3KR3KS3KT3KX3LL3LM3LQ3LR3LS3LX3MF3ML3MM3MQ3MR3MS3MX3ND3NE3NQ3NR3NS3NX3OD3OE3OQ3OR3OS3OX3PD3PE3PW3PX3QD3QE3QF3QW3QX3RE3RF3RG3RW3RX3SE3SF3SG3SP3SQ3SR3SW3SX3TE3TF3TG3TM3TN3TO3TP3TQ3TR3TW3TX3UF3UG3UH3UM3UN3UO3UP3UQ3UR3UW3UX3VF3VG3VH3VI3VN3VO3VP3VQ3VR3VW3VX3WF3WG3WH3WI3WN3WW3WX3XT3XU3XV3XW3XX4AD4AE4AF4AG4AH4AI4AJ4AK4AL4AM4BB4BC4BD4BE4BF4BG4BH4BI4BJ4BK4BL4BM4CA4CB4CC4CD4CE4CF4CG4CH4CI4CJ4CK4CL4CM4CQ4CR4CS4CT4DA4DB4DC4DD4DE4DQ4DR4DS4DT4DU4EA4EB4EC4ED4EQ4ER4ES4ET4EU4EV4EW4FA4FB4FC4FK4FL4FM4FS4FT4FU4FV4FW4GA4GB4GU4GV4GW4HA4HB4IA4IB4II4JA4JB4KA4KB4MG4MH4MI4MJ4NF4NG4NH4NI4NJ4OE4OF4OG4OH4PA4PB4PE4PF4PG4PH4PJ4PK4QA4QB4QD4QE4QF4QG4QJ4QK4RA4RB4RC4RD4RE4RF4RJ4RK4SA4SB4SC4SD4SE4SF4TA4TB4TC4TD4TE4UA4UB4UC</Field35>
<Field36>887</Field36>
<Field37>1AA1AB1AC1AE1AF1AG1AJ1AK1AL1AM1AN1BA1BB1BC1BE1BF1BG1BJ1BK1BL1BM1BN1CA1CB1CC1CL1CM1CN1DA1DB1DC1DD1DK1DL1DM1DN1EA1EB1EC1ED1EK1EL1EM1EN1FA1FB1FC1GA1GB1GC1HA1HB1HC1IB1IC1JB1KB1KC1LB1LC1LD1MB1MC1MD1MK1NC1ND1NL1OC1OD1OH1OI1OJ1OL1PC1PD1PE1PF1PH1PI1PJ1PK1PL1QD1QE1QF1QH1QI1QJ1RD1RE1RF1RG1SD1SE1SF1SG1TE1TF1TG1UE1UF1UG1VF1VG1VH1VI1VJ1WF1WG1WH1WI1WJ1WK1WL1WM1WN1WO1WP1WQ1XF1XG1XH1XI1XJ1XK1XL1XM1XN1XO1XP1XQ2AA2AB2AC2AD2AE2AF2AG2AH2AI2AJ2AK2AL2AM2AN2AO2AP2AQ2AR2AS2BA2BB2BC2BD2BE2BF2BG2BH2BI2BJ2BK2BL2BM2BN2BO2BP2BQ2BR2BS2CE2CF2CG2CH2CI2CJ2CK2CL2CM2CN2CO2CP2CQ2CR2CS2CT2DF2DG2DH2DI2DJ2DK2DL2DP2DQ2DR2DS2DT2DU2EG2EH2EI2EJ2EK2EQ2ER2ES2ET2EU2FS2FT2FU2GS2GT2GU2HT2HU2HV2IV2IW2JV2JW2KV2LV2MU2MV2OA2OB2PA2PB2PC2QA2QB2QC2QD2QU2RA2RB2RC2RD2RE2RF2RT2RU2RV2RW2SA2SB2SC2SD2SE2SF2SS2ST2SU2SV2SW2SX2TA2TB2TC2TD2TE2TF2TG2TR2TS2TT2TU2TV2TW2TX2UA2UB2UC2UD2UE2UF2UG2UH2UL2UR2US2UT2UU2UV2UW2UX2VA2VB2VC2VD2VE2VF2VG2VH2VI2VJ2VK2VL2VR2VS2VT2VU2WA2WB2WC2WD2WE2WF2WG2WH2WI2WJ2WK2WL2WM2WN2WR2WS2WT2WU2WV2WW2WX2XA2XB2XC2XD2XE2XF2XG2XH2XI2XJ2XK2XL2XM2XN2XO2XP2XQ2XR2XS2XT2XU2XV2XW2XX3AA3AG3AK3AL3AM3AN3AO3AP3AQ3AR3AS3AT3BP3BQ3BR3BS3BT3CP3CQ3CR3CS3CT3DP3DQ3DR3DS3DT3EP3EQ3ER3ES3ET3FP3FQ3FR3FS3FT3GA3GP3GQ3GR3GS3GT3HA3HP3HQ3HR3HS3HT3HU3HV3HW3IA3IP3IQ3IR3IS3IT3IU3IV3IW3JA3JB3JG3JP3JT3JU3JV3JW3KA3KB3KG3KP3KU3KV3KW3LA3LB3LF3LG3LN3LO3LP3LT3LU3LV3LW3MA3MB3MG3MN3MO3MP3MT3MU3MV3MW3NA3NB3NC3NM3NN3NO3NP3NT3NU3NV3NW3OA3OB3OC3OM3ON3OO3OP3OT3OU3OV3OW3PA3PB3PC3PM3PN3PO3PP3PQ3PR3PS3PT3PU3PV3QA3QB3QC3QL3QM3QN3QO3QP3QQ3QR3QS3QT3QU3QV3RA3RB3RC3RD3RH3RL3RM3RN3RO3RP3RQ3RR3RS3RT3RU3RV3SA3SB3SC3SD3SH3SL3SM3SN3SO3SS3ST3SU3SV3TA3TB3TC3TD3TH3TS3TT3TU3TV3UA3UB3UC3UD3UE3US3UT3UU3UV3VA3VB3VC3VD3VE3VS3VT3VU3VV3WA3WB3WC3WD3WE3WO3WP3WQ3WR3WS3WT3WU3WV3XA3XB3XC3XD3XE3XF3XG3XH3XI3XN3XO3XP3XQ3XR3XS4AA4AB4AC4AN4AO4AP4AQ4AR4AS4AT4AU4AV4AW4AX4BA4BN4BO4BP4BQ4BR4BS4BT4BU4BV4BW4BX4CN4CO4CP4CU4CV4CW4CX4DF4DG4DH4DI4DJ4DK4DL4DM4DN4DO4DP4DV4DW4DX4EE4EF4EG4EH4EI4EJ4EK4EL4EM4EN4EO4EP4EX4FD4FE4FN4FO4FP4FQ4FX4GC4GN4GO4GP4GQ4GR4GS4GT4GX4HO4HP4HQ4HR4HS4HT4HU4HW4HX4IS4IT4IU4IW4IX4JT4JU4JW4JX4KC4KK4KL4KM4KT4KU4KW4KX4LA4LB4LC4LD4LE4LK4LL4LM4LN4LT4LU4LW4LX4MA4MB4MC4MD4ME4MF4MK4ML4MM4MN4MT4MU4MW4MX4NA4NB4NC4ND4NE4NK4NL4NM4NN4NR4NS4NT4NU4NW4NX4OA4OB4OC4OD4OI4OJ4OK4OL4OM4ON4OR4OS4OT4OU4OW4OX4PC4PD4PI4PL4PM4PN4PR4PS4PT4PU4PW4PX4QC4QH4QI4QL4QM4QN4QW4QX4RG4RH4RI4RL4RM4RN4RO4RW4RX4SG4SM4SN4SO4SW4SX4TM4TN4TO4TW4TX4VJ4VK4VL4VM4VN4WA4WB4WC4WD4WE4WF4WG4WH4WI4WJ4WK4WL4WM4XA4XB4XC4XD4XE4XF4XG4XH4XI4XJ4XK4XL4XM</Field37>
<Field38>810</Field38>
<Field39>1AT1AU1AV1AW1AX1BT1BU1BV1BW1BX1CT1CU1CV1CW1CX1DT1DU1DV1DW1DX1EU1EV1EW1EX1FW1FX1GW1GX1HW1HX1IW1IX1JX1MU1NU1NV1NW1NX1OU1OV1OW1OX1PU1PV1PW1PX1QU1QV1QW1QX1RU1RV1RW1RX1SU1SV1SW1SX1TU1TV1TW1TX1UU1UV1UW1UX1VU1VV1VW1VX1WU1WV1WW1WX1XT1XU1XV1XW1XX3BH3BI3BJ3CH3CI3CJ3DH3DI3DJ3EH3EI3EJ3FH3FI3FJ3GH3GI3GJ3HH3HI3HJ3IH3II3IJ3JH3JI3JJ3KC3KD3KE3KH3KI3KJ3LC3LD3LE3LH3LI3LJ3LK3MC3MD3ME3MH3MI3MJ3MK3NF3NG3NH3NI3NJ3NK3NL3OF3OG3OH3OI3OJ3OK3OL3PF3PG3PH3PI3PJ3PK3PL3QG3QH3QI3QJ3QK3RI3RJ3RK3SI3SJ3SK3TI3TJ3TK3TL3UI3UJ3UK3UL3VJ3VK3VL3VM3WJ3WK3WL3WM3XJ3XK3XL3XM4FR4HV4IP4IQ4IR4IV4JP4JQ4JR4JS4JV4KP4KQ4KR4KS4KV4LP4LQ4LR4LS4LV4MQ4MR4MS4MV4NQ4NV4OV4PV4QS4QT4QU4QV4RS4RT4RU4RV4SS4ST4SU4SV4TS4TT4TU4TV4UR4US4UT4UU4UV4UW4UX4VR4VS4VT4VU4VV4VW4VX4WR4WS4WT4WU4WV4WW4WX4XQ4XR4XS4XT4XU4XV4XW4XX</Field39>
<Field40>252</Field40>
</results>
<results>
<Field1>37OPIVELUWG37Y3KP1ITMY51WCHHAJ</Field1>
<Field2>3PUZG2R74TXVF7CR9RD94D92J8X45X</Field2>
<Field3>Participate in a land classification study (Bonuses for accuracy)</Field3>
<Field4>Classify an aerial image into four different types of land cover</Field4>
<Field5>image classification, land cover, photo interpretation</Field5>
<Field6>$0.50</Field6>
<Field7>Tue Jun 29 15:46:53 PDT 2021</Field7>
<Field8>6</Field8>
<Field9>BatchId:4491423;OriginalHitTemplateId:928390828;</Field9>
<Field10>3600</Field10>
<Field11>259200</Field11>
<Field12>Tue Jul 06 15:46:53 PDT 2021</Field12>
<Field15>3DI28L7YXDRXGKXCTKMVFEBCTZJ1EB</Field15>
<Field16>AN4NVRY5QVMXY</Field16>
<Field17>Submitted</Field17>
<Field18>Tue Jun 29 18:02:20 PDT 2021</Field18>
<Field19>Tue Jun 29 18:31:19 PDT 2021</Field19>
<Field20>Fri Jul 02 18:31:19 PDT 2021</Field20>
<Field24>1739</Field24>
<Field25>0% (0/0)</Field25>
<Field26>0% (0/0)</Field26>
<Field27>0% (0/0)</Field27>
<Field28>24891</Field28>
<Field29>new</Field29>
<Field30>img24891_new.jpg</Field30>
<Field31>https://raw.githubusercontent.com/ROIHabitat/lcimages/master/img24891_new.jpg</Field31>
<Field32>2268</Field32>
<Field33>1CA1CB1CC1CD1CE1CF1CG1CH1CI1CJ1CK1DA1DB1DC1DD1DE1DF1DG1DH1DI1DJ1DK1EA1EB1EC1ED1EE1EF1EG1EH1EI1EJ1EK1FA1FB1FC1FD1FE1FF1FG1FH1FI1FJ1FK1GA1GB1GC1GD1GE1GF1GG1GH1GI1GJ1GK1HC1HD1HE1HF1HG1HH1HI1HJ1HK1IC1ID1IE1IF1IG1IH1II1IJ1IK1JC1JD1JE1JF1JG1JH1JI1JJ1JK1KC1KD1KE1KF1KG1KH1KI1KJ1KK1LC1LD1LE1LF1LG1LH1LI1LJ1LK1MD1ME1MF1MG1MH1MI1MJ1MK1NG1NH1NI1NJ1NK1QO1QP1QQ1QR1QS1QT1QU1QV1QW1QX1RO1RP1RQ1RR1RS1RT1RU1RV1RW1RX1SO1SP1SQ1SR1SS1ST1SU1SV1SW1SX1TO1TP1TQ1TR1TS1TT1TU1TV1TW1TX1UO1UP1UQ1UR1US1UT1UU1UV1UW1UX1VN1VO1VP1VQ1VR1VS1VT1VU1VV1VW1VX1WN1WO1WP1WQ1WR1WS1WT1WU1WV1WW1WX1XM1XN1XO1XP1XQ1XR1XS1XT1XU1XV1XW1XX2CO2CP2CQ2DO2DP2DQ2DR2DS2DT2EO2EP2EQ2ER2ES2ET2FP2FQ2FR2FS2FT2GQ2GR2GS2GT2QA2QB2QC2QD2QE2QF2QG2QH2QI2QJ2QK2QL2RA2RB2RC2RD2RE2RF2RG2RH2RI2RJ2RK2RL2SA2SB2SC2SD2SE2SF2SG2SH2SI2SJ2SK2SL2TA2TB2TC2TD2TE2TF2TG2TH2TI2TJ2TK2TL2UA2UB2UC2UD2UE2UF2UG2UH2UI2UJ2UK2UL2VA2VB2VC2VD2VE2VF2VG2VH2VI2VJ2VK2VL2VU2WA2WB2WC2WD2WE2WF2WG2WH2WI2WJ2WK2WL2WV2WW2XA2XB2XC2XD2XE2XF2XG2XH2XI2XJ2XK2XL2XV2XW3AL3AM3AN3AO3AP3AQ3AR3AS3AT3AU3AV3AW3AX3BK3BL3BM3BN3BO3BP3BQ3BR3BS3BT3BU3BV3BW3BX3CI3CJ3CK3CL3CM3CN3CO3CP3CQ3CR3CS3CT3CU3CV3CW3CX3DH3DI3DJ3DK3DL3DM3DN3DO3DP3DQ3DR3DS3DT3DU3DV3DW3DX3EG3EH3EI3EJ3EK3EL3EM3EN3EO3EP3EQ3ER3ES3ET3EU3EV3EW3EX3FG3FH3FI3FJ3FK3FL3FM3FN3FO3FP3FQ3FR3FS3FT3FU3FV3FW3FX3GG3GH3GI3GJ3GK3GL3GM3GN3GO3GP3GQ3GR3GS3GT3GU3GV3GW3GX3HG3HH3HI3HJ3HK3HL3HM3HN3HO3HP3HQ3HR3HS3HT3HU3HV3HW3IG3IH3II3IJ3IK3IL3IM3IN3IO3IP3IQ3IR3IS3IT3IU3IV3IW3JG3JH3JI3JJ3JK3JL3JM3JN3JO3JP3JQ3JR3JS3JT3JU3JV3JW3KG3KH3KI3KJ3KK3KL3KM3KN3KO3KP3KQ3KR3KS3KT3KU3KV3LL3LM3LN3LO3LP3LQ3LR3LS3LT3MM3MN3MO3MP3MQ3MR3TF3TG3TH3TI3TJ3TK3UF3UG3UH3UI3UJ3UK3VF3VG3VH3VI3VJ3VK3VL3VM3WF3WG3WH3WI3WJ3WK3WL3WM3WN3WO3XG3XH3XI3XJ3XK3XL3XM3XN3XO4AA4AB4AC4AD4AE4AF4AG4AH4AI4AJ4AR4AS4AT4AU4AV4AW4BA4BB4BC4BD4BE4BF4BG4BH4BI4BR4BU4BV4BW4CA4CB4CC4CD4CE4CF4CG4CH4CI4CR4CS4CT4CU4CV4CW4DA4DB4DC4DD4DE4DF4DG4DH4DI4DS4DT4DU4DV4DW4EA4EB4EC4ED4EE4EF4EG4EH4EI4ES4ET4EU4EV4EW4FA4FB4FC4FD4FE4FF4FS4FT4FU4FV4FW4GA4GB4GC4GD4GE4GF4GS4GT4GU4GV4GW4HE4HF4HS4HT4HU4HV4HW4IF4IG4IH4IS4IT4IU4IV4IW4JR4JS4JT4JU4JV4JW4KB4KC4KD4KE4KR4KS4KT4KU4KV4KW4LA4LB4LC4LD4LE4LR4LS4LT4LU4LV4LW4MA4MB4MC4MD4ME4MF4MR4MS4MT4MU4MV4MW4NA4NB4NC4ND4NE4NF4NG4NH4NI4NJ4NK4NL4NM4NN4NR4NS4NT4NU4NV4NW4OA4OB4OC4OD4OE4OF4OG4OH4OI4OJ4OK4OL4OM4ON4OO4OR4OS4OT4OU4OV4OW4PA4PB4PC4PD4PE4PF4PG4PH4PI4PJ4PK4PL4PM4PN4PO4PP4PR4PS4PT4PU4PV4PW4QA4QB4QC4QD4QE4QF4QG4QH4QI4QJ4QK4QL4QM4QN4QO4QP4QQ4QR4QS4QT4QU4QV4QW4RB4RC4RD4RE4RF4RG4RH4RI4RJ4RK4RL4RM4RN4RO4RP4RQ4RR4RS4RT4RU4RV4RW4SB4SC4SD4SE4SF4SG4SH4SI4SJ4SK4SL4SM4SN4SO4SP4SQ4SR4SS4ST4SU4SV4SW4TB4TC4TD4TE4TF4TG4TH4TI4TJ4TK4TL4TM4TN4TO4TP4TQ4TR4TS4TT4TU4TV4TW4UA4UB4UC4UD4UE4UF4UG4UH4UI4UJ4UK4UL4UM4UN4UO4UP4UQ4UR4US4UT4UU4UV4UW4VA4VB4VC4VD4VE4VF4VG4VH4VI4VJ4VK4VL4VM4VN4VO4VP4VQ4VR4VS4VT4VU4VV4VW4WA4WB4WC4WD4WE4WF4WG4WH4WI4WJ4WK4WL4WM4WN4WO4WP4WQ4WR4WS4WT4WU4WV4WW4XA4XB4XC4XD4XE4XF4XG4XH4XI4XJ4XK4XL4XM4XN4XO4XP4XQ4XR4XS4XT4XU4XV</Field33>
<Field34>948</Field34>
<Field35>1CL1CM1CN1CO1CP1CQ1CR1CS1CT1CU1CV1CW1CX1DL1DM1DN1DO1DP1DQ1DR1DS1DT1DU1DV1DW1DX1EL1EM1EN1EO1EP1EQ1ER1ES1ET1EU1EV1EW1EX1FL1FM1FN1FO1FP1FQ1FR1FS1FT1FU1FV1FW1FX1GL1GM1GN1GO1GP1GQ1GR1GS1GT1GU1GV1GW1GX1HL1HM1HN1HO1HP1HQ1HR1HS1HT1HU1HV1HW1HX1IL1IM1IN1IO1IP1IQ1IR1IS1IT1IU1IV1IW1IX1JL1JM1JN1JO1JP1JQ1JR1JS1JT1JU1JV1JW1JX1KL1KM1KN1KO1KP1KQ1KR1KS1KT1KU1KV1KW1KX1LL1LM1LN1LO1LP1LQ1LR1LS1LT1LU1LV1LW1LX1ML1MM1MN1MO1MP1MQ1MR1MS1MT1MU1MV1MW1MX1NL1NM1NN1NO1NP1NQ1NR1NS1NT1NU1NV1NW1NX1OL1OM1ON1OO1OP1OQ1OR1OS1OT1OU1OV1OW1OX1PL1PM1PN1PO1PP1PQ1PR1PS1PT1PU1PV1PW1PX1QL1RL1SI1SJ1SK1SL1TI1TJ1TK1TL1UH1UI1UJ1UK1UL1VH1VI1VJ1VK1VL1WH1WI1WJ1WK1WL1XD1XE1XF1XG1XH1XI1XJ1XK1XL2AH2AI2AJ2AK2AM2AN2AO2AP2AQ2AR2AS2AT2AU2AV2AW2BA2BB2BC2BD2BE2BF2BI2BJ2BL2BM2BN2BO2BP2BQ2BR2BS2BT2BU2BV2BW2CA2CB2CC2CD2CE2CF2CG2CR2CS2CT2CU2CV2CW2DA2DB2DC2DD2DE2DF2DG2DH2DI2DJ2DK2DL2DU2DV2DW2EA2EB2EC2ED2EE2EF2EG2EH2EI2EJ2EK2EL2EM2EU2EV2EW2FA2FB2FC2FD2FE2FF2FG2FH2FI2FJ2FK2FL2FM2FN2FO2FU2FV2FW2GA2GB2GC2GD2GE2GF2GG2GH2GI2GJ2GK2GL2GM2GN2GO2GP2GU2GV2GW2HA2HB2HC2HD2HE2HF2HG2HH2HI2HJ2HK2HL2HM2HN2HO2HP2HQ2HR2HS2HT2HU2HV2HW2IA2IB2IC2ID2IE2IF2IG2IH2II2IJ2IK2IL2IM2IN2IO2IP2IQ2IR2IS2IT2IU2IV2IW2JA2JB2JC2JD2JE2JF2JG2JH2JI2JJ2JK2JL2JM2JN2JO2JP2JQ2JR2JS2JT2JU2JV2JW2JX2KA2KB2KC2KD2KE2KF2KG2KH2KI2KJ2KK2KL2KM2KN2KO2KP2KQ2KR2KS2KT2KU2KV2KW2KX2LA2LB2LC2LD2LE2LF2LG2LH2LI2LJ2LK2LL2LM2LN2LO2LP2LQ2LR2LS2LT2LU2LV2LW2LX2MA2MB2MC2MD2ME2MF2MG2MH2MI2MJ2MK2ML2MM2MN2MO2MP2MQ2MR2MS2MT2MU2MV2MW2MX2NA2NB2NC2ND2NE2NF2NG2NH2NI2NJ2NK2NL2NM2NN2NO2NP2NQ2NR2NS2NT2NU2NV2NW2NX2OA2OB2OC2OD2OE2OF2OG2OH2OI2OJ2OK2OL2OM2ON2OO2OP2OQ2OR2OS2OT2OU2OV2OW2OX2PA2PB2PC2PD2PE2PF2PG2PH2PI2PJ2PK2PL2PM2PN2PO2PP2PQ2PR2PS2PT2PU2PV2PW2PX2QM2QN2QO2QP2QQ2QR2QS2QT2QU2QV2QW2QX2RM2RN2RO2RP2RQ2RR2RS2RT2RU2RV2RW2RX2SM2SN2SO2SP2SQ2SR2SS2ST2SU2SV2SW2SX2TM2TN2TO2TP2TQ2TR2TS2TT2TU2TV2TW2TX2UM2UN2UO2UP2UQ2UR2US2UT2UU2UV2UW2VM2VN2VO2VP2VQ2VR2VS2VT2WM2WN2WO2WP2WQ2WR2WS2WT2XM2XN2XO2XP2XQ2XR2XS2XT3AE3AF3AG3BE3BF3EC3ED3EE3FA3FB3FC3FD3FE3FF3GA3GB3GC3GD3GE3GF3HA3HB3HC3HD3HE3HF3HX3IA3IB3ID3IE3IF3JA3JB3JC3JD3JE3JF3JX3KA3KB3KC3KD3KE3KF3LA3LB3LC3LD3LE3LF3MA3MB3MC3MD3NA3NB3NC3ND3NH3NI3NJ3OA3OB3OC3OD3OG3OI3OJ3OK3OL3OM3ON3OO3OP3OQ3OR3OS3OT3PA3PB3PC3PD3PG3PH3PJ3PK3PL3PM3PN3PO3PP3PQ3PR3PS3PT3PU3PV3QA3QB3QC3QD3QG3QH3QI3QL3QM3QN3QO3QP3QQ3QR3QS3QT3QU3QV3QW3RA3RB3RC3RD3RF3RG3RH3RI3RJ3RK3RN3RO3RP3RQ3RR3RS3RT3RU3RV3RW3SA3SB3SC3SD3SE3SF3SG3SH3SI3SJ3SK3SL3SM3SP3SQ3SV3SW3TA3TB3TC3TD3TE3TL3TM3TN3TQ3TR3UB3UC3UD3UE3UL3UM3UN3UO3UR3US3UT3VD3VE3VN3VO3VP3VQ3WA3WD3WE3WP3WQ3WR3WS3WT3WV3XA3XB3XC3XD3XE3XP3XQ3XR3XS3XT3XU3XW4AM4AN4AO4AP4AQ4BM4BN4BO4BP4CM4CN4CO4CP4DJ4DK4DL4DM4DN4DO4DP4EJ4EK4EL4EM4EN4EO4EP4FJ4FK4FL4FM4FN4FO4FP4GJ4GK4GL4GM4GN4GO4GP4HA4HB4HC4HD4HJ4HK4HL4HM4HN4HO4IE4II4IJ4IK4IL4IM4IN4IP4KF4KP4KQ4LF4LG4LH4LO4LP4LQ4MG4MH4ML4MM4MN4MO4MQ4NO4NP4NQ4OP4OQ4PQ</Field35>
<Field36>912</Field36>
<Field37>1AA1BA1BB1BC1BD1BE1BF1BG1BH1BI1BJ1BK1BL1BM1BN1BO1BP1BQ1BR1BS1BT1BU1BV1BW1BX1HA1HB1IA1IB1JA1JB1KA1KB1LA1LB1MA1MB1MC1NA1NB1NC1ND1NE1NF1OA1OB1OC1OD1OE1OF1OG1OH1OI1OJ1OK1PA1PB1PC1PD1PE1PF1PG1PH1PI1PJ1PK1QA1QB1QC1QD1QE1QF1QG1QH1QI1QJ1QK1QM1QN1RA1RB1RC1RD1RE1RF1RG1RH1RI1RJ1RK1RM1RN1SA1SB1SC1SD1SE1SF1SG1SH1SM1SN1TA1TB1TC1TD1TE1TF1TG1TH1TM1TN1UA1UB1UC1UD1UE1UF1UG1UM1UN1VA1VB1VC1VD1VE1VF1VG1VM1WA1WB1WC1WD1WE1WF1WG1WM1XA1XB1XC2AA2AB2AC2AD2AE2AF2CL2CM2CN2DM2DN2EN2UX2VV2VW2VX2WU2WX2XU2XX3AA3AB3AC3AD3AH3AJ3AK3BA3BB3BC3BD3BG3BI3BJ3CA3CB3CC3CD3CE3CF3DA3DB3DC3DD3DE3DF3EA3EB3IC3IX3KW3KX3LG3LH3LI3LJ3LK3LU3LV3LW3LX3ME3MF3MG3MH3MI3MJ3MK3ML3MS3MT3MU3MV3NE3NF3NK3NL3NM3NN3NO3NP3NQ3NR3NS3NT3NU3NV3OE3OF3OU3OV3PE3PF3QE3QF3QX3RE3RX3SR3SS3ST3SU3SX3TS3TT3TU3TV3TW3TX3UU3UV3UW3VB3VC3WB3WC3XF4AK4AL4AX4BJ4BK4BL4BQ4BS4BT4BX4CJ4CK4CL4CQ4CX4DQ4DR4DX4EQ4ER4EX4FQ4FR4FX4GQ4GR4GX4HP4HQ4HR4HX4IA4IB4IC4ID4IO4IQ4IR4IX4JA4JB4JC4JD4JE4JF4JG4JH4JI4JJ4JK4JL4JM4JN4JO4JP4JQ4JX4KA4KG4KH4KI4KJ4KK4KL4KM4KN4KO4KX4LI4LJ4LK4LL4LM4LN4LX4MI4MJ4MK4MP4MX4NX4OX4PX4QX4RA4RX4SA4SX4TA4TX4UX4VX4WX</Field37>
<Field38>350</Field38>
<Field39>2AG2AL2BG2BH2BK2CH2CI2CJ2CK3AI3BH3CG3CH3DG3EF3MW3MX3NG3NW3NX3OH3OW3OX3PI3PW3PX3QJ3QK3RL3RM3SN3SO3TO3TP3UP3UQ3UX3VR3VS3VT3VU3VV3VW3VX3WU3WW3WX3XV3XX4FG4FH4FI4GG4GH4GI4HG4HH4HI</Field39>
<Field40>58</Field40>
</results>
<results>
<Field1>37OPIVELUWG37Y3KP1ITMY51WCHHAJ</Field1>
<Field2>3PUZG2R74TXVF7CR9RD94D92J8X45X</Field2>
<Field3>Participate in a land classification study (Bonuses for accuracy)</Field3>
<Field4>Classify an aerial image into four different types of land cover</Field4>
<Field5>image classification, land cover, photo interpretation</Field5>
<Field6>$0.50</Field6>
<Field7>Tue Jun 29 15:46:53 PDT 2021</Field7>
<Field8>6</Field8>
<Field9>BatchId:4491423;OriginalHitTemplateId:928390828;</Field9>
<Field10>3600</Field10>
<Field11>259200</Field11>
<Field12>Tue Jul 06 15:46:53 PDT 2021</Field12>
<Field15>3L2IS5HSFDVHJN1NO7ZYG3AIIOJUNU</Field15>
<Field16>A2J9USSV2OF2NP</Field16>
<Field17>Submitted</Field17>
<Field18>Tue Jun 29 19:35:55 PDT 2021</Field18>
<Field19>Tue Jun 29 20:08:39 PDT 2021</Field19>
<Field20>Fri Jul 02 20:08:39 PDT 2021</Field20>
<Field24>1964</Field24>
<Field25>0% (0/0)</Field25>
<Field26>0% (0/0)</Field26>
<Field27>0% (0/0)</Field27>
<Field28>24891</Field28>
<Field29>new</Field29>
<Field30>img24891_new.jpg</Field30>
<Field31>https://raw.githubusercontent.com/ROIHabitat/lcimages/master/img24891_new.jpg</Field31>
<Field32>2230</Field32>
<Field33>1BB1BC1BD1BE1BF1BG1BH1BI1BJ1BK1CA1CB1CC1CD1CE1CF1CG1CH1CI1CJ1CK1DA1DB1DC1DD1DE1DF1DG1DH1DI1DJ1DK1EA1EB1EC1ED1EE1EF1EG1EH1EI1EJ1EK1FA1FB1FC1FD1FE1FF1FG1FH1FI1FJ1FK1GB1GC1GD1GE1GF1GG1GH1GI1GJ1GK1HB1HC1HD1HE1HF1HG1HH1HI1HJ1HK1IC1ID1IE1IF1IG1IH1II1IJ1IK1JC1JD1JE1JF1JG1JH1JI1JJ1JK1KC1KD1KE1KF1KG1KH1KI1KJ1KK1LC1LD1LE1LF1LG1LH1LI1LJ1LK1MC1MD1ME1MF1MG1MH1MI1MJ1MK1QN1QO1QP1QQ1QR1QS1QT1QU1QV1QW1QX1RN1RO1RP1RQ1RR1RS1RT1RU1RV1RW1RX1SN1SO1SP1SQ1SR1SS1ST1SU1SV1SW1SX1TN1TO1TP1TQ1TR1TS1TT1TU1TV1TW1TX1UN1UO1UP1UQ1UR1US1UT1UU1UV1UW1UX1VN1VO1VP1VQ1VR1VS1VT1VU1VV1VW1VX1WN1WO1WP1WQ1WR1WS1WT1WU1WV1WW1WX1XM1XN1XO1XP1XQ1XR1XS1XT1XU1XV1XW1XX2DO2DP2EO2EP2EQ2ER2FO2FP2FQ2FR2QA2QB2QC2QD2QE2QF2QG2QH2QI2QJ2QK2QL2RA2RB2RC2RD2RE2RF2RG2RH2RI2RJ2RK2RL2SA2SB2SC2SD2SE2SF2SG2SH2SI2SJ2SK2SL2TA2TB2TC2TD2TE2TF2TG2TH2TI2TJ2TK2TL2UA2UB2UC2UD2UE2UF2UG2UH2UI2UJ2UK2UL2VA2VB2VC2VD2VE2VF2VG2VH2VI2VJ2VK2VL2WA2WB2WC2WD2WE2WF2WG2WH2WI2WJ2WK2WL2XA2XB2XC2XD2XE2XF2XG2XH2XI2XJ2XK2XL3AK3AL3AM3AN3AO3AP3AQ3AR3AS3AT3AU3AV3AW3AX3BK3BL3BM3BN3BO3BP3BQ3BR3BS3BT3BU3BV3BW3BX3CH3CI3CJ3CK3CL3CM3CN3CO3CP3CQ3CR3CS3CT3CU3CV3CW3CX3DH3DI3DJ3DK3DL3DM3DN3DO3DP3DQ3DR3DS3DT3DU3DV3DW3DX3EG3EH3EI3EJ3EK3EL3EM3EN3EO3EP3EQ3ER3ES3ET3EU3EV3EW3EX3FG3FH3FI3FJ3FK3FL3FM3FN3FO3FP3FQ3FR3FS3FT3FU3FV3FW3FX3GG3GH3GI3GJ3GK3GL3GM3GN3GO3GP3GQ3GR3GS3GT3GU3GV3GW3GX3HH3HI3HJ3HK3HL3HM3HN3HO3HP3HQ3HR3HS3HT3HU3HV3HW3IH3II3IJ3IK3IL3IM3IN3IO3IP3IQ3IR3IS3IT3IU3IV3JI3JJ3JK3JL3JM3JN3JO3JP3JQ3JR3JS3JT3JU3JV3KK3KL3KM3KN3KO3KP3KQ3KR3KS3KT3KU3LL3LM3LN3LO3LP3LQ3LR3LS3LT3MQ3MR3MS3MW3MX3NW3NX3OV3OW3OX3PV3PW3PX3QV3SG3SH3TF3TG3TH3TI3TJ3UF3UG3UH3UI3UJ3UK3VF3VG3VH3VI3VJ3VK3VL3WF3WG3WH3WI3WJ3WK3WL3WM3WN3XF3XG3XH3XI3XJ3XK3XL3XM3XN3XO4AA4AB4AC4AD4AE4AF4AG4AH4AI4AR4AS4AT4AU4AV4AW4BA4BB4BC4BD4BE4BF4BG4BH4BI4BR4BT4BU4BV4BW4CA4CB4CC4CD4CE4CF4CG4CH4CI4CT4CU4CV4DA4DB4DC4DD4DE4DF4DG4DH4DI4DS4DT4DU4DV4EA4EB4EC4ED4EE4EF4ES4ET4EU4EV4FA4FB4FC4FD4FE4FF4FS4FT4FU4FV4GA4GB4GC4GD4GE4GF4GS4GT4GU4GV4HD4HE4HF4HG4HS4HT4HU4HV4IF4IG4IH4IS4IT4IU4IV4JS4JT4JU4JV4KB4KC4KD4KR4KS4KT4KU4KV4LB4LC4LD4LR4LS4LT4LU4LV4MA4MB4MC4MD4ME4ML4MM4MN4MR4MS4MT4MU4MV4NA4NB4NC4ND4NE4NH4NI4NJ4NK4NL4NM4NN4NO4NR4NS4NT4NU4NV4OA4OB4OC4OD4OE4OF4OG4OH4OI4OJ4OK4OL4OM4ON4OO4OP4OR4OS4OT4OU4OV4OW4PA4PB4PC4PD4PE4PF4PG4PH4PI4PJ4PK4PL4PM4PN4PO4PP4PQ4PR4PS4PT4PU4PV4PW4QA4QB4QC4QD4QE4QF4QG4QH4QI4QJ4QK4QL4QM4QN4QO4QP4QQ4QR4QS4QT4QU4QV4QW4RA4RB4RC4RD4RE4RF4RG4RH4RI4RJ4RK4RL4RM4RN4RO4RP4RQ4RR4RS4RT4RU4RV4RW4SB4SC4SD4SE4SF4SG4SH4SI4SJ4SK4SL4SM4SN4SO4SP4SQ4SR4SS4ST4SU4SV4TB4TC4TD4TE4TF4TG4TH4TI4TJ4TK4TL4TM4TN4TO4TP4TQ4TR4TS4TT4TU4TV4UA4UB4UC4UD4UE4UF4UG4UH4UI4UJ4UK4UL4UM4UN4UO4UP4UQ4UR4US4UT4UU4UV4VA4VB4VC4VD4VE4VF4VG4VH4VI4VJ4VK4VL4VM4VN4VO4VP4VQ4VR4VS4VT4VU4VV4WA4WB4WC4WD4WE4WF4WG4WH4WI4WJ4WK4WL4WM4WN4WO4WP4WQ4WR4WS4WT4WU4WV4XA4XB4XC4XD4XE4XF</Field33>
<Field34>903</Field34>
<Field35>1BL1BM1BN1BO1BP1BQ1BR1BS1BT1BU1BV1BW1BX1CL1CM1CN1CO1CP1CQ1CR1CS1CT1CU1CV1CW1CX1DL1DM1DN1DO1DP1DQ1DR1DS1DT1DU1DV1DW1DX1EL1EM1EN1EO1EP1EQ1ER1ES1ET1EU1EV1EW1EX1FL1FM1FN1FO1FP1FQ1FR1FS1FT1FU1FV1FW1FX1GL1GM1GN1GO1GP1GQ1GR1GS1GT1GU1GV1GW1GX1HL1HM1HN1HO1HP1HQ1HR1HS1HT1HU1HV1HW1HX1IL1IM1IN1IO1IP1IQ1IR1IS1IT1IU1IV1IW1IX1JL1JM1JN1JO1JP1JQ1JR1JS1JT1JU1JV1JW1JX1KL1KM1KN1KO1KP1KQ1KR1KS1KT1KU1KV1KW1KX1LL1LM1LN1LO1LP1LQ1LR1LS1LT1LU1LV1LW1LX1ML1MM1MN1MO1MP1MQ1MR1MS1MT1MU1MV1MW1MX1NL1NM1NN1NO1NP1NQ1NR1NS1NT1NU1NV1NW1NX1OL1OM1ON1OO1OP1OQ1OR1OS1OT1OU1OV1OW1OX1PL1PM1PN1PO1PP1PQ1PR1PS1PT1PU1PV1PW1PX1QL1RL1SK1SL1TI1TJ1TK1TL1UI1UJ1UK1UL1VH1VI1VJ1VK1WF1WG1WH1WI1WJ1WK1XE1XF1XG1XH1XI1XJ2AD2AE2AF2AG2AH2AI2AJ2AK2AL2AM2AN2AO2AP2AQ2AR2AS2AT2AU2AV2AW2BA2BB2BC2BD2BE2BF2BG2BH2BI2BJ2BK2BL2BM2BN2BO2BP2BQ2BR2BS2BT2BU2BV2BW2CA2CB2CC2CD2CE2CF2CG2CH2CI2CJ2CK2CO2CP2CQ2CR2CS2CT2CU2CV2CW2DA2DB2DC2DD2DE2DF2DG2DH2DI2DJ2DK2DQ2DR2DS2DT2DU2DV2DW2EA2EB2EC2ED2EE2EF2EG2EH2EI2EJ2EK2EL2EM2EN2ES2ET2EU2EV2EW2FA2FB2FC2FD2FE2FF2FG2FH2FI2FJ2FK2FL2FM2FN2FS2FT2FU2FV2FW2GA2GB2GC2GD2GE2GF2GG2GH2GI2GJ2GK2GL2GM2GN2GO2GP2GQ2GR2GS2GT2GU2GV2GW2HA2HB2HC2HD2HE2HF2HG2HH2HI2HJ2HK2HL2HM2HN2HO2HP2HQ2HR2HS2HT2HU2HV2HW2IA2IB2IC2ID2IE2IF2IG2IH2II2IJ2IK2IL2IM2IN2IO2IP2IQ2IR2IS2IT2IU2IV2IW2JA2JB2JC2JD2JE2JF2JG2JH2JI2JJ2JK2JL2JM2JN2JO2JP2JQ2JR2JS2JT2JU2JV2JW2KA2KB2KC2KD2KE2KF2KG2KH2KI2KJ2KK2KL2KM2KN2KO2KP2KQ2KR2KS2KT2KU2KV2KW2LA2LB2LC2LD2LE2LF2LG2LH2LI2LJ2LK2LL2LM2LN2LO2LP2LQ2LR2LS2LT2LU2LV2LW2MA2MB2MC2MD2ME2MF2MG2MH2MI2MJ2MK2ML2MM2MN2MO2MP2MQ2MR2MS2MT2MU2MV2MW2MX2NA2NB2NC2ND2NE2NF2NG2NH2NI2NJ2NK2NL2NM2NN2NO2NP2NQ2NR2NS2NT2NU2NV2NW2NX2OA2OB2OC2OD2OE2OF2OG2OH2OI2OJ2OK2OL2OM2ON2OO2OP2OQ2OR2OS2OT2OU2OV2OW2OX2PA2PB2PC2PD2PE2PF2PG2PH2PI2PJ2PK2PL2PM2PN2PO2PP2PQ2PR2PS2PT2PU2PV2PW2PX2QM2QN2QO2QP2QQ2QR2QS2QT2QU2QV2QW2QX2RM2RN2RO2RP2RQ2RR2RS2RT2RU2RV2RW2RX2SM2SN2SO2SP2SQ2SR2SS2ST2SU2SV2SW2SX2TM2TN2TO2TP2TQ2TR2TS2TT2TU2TV2TW2TX2UM2UN2UO2UP2UQ2UR2US2UT2UU2UV2UW2UX2VM2VN2VO2VP2VQ2VR2VS2VT2VU2VV2VW2VX2WM2WN2WO2WP2WQ2WR2WS2WT2WU2WV2WW2WX2XM2XN2XO2XP2XQ2XR2XS2XT2XU2XV3AE3AF3AG3BE3BF3CE3CF3DA3DG3EA3EB3EC3ED3EE3EF3FA3FB3FC3FD3FE3FF3GA3GB3GC3GD3GE3GF3HA3HB3HD3HE3HF3HG3HX3IA3IB3ID3IE3IF3IG3IW3JB3JC3JD3JE3JF3JG3JH3JW3JX3KB3KC3KD3KE3KF3KG3KH3KI3LB3LC3LD3LE3LF3MB3MC3MD3ME3MM3MN3MO3MP3NB3NC3ND3NG3NH3NI3OB3OC3OD3OG3OH3OI3OJ3OK3OL3OM3ON3OO3OP3OQ3OR3OS3OT3PB3PC3PD3PG3PH3PI3PJ3PK3PL3PM3PN3PO3PP3PQ3PR3PS3PT3PU3QB3QC3QD3QG3QH3QI3QJ3QK3QL3QM3QN3QO3QP3QQ3QR3QS3QT3QU3RB3RC3RD3RG3RH3RI3RJ3RK3RL3RM3RN3RO3RP3RQ3RR3RU3RV3SB3SC3SD3SI3SJ3SK3SL3SM3SN3SO3SP3SQ3TB3TC3TD3TK3TL3TM3TN3TO3TP3TQ3UB3UC3UD3UE3UL3UM3UN3UO3UP3UQ3UR3US3UT3VD3VE3VM3VN3VO3VP3VQ3VR3VS3VT3VU3VV3VW3VX3WD3WE3WO3WP3WQ3WR3WS3WT3WU3WV3WW3WX3XC3XD3XE3XP3XQ3XR3XS3XT3XU3XV3XW3XX4AM4AN4AO4AP4AQ4BM4BN4BO4BP4CL4CM4CN4CO4CP4DJ4DK4DL4DM4DN4DO4DP4EJ4EK4EL4EM4EN4EO4EP4FJ4FK4FL4FM4FN4FO4FP4GJ4GK4GL4GM4GN4GO4GP4HA4HB4HC4HI4HJ4HK4HL4HM4HN4IE4II4IJ4IK4IL4IM4JA4KE4KQ4LE4LF4LG4LH4LO4LP4LQ4MF4MG4MH4MO4MQ4NF4NG4NP4NQ4OQ</Field35>
<Field36>967</Field36>
<Field37>1GA1HA1IA1IB1JA1JB1KA1KB1LA1LB1MA1MB1NA1NB1NC1ND1NE1NF1NG1NH1NI1NJ1NK1OA1OB1OC1OD1OE1OF1OG1OH1OI1OJ1OK1PA1PB1PC1PD1PE1PF1PG1PH1PI1PJ1PK1QA1QB1QC1QD1QE1QF1QG1QH1QI1QJ1QK1QM1RA1RB1RC1RD1RE1RF1RG1RH1RI1RJ1RK1RM1SA1SB1SC1SD1SE1SF1SG1SH1SI1SJ1SM1TA1TB1TC1TD1TE1TF1TG1TH1TM1UA1UB1UC1UD1UE1UF1UG1UH1UM1VA1VB1VC1VD1VE1VF1VG1VL1VM1WA1WB1WC1WD1WE1WL1WM1XA1XB1XC1XD1XK1XL2CL2CM2CN2DL2DM2DN2XW2XX3AA3AB3AC3AD3AH3AI3AJ3BA3BB3BC3BD3BG3BH3BI3BJ3CA3CB3CC3CD3CG3DB3DC3DD3DE3DF3HC3IC3IX3KJ3KV3KW3KX3LG3LH3LI3LJ3LK3LU3LV3LW3LX3MF3MG3MH3MI3MJ3MK3ML3MT3MU3MV3NE3NF3NJ3NK3NL3NM3NN3NO3NP3NQ3NR3NS3NT3NU3NV3OE3OF3OU3PE3PF3QE3QF3QW3QX3RE3RF3RS3RT3RW3RX3SE3SF3SR3SS3ST3SU3SV3SW3SX3TE3TR3TS3TT3TU3TV3TW3TX3UU3UV3UW3UX3VB3VC3WB3WC3XB4AX4BQ4BS4BX4CK4CQ4CR4CS4CW4CX4DQ4DR4DW4DX4EQ4ER4EW4EX4FQ4FR4FW4FX4GQ4GR4GW4GX4HO4HP4HQ4HR4HW4HX4IA4IB4IC4ID4IN4IO4IP4IQ4IR4IW4IX4JB4JC4JD4JE4JF4JG4JH4JI4JJ4JK4JL4JM4JN4JO4JP4JQ4JR4JW4JX4KA4KF4KG4KH4KI4KJ4KK4KL4KM4KN4KO4KP4KW4KX4LA4LJ4LK4LL4LM4LN4LW4LX4MI4MJ4MK4MP4MW4MX4NW4NX4OX4PX4QX4RX4SA4SW4SX4TA4TW4TX4UW4UX4VW4VX4WW4WX</Field37>
<Field38>343</Field38>
<Field39>4AJ4AK4AL4BJ4BK4BL4CJ4EG4EH4EI4FG4FH4FI4GG4GH4GI4HH</Field39>
<Field40>17</Field40>
</results>
<results>
<Field1>37OPIVELUWG37Y3KP1ITMY51WCHHAJ</Field1>
<Field2>3PUZG2R74TXVF7CR9RD94D92J8X45X</Field2>
<Field3>Participate in a land classification study (Bonuses for accuracy)</Field3>
<Field4>Classify an aerial image into four different types of land cover</Field4>
<Field5>image classification, land cover, photo interpretation</Field5>
<Field6>$0.50</Field6>
<Field7>Tue Jun 29 15:46:53 PDT 2021</Field7>
<Field8>6</Field8>
<Field9>BatchId:4491423;OriginalHitTemplateId:928390828;</Field9>
<Field10>3600</Field10>
<Field11>259200</Field11>
<Field12>Tue Jul 06 15:46:53 PDT 2021</Field12>
<Field15>3WEV0KO0OP5SIYI6A8QV5XG0JOZDSK</Field15>
<Field16>AFXXRR3UKQPC6</Field16>
<Field17>Submitted</Field17>
<Field18>Tue Jun 29 21:39:39 PDT 2021</Field18>
<Field19>Tue Jun 29 21:59:32 PDT 2021</Field19>
<Field20>Fri Jul 02 21:59:32 PDT 2021</Field20>
<Field24>1193</Field24>
<Field25>0% (0/0)</Field25>
<Field26>0% (0/0)</Field26>
<Field27>0% (0/0)</Field27>
<Field28>24891</Field28>
<Field29>new</Field29>
<Field30>img24891_new.jpg</Field30>
<Field31>https://raw.githubusercontent.com/ROIHabitat/lcimages/master/img24891_new.jpg</Field31>
<Field32>2298</Field32>
<Field33>4AJ4AN4AO4AP4BJ4BN4BO4BP4CH4CI4CJ4CN4CO4CP4DH4DI4DJ4DN4EH4EI4EJ4EN4FG4FH4FI4FJ4FK4FL4FM4FN4GG4GH4GI4GJ4GK4GL4GM4GN4GO4HG4HH4HI4HJ4HK4HL4HM4HN4HO</Field33>
<Field34>48</Field34>
<Field35>1AA1AB1AC1AD1AE1AF1AG1AH1AI1AJ1AK1AL1AM1AN1AO1AP1AQ1AR1AS1AT1AU1AV1AW1AX1BL1BM1BN1BO1BP1BQ1BR1BS1BT1BU1BV1BW1BX1CL1CM1CN1CO1CP1CQ1CR1CS1CT1CU1CV1CW1CX1DL1DM1DN1DO1DP1DQ1DR1DS1DT1DU1DV1DW1DX1EL1EM1EN1EO1EP1EQ1ER1ES1ET1EU1EV1EW1EX1FL1FM1FN1FO1FP1FQ1FR1FS1FT1FU1FV1FW1FX1GL1GM1GN1GO1GP1GQ1GR1GS1GT1GU1GV1GW1GX1HL1HM1HN1HO1HP1HQ1HR1HS1HT1HU1HV1HW1HX1IL1IM1IN1IO1IP1IQ1IR1IS1IT1IU1IV1IW1IX1JL1JM1JN1JO1JP1JQ1JR1JS1JT1JU1JV1JW1JX1KL1KM1KN1KO1KP1KQ1KR1KS1KT1KU1KV1KW1KX1LL1LM1LN1LO1LP1LQ1LR1LS1LT1LU1LV1LW1LX1ML1MM1MN1MO1MP1MQ1MR1MS1MT1MU1MV1MW1MX1NL1NM1NN1NO1NP1NQ1NR1NS1NT1NU1NV1NW1NX1OL1OM1ON1OO1OP1OQ1OR1OS1OT1OU1OV1OW1OX1PL1PM1PN1PO1PP1PQ1PR1PS1PT1PU1PV1PW1PX2AD2AE2AF2AG2AH2AI2AJ2AK2AQ2AR2AS2AT2AU2AV2AW2BD2BF2BG2BH2BI2BJ2BK2BQ2BR2BS2BT2BU2BV2BW2CD2CH2CI2CJ2CK2CQ2CR2CS2CT2CU2CV2CW2CX2DA2DB2DC2DD2DI2DJ2DK2DO2DP2DQ2DR2DS2DT2DU2DV2DW2DX2EA2EB2EC2ED2EI2EJ2EK2EL2EM2EN2EO2EP2EQ2ER2ES2ET2EU2EV2EW2EX2FA2FB2FC2FD2FE2FI2FJ2FK2FL2FM2FN2FO2FP2FQ2FR2FS2FT2FU2FV2FW2GA2GB2GC2GD2GE2GF2GG2GH2GI2GJ2GK2GL2GM2GN2GO2GP2GQ2GR2GS2GT2GU2GV2GW2HA2HB2HC2HD2HE2HF2HG2HH2HI2HJ2HK2HL2HM2HN2HO2HP2HQ2HR2HS2HT2HU2HV2HW2IA2IB2IC2ID2IE2IF2IG2IH2II2IJ2IK2IL2IM2IN2IO2IP2IQ2IR2IS2IT2IU2IV2IW2JA2JB2JC2JD2JE2JF2JG2JH2JI2JJ2JK2JL2JM2JN2JO2JP2JQ2JR2JS2JT2JU2JV2JW2KC2KD2KE2KF2KG2KH2KI2KJ2KK2KL2KM2KN2KO2KP2KQ2KR2KS2KT2KU2KV2KW2LC2LD2LE2LF2LG2LH2LI2LJ2LK2LL2LM2LN2LO2LP2LQ2LR2LS2LT2LU2LV2LW2MC2MD2ME2MF2MJ2MK2ML2MM2MN2MO2MP2MQ2MR2MS2MT2MU2MV2MW2NA2NB2NC2ND2NE2NF2NJ2NK2NL2NM2NN2NO2NP2NQ2NR2NS2NT2NU2NV2NW2OD2OE2OF2OJ2OK2OL2OM2ON2OO2OP2OQ2OR2OS2OT2OU2OV2OW2PI2PJ2PK2PL2PM2PN2PO2PP2PQ2PR2PS2PT2PU2PV2PW2QM2QN2QO2QP2QQ2QR2QS2QT2QU2QV2QW2RM2RN2RO2RP2RQ2RR2RS2RT2RU2RV2RW2SM2SN2SO2SP2SQ2SR2SS2ST2SU2SV2SW2TM2TN2TO2TP2TQ2TR2TS2TT2TU2TV2TW2UM2UN2UO2UP2UQ2UR2US2UT2UU2UV2UW2VN2VO2VP2VQ2VR2VS2VT2VU2WN2WO2WP2WQ2WR2WS2WT2WU2XN2XO2XP2XQ2XR2XS2XT2XU3AE3AF3AG3AH3BE3BF3BG3BH3CE3CF3CG3CH3DA3DB3DC3DE3DF3EA3EB3EC3ED3EE3EF3FA3FB3FC3FD3FE3FF3FG3GA3GB3GC3GD3GE3GF3GG3HE3HF3HG3IE3IF3IG3IH3JE3JF3JG3JH3KE3KF3KG3KH3KI3KJ3LE3LF3LG3LH3LI3LJ3ME3MF3MG3MH3MI3MJ3MK3ML3MM3MN3MO3MW3MX3NE3NF3NG3NH3NJ3NM3NN3NO3NV3NW3NX3OB3OC3OD3OE3OF3OG3OH3OJ3OM3ON3OO3OR3OV3OW3OX3PF3PG3PH3PJ3PR3PV3PW3PX3QF3QG3QH3QI3QJ3QK3QN3QO3QP3QQ3QR3QW3QX3RF3RG3RH3RN3RO3RP3RQ3RR3RW3RX3SB3SC3SD3SE3SF3SG3SH3SO3SP3SQ3TE3TF3TG3TO3TP3TQ3UE3UF3UG3UK3UO3UP3UQ3VA3VE3VI3VJ3VK3VL3VM3VN3VO3VP3VQ3VR3VS3VW3VX3WA3WB3WC3WD3WE3WF3WG3WI3WJ3WK3WL3WM3WN3WO3WP3WQ3WR3WS3WT3WU3WV3WW3WX3XA3XB3XC3XD3XE3XF3XG3XI3XJ3XK3XL3XM3XN3XO3XP3XQ3XR3XS3XT3XU3XV3XW4AK4AL4AM4BK4BL4BM4CK4CL4CM4DK4DL4DM4DO4DP4DQ4EK4EL4EM4EO4EP4EQ4FO4FP4FQ4II4IJ4IK4IL4IM4LE4LF4LG4LH4LI4LJ4ME4MF4MG4MH4MI4MJ4NE4NF4NG4NH4NI4NJ</Field35>
<Field36>861</Field36>
<Field37>1GA1GB1HA1HB1IA1IB1JA1JB1KA1KB1KC1LA1LB1MA1MB1NA1NB1NC1ND1NE1NF1NG1NH1OA1OB1OC1OD1OE1OF1OG1OH1OI1OJ1OK1PA1PB1PC1PD1PE1PF1PG1PH1PI1PJ1PK1QA1QB1QC1QD1QE1QF1QG1QH1QI1QJ1QK1RA1RB1RC1RD1RE1RF1RG1RH1RI1RJ1SA1SB1SC1SD1SE1SF1SG1SH1SI1SJ1TA1TB1TC1TD1TE1TF1TG1TH1TI1TJ1UA1UB1UC1UD1UE1UF1UG1UH1VA1VB1VC1VD1VE1VF1VG1VH1WA1WB1WC1WD1WE1WF1WG1WH1XA1XB1XC1XD1XE1XF2DL2DM2DN2VV2VW2VX2WV2WW2WX2XV2XW2XX3AA3AB3AC3AD3AW3AX3BA3BB3BC3BD3BW3BX3CA3CB3CC3CD3CW3CX3DD3HW3HX3IW3IX3JV3JW3JX3KV3KW3KX3LV3LW3LX3MP3MQ3MR3MS3MT3MU3MV3NI3NK3NL3NP3NQ3NR3NS3NT3NU3OI3OK3OL3OP3OQ3OS3OT3OU3PI3PK3PL3PM3PN3PP3PQ3PS3PT3PU3QL3QM3QS3QT3QU3QV3RI3RJ3RK3RL3RM3RS3RT3RU3RV3SI3SJ3SK3SL3SM3SN3SR3SS3ST3SU3SV3SW3SX3TI3TJ3TK3TL3TM3TN3TR3TS3TT3TU3TV3TW3TX3UL3UM3UN3UR3US3UT3UU3UV3UW3UX3VT3VU3VV4AQ4AR4AS4AW4AX4BQ4BR4BS4BW4BX4CQ4CR4CS4CW4CX4DR4DS4DW4DX4ER4ES4EV4EW4EX4FR4FS4FV4FW4FX4GP4GQ4GR4GV4GW4GX4HP4HQ4HV4HW4HX4IA4IB4IC4ID4IE4IF4IN4IO4IP4IQ4IV4IW4IX4JC4JD4JE4JF4JG4JH4JI4JJ4JK4JL4JM4JN4JO4JP4JQ4JR4JS4JW4JX4KC4KD4KE4KF4KG4KH4KI4KJ4KK4KL4KM4KN4KO4KP4KQ4KR4KS4KW4KX4LK4LL4LM4LN4LO4LP4LQ4LR4LS4LW4LX4MK4ML4MM4MO4MP4MQ4MW4MX4NK4NL4NM4NO4NP4NQ4NW4NX4OK4OL4OM4OW4OX4PW4PX4QW4QX4RW4RX4SA4SB4SW4SX4TA4TB4TW4TX4UA4UB4UW4UX4VW4VX4WW4WX</Field37>
<Field38>393</Field38>
<Field39>1BA1BB1BC1BD1BE1BF1BG1BH1BI1BJ1BK1CA1CB1CC1CD1CE1CF1CG1CH1CI1CJ1CK1DA1DB1DC1DD1DE1DF1DG1DH1DI1DJ1DK1EA1EB1EC1ED1EE1EF1EG1EH1EI1EJ1EK1FA1FB1FC1FD1FE1FF1FG1FH1FI1FJ1FK1GC1GD1GE1GF1GG1GH1GI1GJ1GK1HC1HD1HE1HF1HG1HH1HI1HJ1HK1IC1ID1IE1IF1IG1IH1II1IJ1IK1JC1JD1JE1JF1JG1JH1JI1JJ1JK1KD1KE1KF1KG1KH1KI1KJ1KK1LC1LD1LE1LF1LG1LH1LI1LJ1LK1MC1MD1ME1MF1MG1MH1MI1MJ1MK1NI1NJ1NK1QL1QM1QN1QO1QP1QQ1QR1QS1QT1QU1QV1QW1QX1RK1RL1RM1RN1RO1RP1RQ1RR1RS1RT1RU1RV1RW1RX1SK1SL1SM1SN1SO1SP1SQ1SR1SS1ST1SU1SV1SW1SX1TK1TL1TM1TN1TO1TP1TQ1TR1TS1TT1TU1TV1TW1TX1UI1UJ1UK1UL1UM1UN1UO1UP1UQ1UR1US1UT1UU1UV1UW1UX1VI1VJ1VK1VL1VM1VN1VO1VP1VQ1VR1VS1VT1VU1VV1VW1VX1WI1WJ1WK1WL1WM1WN1WO1WP1WQ1WR1WS1WT1WU1WV1WW1WX1XG1XH1XI1XJ1XK1XL1XM1XN1XO1XP1XQ1XR1XS1XT1XU1XV1XW1XX2AA2AB2AC2AL2AM2AN2AO2AP2AX2BA2BB2BC2BE2BL2BM2BN2BO2BP2BX2CA2CB2CC2CE2CF2CG2CL2CM2CN2CO2CP2DE2DF2DG2DH2EE2EF2EG2EH2FF2FG2FH2FX2GX2HX2IX2JX2KA2KB2KX2LA2LB2LX2MA2MB2MG2MH2MI2MX2NG2NH2NI2NX2OA2OB2OC2OG2OH2OI2OX2PA2PB2PC2PD2PE2PF2PG2PH2PX2QA2QB2QC2QD2QE2QF2QG2QH2QI2QJ2QK2QL2QX2RA2RB2RC2RD2RE2RF2RG2RH2RI2RJ2RK2RL2RX2SA2SB2SC2SD2SE2SF2SG2SH2SI2SJ2SK2SL2SX2TA2TB2TC2TD2TE2TF2TG2TH2TI2TJ2TK2TL2TX2UA2UB2UC2UD2UE2UF2UG2UH2UI2UJ2UK2UL2UX2VA2VB2VC2VD2VE2VF2VG2VH2VI2VJ2VK2VL2VM2WA2WB2WC2WD2WE2WF2WG2WH2WI2WJ2WK2WL2WM2XA2XB2XC2XD2XE2XF2XG2XH2XI2XJ2XK2XL2XM3AI3AJ3AK3AL3AM3AN3AO3AP3AQ3AR3AS3AT3AU3AV3BI3BJ3BK3BL3BM3BN3BO3BP3BQ3BR3BS3BT3BU3BV3CI3CJ3CK3CL3CM3CN3CO3CP3CQ3CR3CS3CT3CU3CV3DH3DI3DJ3DK3DL3DM3DN3DO3DP3DQ3DR3DS3DT3DU3DV3DW3DX3EH3EI3EJ3EK3EL3EM3EN3EO3EP3EQ3ER3ES3ET3EU3EV3EW3EX3FH3FI3FJ3FK3FL3FM3FN3FO3FP3FQ3FR3FS3FT3FU3FV3FW3FX3GH3GI3GJ3GK3GL3GM3GN3GO3GP3GQ3GR3GS3GT3GU3GV3GW3GX3HA3HB3HC3HD3HH3HI3HJ3HK3HL3HM3HN3HO3HP3HQ3HR3HS3HT3HU3HV3IA3IB3IC3ID3II3IJ3IK3IL3IM3IN3IO3IP3IQ3IR3IS3IT3IU3IV3JA3JB3JC3JD3JI3JJ3JK3JL3JM3JN3JO3JP3JQ3JR3JS3JT3JU3KA3KB3KC3KD3KK3KL3KM3KN3KO3KP3KQ3KR3KS3KT3KU3LA3LB3LC3LD3LK3LL3LM3LN3LO3LP3LQ3LR3LS3LT3LU3MA3MB3MC3MD3NA3NB3NC3ND3OA3PA3PB3PC3PD3PE3PO3QA3QB3QC3QD3QE3RA3RB3RC3RD3RE3SA3TA3TB3TC3TD3TH3UA3UB3UC3UD3UH3UI3UJ3VB3VC3VD3VF3VG3VH3WH3XH3XX4AA4AB4AC4AD4AE4AF4AG4AH4AI4AT4AU4AV4BA4BB4BC4BD4BE4BF4BG4BH4BI4BT4BU4BV4CA4CB4CC4CD4CE4CF4CG4CT4CU4CV4DA4DB4DC4DD4DE4DF4DG4DT4DU4DV4EA4EB4EC4ED4EE4EF4EG4ET4EU4FA4FB4FC4FD4FE4FF4FT4FU4GA4GB4GC4GD4GE4GS4GT4GU4HA4HB4HC4HD4HE4HR4HS4HT4HU4IR4IS4IT4IU4JA4JB4JT4JU4JV4KA4KB4KT4KU4KV4LA4LB4LC4LD4LT4LU4LV4MA4MB4MC4MD4MN4MR4MS4MT4MU4MV4NA4NB4NC4ND4NN4NR4NS4NT4NU4NV4OA4OB4OC4OD4OE4OF4OG4OH4OI4OJ4ON4OO4OP4OQ4OR4OS4OT4OU4OV4PA4PB4PC4PD4PE4PF4PG4PH4PI4PJ4PK4PL4PM4PN4PO4PP4PQ4PR4PS4PT4PU4PV4QA4QB4QC4QD4QE4QF4QG4QH4QI4QJ4QK4QL4QM4QN4QO4QP4QQ4QR4QS4QT4QU4QV4RA4RB4RC4RD4RE4RF4RG4RH4RI4RJ4RK4RL4RM4RN4RO4RP4RQ4RR4RS4RT4RU4RV4SC4SD4SE4SF4SG4SH4SI4SJ4SK4SL4SM4SN4SO4SP4SQ4SR4SS4ST4SU4SV4TC4TD4TE4TF4TG4TH4TI4TJ4TK4TL4TM4TN4TO4TP4TQ4TR4TS4TT4TU4TV4UC4UD4UE4UF4UG4UH4UI4UJ4UK4UL4UM4UN4UO4UP4UQ4UR4US4UT4UU4UV4VA4VB4VC4VD4VE4VF4VG4VH4VI4VJ4VK4VL4VM4VN4VO4VP4VQ4VR4VS4VT4VU4VV4WA4WB4WC4WD4WE4WF4WG4WH4WI4WJ4WK4WL4WM4WN4WO4WP4WQ4WR4WS4WT4WU4WV4XA4XB4XC4XD4XE4XF4XG4XH4XI4XJ4XK4XL4XM4XN4XO4XP4XQ4XR4XS4XT4XU4XV4XW4XX</Field39>
<Field40>996</Field40>
</results>
<results>
<Field1>3XEDXEGFX51Y8B6A3KOXAK9GF79K0Z</Field1>
<Field2>3PUZG2R74TXVF7CR9RD94D92J8X45X</Field2>
<Field3>Participate in a land classification study (Bonuses for accuracy)</Field3>
<Field4>Classify an aerial image into four different types of land cover</Field4>
<Field5>image classification, land cover, photo interpretation</Field5>
<Field6>$0.50</Field6>
<Field7>Tue Jun 29 15:46:53 PDT 2021</Field7>
<Field8>6</Field8>
<Field9>BatchId:4491423;OriginalHitTemplateId:928390828;</Field9>
<Field10>3600</Field10>
<Field11>259200</Field11>
<Field12>Tue Jul 06 15:46:53 PDT 2021</Field12>
<Field15>32Z9ZLUT1OXUWMVFPNSCCDLXEQIOHY</Field15>
<Field16>A3U2NKVFM0AMBN</Field16>
<Field17>Submitted</Field17>
<Field18>Tue Jun 29 19:47:42 PDT 2021</Field18>
<Field19>Tue Jun 29 20:14:36 PDT 2021</Field19>
<Field20>Fri Jul 02 20:14:36 PDT 2021</Field20>
<Field24>1614</Field24>
<Field25>0% (0/0)</Field25>
<Field26>0% (0/0)</Field26>
<Field27>0% (0/0)</Field27>
<Field28>24891</Field28>
<Field29>old</Field29>
<Field30>img24891_old.jpg</Field30>
<Field31>https://raw.githubusercontent.com/ROIHabitat/lcimages/master/img24891_old.jpg</Field31>
<Field32>2304</Field32>
<Field34>0</Field34>
<Field35>4AO4AP4AQ4AR4AS4AT4AU4AV4AW4AX4BO4BP4BQ4BR4BU4BV4BW4CO4CP4CQ4CS4CT4CU4CV4CW4DN4DO4DP4DS4DT4DU4DV4DW4EM4EN4EO4EP4ES4ET4EU4EV4EW4FL4FM4FN4FO4FP4FS4FT4FU4FV4FW4GL4GM4GN4GO4GP4GS4GT4GU4GV4GW4HK4HL4HM4HN4HO4HP4HS4HT4HU4HV4HW4IK4IL4IM4IN4IO4IP4IS4IT4IU4IV4IW4JC4JD4JK4JL4JN4JO4JP4JS4JT4JU4JV4JW4KC4KD4KE4KF4KN4KO4KP4KQ4KR4KS4KT4KU4KV4KW4LC4LD4LE4LF4LG4LN4LO4LP4LQ4LR4LS4LT4LU4LV4LW4MA4MB4MC4MD4ME4MF4MG4MH4MI4MN4MO4MP4MQ4MR4MS4MT4MU4MV4MW4NA4NB4NC4ND4NE4NF4NG4NH4NI4NJ4NK4NL4NM4NN4NO4NP4NQ4NR4NS4NT4NU4NV4NW4OA4OB4OC4OD4OE4OF4OG4OH4OI4OJ4OK4OL4OM4ON4OO4OP4OQ4OR4OS4OT4OU4OV4OW4PA4PB4PC4PD4PE4PF4PG4PH4PI4PJ4PK4PL4PM4PN4PO4PP4PQ4PR4PS4PT4PU4PV4PW4QA4QB4QC4QD4QE4QF4QG4QH4QI4QJ4QK4QL4QM4QN4QO4QP4QQ4QR4QS4QT4QU4QV4QW4RB4RC4RD4RE4RF4RG4RH4RI4RJ4RK4RL4RM4RN4RO4RP4RQ4RR4RS4RT4RU4RV4RW4SB4SC4SD4SE4SF4SG4SH4SI4SJ4SK4SL4SM4SN4SO4SP4SQ4SR4SS4ST4SU4SV4SW4TB4TC4TD4TE4TF4TG4TH4TI4TJ4TK4TL4TM4TN4TO4TP4TQ4TR4TS4TT4TU4TV4TW4UA4UB4UC4UD4UE4UF4UG4UH4UI4UJ4UK4UL4UM4UN4UO4UP4UQ4UR4US4UT4UU4UV4UW4VA4VB4VC4VD4VE4VF4VG4VH4VI4VJ4VK4VL4VM4VN4VO4VP4VQ4VR4VS4VT4VU4VV4VW4WA4WB4WC4WD4WE4WF4WG4WH4WI4WJ4WK4WL4WM4WN4WO4WP4WQ4WR4WS4WT4WU4WV4WW4XA4XB4XC4XD4XE4XF4XG4XH4XI4XJ4XK4XL4XM4XN4XO4XP4XQ4XR4XS4XT4XU4XV4XW4XX</Field35>
<Field36>395</Field36>
<Field37>1AQ1AR1AS1AT1AU1AV1AW1AX1BA1BB1BC1BD1BE1BF1BG1BH1BI1BJ1BK1BL1BM1BN1BO1BP1BQ1BR1BS1FA1GA1GB1HA1HB1IA1IB1IC1JA1JB1JC1KA1KB1KC1LA1LB1LC1MA1MB1MC1NA1NB1NC1ND1NE1NF1NG1NH1NI1OA1OB1OC1OD1OE1OF1OG1OH1OI1OJ1OK1PA1PB1PC1PD1PE1PF1PG1PH1PI1PJ1PK1QA1QB1QC1QD1QE1QF1QG1QH1QI1QJ1QK1QN1RA1RB1RC1RD1RE1RF1RG1RH1RI1RJ1RN1SA1SB1SC1SD1SE1SF1SG1SH1SN1TB1TC1TD1TE1TF1TG1TH1TN1UB1UC1UD1UE1UF1UG1UN1VA1VB1VC1VD1VE1VF1VG1VM1VN1WA1WB1WC1WD1WE1WF1WL1WM1XB1XC1XD1XK1XL2AB2AC2AD2BE2BF2BG2DL2DM2DN2NL2NM2OK2OL2PJ2PK2RA2RB2RC2RD2SD2UW2UX2VV2VX2WU2WV2WX2XT2XU2XW2XX3AB3AC3AD3AJ3AK3BD3BI3BJ3CD3CE3DD3DE3DF3HX3IW3IX3JW3JX3KV3KW3KX3LG3LH3LI3LJ3LU3LV3LW3MF3MG3MH3MI3MJ3MK3ML3MN3MO3MP3MQ3MU3MV3NF3NL3NM3NN3NO3NP3NS3NT3NU3OF3OL3OM3OU3OV3PF3QF3RE3RF3SR3SS3ST3TT3TU3TV3UV3UW3VC3VD3VV3WB3WC3XA3XB4BS4BT4BX4CR4CX4DQ4DR4DX4EQ4ER4EX4FQ4FR4FX4GQ4GR4GX4HA4HB4HQ4HR4HX4IA4IB4IC4ID4IE4IQ4IR4IX4JA4JB4JG4JH4JI4JJ4JM4JQ4JR4JX4KA4KB4KG4KH4KI4KJ4KK4KL4KM4KX4LA4LB4LH4LI4LJ4LK4LL4LM4LX4MJ4MK4ML4MM4MX4NX4OX4PX4QX4RA4RX4SA4SX4TA4TX4UX4VX4WX</Field37>
<Field38>329</Field38>
<Field39>1AA1AB1AC1AD1AE1AF1AG1AH1AI1AJ1AK1AL1AM1AN1AO1AP1BT1BU1BV1BW1BX1CA1CB1CC1CD1CE1CF1CG1CH1CI1CJ1CK1CL1CM1CN1CO1CP1CQ1CR1CS1CT1CU1CV1CW1CX1DA1DB1DC1DD1DE1DF1DG1DH1DI1DJ1DK1DL1DM1DN1DO1DP1DQ1DR1DS1DT1DU1DV1DW1DX1EA1EB1EC1ED1EE1EF1EG1EH1EI1EJ1EK1EL1EM1EN1EO1EP1EQ1ER1ES1ET1EU1EV1EW1EX1FB1FC1FD1FE1FF1FG1FH1FI1FJ1FK1FL1FM1FN1FO1FP1FQ1FR1FS1FT1FU1FV1FW1FX1GC1GD1GE1GF1GG1GH1GI1GJ1GK1GL1GM1GN1GO1GP1GQ1GR1GS1GT1GU1GV1GW1GX1HC1HD1HE1HF1HG1HH1HI1HJ1HK1HL1HM1HN1HO1HP1HQ1HR1HS1HT1HU1HV1HW1HX1ID1IE1IF1IG1IH1II1IJ1IK1IL1IM1IN1IO1IP1IQ1IR1IS1IT1IU1IV1IW1IX1JD1JE1JF1JG1JH1JI1JJ1JK1JL1JM1JN1JO1JP1JQ1JR1JS1JT1JU1JV1JW1JX1KD1KE1KF1KG1KH1KI1KJ1KK1KL1KM1KN1KO1KP1KQ1KR1KS1KT1KU1KV1KW1KX1LD1LE1LF1LG1LH1LI1LJ1LK1LL1LM1LN1LO1LP1LQ1LR1LS1LT1LU1LV1LW1LX1MD1ME1MF1MG1MH1MI1MJ1MK1ML1MM1MN1MO1MP1MQ1MR1MS1MT1MU1MV1MW1MX1NJ1NK1NL1NM1NN1NO1NP1NQ1NR1NS1NT1NU1NV1NW1NX1OL1OM1ON1OO1OP1OQ1OR1OS1OT1OU1OV1OW1OX1PL1PM1PN1PO1PP1PQ1PR1PS1PT1PU1PV1PW1PX1QL1QM1QO1QP1QQ1QR1QS1QT1QU1QV1QW1QX1RK1RL1RM1RO1RP1RQ1RR1RS1RT1RU1RV1RW1RX1SI1SJ1SK1SL1SM1SO1SP1SQ1SR1SS1ST1SU1SV1SW1SX1TA1TI1TJ1TK1TL1TM1TO1TP1TQ1TR1TS1TT1TU1TV1TW1TX1UA1UH1UI1UJ1UK1UL1UM1UO1UP1UQ1UR1US1UT1UU1UV1UW1UX1VH1VI1VJ1VK1VL1VO1VP1VQ1VR1VS1VT1VU1VV1VW1VX1WG1WH1WI1WJ1WK1WN1WO1WP1WQ1WR1WS1WT1WU1WV1WW1WX1XA1XE1XF1XG1XH1XI1XJ1XM1XN1XO1XP1XQ1XR1XS1XT1XU1XV1XW1XX2AA2AE2AF2AG2AH2AI2AJ2AK2AL2AM2AN2AO2AP2AQ2AR2AS2AT2AU2AV2AW2AX2BA2BB2BC2BD2BH2BI2BJ2BK2BL2BM2BN2BO2BP2BQ2BR2BS2BT2BU2BV2BW2BX2CA2CB2CC2CD2CE2CF2CG2CH2CI2CJ2CK2CL2CM2CN2CO2CP2CQ2CR2CS2CT2CU2CV2CW2CX2DA2DB2DC2DD2DE2DF2DG2DH2DI2DJ2DK2DO2DP2DQ2DR2DS2DT2DU2DV2DW2DX2EA2EB2EC2ED2EE2EF2EG2EH2EI2EJ2EK2EL2EM2EN2EO2EP2EQ2ER2ES2ET2EU2EV2EW2EX2FA2FB2FC2FD2FE2FF2FG2FH2FI2FJ2FK2FL2FM2FN2FO2FP2FQ2FR2FS2FT2FU2FV2FW2FX2GA2GB2GC2GD2GE2GF2GG2GH2GI2GJ2GK2GL2GM2GN2GO2GP2GQ2GR2GS2GT2GU2GV2GW2GX2HA2HB2HC2HD2HE2HF2HG2HH2HI2HJ2HK2HL2HM2HN2HO2HP2HQ2HR2HS2HT2HU2HV2HW2HX2IA2IB2IC2ID2IE2IF2IG2IH2II2IJ2IK2IL2IM2IN2IO2IP2IQ2IR2IS2IT2IU2IV2IW2IX2JA2JB2JC2JD2JE2JF2JG2JH2JI2JJ2JK2JL2JM2JN2JO2JP2JQ2JR2JS2JT2JU2JV2JW2JX2KA2KB2KC2KD2KE2KF2KG2KH2KI2KJ2KK2KL2KM2KN2KO2KP2KQ2KR2KS2KT2KU2KV2KW2KX2LA2LB2LC2LD2LE2LF2LG2LH2LI2LJ2LK2LL2LM2LN2LO2LP2LQ2LR2LS2LT2LU2LV2LW2LX2MA2MB2MC2MD2ME2MF2MG2MH2MI2MJ2MK2ML2MM2MN2MO2MP2MQ2MR2MS2MT2MU2MV2MW2MX2NA2NB2NC2ND2NE2NF2NG2NH2NI2NJ2NK2NN2NO2NP2NQ2NR2NS2NT2NU2NV2NW2NX2OA2OB2OC2OD2OE2OF2OG2OH2OI2OJ2OM2ON2OO2OP2OQ2OR2OS2OT2OU2OV2OW2OX2PA2PB2PC2PD2PE2PF2PG2PH2PI2PL2PM2PN2PO2PP2PQ2PR2PS2PT2PU2PV2PW2PX2QA2QB2QC2QD2QE2QF2QG2QH2QI2QJ2QK2QL2QM2QN2QO2QP2QQ2QR2QS2QT2QU2QV2QW2QX2RE2RF2RG2RH2RI2RJ2RK2RL2RM2RN2RO2RP2RQ2RR2RS2RT2RU2RV2RW2RX2SA2SB2SC2SE2SF2SG2SH2SI2SJ2SK2SL2SM2SN2SO2SP2SQ2SR2SS2ST2SU2SV2SW2SX2TA2TB2TC2TD2TE2TF2TG2TH2TI2TJ2TK2TL2TM2TN2TO2TP2TQ2TR2TS2TT2TU2TV2TW2TX2UA2UB2UC2UD2UE2UF2UG2UH2UI2UJ2UK2UL2UM2UN2UO2UP2UQ2UR2US2UT2UU2UV2VA2VB2VC2VD2VE2VF2VG2VH2VI2VJ2VK2VL2VM2VN2VO2VP2VQ2VR2VS2VT2VU2VW2WA2WB2WC2WD2WE2WF2WG2WH2WI2WJ2WK2WL2WM2WN2WO2WP2WQ2WR2WS2WT2WW2XA2XB2XC2XD2XE2XF2XG2XH2XI2XJ2XK2XL2XM2XN2XO2XP2XQ2XR2XS2XV3AA3AE3AF3AG3AH3AI3AL3AM3AN3AO3AP3AQ3AR3AS3AT3AU3AV3AW3AX3BA3BB3BC3BE3BF3BG3BH3BK3BL3BM3BN3BO3BP3BQ3BR3BS3BT3BU3BV3BW3BX3CA3CB3CC3CF3CG3CH3CI3CJ3CK3CL3CM3CN3CO3CP3CQ3CR3CS3CT3CU3CV3CW3CX3DA3DB3DC3DG3DH3DI3DJ3DK3DL3DM3DN3DO3DP3DQ3DR3DS3DT3DU3DV3DW3DX3EA3EB3EC3ED3EE3EF3EG3EH3EI3EJ3EK3EL3EM3EN3EO3EP3EQ3ER3ES3ET3EU3EV3EW3EX3FA3FB3FC3FD3FE3FF3FG3FH3FI3FJ3FK3FL3FM3FN3FO3FP3FQ3FR3FS3FT3FU3FV3FW3FX3GA3GB3GC3GD3GE3GF3GG3GH3GI3GJ3GK3GL3GM3GN3GO3GP3GQ3GR3GS3GT3GU3GV3GW3GX3HA3HB3HC3HD3HE3HF3HG3HH3HI3HJ3HK3HL3HM3HN3HO3HP3HQ3HR3HS3HT3HU3HV3HW3IA3IB3IC3ID3IE3IF3IG3IH3II3IJ3IK3IL3IM3IN3IO3IP3IQ3IR3IS3IT3IU3IV3JA3JB3JC3JD3JE3JF3JG3JH3JI3JJ3JK3JL3JM3JN3JO3JP3JQ3JR3JS3JT3JU3JV3KA3KB3KC3KD3KE3KF3KG3KH3KI3KJ3KK3KL3KM3KN3KO3KP3KQ3KR3KS3KT3KU3LA3LB3LC3LD3LE3LF3LK3LL3LM3LN3LO3LP3LQ3LR3LS3LT3LX3MA3MB3MC3MD3ME3MM3MR3MS3MT3MW3MX3NA3NB3NC3ND3NE3NG3NH3NI3NJ3NK3NQ3NR3NV3NW3NX3OA3OB3OC3OD3OE3OG3OH3OI3OJ3OK3ON3OO3OP3OQ3OR3OS3OT3OW3OX3PA3PB3PC3PD3PE3PG3PH3PI3PJ3PK3PL3PM3PN3PO3PP3PQ3PR3PS3PT3PU3PV3PW3PX3QA3QB3QC3QD3QE3QG3QH3QI3QJ3QK3QL3QM3QN3QO3QP3QQ3QR3QS3QT3QU3QV3QW3QX3RA3RB3RC3RD3RG3RH3RI3RJ3RK3RL3RM3RN3RO3RP3RQ3RR3RS3RT3RU3RV3RW3RX3SA3SB3SC3SD3SE3SF3SG3SH3SI3SJ3SK3SL3SM3SN3SO3SP3SQ3SU3SV3SW3SX3TA3TB3TC3TD3TE3TF3TG3TH3TI3TJ3TK3TL3TM3TN3TO3TP3TQ3TR3TS3TW3TX3UA3UB3UC3UD3UE3UF3UG3UH3UI3UJ3UK3UL3UM3UN3UO3UP3UQ3UR3US3UT3UU3UX3VA3VB3VE3VF3VG3VH3VI3VJ3VK3VL3VM3VN3VO3VP3VQ3VR3VS3VT3VU3VW3VX3WA3WD3WE3WF3WG3WH3WI3WJ3WK3WL3WM3WN3WO3WP3WQ3WR3WS3WT3WU3WV3WW3WX3XC3XD3XE3XF3XG3XH3XI3XJ3XK3XL3XM3XN3XO3XP3XQ3XR3XS3XT3XU3XV3XW3XX4AA4AB4AC4AD4AE4AF4AG4AH4AI4AJ4AK4AL4AM4AN4BA4BB4BC4BD4BE4BF4BG4BH4BI4BJ4BK4BL4BM4BN4CA4CB4CC4CD4CE4CF4CG4CH4CI4CJ4CK4CL4CM4CN4DA4DB4DC4DD4DE4DF4DG4DH4DI4DJ4DK4DL4DM4EA4EB4EC4ED4EE4EF4EG4EH4EI4EJ4EK4EL4FA4FB4FC4FD4FE4FF4FG4FH4FI4FJ4FK4GA4GB4GC4GD4GE4GF4GG4GH4GI4GJ4GK4HC4HD4HE4HF4HG4HH4HI4HJ4IF4IG4IH4II4IJ4JE4JF</Field39>
<Field40>1580</Field40>
</results>
<results>
<Field1>3XEDXEGFX51Y8B6A3KOXAK9GF79K0Z</Field1>
<Field2>3PUZG2R74TXVF7CR9RD94D92J8X45X</Field2>
<Field3>Participate in a land classification study (Bonuses for accuracy)</Field3>
<Field4>Classify an aerial image into four different types of land cover</Field4>
<Field5>image classification, land cover, photo interpretation</Field5>
<Field6>$0.50</Field6>
<Field7>Tue Jun 29 15:46:53 PDT 2021</Field7>
<Field8>6</Field8>
<Field9>BatchId:4491423;OriginalHitTemplateId:928390828;</Field9>
<Field10>3600</Field10>
<Field11>259200</Field11>
<Field12>Tue Jul 06 15:46:53 PDT 2021</Field12>
<Field15>3E13VNJ1NQ89WPZYP3CM0T94LSP1IJ</Field15>
<Field16>A1WUZOLVPEXOLE</Field16>
<Field17>Submitted</Field17>
<Field18>Tue Jun 29 18:21:26 PDT 2021</Field18>
<Field19>Tue Jun 29 18:25:35 PDT 2021</Field19>
<Field20>Fri Jul 02 18:25:35 PDT 2021</Field20>
<Field24>249</Field24>
<Field25>0% (0/0)</Field25>
<Field26>0% (0/0)</Field26>
<Field27>0% (0/0)</Field27>
<Field28>24891</Field28>
<Field29>old</Field29>
<Field30>img24891_old.jpg</Field30>
<Field31>https://raw.githubusercontent.com/ROIHabitat/lcimages/master/img24891_old.jpg</Field31>
<Field32>2284</Field32>
<Field33>1AA1AB1AC1AD1AE1AF1AG1AH1AI1AJ1AK1AL1AM1AN1BA1BB1BC1BD1BE1BF1BG1BI1BN1CA1CB1CC1CD1CE1CI1CN1DA1DB1DC1DD1DE1DF1DI1DO1EA1EB1EC1ED1EE1EF1EK1EU1FA1FB1FC1FD1FE1FF1FK1FS1GA1GB1GC1GD1GE1GF1GL1HA1HB1HC1HD1IA1IB1IC1ID1IE1IK1IL1IM1JA1JB1JC1JD1JE1JJ1JK1JL1JM1KA1KB1KC1KD1KE1KI1KJ1KK1KL1KM1LA1LB1LC1LD1LH1LI1LJ1LK1LL1LP1MA1MB1MC1MD1MH1MI1MJ1MK1ML1MM1NA1NB1NC1NH1NI1NJ1NK1NL1NM1OA1OB1OC1OI1OJ1OK1OL1OM1PA1PB1PC1PH1PI1PJ1PK1PL1PM1PN1QA1QB1QC1QH1QI1QJ1QK1QL1QM1QN1RA1RB1RC1RD1RH1RI1RJ1RK1RL1RM1RN1SA1SB1SC1SD1SH1SI1SJ1TA1TB1TC1TH1TM1UA1UB1UC1UI1UJ1VA1VB1VC1VI1WA1WB1WC1XA1XB1XC1XH1XS3CB3CC3CD3DB3DC3DD3EB3EC3ED3GC3GD3GE3HC3HD3HE3IC3ID3IE3LC3LD3LE3MC3MD3ME3NC3ND3NE4AO4BK4BP4BQ4CE4CJ4CK4CL4DD4DG4DH4DI4ED4EK4FK4FM4GC4GF4GG4GH4GJ4HC4HE4HJ4IC4ID4IM4JC4JJ4KG4KI4KJ4KT4LH4LI4LM4LT4ME4MG4MH4ML4MS4MT4NF4NG4NH4OE4OF4OG4OH4PE4PF4PG4PL4QR4RD4RE4UC4VC4VO4VP4WB4WC4WO4WP4XO</Field33>
<Field34>282</Field34>
<Field35>1CF1CG1CH1DG1DH1EG1EH1EI1EJ1FG1FH1FI1FJ1GG1GH1GI1GJ1HE1HF1HG1HH1HI1IF1IG1IH1II1IJ1JF1JG1JH1JI1KF1KG1KH1LE1LF1LG1ME1MF1MG1ND1NE1NF1NG1OD1OE1OF1OG1OH1PD1PE1PF1PG1QD1QE1QF1QG1RE1RF1RG1SE1SF1SG1TD1TE1TF1TG1UD1UE1UF1VD1VE1VF1WD1WE1WF2AI2AJ2AK2AL2AM2AO2AP2AQ2AR2AS2AT2AU2AV2AW2BI2BJ2BK2BL2BM2BO2BP2BQ2BR2BS2BT2BU2BV2BW2CI2CJ2CK2CM2CN2CO2CP2CQ2CR2CT2CU2CV2CW2DJ2DK2DL2DM2DN2DO2DP2DQ2DR2EH2EI2EJ2EK2EL2EM2EN2EO2EP2EQ2ER2ES2ET2EU2FH2FI2FJ2FK2FL2FM2FN2FO2FP2FQ2FR2FS2FT2FU2GH2GI2GJ2GK2GM2GN2GO2GP2GQ2GR2GS2GT2GU2HI2HJ2HK2HM2HN2HO2HP2HQ2HR2HS2HT2IF2IG2IH2II2IJ2IK2IL2IM2IN2IO2IP2IQ2JF2JG2JH2JI2JJ2JK2JL2JM2JN2JO2JP2JQ2KF2KG2KH2KI2KJ2KK2KL2KM2KN2KO2LF2LG2LH2LI2LJ2LK2LL2LM2LN2LO2MF2MG2MH2MI2MJ2MK2ML2MM2MN2MO2MP2NL2NM2NN2NO2NP2OJ2OK2OL2OM2ON2OO2OP2PF2PG2PH2PJ2PK2PL2PM2PN2PO2PP2QF2QG2QH2QJ2QK2QL2QM2QN2QO2QP2RF2RG2RH2RJ2RK2RL2RM2RN2RO2RP2SN2SO2SP2TG2TH2TI2TJ2TK2TL2TN2TO2TP2UG2UH2UI2UJ2UK2UL2VG2VH2VI2VJ2VK2VL2WG2WH2WI2WJ3AD3AE3AF3AG3AH3AI3BB3BC3BD3BE3BF3BG3BH3BI3BJ3BK3BL3CE3CF3CG3CH3CI3CJ3CK3CL3DE3DF3DG3DH3DI3DJ3DK3DL3EF3EG3EH3FE3FF3FG3FH3FI3FJ3FK3GF3GG3GH3GI3GJ3GK3HF3HG3HH3HI3HJ3HK3HL3HM3IF3IG3IH3II3IJ3IK3IL3IM3JD3JE3JF3JG3JH3JI3JJ3JK3JL3KC3KD3KE3KF3KH3KI3KJ3KK3LF3LH3LI3LJ3MI3MJ3NI3NJ3OD3OE3OF3OH3OI3OJ3PC3PD3PE3PF3PH3PI3PJ3PK3QB3QC3QD3QE3QF3QG3QH3QI3QJ3RB3RC3RD3RE3RG3RH3RI3SA3SB3SC3SD3SE3SF3SG3SH3SI3TA3TB3TC3TD3TF3TG3TH3UA3UB3UC3UD3UE3UF3UG3UH3VA3VB3VC3VD3VE3VF3VG3VH3WB3WC3WD3WE3WF3WG3XC3XD3XE3XF3XG4AF4AG4AH4AI4BF4BG4BH4BI4BO4BR4CF4CG4CH4CI4CO4CP4DF4DM4DN4DO4DP4EE4EF4EG4EH4EL4EM4EN4EO4EP4FE4FF4FG4FH4FL4FN4FO4FP4GE4GI4GK4GL4GM4GN4GO4HF4HG4HH4HI4HK4HL4HM4HN4HO4IE4IF4IG4IH4II4IJ4IK4IL4IN4IO4JB4JD4JE4JF4JG4JH4JI4JK4JL4JM4JN4KB4KC4KD4KE4KF4KH4KK4KL4KM4LA4LB4LC4LD4LF4LG4LJ4LK4LL4MA4MB4MC4MD4MF4MI4MK4MM4NA4NB4NC4ND4NI4NJ4NK4NL4OI4OJ4OK4OL4PH4PI4PJ4PK4QG4QH4QI4QJ4QK4QL4RG4RH4RI4RJ4SF4SG4SH4SI4SJ4TF4TG4TH4TI4TJ4UF4UG4UH4UI4UJ4VF4VG4VH4VI</Field35>
<Field36>612</Field36>
<Field37>1AO1AP1AQ1AR1AS1AT1AU1AV1AW1AX1BO1BP1BQ1BR1BS1BT1BU1BV1BW1BX1CO1CP1CQ1CR1CS1CT1CU1CV1CW1CX1DP1DQ1DR1DS1DT1DU1DV1DW1DX1EO1EP1EQ1ER1ES1ET1EV1EW1EX1FO1FP1FQ1FR1FT1FU1FV1FW1FX1GM1GN1GO1GP1GQ1GR1GS1GT1GU1GV1GW1GX1HL1HM1HN1HO1HP1HQ1HR1HS1HT1HU1HV1HW1HX1IN1IO1IP1IQ1IR1IS1IT1IU1IV1IW1IX1JN1JO1JP1JQ1JR1JS1JT1JU1JV1JW1JX1KN1KO1KP1KQ1KR1KS1KT1KU1KV1KW1KX1LM1LN1LO1LQ1LR1LS1LT1LU1LV1LW1LX1MN1MO1MP1MQ1MR1MS1MT1MU1MV1MW1MX1NN1NO1NP1NQ1NR1NS1NT1NU1NV1NW1NX1ON1OO1OP1OQ1OR1OS1OT1OU1OV1OW1OX1PO1PP1PQ1PR1PS1PT1PU1PV1PW1PX1QO1QP1QQ1QR1QS1QT1QU1QV1QW1QX1RO1RP1RQ1RR1RS1RT1RU1RV1RW1RX1SK1SL1SM1SN1SO1SP1SQ1SR1SS1ST1SU1SV1SW1SX1TI1TJ1TK1TL1TN1TO1TP1TQ1TR1TS1TT1TU1TV1TW1TX1UG1UH1UK1UL1UM1UN1UO1UP1UQ1UR1US1UT1UU1UV1UW1UX1VG1VH1VJ1VK1VL1VM1VN1VO1VP1VQ1VR1VS1VT1VU1VV1VW1VX1WG1WH1WI1WJ1WK1WL1WM1WN1WO1WP1WQ1WR1WS1WT1WU1WV1WW1WX1XD1XE1XF1XG1XI1XJ1XK1XL1XM1XN1XO1XP1XQ1XR1XT1XU1XV1XW1XX2DS2DT2DU2DV2DW2DX2EV2EW2EX2FV2FW2FX2GV2GW2GX2HH2HU2HV2HW2IR2IS2IT2IU2IV2IW2JR2JS2JT2JU2JV2JW2KR2KS2KT2KU2KV2LQ2LR2LS2LT2LU2LV2MQ2MR2MS2MT2MU2NF2NG2NH2NI2NJ2NK2NQ2NR2NS2NT2NU2OF2OG2OH2OI2OQ2OR2OS2PI2PQ2QI2RI2SG2SH2SI2SJ2SK2SL2SM2TM2UM2UN2VF2VM2WF2WK2WL2WM2XF2XG2XH3AN3AO3AP3AQ3AR3BN3BO3BP3BQ3BR3BS3BT3CM3CN3CO3CP3CQ3CR3CS3CT3DM3DN3DO3DP3DQ3DR3DS3DT3EE3EI3EJ3EK3EL3EM3EN3EO3EP3EQ3ER3ES3FB3FC3FD3FL3FM3FN3FO3FP3FQ3FR3FS3GA3GB3GL3GM3GN3GO3GP3GQ3GR3HA3HB3HQ3HR3IA3IB3IQ3IR3JB3JC3JQ3JR3JS3JT3JU3KB3KG3KQ3KR3KS3KT3KU3LB3LG3LQ3LR3LS3LT3LU3MB3MF3MG3MQ3MR3MS3MT3NB3NF3NG3NH3NQ3NR3NS3OC3OG3OQ3OR3OS3PG3PP3PQ3PR3PS3QA3QP3QQ3QR3QS3QT3RA3RF3RJ3RK3RQ3RR3RS3RT3SJ3SQ3SR3SS3ST3TE3TI3TJ3TQ3TR3TS3UI3UJ3UP3UQ3UR3VI3VJ3VK3VL3VM3VN3VO3WH3WI3WJ3WK3WL3WM3WN3WO3XH3XI3XJ3XK3XL3XM3XN3XO4AA4AB4AC4AD4AE4AJ4AK4AL4AM4AN4AP4AQ4AW4AX4BA4BB4BC4BD4BE4BJ4BL4BM4BN4BW4BX4CA4CB4CC4CD4CM4CN4CQ4CR4CS4CW4CX4DA4DB4DC4DE4DJ4DK4DL4DQ4DR4DS4DW4DX4EA4EB4EC4EI4EJ4EQ4ER4ES4EV4EW4EX4FA4FB4FC4FD4FI4FJ4FQ4FR4FS4FV4FW4FX4GA4GB4GD4GP4GQ4GR4GV4GW4GX4HA4HB4HD4HP4HQ4HR4HV4HW4HX4IA4IB4IP4IQ4IR4IV4JA4JO4JP4JQ4JR4KA4KN4KO4KP4KQ4KR4LE4LN4LO4LP4LQ4LR4MJ4MN4MO4MP4MQ4MR4MX4NE4NM4NN4NO4NP4NQ4NX4OA4OB4OC4OD4OM4ON4OO4OP4OQ4OX4PA4PB4PC4PD4PM4PN4PO4PP4PQ4PR4PX4QA4QB4QC4QD4QE4QF4QM4QN4QO4QP4QQ4QW4QX4RA4RB4RC4RF4RK4RL4RM4RN4RO4RP4RQ4RR4RW4RX4SA4SB4SC4SD4SE4SK4SL4SM4SN4SO4SP4SQ4SR4SW4SX4TA4TB4TC4TD4TE4TK4TL4TM4TN4TO4TP4TQ4TR4TW4TX4UA4UB4UD4UE4UK4UL4UM4UN4UO4UP4UQ4UR4VA4VB4VD4VE4VJ4VK4VL4VM4VN4VQ4VV4WA4WD4WE4WF4WG4WH4WI4WJ4WK4WL4WM4WN4WQ4WR4WV4XA4XB4XC4XD4XE4XF4XG4XH4XI4XJ4XK4XL4XM4XN4XP4XQ4XR</Field37>
<Field38>801</Field38>
<Field39>1BH1BJ1BK1BL1BM1CJ1CK1CL1CM1DJ1DK1DL1DM1DN1EL1EM1EN1FL1FM1FN1GK1HJ1HK2AA2AB2AC2AD2AE2AF2AG2AH2AN2BA2BB2BC2BD2BE2BF2BG2BH2BN2CA2CB2CC2CD2CE2CF2CG2CH2CL2CS2DA2DB2DC2DD2DE2DF2DG2DH2DI2EA2EB2EC2ED2EE2EF2EG2FA2FB2FC2FD2FE2FF2FG2GA2GB2GC2GD2GE2GF2GG2GL2HA2HB2HC2HD2HE2HF2HG2HX2IA2IB2IC2ID2IE2IX2JA2JB2JC2JD2JE2JX2KA2KB2KC2KD2KE2KP2KQ2KW2KX2LA2LB2LC2LD2LE2LP2LW2LX2MA2MB2MC2MD2ME2MV2MW2MX2NA2NB2NC2ND2NE2NV2NW2NX2OA2OB2OC2OD2OE2OT2OU2OV2OW2OX2PA2PB2PC2PD2PE2PR2PS2PT2PU2PV2PW2PX2QA2QB2QC2QD2QE2QQ2QR2QS2QT2QU2QV2QW2QX2RA2RB2RC2RD2RE2RQ2RR2RS2RT2RU2RV2RW2RX2SA2SB2SC2SD2SE2SF2SQ2SR2SS2ST2SU2SV2SW2SX2TA2TB2TC2TD2TE2TF2TQ2TR2TS2TT2TU2TV2TW2TX2UA2UB2UC2UD2UE2UF2UO2UP2UQ2UR2US2UT2UU2UV2UW2UX2VA2VB2VC2VD2VE2VN2VO2VP2VQ2VR2VS2VT2VU2VV2VW2VX2WA2WB2WC2WD2WE2WN2WO2WP2WQ2WR2WS2WT2WU2WV2WW2WX2XA2XB2XC2XD2XE2XI2XJ2XK2XL2XM2XN2XO2XP2XQ2XR2XS2XT2XU2XV2XW2XX3AA3AB3AC3AJ3AK3AL3AM3AS3AT3AU3AV3AW3AX3BA3BM3BU3BV3BW3BX3CA3CU3CV3CW3CX3DU3DV3DW3DX3EA3ET3EU3EV3EW3EX3FA3FT3FU3FV3FW3FX3GS3GT3GU3GV3GW3GX3HN3HO3HP3HS3HT3HU3HV3HW3HX3IN3IO3IP3IS3IT3IU3IV3IW3IX3JA3JM3JN3JO3JP3JV3JW3JX3KA3KL3KM3KN3KO3KP3KV3KW3KX3LA3LK3LL3LM3LN3LO3LP3LV3LW3LX3MA3MH3MK3ML3MM3MN3MO3MP3MU3MV3MW3MX3NA3NK3NL3NM3NN3NO3NP3NT3NU3NV3NW3NX3OA3OB3OK3OL3OM3ON3OO3OP3OT3OU3OV3OW3OX3PB3PL3PM3PN3PO3PT3PU3PV3PW3PX3QK3QL3QM3QN3QO3QU3QV3QW3QX3RL3RM3RN3RO3RP3RU3RV3RW3RX3SK3SL3SM3SN3SO3SP3SU3SV3SW3SX3TK3TL3TM3TN3TO3TP3TT3TU3TV3TW3TX3UK3UL3UM3UN3UO3UT3UU3UV3UW3UX3VP3VQ3VT3VU3VV3VW3VX3WA3WP3WT3WU3WV3WW3WX3XA3XB3XP3XV3XW3XX4AR4AS4AT4AU4AV4BS4BT4BU4BV4CT4CU4CV4DT4DU4DV4ET4EU4FT4FU4GS4GT4GU4HS4HT4HU4IS4IT4IU4IW4IX4JS4JT4JU4JV4JW4JX4KS4KU4KV4KW4KX4LS4LU4LV4LW4LX4MU4MV4MW4NR4NS4NT4NU4NV4NW4OR4OS4OT4OU4OV4OW4PS4PT4PU4PV4PW4QS4QT4QU4QV4RS4RT4RU4RV4SS4ST4SU4SV4TS4TT4TU4TV4US4UT4UU4UV4UW4UX4VR4VS4VT4VU4VW4VX4WS4WT4WU4WW4WX4XS4XT4XU</Field39>
<Field40>589</Field40>
</results>
<results>
<Field1>3XEDXEGFX51Y8B6A3KOXAK9GF79K0Z</Field1>
<Field2>3PUZG2R74TXVF7CR9RD94D92J8X45X</Field2>
<Field3>Participate in a land classification study (Bonuses for accuracy)</Field3>
<Field4>Classify an aerial image into four different types of land cover</Field4>
<Field5>image classification, land cover, photo interpretation</Field5>
<Field6>$0.50</Field6>
<Field7>Tue Jun 29 15:46:53 PDT 2021</Field7>
<Field8>6</Field8>
<Field9>BatchId:4491423;OriginalHitTemplateId:928390828;</Field9>
<Field10>3600</Field10>
<Field11>259200</Field11>
<Field12>Tue Jul 06 15:46:53 PDT 2021</Field12>
<Field15>3HFNH7HEMKRJH2DKKU2YGI4WESUQGI</Field15>
<Field16>A2SD2N74VU4DE7</Field16>
<Field17>Submitted</Field17>
<Field18>Tue Jun 29 20:10:52 PDT 2021</Field18>
<Field19>Tue Jun 29 20:27:29 PDT 2021</Field19>
<Field20>Fri Jul 02 20:27:29 PDT 2021</Field20>
<Field24>997</Field24>
<Field25>0% (0/0)</Field25>
<Field26>0% (0/0)</Field26>
<Field27>0% (0/0)</Field27>
<Field28>24891</Field28>
<Field29>old</Field29>
<Field30>img24891_old.jpg</Field30>
<Field31>https://raw.githubusercontent.com/ROIHabitat/lcimages/master/img24891_old.jpg</Field31>
<Field32>2302</Field32>
<Field33>1AP1AQ1AR1BA1BB1BC1BD1BE1BF1BG1BH1BI1BJ1BK1BN1BT1BU1BV1BW1CA1CB1CC1CD1CE1CF1CG1CH1CI1CJ1CK1CL1CM1CN1CO1CP1CQ1CR1CS1CT1CU1CV1CW1CX1DA1DB1DC1DD1DE1DF1DG1DH1DI1DJ1DK1DL1DM1DN1DO1DP1DQ1DR1DS1DT1DU1DV1DW1DX1EA1EB1EC1ED1EE1EF1EG1EH1EI1EJ1EK1EL1EM1EN1EO1EP1EQ1ER1ES1ET1EU1EV1EW1EX1FA1FB1FC1FD1FE1FF1FG1FH1FI1FJ1FK1FL1FN1FO1FP1FQ1FR1FS1FT1FU1FV1FW1FX1GA1GB1GC1GD1GE1GF1GG1GH1GI1GJ1GK1GL1GM1GN1GO1GP1GQ1GR1GS1GT1GU1GV1GW1GX1HD1HE1HF1HG1HH1HI1HJ1HK1HM1HN1HO1HP1HQ1HR1HS1HT1HU1HV1HW1HX1ID1IE1IF1IG1IH1II1IJ1IK1IM1IN1IO1IP1IQ1IR1IS1IT1IU1IV1IW1IX1JD1JE1JF1JG1JH1JI1JJ1JK1JM1JN1JO1JP1JQ1JR1JS1JT1JU1JV1JW1JX1KD1KE1KF1KG1KH1KI1KJ1KK1KM1KN1KO1KP1KQ1KR1KS1KT1KU1KV1KW1KX1LD1LE1LF1LG1LH1LI1LJ1LM1LN1LO1LP1LQ1LR1LS1LT1LU1LV1LW1LX1MD1ME1MF1MG1MH1MI1MJ1ML1MM1MN1MO1MP1MQ1MR1MS1MT1MU1MV1MW1MX1ND1NE1NF1NG1NH1NI1NL1NM1NN1NO1NP1NQ1NR1NS1NT1NU1NV1NW1NX1OL1OM1ON1OO1OP1OQ1OR1OS1OT1OU1OV1OW1OX1PN1PO1PP1PQ1PR1PS1PT1PU1PV1PW1PX1QO1QP1QQ1QR1QS1QT1QU1QV1QW1QX1RO1RP1RR1RS1RT1RU1RV1RW1RX1SO1SP1SQ1SR1SS1ST1SU1SV1SW1SX1TO1TP1TQ1TR1TS1TT1TU1TV1TW1TX1UO1UP1UQ1UR1US1UT1UV1UW1UX1VN1VO1VP1VQ1VR1VS1VT1VU1VV1VW1VX1WN1WO1WP1WQ1WR1WS1WT1WU1WV1WW1WX1XM1XN1XO1XP1XQ1XR1XS1XT1XU1XV1XW1XX2BA2BB2BC2BD2BE2CA2CB2CC2CD2CE2CF2DA2DB2DC2DD2DE2DF2DG2EA2EB2EC2ED2EE2EF2EG2FA2FB2FC2FD2FE2FF2FG2FH2FI2FJ2FK2FL2GA2GB2GC2GD2GE2GF2GG2GH2GI2GJ2GK2GL2GM2HA2HB2HC2HD2HE2HF2HG2HH2HI2HJ2HK2HL2HM2HN2HO2HP2HQ2IA2IB2IC2ID2IF2IG2IH2II2IJ2IK2IL2IM2IN2IO2IP2IQ2JB2JC2JD2JF2JG2JH2JI2JJ2JK2JL2JM2JN2JO2JP2JQ2KB2KC2KD2KE2KF2KG2KH2KI2KJ2KK2KL2KM2KN2KO2KP2LA2LB2LC2LD2LE2LF2LG2LH2LI2LJ2LK2LL2LM2LN2MA2MB2MC2MD2ME2MF2MG2MH2MI2MJ2MK2ML2MM2MN2NA2NB2NC2ND2NE2NF2NG2NH2NI2NJ2NK2NL2OA2OB2OC2OD2OE2OF2OG2OH2OI2OJ2OK2PA2PB2PC2PD2PE2PF2PG2PH2PI2PJ2QA2QB2QC2QD2QE2QF2QG2QH2QI2QJ2QK2QL2RA2RB2RC2RD2RE2RF2RG2RH2RI2RJ2RK2RL2RM2SA2SB2SC2SD2SE2SF2SG2SH2SI2SJ2SK2SL2SM2TA2TB2TC2TD2TE2TF2TG2TH2TI2TJ2TK2TL2TM2UA2UB2UC2UD2UE2UF2UG2UH2UI2UK2UL2UM2VA2VB2VC2VD2VE2VF2VG2VH2VI2VK2VL2VM2WA2WB2WC2WD2WE2WF2WG2WH2WI2WJ2WK2WL2WM2XA2XB2XC2XD2XE2XF2XG2XH2XI2XJ2XK2XL2XM4AA4AB4AC4AD4AE4AF4AG4AH4AI4AJ4BA4BB4BC4BD4BE4BF4BG4BH4BI4BJ4CA4CB4CC4CD4CE4CF4CG4CH4CI4CJ4DA4DB4DC4DD4DE4DF4DG4DH4DI4EA4EB4EC4ED4EE4EF4EG4EH4EI4FA4FB4FC4FD4FE4FF4FG4FH4GA4GB4GC4GD4GE4GF4GG4GH4HC4HD4HE4HF4HG4HH4IE4IF4IG4IH</Field33>
<Field34>731</Field34>
<Field35>2AF2AG2AL2AM2AN2AO2AP2AQ2AR2AS2AT2AU2AV2AW2AX2BG2BH2BK2BL2BM2BN2BO2BP2BQ2BR2BS2BT2BU2BV2BW2BX2CG2CH2CI2CJ2CK2CO2CP2CQ2CR2CS2CT2CU2CV2CW2CX2DH2DI2DJ2DK2DQ2DR2DS2DT2DU2DV2DW2DX2EH2EI2EJ2EK2EL2EM2EN2ES2ET2EU2EV2EW2EX2FM2FN2FS2FT2FU2FV2FW2FX2GN2GS2GT2GU2GV2GW2GX2HR2HS2HT2HU2HV2HW2HX2IE2IR2IS2IT2IU2IV2IW2IX2JA2JE2JR2JS2JT2JU2JV2JW2JX2KA2KQ2KR2KS2KT2KU2KV2KW2KX2LO2LP2LQ2LR2LS2LT2LU2LV2LW2LX2MO2MP2MQ2MR2MS2MT2MU2MV2MW2MX2NM2NN2NO2NP2NQ2NR2NS2NT2NU2NV2NW2NX2OL2OM2ON2OO2OP2OQ2OR2OS2OT2OU2OV2OW2OX2PK2PL2PM2PN2PO2PP2PQ2PR2PS2PT2PU2PV2PW2PX2QM2QN2QO2QP2QQ2QR2QS2QT2QU2QV2QW2QX2RN2RO2RP2RQ2RR2RS2RT2RU2RV2RW2RX2SN2SO2SP2SQ2SR2SS2ST2SU2SV2SW2SX2TN2TO2TP2TQ2TR2TS2TT2TU2TV2TW2TX2UJ2UN2UO2UP2UQ2UR2US2UT2UU2UV2UX2VJ2VN2VO2VP2VQ2VR2VS2VT2VU2VV2WN2WO2WP2WQ2WR2WS2WT2WU2WV2WW2XN2XO2XP2XQ2XR2XS2XT2XU2XV2XW3AE3AF3AG3AL3BE3BF3CE3DG3EA3EB3EC3ED3EE3EG3FA3FB3FC3FD3FF3FG3GA3GB3GC3GD3GF3GG3HA3HB3HC3HD3HF3HG3HH3HW3HX3IA3IB3IC3ID3IF3IG3IH3IW3JA3JB3JC3JD3JF3JG3JH3KA3KB3KC3KD3KF3KG3KH3LA3LB3LC3LD3LG3MA3MB3MC3MD3ME3MH3ML3MM3MN3MO3MT3MW3MX3NA3NB3NC3ND3NE3NI3NJ3NV3NW3NX3OA3OB3OC3OD3OE3OG3OI3OJ3OK3OL3OM3OS3OT3OV3OW3OX3PA3PB3PC3PD3PE3PG3PH3PI3PJ3PK3PN3PO3PP3PQ3PR3PS3PT3PU3PV3PW3PX3QA3QB3QC3QD3QE3QG3QH3QI3QO3QP3QQ3QR3QS3QT3QU3QV3QW3QX3RA3RB3RC3RD3RE3RG3RH3RI3RR3RS3RT3RU3RV3RW3RX3SA3SB3SC3SD3SE3SF3SG3SH3SI3SV3SW3SX3TA3TB3TC3TD3TE3TF3TG3TH3TI3TJ3TK3TT3TW3TX3UA3UB3UC3UD3UE3UF3UG3UH3UI3UJ3UK3UL3UM3UU3UX3VA3VB3VE3VF3VG3VH3VI3VJ3VK3VL3VM3VW3VX3WA3WD3WE3WF3WG3WH3WI3WJ3WK3WL3WM3WN3WX3XA3XC3XD3XE3XF3XG3XH3XI3XJ3XK3XL3XM3XN3XO3XP3XX4AK4AL4AM4AN4AO4AP4AQ4AR4AS4AU4AV4AW4AX4BK4BL4BM4BN4BO4BP4BR4BU4BV4BW4CK4CL4CM4CN4CO4CP4CT4CU4CV4DJ4DK4DL4DM4DN4DO4DP4DT4DU4DV4EJ4EK4EL4EM4EN4EO4EP4ET4EU4EV4FI4FJ4FK4FL4FM4FN4FO4FP4FT4FU4FV4GI4GJ4GK4GL4GM4GN4GO4GP4GT4GU4GV4HI4HJ4HK4HL4HM4HN4HO4HT4HU4HV4ID4II4IJ4IK4IL4IM4IN4IT4IU4IV4JN4JR4JT4JU4JV4KC4KD4KE4KF4KN4KO4KP4KQ4KR4KS4KT4KU4KV4LB4LC4LD4LE4LF4LG4LN4LO4LP4LQ4LR4LS4LT4LU4LV4LW4MA4MB4MC4MD4ME4MF4MG4MH4MI4MJ4MK4ML4MM4MN4MO4MQ4MR4MS4MT4MU4MV4MW4NA4NB4NC4ND4NE4NF4NG4NH4NI4NJ4NK4NL4NM4NN4NO4NP4NQ4NR4NS4NT4NU4NV4NW4OA4OB4OC4OD4OE4OF4OG4OH4OI4OJ4OK4OL4OM4ON4OO4OP4OQ4OR4OS4OT4OU4OV4OW4PA4PB4PC4PD4PE4PF4PG4PH4PI4PJ4PK4PL4PM4PN4PO4PP4PQ4PR4PS4PT4PU4PV4PW4QA4QB4QC4QD4QE4QF4QG4QH4QI4QJ4QK4QL4QM4QN4QO4QP4QQ4QR4QS4QT4QU4QV4QW4RB4RC4RD4RE4RF4RG4RH4RI4RJ4RK4RL4RM4RN4RO4RP4RQ4RR4RS4RT4RU4RV4RW4SB4SC4SD4SE4SF4SG4SH4SI4SJ4SK4SL4SM4SN4SO4SP4SQ4SR4SS4ST4SU4SV4SW4TB4TC4TD4TE4TF4TG4TH4TI4TJ4TK4TL4TM4TN4TO4TP4TQ4TR4TS4TT4TU4TV4TW4UA4UB4UC4UD4UE4UF4UG4UH4UI4UJ4UK4UL4UM4UN4UO4UP4UQ4UR4US4UT4UU4UV4UW4VA4VB4VC4VD4VE4VF4VG4VH4VI4VJ4VK4VL4VM4VN4VO4VP4VQ4VR4VS4VT4VU4VV4VW4WA4WB4WC4WD4WE4WF4WG4WH4WI4WJ4WK4WL4WM4WN4WO4WP4WQ4WR4WS4WT4WU4WV4WW4XA4XB4XC4XD4XE4XF4XG4XH4XI4XJ4XK4XL4XM4XN4XO4XP4XQ4XR4XS4XT4XU4XV4XW4XX</Field35>
<Field36>903</Field36>
<Field37>1AS1AT1AU1AV1BO1BP1BQ1BR1BS1HA1HB1IA1IB1JA1JB1KA1KB1LA1LB1MA1MB1NA1OA1OF1OG1OH1OI1OJ1PA1PC1PE1PF1PG1PH1PI1PJ1QA1QC1QD1QE1QF1QG1QH1QI1QN1RA1RB1RC1RD1RE1RF1RG1RH1RN1SB1SC1SD1SE1SF1SG1SH1SN1TB1TC1TD1TE1TF1TN1UB1UC1UD1UN1VB1VC1VD1VM1WB1WC1WD1WM1XB1XC1XD2AA2AB2AC2AD2AE2BF2CL2CM2CN2DL2DM2DN2UW2VW2VX2WX2XX3AA3AB3AC3AD3AJ3AK3BA3BB3BC3BD3BI3BJ3CA3CB3CC3CD3DA3DB3DC3DD3DE3IX3JW3JX3KV3KW3KX3LH3LI3LJ3LK3LV3LW3LX3MG3MI3MJ3MK3MU3MV3NF3NK3NL3NM3NN3NO3NP3NQ3NR3NS3NT3NU3OF3ON3OO3OP3OQ3OR3OU3PF3QF3RF3SR3SS3ST3SU3TU3TV3UV3UW3VC3VD3WB3WC3XB4AT4BQ4BS4BT4BX4CQ4CR4CS4CW4CX4DQ4DR4DS4DW4DX4EQ4ER4ES4EW4EX4FQ4FR4FS4FW4FX4GQ4GR4GS4GW4GX4HA4HB4HP4HQ4HR4HS4HW4HX4IA4IB4IC4IO4IP4IQ4IR4IS4IW4IX4JA4JB4JC4JD4JE4JF4JG4JH4JI4JJ4JK4JL4JM4JO4JP4JQ4JS4JW4JX4KA4KB4KG4KH4KI4KJ4KK4KL4KM4KW4KX4LA4LH4LI4LJ4LK4LL4LM4LX4MP4MX4NX4OX4PX4QX4RA4RX4SA4SX4TA4TX4UX4VX4WX</Field37>
<Field38>276</Field38>
<Field39>1AA1AB1AC1AD1AE1AF1AG1AH1AI1AJ1AK1AL1AM1AN1AO1AW1AX1BL1BM1BX1FM1HC1HL1IC1IL1JC1JL1KC1KL1LC1LK1LL1MC1MK1NB1NC1NJ1NK1OB1OC1OD1OE1OK1PB1PD1PK1PL1PM1QB1QJ1QK1QL1QM1RI1RJ1RK1RL1RM1RQ1SA1SI1SJ1SK1SL1SM1TA1TG1TH1TI1TJ1TK1TL1TM1UA1UE1UF1UG1UH1UI1UJ1UK1UL1UM1UU1VA1VE1VF1VG1VH1VI1VJ1VK1VL1WA1WE1WF1WG1WH1WI1WJ1WK1WL1XA1XE1XF1XG1XH1XI1XJ1XK1XL2AH2AI2AJ2AK2BI2BJ2DO2DP2EO2EP2EQ2ER2FO2FP2FQ2FR2GO2GP2GQ2GR3AH3AI3AM3AN3AO3AP3AQ3AR3AS3AT3AU3AV3AW3AX3BG3BH3BK3BL3BM3BN3BO3BP3BQ3BR3BS3BT3BU3BV3BW3BX3CF3CG3CH3CI3CJ3CK3CL3CM3CN3CO3CP3CQ3CR3CS3CT3CU3CV3CW3CX3DF3DH3DI3DJ3DK3DL3DM3DN3DO3DP3DQ3DR3DS3DT3DU3DV3DW3DX3EF3EH3EI3EJ3EK3EL3EM3EN3EO3EP3EQ3ER3ES3ET3EU3EV3EW3EX3FE3FH3FI3FJ3FK3FL3FM3FN3FO3FP3FQ3FR3FS3FT3FU3FV3FW3FX3GE3GH3GI3GJ3GK3GL3GM3GN3GO3GP3GQ3GR3GS3GT3GU3GV3GW3GX3HE3HI3HJ3HK3HL3HM3HN3HO3HP3HQ3HR3HS3HT3HU3HV3IE3II3IJ3IK3IL3IM3IN3IO3IP3IQ3IR3IS3IT3IU3IV3JE3JI3JJ3JK3JL3JM3JN3JO3JP3JQ3JR3JS3JT3JU3JV3KE3KI3KJ3KK3KL3KM3KN3KO3KP3KQ3KR3KS3KT3KU3LE3LF3LL3LM3LN3LO3LP3LQ3LR3LS3LT3LU3MF3MP3MQ3MR3MS3NG3NH3OH3QJ3QK3QL3QM3QN3RJ3RK3RL3RM3RN3RO3RP3RQ3SJ3SK3SL3SM3SN3SO3SP3SQ3TL3TM3TN3TO3TP3TQ3TR3TS3UN3UO3UP3UQ3UR3US3UT3VN3VO3VP3VQ3VR3VS3VT3VU3VV3WO3WP3WQ3WR3WS3WT3WU3WV3WW3XQ3XR3XS3XT3XU3XV3XW</Field39>
<Field40>392</Field40>
</results>
<results>
<Field1>3XEDXEGFX51Y8B6A3KOXAK9GF79K0Z</Field1>
<Field2>3PUZG2R74TXVF7CR9RD94D92J8X45X</Field2>
<Field3>Participate in a land classification study (Bonuses for accuracy)</Field3>
<Field4>Classify an aerial image into four different types of land cover</Field4>
<Field5>image classification, land cover, photo interpretation</Field5>
<Field6>$0.50</Field6>
<Field7>Tue Jun 29 15:46:53 PDT 2021</Field7>
<Field8>6</Field8>
<Field9>BatchId:4491423;OriginalHitTemplateId:928390828;</Field9>
<Field10>3600</Field10>
<Field11>259200</Field11>
<Field12>Tue Jul 06 15:46:53 PDT 2021</Field12>
<Field15>3KOPY89HMBF113XJUPB50N31WRVJ38</Field15>
<Field16>A2JFCS2NTRY3BJ</Field16>
<Field17>Submitted</Field17>
<Field18>Tue Jun 29 18:40:31 PDT 2021</Field18>
<Field19>Tue Jun 29 18:46:22 PDT 2021</Field19>
<Field20>Fri Jul 02 18:46:22 PDT 2021</Field20>
<Field24>351</Field24>
<Field25>0% (0/0)</Field25>
<Field26>0% (0/0)</Field26>
<Field27>0% (0/0)</Field27>
<Field28>24891</Field28>
<Field29>old</Field29>
<Field30>img24891_old.jpg</Field30>
<Field31>https://raw.githubusercontent.com/ROIHabitat/lcimages/master/img24891_old.jpg</Field31>
<Field32>2302</Field32>
<Field33>1AI1AJ1AK1AL1AM1AN1AO1AP1AQ1AR1AS1AT1AU1AV1AW1AX1BI1BJ1BK1BL1BM1BN1BO1BP1BQ1BR1BS1BT1BU1BV1BW1BX1CN1CO1CP1CQ1CR1CS1CT1CU1CV1CW1CX1DO1DP1DQ1DR1DS1DT1DU1DV1DW1DX1EO1EP1ET1EU1EV1EW1EX1FK1FT1FU1FV1FW1FX1GU1GV1GW1GX1HU1HV1HW1HX1IP1IQ1IU1IV1IW1IX1JR1JS1JT1JU1JV1JW1JX1KT1KU1KV1KW1KX1LQ1LR1LS1LU1LV1LW1LX1MP1MQ1MR1MS1MU1MV1MW1MX1NO1NP1NQ1NR1NS1NU1NV1NW1NX1OO1OP1OQ1OR1OU1OV1OW1OX1PG1PO1PP1PQ1PR1PU1PV1PW1PX1QO1QP1QQ1QU1QV1QW1QX1RR1RS1RT1RU1RV1RW1RX1SK1SL1SM1SN1SO1SP1SQ1SR1SS1ST1SU1SV1SW1SX1TH1TI1TJ1TK1TL1TM1TN1TO1TP1TQ1TR1TS1TT1TU1TV1TW1TX1UH1UI1UJ1UK1UL1UM1UN1UO1UP1UQ1UR1US1UT1UU1UV1UW1UX1VH1VI1VK1VL1VM1VN1VO1VP1VQ1VR1VS1VT1VU1VV1VW1VX1WI1WK1WL1WM1WN1WO1WP1WQ1WR1WS1WT1WU1WV1WW1WX1XI1XP1XQ1XR1XS1XT1XU1XV1XW1XX2AC2AD2AE2AF2AG2BC2BD2BE2BF2BG2CD2CE2CF2CG2DE2DF2DG2DH2EF2EG2EH2EI2FF2FG2FH2FI2FJ2GG2GH2GI2GJ2HH2HI2HJ2IG2IH2II2IJ2JG2JH2JI2JJ2KF2KG2KH2KI2KJ2KO2KP2KQ2LE2LF2LG2LH2LI2LO2LP2LQ2ME2MF2MG2MH2MO2MP2MQ2NE2NF2NG2NH2NI2NJ2NK2NN2NO2NP2NQ2OE2OF2OG2OH2OI2OJ2OK2OL2OM2ON2OO2OP2OQ2PH2PI2PJ2PK2PL2PM2PN2PO2PP2QK3AA3AB3AC3AD3AE3AF3AG3AH3AI3AJ3AK3AL3AM3AN3AO3AP3AQ3AR3AS3AT3AU3BA3BB3BC3BD3BE3BF3BG3BH3BI3BJ3BK3BL3BM3BN3BO3BP3BQ3BR3BS3BT3BU3CA3CB3CC3CD3CE3CF3CG3CH3CI3CJ3CK3CL3CM3CN3CO3CP3CQ3CR3CS3CT3CU3DA3DB3DC3DD3DE3DF3DG3DH3DI3DJ3DK3DL3DM3DN3DO3DP3DQ3DR3DS3DT3DU3EA3EB3EC3ED3EE3EF3EG3EH3EI3EJ3EK3EL3EM3EN3EO3EP3EQ3ER3ES3FA3FB3FC3FD3FE3FF3FG3FH3FI3FJ3FK3FL3FM3FN3GE3GF3GG3GH3GI3GJ3GK3GL3JA3JB3JC3KA3KB3KC3KD3LA3LB3LC3LD3LE3MA3MB3MC3MD3ME3NA3NB3NC3ND3NE3OA3OB3OC3OD3OE3PA3PB3PC3PD3PE3QA3QB3QC3QD3QE3RA3RB3RC3RD3RE3RF3SA3SB3SC3SD3SE3SF3SG3SH3TA3TB3TC3TD3TE3TF3TG3TH3UA3UB3UC3UD3UE3UF3UG3UH3VA3VB3VC3VD3VE3VF3VG3WA3WB3WC3WD3WE3WF3XA3XB3XC3XD3XE3XF4AA4AB4AC4AD4AE4AF4AG4AH4AJ4AK4AL4AM4BA4BB4BC4BD4BE4BF4BG4BH4BJ4BK4BL4BM4CA4CB4CC4CD4CE4CF4CG4CJ4CK4CL4DA4DB4DC4DD4DE4DF4DJ4DK4EA4EB4EC4ED4EE4EF4EG4EH4EI4EJ4EK4FA4FB4FC4FD4FE4FF4FJ4FK4FT4GA4GB4GC4GD4GE4GF4GJ4GK4GS4GT4HA4HB4HC4HD4HE4HF4HK4HS4HT4IA4IB4IC4ID4IE4IF4IG4IS4IT4JA4JB4JC4JD4JE4JF4JG4JS4KA4KB4KC4KD4KE4KF4KO4KS4LA4LB4LC4LD4LE4LF4LS4MA4MB4MC4MD4ME4MF4MS4NA4NB4NC4ND4NE4NF4NP4OA4OB4OC4OD4OE4OF4PA4PB4PC4PD4PE4PF4PG4QA4QB4QC4QD4QE4QF4QG4RA4RB4RC4RD4RE4RF4RG4SA4SB4SC4SD4SE4SF4SG4SM4SN4SO4TA4TB4TC4TD4TE4TF4TG4TL4TM4TN4TO4TP4UA4UB4UC4UD4UE4UF4UG4UL4UM4UN4UO4UP4VA4VB4VC4VD4VE4VF4VG4VL4VM4VN4VO4VP4WA4WB4WC4WD4WE4WF4WG4WH4WI4WJ4WK4WL4WM4WN4WO4WP4XA4XB4XC4XD4XE4XF4XG4XH4XI4XJ4XK4XL4XM4XN4XO</Field33>
<Field34>777</Field34>
<Field35>1AA1AB1AC1AD1AE1AF1BA1BB1BC1BD1BE1BF1CA1CB1CC1CD1CE1CF1DA1DB1DC1DD1DE1DF1DG1EC1ED1EE1EF1EG1EH1EI1EQ1ER1ES1FE1FF1FG1FH1FI1FJ1FP1FQ1FR1FS1GF1GG1GH1GI1GJ1GO1GP1GQ1GR1GS1HG1HH1HI1HJ1HK1HL1HM1HN1HO1HP1HQ1HR1HS1IG1IH1II1IJ1IK1IL1IM1JF1JG1JH1JI1JJ1JK1JL1JM1KF1KG1KH1KI1KJ1LE1LF1LG1LH1ME1MF1MG1NE1NF1NG1PC1PD1PE1QC1QD1QE1QR1RC1RD1RE1RP1TB1TC1TD1UB1UC1UD1VB1VC1VD1VJ1WA1WB1WF1WG1WH1WJ1XA1XB1XF1XG1XH1XJ1XK1XL1XM1XN1XO2AH2AI2AJ2AK2AL2AM2BH2BI2BJ2BK2BL2BM2CH2CJ2CK2CL2CM2DD2DK2DL2DM2DN2ED2EE2EJ2EK2EL2EM2EN2FD2FE2FK2FL2FM2FN2FR2FS2FT2FU2GD2GE2GF2GK2GL2GM2GQ2GR2GS2GT2GU2HD2HE2HF2HG2HQ2HR2HS2HT2HU2ID2IE2IF2IQ2IR2IS2JD2JE2JF2JP2JQ2JR2JS2KD2KE2KR2KS2LC2LD2LR2MC2MD2MI2MJ2MM2MN2MR2NC2ND2NL2NM2OD2PD2PE2PF2QD2QE2QF2QU2RD2RE2RF2RG2RU2SD2SE2SF2SG2SU2TE2TF2TG2TH2UE2UF2UG2UH2UI2UN2UO2VF2VG2VH2VI2VJ2VK2VL2VM2VN2VO2VP2VQ2WF2WG2WH2WI2WJ2WK2WL2WM2WN2WO2WP2WQ2XO2XP2XQ3FQ3FR3FS3GO3GP3GQ3GR3GS3HM3HN3HO3HP3HQ3HR3HS3IL3IM3IN3IO3IP3IQ3IR3IS3JL3JM3JN3JO3JP3JQ3JR3JS3KJ3KK3KL3KM3KN3KO3KP3KQ3KR3KS3LI3LJ3LK3LL3LM3LN3LO3LP3LQ3MI3MJ3MK3ML3MM3MN3MO3MP3NH3NI3NJ3NK3NL3NM3NN3NO3OH3OI3OJ3OK3OL3OM3ON3OO3PH3PI3PJ3PK3PL3PM3PN3PO3QG3QH3QI3QJ3QK3QL3QM3QN3RG3RH3RI3RJ3RK3RL3RM3RN3SI3SJ3SK3SL3SM3TI3TJ3TK3TL3TM3UI3UJ3UK3UL3VH3VI3VJ3VK3VL3WG3WH3WI3WJ3WK3XG3XH3XI3XJ4BR4BS4BT4CQ4CR4CS4CT4DO4DP4DQ4DR4DS4DT4EN4EO4EP4EQ4ER4ES4ET4FM4FN4FO4FP4FQ4FR4FS4GL4GM4GN4GO4GP4GQ4GR4HL4HM4HN4HO4HP4HQ4IK4IL4IM4IN4IO4IP4JK4JL4JM4JN4JO4KJ4KK4KL4KM4KN4LJ4LK4LL4LM4LN4MJ4MK4ML4MM4MN4NJ4NK4NL4NM4NN4OI4OJ4OK4OL4OM4ON4PI4PJ4PK4PL4PM4QI4QJ4QK4QL4QM4RI4RJ4RK4RL4SI4SJ4SK4SL4TI4TJ4TK4UI4UJ4UK4VJ4VK</Field35>
<Field36>511</Field36>
<Field37>1AG1AH1BG1BH1CG1CH1CI1CJ1CK1CL1CM1DH1DI1DJ1DK1DL1DM1DN1EA1EB1EJ1EK1EL1EM1EN1FA1FB1FC1FD1FL1FM1FN1FO1GA1GB1GC1GD1GE1GK1GL1GM1GN1GT1HA1HB1HC1HD1HE1HF1HT1IA1IB1IC1ID1IE1IF1IN1IO1IR1IS1IT1JA1JB1JC1JD1JE1JN1JO1JP1JQ1KA1KB1KC1KD1KE1KK1KL1KM1KN1KO1KP1KQ1KR1KS1LA1LB1LC1LD1LI1LJ1LK1LL1LM1LN1LO1LP1LT1MA1MB1MC1MD1MH1MI1MJ1MK1ML1MM1MN1MO1MT1NA1NB1NC1ND1NH1NI1NJ1NK1NL1NM1NN1NT1OA1OB1OC1OD1OE1OF1OG1OH1OI1OJ1OK1OL1OM1ON1OS1OT1PA1PB1PF1PH1PI1PJ1PK1PL1PM1PN1PS1PT1QA1QB1QF1QG1QH1QI1QJ1QK1QL1QM1QN1QS1QT1RA1RB1RF1RG1RH1RI1RJ1RK1RL1RM1RN1RO1RQ1SA1SB1SC1SD1SE1SF1SG1SH1SI1SJ1TA1TE1TF1TG1UA1UE1UF1UG1VA1VE1VF1VG1WC1WD1WE1XC1XD1XE2AA2AB2AN2AO2AP2AQ2AR2AV2AW2AX2BA2BB2BW2BX2CA2CB2CC2CW2CX2DA2DB2DC2DJ2DS2DW2DX2EA2EB2EC2EO2ES2EW2EX2FA2FB2FC2FW2FX2GA2GB2GC2GW2GX2HA2HB2HC2HK2HL2HM2HN2HW2HX2IA2IB2IC2IK2IL2IM2IN2IO2IP2IV2IW2IX2JA2JB2JC2JK2JL2JM2JN2JO2JV2JW2JX2KA2KB2KC2KK2KL2KM2KN2KV2KW2KX2LA2LB2LK2LL2LM2LN2LV2LW2LX2MA2MB2MK2ML2MS2MT2MX2NA2NB2NR2NS2NT2NX2OA2OB2OC2OR2OS2OT2OX2PA2PB2PC2PG2PQ2PU2QA2QB2QC2QG2QH2QI2QJ2QL2QM2QN2QO2QP2QQ2QR2QS2QT2RA2RB2RC2RH2RI2RJ2RK2RL2RM2RN2RO2RP2RQ2RR2RS2RT2SA2SB2SC2SH2SI2SJ2SK2SL2SM2SN2SO2SP2SQ2SR2SS2ST2TA2TB2TC2TD2TI2TJ2TK2TL2TM2TN2TO2TP2TQ2TR2TS2UA2UB2UC2UD2UJ2UK2UL2UM2VA2VB2VC2VD2VE2WA2WB2WC2WD2WE2WR2WS2WT2WU2WV2WW2WX2XA2XB2XC2XD2XE2XF2XG2XH2XI2XJ2XK2XL2XM2XN2XR2XS2XT2XU2XV2XW2XX3ET3FO3FP3GA3GB3GC3GD3GM3GN3HA3HB3HC3HD3HE3HF3HG3HH3HI3HJ3HK3HL3IA3IB3IC3ID3IE3IF3IG3IH3II3IJ3IK3JD3JE3JF3JG3JH3JI3JJ3JK3KE3KF3KG3KH3KI3LF3LG3LH3MF3MG3MH3NF3NG3OF3OG3PF3PG3QF4AT4AU4AV4AW4AX4BU4BV4BW4BX4CU4CV4CW4CX4DU4DV4DW4DX4EU4EV4EW4EX4FU4FV4FW4FX4GU4GV4GW4GX4HU4HV4HW4HX4IU4IV4IW4IX4JT4JU4JV4JW4JX4KT4KU4KV4KW4KX4LT4LU4LV4LW4LX4MT4MU4MV4MW4MX4NT4NU4NV4NW4NX4OT4OU4OV4OW4OX4PS4PT4PU4PV4PW4PX4QS4QT4QU4QV4QW4QX4RS4RT4RU4RV4RW4RX4SS4ST4SU4SV4SW4SX4TT4TU4TV4TW4TX4UT4UU4UV4UW4UX4VT4VU4VV4VW4VX4WT4WU4WV4WW4WX4XT4XU4XV4XW4XX</Field37>
<Field38>607</Field38>
<Field39>2AS2AT2AU2BN2BO2BP2BQ2BR2BS2BT2BU2BV2CI2CN2CO2CP2CQ2CR2CS2CT2CU2CV2DI2DO2DP2DQ2DR2DT2DU2DV2EP2EQ2ER2ET2EU2EV2FO2FP2FQ2FV2GN2GO2GP2GV2HO2HP2HV2IT2IU2JT2JU2KT2KU2LJ2LS2LT2LU2MU2MV2MW2NU2NV2NW2OU2OV2OW2PR2PS2PT2PV2PW2PX2QV2QW2QX2RV2RW2RX2SV2SW2SX2TT2TU2TV2TW2TX2UP2UQ2UR2US2UT2UU2UV2UW2UX2VR2VS2VT2VU2VV2VW2VX3AV3AW3AX3BV3BW3BX3CV3CW3CX3DV3DW3DX3EU3EV3EW3EX3FT3FU3FV3FW3FX3GT3GU3GV3GW3GX3HT3HU3HV3HW3HX3IT3IU3IV3IW3IX3JT3JU3JV3JW3JX3KT3KU3KV3KW3KX3LR3LS3LT3LU3LV3LW3LX3MQ3MR3MS3MT3MU3MV3MW3MX3NP3NQ3NR3NS3NT3NU3NV3NW3NX3OP3OQ3OR3OS3OT3OU3OV3OW3OX3PP3PQ3PR3PS3PT3PU3PV3PW3PX3QO3QP3QQ3QR3QS3QT3QU3QV3QW3QX3RO3RP3RQ3RR3RS3RT3RU3RV3RW3RX3SN3SO3SP3SQ3SR3SS3ST3SU3SV3SW3SX3TN3TO3TP3TQ3TR3TS3TT3TU3TV3TW3TX3UM3UN3UO3UP3UQ3UR3US3UT3UU3UV3UW3UX3VM3VN3VO3VP3VQ3VR3VS3VT3VU3VV3VW3VX3WL3WM3WN3WO3WP3WQ3WR3WS3WT3WU3WV3WW3WX3XK3XL3XM3XN3XO3XP3XQ3XR3XS3XT3XU3XV3XW3XX4AI4AN4AO4AP4AQ4AR4AS4BI4BN4BO4BP4BQ4CH4CI4CM4CN4CO4CP4DG4DH4DI4DL4DM4DN4EL4EM4FG4FH4FI4FL4GG4GH4GI4HG4HH4HI4HJ4HR4IH4II4IJ4IQ4IR4JH4JI4JJ4JP4JQ4JR4KG4KH4KI4KP4KQ4KR4LG4LH4LI4LP4LQ4LR4MG4MH4MI4MO4MP4MQ4MR4NG4NH4NI4NO4NQ4NR4NS4OG4OH4OO4OQ4OR4OS4PH4PN4PO4PP4PQ4PR4QH4QN4QO4QP4QQ4QR4RH4RM4RN4RO4RP4RQ4RR4SH4SP4SQ4SR4TH4TQ4TR4TS4UH4UQ4UR4US4VH4VI4VQ4VR4VS4WQ4WR4WS4XP4XQ4XR4XS</Field39>
<Field40>407</Field40>
</results>
<results>
<Field1>3XEDXEGFX51Y8B6A3KOXAK9GF79K0Z</Field1>
<Field2>3PUZG2R74TXVF7CR9RD94D92J8X45X</Field2>
<Field3>Participate in a land classification study (Bonuses for accuracy)</Field3>
<Field4>Classify an aerial image into four different types of land cover</Field4>
<Field5>image classification, land cover, photo interpretation</Field5>
<Field6>$0.50</Field6>
<Field7>Tue Jun 29 15:46:53 PDT 2021</Field7>
<Field8>6</Field8>
<Field9>BatchId:4491423;OriginalHitTemplateId:928390828;</Field9>
<Field10>3600</Field10>
<Field11>259200</Field11>
<Field12>Tue Jul 06 15:46:53 PDT 2021</Field12>
<Field15>3URFVVM168VB0CF6RVASBQHRS5QUZG</Field15>
<Field16>A1UIEG4TQYQLH4</Field16>
<Field17>Submitted</Field17>
<Field18>Wed Jun 30 01:03:54 PDT 2021</Field18>
<Field19>Wed Jun 30 01:25:25 PDT 2021</Field19>
<Field20>Sat Jul 03 01:25:25 PDT 2021</Field20>
<Field24>1291</Field24>
<Field25>0% (0/0)</Field25>
<Field26>0% (0/0)</Field26>
<Field27>0% (0/0)</Field27>
<Field28>24891</Field28>
<Field29>old</Field29>
<Field30>img24891_old.jpg</Field30>
<Field31>https://raw.githubusercontent.com/ROIHabitat/lcimages/master/img24891_old.jpg</Field31>
<Field32>2293</Field32>
<Field33>1PL1PM1QL1QM1QN1RL1RM1RN1SM1SN1TM1TN1UM1UN1VK1VL1VM1VN1WK1WL1WM1XI1XJ1XK1XL2AE2AF2AG2AK2AL2AM2AN2AO2AP2AQ2AR2AS2AT2AU2AV2AW2BE2BF2BG2BK2BL2BM2BN2BO2BP2BQ2BR2BS2BT2BU2BV2BW2CE2CF2CG2CH2CI2CJ2CK2CL2CM2CN2CO2CP2CQ2CR2CS2CT2CU2CV2CW2DG2DH2DI2DJ2DK2DL2DM2DN2DO2DP2DQ2DR2DS2DT2DU2DV2DW2EG2EH2EI2EJ2EK2EL2EM2EN2EO2EP2EQ2ER2ES2ET2EU2EV2EW2FL2FM2FN2FO2FP2FQ2FR2FS2FT2FU2FV2FW2GL2GM2GN2GO2GP2GQ2GR2GS2GT2GU2GV2GW2HR2HS2HT2HU2HV2HW2IR2IS2IT2IU2IV2IW2JP2JQ2JR2JS2JT2JU2JV2JW2JX2KP2KQ2KR2KS2KT2KU2KV2KW2KX2LL2LM2LN2LO2LP2LQ2LR2LS2LT2LU2LV2LW2LX2ML2MM2MN2MO2MP2MQ2MR2MS2MT2MU2MV2MW2MX2NI2NJ2NK2NL2NM2NN2NO2NP2NQ2NR2NS2NT2NU2NV2NW2NX2OI2OJ2OK2OL2OM2ON2OO2OP2OQ2OR2OS2OT2OU2OV2OW2OX2PI2PJ2PK2PL2PM2PN2PO2PP2PQ2PR2PS2PT2PU2PV2PW2PX2QL2QM2QN2QO2QP2QQ2QR2QS2QT2QU2QV2QW2QX2RN2RO2RP2RQ2RR2RS2RT2RU2RV2RW2RX2SO2SP2SQ2SR2SS2ST2SU2SV2SW2SX2TO2TP2TQ2TR2TS2TT2TU2TV2TW2TX2UO2UP2UQ2UR2US2UT2UU2UV2UW2UX2VN2VO2VP2VQ2VR2VS2VT2VU2VV2VW2VX2WN2WO2WP2WQ2WR2WS2WT2WU2WV2WW2WX2XN2XO2XP2XQ2XR2XS2XT2XU2XV2XW2XX3BH3CG3CH3CI3DF3DG3EE3EF3FE3FF3GE3GF3HE3HF3IE3IF3JE3JF3KE3KF3LE3LF3MF3NF3NG3OG3OH3OI3PI3PN3PO3PP3QJ3QK3QL3QM3QN3QO3QP3QQ3QR3RJ3RK3RL3RM3RN3RO3RP3RQ3RR3SJ3SK3SL3SM3SN3SO3SP3SQ3SR3SS3ST3TJ3TK3TL3TM3TN3TO3TP3TQ3TR3TS3TT3UK3UL3UM3UN3UO3UP3UQ3UR3US3UT3VL3VM3VN3VO3VP3VQ3VR3VS3VT3WL3WM3WN3WO3WP3WQ3WR3WS3WT3XL3XM3XN3XO3XP3XQ3XR3XS3XT4KA4LA4LB4LC4LD4LE4MA4MB4MC4MD4ME4MI4MJ4MK4NA4NB4NC4ND4NE4NF4NG4NH4NI4NJ4NK4OA4OB4OC4OD4OE4OF4OG4OH4OI4OJ4OK4PA4PB4PC4PD4PE4PF4PG4PH4PI4QA4QB4QC4QD4QE4QF4QG4QH4RA4RB4RC4RD4RE4RF4RG4RH4RJ4RK4RL4SA4SB4SC4SD4SE4SF4SG4SH4SI4SJ4SK4SL4TA4TB4TC4TD4TE4TF4TG4TH4TI4TJ4TK4TL4UA4UB4UC4UD4UE4UF4UG4UH4UI4VA4VB4VC4VD4VE4VF4VG4VH4VI4VJ4WA4WB4WC4WD4WE4WF4WG4WH4WI4WJ4XA4XB4XC4XE4XF4XG4XH4XI4XJ</Field33>
<Field34>560</Field34>
<Field35>1HA1HB1IA1IB1JA1JB1JC1KA1KB1KC1LA1LB1LC1MA1MB1MC1NA1NB1NC1NE1NF1NG1NH1NI1NJ1NK1OA1OB1OC1OE1OF1OG1OH1OI1OJ1OK1OL1PA1PB1PC1PE1PF1PG1PH1PI1PJ1PK1QA1QB1QC1QD1QE1QF1QG1QH1QI1QJ1QK1RC1RD1RE1RF1RG1RH1RI1RJ1RK1SC1SD1SE1SF1SG1SH1SI1TD1TE1TF1TG1UE1UF1VF2AA2AB2AC2AD2AH2AI2AJ2BA2BB2BC2BD2BH2BI2BJ2CA2CB2CC2CD2DA2DB2DC2DD2DE2DF2EA2EB2EC2ED2EE2EF2FA2FB2FC2FD2FE2FF2FG3AI3AJ3AK3AL3AM3AN3AO3AP3AQ3AR3AS3AT3AU3AV3AW3AX3BI3BJ3BK3BL3BM3BN3BO3BP3BQ3BR3BS3BT3BU3BV3BW3BX3CJ3CK3CL3CM3CN3CO3CP3CQ3CR3CS3CT3CU3CV3CW3CX3DH3DI3DJ3DK3DL3DM3DN3DO3DP3DQ3DR3DS3DT3DU3DV3DW3DX3EG3EH3EI3EJ3EK3EL3EM3EN3EO3EP3EQ3ER3ES3ET3EU3EV3EW3EX3FG3FH3FI3FJ3FK3FL3FM3FN3FO3FP3FQ3FR3FS3FT3FU3FV3FW3FX3GI3GJ3GK3GL3GM3GN3GO3GP3GQ3GR3GS3GT3GU3GV3GW3GX3HI3HJ3HK3HL3HM3HN3HO3HP3HQ3HR3HS3HT3HU3HV3HW3HX3IJ3IK3IL3IM3IN3IO3IP3IQ3IR3IS3IT3IU3IV3IW3IX3JL3JM3JN3JO3JP3JQ3JR3JS3JT3JX3KL3KM3KQ3KR3KS3KT3KX3LL3LM3LR3LS3LX3MS3MW3MX3NW3NX3OW3OX3PW3PX3QX3RX3SX3TW3TX3UX3VX3WX3XX4KQ4KR4KS4LQ4LR4LS4MM4MN4MQ4MR4MS4NL4NM4NN4NO4NP4NQ4NR4NS4OL4OM4ON4OO4OP4OQ4OR4OS4PJ4PK4PL4PM4PN4PO4PP4PQ4PR4PS4QI4QJ4QK4QL4QM4QN4QO4QP4QQ4QR4QS4RI4RM4RN4RO4RP4RQ4RR4RS4SM4SN4SO4SP4SQ4SR4SS4TM4TN4TO4TP4TQ4TR4TS4UJ4UK4UL4UM4UN4UO4UP4UQ4UR4US4VK4VL4VM4VN4VO4VP4VQ4VR4VS4WK4WL4WM4WN4WO4WP4WQ4WR4WS4XD4XK4XL4XM4XN4XO4XP4XQ4XR4XS</Field35>
<Field36>413</Field36>
<Field37>1JD1KD1LD1MD1ME1MF1MG1ND1OD1PD1RA1RB1SA1SB1TA1TB1TC1UA1UB1UC1UD1VA1VB1VC1VD1VE1WA1WB1WC1WD1WE1XA1XB1XC1XD4AM4AN4AO4AP4AQ4AR4AS4BM4BN4BO4BP4BQ4BR4BS4CM4CN4CO4CP4CQ4CR4CS4DL4DM4DN4DO4DP4DQ4DR4EL4EM4EN4EO4EP4EQ4ER4FL4FM4FN4FO4FP4FQ4FR4GL4GM4GN4GO4GP4GQ4GR4HB4HC4HD4HK4HL4HM4HN4HO4HP4HQ4HR4IA4IB4IC4ID4IE4IK4IL4IM4IN4IO4IP4IQ4JA4JB4JC4JD4JE4JG4JH4JI4JK4JL4JM4JN4JO4JP4JQ4KB4KC4KD4KE4KF4KG4KH4KI4KK4KL4KM4KN4KO4KP4LF4LG4LH4LI4LJ4LK4LL4LM4LN4LO4LP4MF4MG4MH4ML4MO4MP</Field37>
<Field38>153</Field38>
<Field39>1AA1AB1AC1AD1AE1AF1AG1AH1AI1AJ1AK1AL1AM1AN1AO1AP1AQ1AR1AS1AT1AU1AV1AW1AX1BA1BB1BC1BD1BE1BF1BG1BH1BI1BJ1BK1BL1BM1BN1BO1BP1BQ1BR1BS1BT1BU1BV1BW1BX1CA1CB1CC1CD1CE1CF1CG1CH1CI1CJ1CK1CL1CM1CN1CO1CP1CQ1CR1CS1CT1CU1CV1CW1CX1DA1DB1DC1DD1DE1DF1DG1DH1DI1DJ1DK1DL1DM1DN1DO1DP1DQ1DR1DS1DT1DU1DV1DW1DX1EA1EB1EC1ED1EE1EF1EG1EH1EI1EJ1EK1EL1EM1EN1EO1EP1EQ1ER1ES1ET1EU1EV1EW1EX1FA1FB1FC1FD1FE1FF1FG1FH1FI1FJ1FK1FL1FM1FN1FO1FP1FQ1FR1FS1FT1FU1FV1FW1FX1GB1GC1GD1GE1GF1GG1GH1GI1GJ1GK1GL1GM1GN1GO1GP1GQ1GR1GS1GT1GU1GV1GW1GX1HC1HD1HE1HF1HG1HH1HI1HJ1HK1HL1HM1HN1HO1HP1HQ1HR1HS1HT1HU1HV1HW1HX1IC1ID1IE1IF1IG1IH1II1IJ1IK1IL1IM1IN1IO1IP1IQ1IR1IS1IT1IU1IV1IW1IX1JE1JF1JG1JH1JI1JJ1JK1JL1JM1JN1JO1JP1JQ1JR1JS1JT1JU1JV1JW1JX1KE1KF1KG1KH1KI1KJ1KK1KL1KM1KN1KO1KP1KQ1KR1KS1KT1KU1KV1KW1KX1LE1LF1LG1LH1LI1LJ1LK1LL1LM1LN1LO1LP1LQ1LR1LS1LT1LU1LV1LW1LX1MH1MI1MJ1MK1ML1MM1MN1MO1MP1MQ1MR1MS1MT1MU1MV1MW1MX1NL1NM1NN1NO1NP1NQ1NR1NS1NT1NU1NV1NW1NX1OM1ON1OO1OP1OQ1OR1OS1OT1OU1OV1OW1OX1PN1PO1PP1PQ1PR1PS1PT1PU1PV1PW1PX1QO1QP1QQ1QR1QS1QT1QU1QV1QW1QX1RP1RQ1RR1RS1RT1RU1RV1RW1RX1SJ1SK1SL1SO1SP1SQ1SR1SS1ST1SU1SV1SW1SX1TH1TI1TJ1TK1TL1TO1TP1TQ1TR1TS1TT1TU1TV1TW1TX1UG1UH1UI1UJ1UK1UL1UO1UP1UQ1UR1US1UT1UU1UV1UW1UX1VG1VH1VI1VJ1VO1VP1VQ1VR1VS1VT1VU1VV1VW1VX1WF1WG1WH1WI1WJ1WN1WO1WP1WQ1WR1WS1WT1WU1WV1WW1WX1XE1XF1XG1XH1XN1XO1XP1XQ1XR1XS1XT1XU1XV1XW1XX2AX2BX2CX2DX2EX2FH2FI2FJ2FK2FX2GA2GB2GC2GD2GE2GF2GG2GH2GI2GJ2GK2GX2HA2HB2HC2HD2HE2HF2HG2HH2HI2HJ2HK2HL2HM2HN2HO2HP2HQ2HX2IA2IB2IC2ID2IE2IF2IG2IH2II2IJ2IK2IL2IM2IN2IO2IP2IQ2IX2JA2JB2JC2JD2JE2JF2JG2JH2JI2JJ2JK2JL2JM2JN2JO2KA2KB2KC2KD2KE2KF2KG2KH2KI2KJ2KK2KL2KM2KN2KO2LA2LB2LC2LD2LE2LF2LG2LH2LI2LJ2LK2MA2MB2MC2MD2ME2MF2MG2MH2MI2MJ2MK2NA2NB2NC2ND2NE2NF2NG2NH2OA2OB2OC2OD2OE2OF2OG2OH2PA2PB2PC2PD2PE2PF2PG2PH2QA2QB2QC2QD2QE2QF2QG2QH2QI2QJ2QK2RA2RB2RC2RD2RE2RF2RG2RH2RI2RJ2RK2RL2RM2SA2SB2SC2SD2SE2SF2SG2SH2SI2SJ2SK2SL2SM2SN2TA2TB2TC2TD2TE2TF2TG2TH2TI2TJ2TK2TL2TM2TN2UA2UB2UC2UD2UE2UF2UG2UH2UI2UJ2UK2UL2UM2UN2VA2VB2VC2VD2VE2VF2VG2VH2VI2VJ2VK2VL2VM2WA2WB2WC2WD2WE2WF2WG2WH2WI2WJ2WK2WL2WM2XA2XB2XC2XD2XE2XF2XG2XH2XI2XJ2XK2XL2XM3AA3AB3AC3AD3AE3BA3BB3BC3BD3BE3CA3CB3CC3CD3CE3DA3DB3DC3DD3DE3EA3EB3EC3ED3FA3FB3FC3FD3GA3GB3GC3GD3GG3GH3HA3HB3HC3HD3HG3HH3IA3IB3IC3ID3IG3IH3JA3JB3JC3JD3JG3JH3JI3JJ3JK3JU3JV3JW3KA3KB3KC3KD3KG3KH3KI3KJ3KK3KN3KO3KP3KU3KV3KW3LA3LB3LC3LD3LG3LH3LI3LJ3LK3LN3LO3LP3LT3LU3LV3LW3MA3MB3MC3MD3ME3MG3MH3MI3MJ3MK3ML3MM3MN3MO3MP3MQ3MR3MT3MU3MV3NA3NB3NC3ND3NE3NH3NI3NJ3NK3NL3NM3NN3NO3NP3NQ3NR3NS3NT3NU3NV3OA3OB3OC3OD3OE3OF3OJ3OK3OL3OM3ON3OO3OP3OQ3OR3OS3OT3OU3OV3PA3PB3PC3PD3PE3PF3PG3PH3PJ3PK3PL3PM3PQ3PR3PS3PT3PU3PV3QA3QB3QC3QD3QE3QF3QG3QH3QI3QS3QT3QU3QV3QW3RA3RB3RC3RD3RE3RF3RG3RH3RI3RS3RT3RU3RV3RW3SA3SB3SC3SD3SE3SF3SG3SH3SI3SU3SV3SW3TA3TB3TC3TD3TE3TF3TG3TH3TI3TU3TV3UA3UB3UC3UD3UE3UF3UG3UH3UI3UJ3UU3UV3UW3VA3VB3VC3VD3VE3VF3VG3VH3VI3VJ3VK3VU3VV3VW3WA3WB3WC3WD3WE3WF3WG3WH3WI3WJ3WK3WU3WV3WW3XA3XB3XC3XD3XE3XF3XG3XH3XI3XJ3XK3XU3XV3XW4AA4AB4AC4AD4AE4AF4AG4AH4AI4AJ4AK4AL4AT4AU4AV4AW4AX4BA4BB4BC4BD4BE4BF4BG4BH4BI4BJ4BK4BL4BT4BU4BV4BW4BX4CA4CB4CC4CD4CE4CF4CG4CH4CI4CJ4CK4CL4CT4CU4CV4CW4CX4DA4DB4DC4DD4DE4DF4DG4DH4DI4DJ4DK4DS4DT4DU4DV4DW4DX4EA4EB4EC4ED4EE4EF4EG4EH4EI4EJ4EK4ES4ET4EU4EV4EW4EX4FA4FB4FC4FD4FE4FF4FG4FH4FI4FJ4FK4FS4FT4FU4FV4FW4FX4GA4GB4GC4GD4GE4GF4GG4GH4GI4GJ4GK4GS4GT4GU4GV4GW4GX4HA4HE4HF4HG4HH4HI4HJ4HS4HT4HU4HV4HW4HX4IF4IG4IH4II4IJ4IR4IS4IT4IU4IV4IW4IX4JF4JJ4JR4JS4JT4JU4JV4JW4JX4KJ4KT4KU4KV4KW4KX4LT4LU4LV4LW4LX4MT4MU4MV4MW4MX4NT4NU4NV4NW4NX4OT4OU4OV4OW4OX4PT4PU4PV4PW4PX4QT4QU4QV4QW4QX4RT4RU4RV4RW4RX4ST4SU4SV4SW4SX4TT4TU4TV4TW4TX4UT4UU4UV4UW4UX4VT4VU4VV4VW4VX4WT4WU4WV4WW4WX4XT4XU4XV4XW4XX</Field39>
<Field40>1167</Field40>
</results>
<results>
<Field1>3XEDXEGFX51Y8B6A3KOXAK9GF79K0Z</Field1>
<Field2>3PUZG2R74TXVF7CR9RD94D92J8X45X</Field2>
<Field3>Participate in a land classification study (Bonuses for accuracy)</Field3>
<Field4>Classify an aerial image into four different types of land cover</Field4>
<Field5>image classification, land cover, photo interpretation</Field5>
<Field6>$0.50</Field6>
<Field7>Tue Jun 29 15:46:53 PDT 2021</Field7>
<Field8>6</Field8>
<Field9>BatchId:4491423;OriginalHitTemplateId:928390828;</Field9>
<Field10>3600</Field10>
<Field11>259200</Field11>
<Field12>Tue Jul 06 15:46:53 PDT 2021</Field12>
<Field15>3V5Q80FXI041V7ZBN45D16HKUHE23B</Field15>
<Field16>A1EK8YNHZHTW1J</Field16>
<Field17>Submitted</Field17>
<Field18>Tue Jun 29 19:45:17 PDT 2021</Field18>
<Field19>Tue Jun 29 19:53:15 PDT 2021</Field19>
<Field20>Fri Jul 02 19:53:15 PDT 2021</Field20>
<Field24>478</Field24>
<Field25>100% (1/1)</Field25>
<Field26>0% (0/0)</Field26>
<Field27>0% (0/0)</Field27>
<Field28>24891</Field28>
<Field29>old</Field29>
<Field30>img24891_old.jpg</Field30>
<Field31>https://raw.githubusercontent.com/ROIHabitat/lcimages/master/img24891_old.jpg</Field31>
<Field32>2264</Field32>
<Field33>1AA1AB1AC1AD1AE1AF1AG1AH1AI1AJ1AK1AL1AM1AN1AO1AP1AQ1AR1AS1AT1AU1AV1AW1AX1BA1BB1BC1BD1BE1BF1BG1BH1BI1BJ1BK1BL1BM1BN1BO1BP1BQ1BR1BS1BT1BU1BV1BW1BX1CA1CB1CC1CD1CE1CF1CG1CH1CI1CJ1CK1CL1CM1CN1CO1CP1CQ1CR1CS1CT1CU1CV1CW1CX1DA1DB1DC1DD1DE1DF1DG1DH1DI1DJ1DK1DL1DM1DN1DO1DP1DQ1DR1DS1DT1DU1DV1DW1DX1EA1EB1EC1ED1EE1EF1EG1EH1EI1EJ1EK1EL1EM1EN1EO1EP1EQ1ER1ES1ET1EU1EV1EW1EX1FA1FB1FC1FD1FE1FF1FG1FH1FI1FJ1FK1FL1FM1FN1FO1FP1FQ1FR1FS1FT1FU1FV1FW1FX1GC1GD1GE1GF1GG1GH1GI1GJ1GK1GL1GM1GN1GO1GP1GQ1GR1GS1GT1GU1GV1GW1GX1HD1HE1HF1HG1HH1HI1HJ1HK1HL1HM1HN1HO1HP1HQ1HR1HS1HT1HU1HV1HW1HX1ID1IE1IF1IG1IH1II1IJ1IK1IL1IM1IN1IO1IP1IQ1IR1IS1IT1IU1IV1IW1IX1JD1JE1JF1JG1JH1JI1JJ1JK1JL1JM1JN1JO1JP1JQ1JR1JS1JT1JU1JV1JW1JX1KD1KE1KF1KG1KH1KI1KJ1KK1KL1KM1KN1KO1KP1KQ1KR1KS1KT1KU1KV1KW1KX1LC1LD1LE1LF1LG1LH1LI1LJ1LK1LL1LM1LN1LO1LP1LQ1LR1LS1LT1LU1LV1LW1LX1MG1MH1MI1MJ1MK1ML1MM1MN1MO1MP1MQ1MR1MS1MT1MU1MV1MW1MX1NJ1NK1NL1NM1NN1NO1NP1NQ1NR1NS1NT1NU1NV1NW1NX1OL1OM1ON1OO1OP1OQ1OR1OS1OT1OU1OV1OW1OX1PL1PM1PN1PO1PP1PQ1PR1PS1PT1PU1PV1PW1PX1QL1QO1QP1QQ1QR1QS1QT1QU1QV1QW1QX1RL1RO1RP1RQ1RR1RS1RT1RU1RV1RW1SL1SO1SP1SQ1SR1SS1ST1SU1TK1TL1TO1TP1TQ1TR1TS1TT1TU1TV1TW1TX1UK1UL1UO1UP1UQ1UR1US1UT1UU1UV1UW1UX1VI1VJ1VK1VN1VO1VP1VQ1VR1VS1VT1VU1VV1VW1VX1WH1WI1WJ1WK1WN1WO1WP1WQ1WR1WS1WT1WU1WV1WW1WX1XG1XH1XI1XJ1XM1XN1XO1XP1XQ1XR1XS1XT1XU1XV1XW1XX2AG2AH2AI2AJ2AK2AL2AM2AN2AO2AP2AQ2AR2AS2AT2AU2AV2AW2AX2BA2BB2BC2BD2BG2BH2BI2BJ2BK2BL2BM2BN2BO2BP2BQ2BR2BS2BT2BU2BV2BW2BX2CA2CB2CC2CD2CE2CF2CG2CH2CI2CJ2CK2CO2CP2CQ2CR2CS2CT2CU2CV2CW2CX2DA2DB2DC2DD2DE2DF2DG2DH2DI2DJ2DK2DO2DP2DQ2DR2DS2DT2DU2DV2DW2DX2EA2EB2EC2ED2EE2EF2EG2EH2EI2EJ2EK2EL2EM2EN2EO2EP2EQ2ER2ES2ET2EU2EV2EW2EX2FA2FB2FC2FD2FE2FF2FG2FH2FI2FJ2FK2FL2FM2FN2FO2FP2FQ2FR2FS2FT2FU2FV2FW2FX2GA2GB2GC2GD2GE2GF2GG2GH2GI2GJ2GK2GL2GM2GN2GO2GP2GQ2GR2GS2GT2GU2GV2GW2GX2HA2HB2HC2HD2HE2HF2HG2HH2HI2HJ2HK2HL2HM2HN2HO2HP2HQ2HR2HS2HT2HU2HV2HW2HX2IA2IB2IC2ID2IE2IF2IG2IH2II2IJ2IK2IL2IM2IN2IO2IP2IQ2IR2IS2IT2IU2IV2IW2IX2JA2JB2JC2JD2JE2JF2JG2JH2JI2JJ2JK2JL2JM2JN2JO2JP2JQ2JR2JS2JT2JU2JV2JW2JX2KA2KB2KC2KD2KE2KF2KG2KH2KI2KJ2KK2KL2KM2KN2KO2KP2KQ2KR2KS2KT2KU2KV2KW2KX2LA2LB2LC2LD2LE2LF2LG2LH2LI2LJ2LK2LL2LM2LN2LO2LP2LQ2LR2LS2LT2LU2LV2LW2LX2MA2MB2MC2MD2ME2MF2MG2MH2MI2MJ2MK2ML2MM2MN2MO2MP2MQ2MR2MS2MT2MU2MV2MW2MX2NA2NB2NC2ND2NE2NF2NG2NH2NI2NJ2NK2NL2NM2NN2NO2NP2NQ2NR2NS2NT2NU2NV2NW2NX2OA2OB2OC2OD2OE2OF2OG2OH2OI2OJ2OK2OL2OM2ON2OO2OP2OQ2OR2OS2OT2OU2OV2OW2OX2PA2PB2PC2PD2PE2PF2PG2PH2PI2PJ2PK2PL2PM2PN2PO2PP2PQ2PR2PS2PT2PU2PV2PW2PX2QA2QB2QC2QD2QE2QF2QG2QH2QI2QJ2QK2QL2QM2QN2QO2QP2QQ2QR2QS2QT2QU2QV2QW2QX2RE2RF2RG2RH2RI2RJ2RK2RL2RM2RN2RO2RP2RQ2RR2RS2RT2RU2RV2RW2RX2SE2SF2SG2SH2SI2SJ2SK2SL2SM2SN2SO2SP2SQ2SR2SS2ST2SU2SV2SW2SX2TA2TB2TC2TD2TE2TF2TG2TH2TI2TJ2TK2TL2TM2TN2TO2TP2TQ2TR2TS2TT2TU2TV2TW2TX2UA2UB2UC2UD2UE2UF2UG2UL2UM2UN2UO2UP2UQ2UR2US2UT2UU2UV2VA2VB2VC2VD2VE2VF2VG2VJ2VK2VL2VM2VN2VO2VP2VQ2VR2VS2VT2VU2WA2WB2WC2WD2WE2WF2WG2WH2WI2WJ2WK2WL2WM2WN2WO2WP2WQ2WR2WS2WT2XA2XB2XC2XD2XE2XF2XG2XH2XI2XJ2XK2XL2XM2XN2XO2XP2XQ2XR2XS2XV3AF3AG3AH3AI3AJ3AK3AL3AM3AN3AO3AP3AQ3AR3AS3AT3AX3BF3BG3BH3BI3BJ3BK3BL3BM3BN3BO3BP3BQ3BR3BS3BT3BX3CF3CG3CH3CI3CJ3CK3CL3CM3CN3CO3CP3CQ3CR3CS3CT3CU3CX3DF3DG3DH3DI3DJ3DK3DL3DM3DN3DO3DP3DQ3DR3DS3DT3DU3DV3DW3DX3EE3EF3EG3EH3EI3EJ3EK3EL3EM3EN3EO3EP3EQ3ER3ES3ET3EU3EV3EW3EX3FB3FC3FD3FE3FF3FG3FH3FI3FJ3FK3FL3FM3FN3FO3FP3FQ3FR3FS3FT3FU3FV3FW3FX3GB3GC3GD3GE3GF3GG3GH3GI3GJ3GK3GL3GM3GN3GO3GP3GQ3GR3GS3GT3GU3GV3GW3GX3HB3HC3HD3HE3HF3HG3HH3HI3HJ3HK3HL3HM3HN3HO3HP3HQ3HR3HS3HT3HU3HV3HW3HX3IB3IC3ID3IE3IF3IG3IH3II3IJ3IK3IL3IM3IN3IO3IP3IQ3IR3IS3IT3IU3IV3IW3JB3JC3JD3JE3JF3JG3JH3JI3JJ3JK3JL3JM3JN3JO3JP3JQ3JR3JS3JT3JU3JV3KB3KC3KD3KE3KF3KG3KH3KI3KJ3KK3KL3KM3KN3KO3KP3KQ3KR3KS3KT3KU3LC3LD3LE3LM3LN3LQ3LR3LS3LT3MC3MD3ME3MF3MQ3MR3MS3MX3NC3ND3NE3NG3NH3NI3NW3NX3OC3OD3OE3OG3OH3OI3OJ3OK3OL3OM3ON3OO3OP3OQ3OR3OS3OT3OU3OW3OX3PC3PD3PE3PG3PH3PI3PJ3PK3PL3PM3PN3PO3PP3PQ3PR3PS3PT3PU3PW3PX3QC3QD3QE3QG3QH3QI3QJ3QK3QL3QM3QN3QO3QP3QQ3QR3QS3QT3QU3QV3QW3QX3RC3RD3RE3RG3RH3RI3RJ3RK3RL3RM3RN3RO3RP3RR3RS3RT3RU3RV3RW3RX3SC3SD3SG3SH3SI3SJ3SK3SL3SM3SN3SO3SP3SW3SX3TC3TD3TE3TF3TG3TH3TI3TJ3TK3TL3TM3TN3TO3TP3TQ3TR3TS3TX3UC3UD3UE3UF3UG3UH3UI3UJ3UK3UL3UM3UN3UO3UP3UQ3UR3US3UT3UX3VC3VD3VE3VF3VG3VH3VI3VJ3VK3VL3VM3VN3VO3VP3VQ3VR3VS3VT3VU3VW3VX3WC3WD3WE3WF3WG3WH3WI3WJ3WK3WL3WM3WN3WO3WP3WQ3WR3WS3WT3WU3WV3WW3WX3XC3XD3XE3XF3XG3XH3XI3XJ3XK3XL3XM3XN3XO3XP3XQ3XR3XS3XT3XU3XV3XW3XX4AA4AB4AC4AD4AE4AF4AG4AH4AI4AJ4AK4AL4AM4AN4AO4AP4AQ4AR4AS4AV4AW4BA4BB4BC4BD4BE4BF4BG4BH4BI4BJ4BK4BL4BM4BN4BO4BP4BQ4BR4BU4BV4BW4CA4CB4CC4CD4CE4CF4CG4CH4CI4CJ4CK4CL4CM4CN4CO4CP4CT4CU4CV4DA4DB4DC4DD4DE4DF4DG4DH4DI4DJ4DK4DL4DM4DN4DO4DP4DS4DT4DU4DV4EA4EB4EC4ED4EE4EF4EG4EH4EI4EJ4EK4EL4EM4EN4EO4EP4ES4ET4EU4EV4FA4FB4FC4FD4FE4FF4FG4FJ4FK4FL4FM4FN4FO4FP4FS4FT4FU4FV4GA4GB4GC4GD4GE4GF4GG4GJ4GK4GL4GM4GN4GO4GP4GS4GT4GU4GV4HE4HF4HG4HH4HI4HJ4HK4HL4HM4HN4HO4HS4HT4HU4HV4IF4IG4IH4II4IJ4IK4IL4IM4IN4IS4IT4IU4IV4JN4JO4JR4JS4JT4JU4JV4KC4KD4KE4KF4KN4KO4KP4KQ4KR4KS4KT4KU4KV4KW4LB4LC4LD4LE4LF4LG4LN4LO4LP4LQ4LR4LS4LT4LU4LV4LW4MB4MC4MD4ME4MF4MG4MK4ML4MM4MN4MO4MP4MQ4MR4MS4MT4MU4MV4MW4NB4NC4ND4NE4NF4NG4NH4NI4NJ4NK4NL4NM4NN4NO4NP4NQ4NR4NS4NT4NU4NV4NW4OB4OC4OD4OE4OF4OG4OH4OI4OJ4OK4OL4OM4ON4OO4OP4OQ4OR4OS4OT4OU4OV4OW4PB4PC4PD4PE4PF4PG4PH4PI4PJ4PK4PL4PM4PN4PO4PP4PQ4PR4PS4PT4PU4PV4PW4QB4QC4QD4QE4QF4QG4QH4QI4QJ4QK4QL4QM4QN4QO4QP4QQ4QR4QS4QT4QU4QV4QW4RB4RC4RD4RE4RF4RG4RH4RI4RJ4RK4RL4RM4RN4RO4RP4RQ4RR4RS4RT4RU4RV4RW4SB4SC4SD4SE4SF4SG4SH4SI4SJ4SK4SL4SM4SN4SO4SP4SQ4SR4SS4ST4SU4SV4SW4TB4TC4TD4TE4TF4TG4TH4TI4TJ4TK4TL4TM4TN4TO4TP4TQ4TR4TS4TT4TU4TV4TW4UA4UB4UC4UD4UE4UF4UG4UH4UI4UJ4UK4UL4UM4UN4UO4UP4UQ4UR4US4UT4UU4UV4UW4VA4VB4VC4VD4VE4VF4VG4VH4VI4VJ4VK4VL4VM4VN4VO4VP4VQ4VR4VS4VT4VU4VV4VW4WA4WB4WC4WD4WE4WF4WG4WH4WI4WJ4WK4WL4WM4WN4WO4WP4WQ4WR4WS4WT4WU4WV4WW4XA4XB4XC4XD4XE4XF4XG4XH4XI4XO4XP4XQ4XR4XS4XT4XU4XV4XW4XX</Field33>
<Field34>1869</Field34>
<Field36>0</Field36>
<Field37>1GA1GB1HA1HB1HC1IA1IB1IC1JA1JB1JC1KA1KB1KC1LA1LB1MA1MB1MC1MD1ME1MF1NA1NB1NC1ND1NE1NF1NG1NH1NI1OA1OB1OC1OD1OE1OF1OG1OH1OI1OJ1OK1PA1PB1PC1PD1PE1PF1PG1PH1PI1PJ1PK1QA1QB1QC1QD1QE1QF1QG1QH1QI1QJ1QK1RA1RB1RC1RD1RE1RF1RG1RH1RI1RJ1RK1SA1SB1SC1SD1SE1SF1SG1SH1SI1SJ1TA1TB1TC1TD1TE1TF1TG1TH1TI1TJ1UA1UB1UC1UD1UE1UF1UG1UH1UI1UJ1VA1VB1VC1VD1VE1VF1VG1VH1WA1WB1WC1WD1WE1WF1WG1XA1XB1XC1XD1XE1XF2AA2AB2AC2AD2AE2AF2BE2BF2CL2CM2CN2DL2DM2DN2RA2RB2RC2RD2SA2SB2SC2SD2UH2UI2VH2VI3AA3AB3AC3AD3AE3BA3BB3BC3BD3BE3CA3CB3CC3CD3CE3DA3DB3DC3DD3DE3EA3EB3EC3ED3IX3JW3JX3KV3KW3KX3LF3LG3LH3LI3LJ3LK3LL3LO3LP3LU3LV3LW3LX3MG3MH3MI3MJ3MK3ML3MM3MN3MO3MP3MT3MU3MV3MW3NF3NJ3NK3NL3NM3NN3NO3NP3NQ3NR3NS3NT3NU3NV3OF3OV3PF3PV3QF3RF3RQ3SE3SF3SQ3SR3SS3ST3SU3SV3TT3TU3TV3TW3UU3UV3UW3VV4AT4AU4AX4BS4BT4BX4CQ4CR4CS4CW4CX4DQ4DR4DW4DX4EQ4ER4EW4EX4FQ4FR4FW4FX4GQ4GR4GW4GX4HA4HB4HC4HD4HP4HQ4HR4HW4HX4IA4IB4IC4ID4IE4IO4IP4IQ4IR4IW4IX4JA4JB4JC4JD4JE4JF4JG4JH4JI4JJ4JK4JL4JM4JP4JQ4JW4JX4KA4KB4KG4KH4KI4KJ4KK4KL4KM4KX4LA4LH4LI4LJ4LK4LL4LM4LX4MA4MH4MI4MJ4MX4NA4NX4OA4OX4PA4PX4QA4QX4RA4RX4SA4SX4TA4TX4UX4VX4WX</Field37>
<Field38>350</Field38>
<Field39>1QM1QN1RM1RN1RX1SM1SN1SV1SW1SX1TM1TN1UM1UN1VL1VM1WL1WM1XK1XL2UW2UX2VV2VW2VX2WU2WV2WW2WX2XT2XU2XW2XX3AU3AV3AW3BU3BV3BW3CV3CW4FH4FI4GH4GI</Field39>
<Field40>45</Field40>
</results>
<results>
<Field1>37M4O367VLVST6SEL27P6SXBLKFM5R</Field1>
<Field2>3PUZG2R74TXVF7CR9RD94D92J8X45X</Field2>
<Field3>Participate in a land classification study (Bonuses for accuracy)</Field3>
<Field4>Classify an aerial image into four different types of land cover</Field4>
<Field5>image classification, land cover, photo interpretation</Field5>
<Field6>$0.50</Field6>
<Field7>Tue Jun 29 15:46:53 PDT 2021</Field7>
<Field8>6</Field8>
<Field9>BatchId:4491423;OriginalHitTemplateId:928390828;</Field9>
<Field10>3600</Field10>
<Field11>259200</Field11>
<Field12>Tue Jul 06 15:46:53 PDT 2021</Field12>
<Field15>3D8YOU6S9HX9C2VVPQDHESOWNYTU6J</Field15>
<Field16>A19GCR0NP3PWWO</Field16>
<Field17>Submitted</Field17>
<Field18>Tue Jun 29 18:14:34 PDT 2021</Field18>
<Field19>Tue Jun 29 18:48:23 PDT 2021</Field19>
<Field20>Fri Jul 02 18:48:23 PDT 2021</Field20>
<Field24>2029</Field24>
<Field25>0% (0/0)</Field25>
<Field26>0% (0/0)</Field26>
<Field27>0% (0/0)</Field27>
<Field28>25340</Field28>
<Field29>new</Field29>
<Field30>img25340_new.jpg</Field30>
<Field31>https://raw.githubusercontent.com/ROIHabitat/lcimages/master/img25340_new.jpg</Field31>
<Field32>2191</Field32>
<Field33>1BA1BB1BC1BD1BE1BF1BG1BH1BI1BJ1BK1BL1BM1BN1BO1BP1BQ1BR1BS1BT1BU1BV1BW1BX1CA1CB1CC1CD1CE1CF1CG1CH1CI1CJ1CK1CL1CM1CN1CO1CP1CQ1CR1CS1CT1CU1CV1CW1DA1DB1DC1DD1DE1DF1DG1DH1DI1DJ1DK1DL1DM1DN1DO1DP1DQ1DR1DS1DT1DU1DV1EA1EB1EC1ED1EE1EF1EG1EH1EI1EJ1EK1EL1EM1EN1EO1EP1EQ1ER1ES1ET1EU1EV1FA1FB1FC1FD1FE1FF1FG1FH1FI1FJ1FK1FL1FM1FN1FO1FP1FQ1FR1FS1FT1FU1GA1GB1GC1GD1GE1GF1GG1GH1GI1GJ1GK1GL1GM1GN1GO1GP1GQ1GR1GS1GT1GU1GV1GW1HA1HB1HC1HD1HE1HF1HG1HH1HI1HJ1HK1HN1HO1HP1HQ1HR1HS1HT1HU1HV1HW1IA1IB1IC1ID1IE1IF1IG1IH1II1IJ1IK1IL1IM1IV1IW1JA1JB1JC1JD1JE1JF1JG1JH1JI1JJ1JK1JL1JM1KA1KB1KC1KD1KE1KF1KG1KH1KI1KJ1KK1KL1KM1KN1LB1LC1LD1LE1LF1LG1LH1LI1LJ1LK1LL1LM1LN1LO1LP1MB1MC1MD1ME1MF1MG1MH1MI1MJ1MK1ML1MM1MN1MO1MP1NB1NC1ND1NE1NF1NG1NH1NI1NJ1NK1NL1NM1NN1NO1NP1NQ1NR1OB1OC1OD1OE1OF1OG1OH1OI1OJ1OK1OL1OM1ON1OO1OP1OQ1OR1OS1OT1PB1PC1PD1PE1PF1PG1PH1PI1PJ1PK1PL1PM1PN1PO1PP1PQ1PR1PS1PT1PU1PV1QB1QC1QD1QE1QF1QG1QH1QI1QJ1QK1QL1QM1QN1QO1QP1QQ1QR1QS1QT1QU1QV1QW1QX1RB1RC1RD1RE1RF1RG1RH1RI1RJ1RK1RL1RM1RN1RO1RP1RQ1RR1RS1RT1RU1RV1RW1RX1SB1SC1SD1SE1SF1SG1SH1SI1SJ1SK1SL1SQ1SR1SS1ST1SU1SW1SX1TB1TC1TD1TE1TF1TG1TH1TI1TJ1TK1TL1TM1TQ1TR1TS1TT1TU1TX1UB1UC1UD1UE1UF1UG1UH1UI1UJ1UK1UL1UM1UQ1UR1US1UT1UU1UX1VB1VC1VD1VE1VF1VG1VH1VI1VJ1VK1VL1VM1VN1VQ1VR1VS1VT1VU1WB1WC1WD1WE1WF1WG1WH1WI1WJ1WK1WL1WM1WN1WR1WS1WT1WU1WV1WW1WX1XB1XC1XD1XE1XF1XG1XH1XI1XJ1XK1XL1XM1XN1XO1XP1XQ1XR1XS1XT1XU1XV1XW1XX2AO2AP2AQ2AR2AS2AT2AU2BO2BP2BQ2BR2BS2BT2BU2BV2CO2CP2CQ2CR2CS2CT2CU2DQ2DR2DS2DT2EQ2ER2ES2ET2EU2FQ2FR2FS2FT2FU2GP2GQ2GR2GS2GT2GU2HK2HL2HP2HQ2HR2HS2HT2HU2HV2IK2IL2IM2IN2IO2IP2IQ2IR2IS2IT2IU2IV2JM2JN2JO2JP2JQ2JR2JS2JT2JU2JV2KM2KN2KO2KP2KQ2KR2KS2KT2KU2KV2LM2LN2LO2LP2LQ2LR2LS2LT2LU2LV2MM2MN2MO2MP2MQ2MR2MS2MT2MU2MV2NN2NO2NP2NQ2NR2NS2NT2NU2NV2ON2OO2OP2OQ2OR2OS2OT2OU2OV2PO2PP2PQ2PR2PS2PT2PU2PV2QO2QP2QQ2QR2QS2QT2QU2QV2RO2RP2RQ2RR2RS2RT2RU2RV2SO2SP2SQ2SR2SS2ST2SU2SV2TO2TP2TQ2TR2TS2TT2TU2TV2UN2UO2UP2UQ2UR2US2UT2UU2UV2VM2VN2VO2VP2VQ2VR2VS2VT2VU2VV2WM2WN2WO2WP2WQ2WR2WS2WT2WU2WV2XM2XN2XO2XP2XQ2XR2XS2XT2XU2XV3AB3AC3AD3AE3AF3AG3AH3AI3AJ3AK3AL3AM3AN3AO3AP3AQ3AR3BB3BC3BD3BE3BF3BG3BH3BI3BJ3BK3BL3BM3BN3BO3BP3BQ3CB3CC3CD3CE3CF3CG3CH3CI3CJ3CK3CL3CM3CN3CO3CP3CW3CX3DB3DC3DD3DE3DF3DG3DN3DO3DT3DU3DV3DW3DX3EB3EC3ED3EE3EF3EG3EO3ET3EU3EV3EW3EX3FB3FC3FD3FE3FF3FG3FH3FO3FU3FV3FW3FX3GB3GC3GD3GE3GF3GG3GO3GT3GU3GV3GW3GX3HB3HC3HD3HE3HF3HG3HH3HN3HO3HP3HQ3HR3HS3HT3HU3HV3HW3HX3IB3IF3IM3IN3IO3IP3IQ3IR3IS3IT3IU3IV3IW3IX3JB3JF3JN3JO3JP3JQ3JR3JS3JT3JU3JV3JW3JX3KB3KC3KF3KP3KQ3KR3KS3KT3KU3KV3KW3KX3LB3LC3LQ3LR3LS3LT3LU3LV3LW3LX3MB3MC3MK3MQ3MR3MS3MT3MU3MV3MW3MX3NB3NC3ND3NQ3NR3NS3NT3NU3NV3NW3NX3OB3OC3OQ3OR3OS3OT3OU3OV3OW3OX3PB3PC3PL3PQ3PR3PS3PT3PU3PV3PW3PX3QB3QC3QK3QL3QM3QQ3QR3QS3QT3QU3QV3QW3QX3RB3RC3RD3RS3RT3RU3RV3SB3SD3SE3ST3SU3TC3TD3TE3TF3UB3UC3UG3UH3UU3VB3VC3VU3WB3WC3WJ3WK3WV3XB3XJ3XK3XL4AN4AO4AP4AQ4AR4AS4AT4AU4AV4AW4BN4BO4BP4BQ4BR4BS4BT4BU4BV4BW4CO4CP4CQ4CR4CS4CT4CU4CV4CW4DA4DO4DP4DQ4DR4DS4DT4DU4DV4DW4EA4EP4EQ4ER4ES4ET4EU4EV4EW4FA4FB4FQ4FR4FS4FT4FU4FV4FW4GA4GB4GR4GS4GT4GU4GV4GW4HA4HB4HS4HT4HU4HV4HW4IA4IB4IU4IV4IW4JA4KA4KW4LA4MA4NA4NB4NC4ND4OA4OB4OC4OD4OE4PA4PB4PC4PD4PE4QA4QB4QC4QF4RB4RC4RE4RF4SC4SD4SE4SF4SG4SH4SI4SJ4TC4TG4TH4TI4TJ4UB4UD4UI4UJ4VE4VF4VG4VH4WE4WF4WG4WH</Field33>
<Field34>1030</Field34>
<Field35>1CX1DW1DX1EW1EX1FV1FW1FX1GX1HX1IX2AA2AB2AC2AD2AE2AF2AG2AH2AI2AJ2AM2AN2BA2BB2BC2BD2BE2BF2BG2BH2BI2BJ2BK2CA2CB2CC2CD2CE2CF2CG2CH2CI2CJ2CK2DA2DB2DC2DD2DE2EA2EB2EC2ED2EE2EL2EM2FA2FB2FC2FD2FE2FL2FM2GA2GB2GF2GG2GH2GI2GK2GL2GM2HA2HB2HF2HG2HH2HI2HJ2HM2HO2IA2IB2IF2IG2IH2II2IJ2JB2JC2JD2JE2JF2JK2JL2KD2KE2KF2KK2KL2LG2LK2LL2MH2MI2MJ2MK2ML2NJ2QA2RA2RB2SA2SB2SL2SM2SN2TA2TB2TL2TM2TN2UA2UB2UC2UL2UM2VC2VD2VL2WA2WD2WE2WL2XA2XB2XE2XF2XL3AS3AT3AU3AV3AW3AX3BR3BS3BT3BU3BV3BW3BX3CQ3CR3CT3CU3CV3DH3DI3DJ3DK3DL3DM3DP3DQ3EH3EI3EJ3EK3EL3EM3EN3EP3EQ3FI3FJ3FK3FL3FM3FN3FP3FT3GH3GI3GJ3GK3GL3GM3GN3GP3GQ3GS3HI3HJ3HK3HL3HM3IC3ID3IE3IG3IH3II3IJ3IK3IL3JC3JD3JE3JG3JH3JJ3JK3JL3JM3KD3KE3KG3KH3KJ3KK3KL3KM3KN3KO3LD3LE3LF3LH3LI3LJ3LK3LL3LM3LN3LO3LP3MD3ME3MI3MJ3ML3MM3MN3MP3NE3NI3NJ3NK3NL3NM3NN3NO3NP3OD3OE3OF3OK3OL3OM3ON3OO3OP3PD3PE3PJ3PK3PN3PO3PP3QD3QE3QF3QH3QI3QJ3QN3QO3QP3RE3RF3RG3RH3RI3RJ3RK3RL3RM3RN3RO3RP3RQ3RR3RW3RX3SC3SF3SI3SJ3SK3SL3SM3SO3SP3SQ3SR3SS3SV3SW3SX3TB3TG3TI3TJ3TK3TL3TO3TP3TQ3TR3TS3TT3TU3TV3TW3TX3UD3UE3UF3UI3UJ3UK3UN3UO3UP3UQ3UR3US3UT3UV3UW3UX3VD3VE3VF3VG3VH3VI3VJ3VK3VN3VO3VP3VQ3VR3VS3VT3VV3VW3VX3WD3WE3WF3WI3WL3WM3WT3WU3WW3WX3XC3XD3XE3XF3XG3XI3XM3XN3XO3XP3XQ3XR3XS3XT3XU3XV3XW3XX4AA4AB4AF4AG4AM4BA4BB4BC4BF4BG4BM4CA4CB4CC4CE4CF4CG4CH4CN4DB4DC4DD4DE4DF4DG4DH4DN4EB4EC4ED4EE4EF4EG4EH4EI4EO4FC4FD4FE4FF4FG4FH4FI4FJ4FO4FP4GC4GD4GE4GF4GG4GH4GI4GJ4GP4GQ4HC4HD4HE4HF4HG4HH4HI4HJ4HQ4HR4IC4II4IJ4IK4IR4IS4IT4JB4JT4JU4JV4KB4KV4LG4LW4MB4MC4MD4MH4MV4MW4NE4NX4OF4OX4PF4PW4PX4QG4QX4RA4RG4RH4RI4RJ4RK4SA4SB4SK4SL4SX4TA4TE4TF4TK4TL4TM4TX4UA4UE4UF4UG4UH4UK4UL4UM4UN4UO4UP4VA4VI4VJ4VK4VL4VM4VN4VO4VP4VQ4WA4WB4WC4WD4WI4WJ4WK4WL4WP</Field35>
<Field36>533</Field36>
<Field37>1SN1SO1SP1TN1TO1TP1UN1UO1UP1VO1VP1WO1WP1WQ2AV2AW2BW2CV2CW2DU2DV2DW2EV2EW2FV2FW2GV2GW2HW2IW2JW2KW2LW2MW2NW2NX2OW2OX2PW2PX2QW2QX2RW2RX2SW2SX2TW2TX2UW2UX2VW2VX2WW2WX2XW2XX4JW4QD4QE4RD4TB4TD4UC4VB4VC4VD</Field37>
<Field38>66</Field38>
<Field39>1HL1HM1IN1IO1IP1IQ1IR1IS1IT1IU1JN1JO1JP1JQ1JR1JS1JT1JU1JV1JW1JX1KO1KP1KQ1KR1KS1KT1KU1KV1KW1KX1LQ1LR1LS1LT1LU1LV1LW1LX1MQ1MR1MS1MT1MU1MV1MW1MX1NS1NT1NU1NV1NW1NX1OU1OV1OW1OX1PW1PX1SV1TV1TW1UV1UW1VV1VW1VX2AK2AL2BL2BM2BN2CL2CM2CN2DF2DG2DH2DI2DJ2DK2DL2DM2DN2DO2DP2EF2EG2EH2EI2EJ2EK2EN2EO2EP2FF2FG2FH2FI2FJ2FK2FN2FO2FP2GC2GD2GE2GJ2GN2GO2HC2HD2HE2HN2IC2ID2IE2JA2JG2JH2JI2JJ2KA2KB2KC2KG2KH2KI2KJ2LA2LB2LC2LD2LE2LF2LH2LI2LJ2MA2MB2MC2MD2ME2MF2MG2NA2NB2NC2ND2NE2NF2NG2NH2NI2NK2NL2NM2OA2OB2OC2OD2OE2OF2OG2OH2OI2OJ2OK2OL2OM2PA2PB2PC2PD2PE2PF2PG2PH2PI2PJ2PK2PL2PM2PN2QB2QC2QD2QE2QF2QG2QH2QI2QJ2QK2QL2QM2QN2RC2RD2RE2RF2RG2RH2RI2RJ2RK2RL2RM2RN2SC2SD2SE2SF2SG2SH2SI2SJ2SK2TC2TD2TE2TF2TG2TH2TI2TJ2TK2UD2UE2UF2UG2UH2UI2UJ2UK2VA2VB2VE2VF2VG2VH2VI2VJ2VK2WB2WC2WF2WG2WH2WI2WJ2WK2XC2XD2XG2XH2XI2XJ2XK3CS3DR3DS3ER3ES3FQ3FR3FS3GR3JI3KI3LG3MF3MG3MH3MO3NF3NG3NH3OG3OH3OI3OJ3PF3PG3PH3PI3QG3SG3SH3SN3TH3TM3TN3UL3UM3VL3VM3WG3WH3WN3WO3WP3WQ3WR3WS3XH4AC4AD4AE4AH4AI4AJ4AK4AL4BD4BE4BH4BI4BJ4BK4BL4CD4CI4CJ4CK4CL4CM4DI4DJ4DK4DL4DM4EJ4EK4EL4EM4EN4FK4FL4FM4FN4GK4GL4GM4GN4GO4HK4HL4HM4HN4HO4HP4ID4IE4IF4IG4IH4IL4IM4IN4IO4IP4IQ4JC4JD4JE4JF4JG4JH4JI4JJ4JK4JL4JM4JN4JO4JP4JQ4JR4JS4KC4KD4KE4KF4KG4KH4KI4KJ4KK4KL4KM4KN4KO4KP4KQ4KR4KS4KT4KU4LB4LC4LD4LE4LF4LH4LI4LJ4LK4LL4LM4LN4LO4LP4LQ4LR4LS4LT4LU4LV4ME4MF4MG4MI4MJ4MK4ML4MM4MN4MO4MP4MQ4MR4MS4MT4MU4NF4NG4NH4NI4NJ4NK4NL4NM4NN4NO4NP4NQ4NR4NS4NT4NU4NV4NW4OG4OH4OI4OJ4OK4OL4OM4ON4OO4OP4OQ4OR4OS4OT4OU4OV4OW4PG4PH4PI4PJ4PK4PL4PM4PN4PO4PP4PQ4PR4PS4PT4PU4PV4QH4QI4QJ4QK4QL4QM4QN4QO4QP4QQ4QR4QS4QT4QU4QV4QW4RL4RM4RN4RO4RP4RQ4RR4RS4RT4RU4RV4RW4RX4SM4SN4SO4SP4SQ4SR4SS4ST4SU4SV4SW4TN4TO4TP4TQ4TR4TS4TT4TU4TV4TW4UQ4UR4US4UT4UU4UV4UW4UX4VR4VS4VT4VU4VV4VW4VX4WM4WN4WO4WQ4WR4WS4WT4WU4WV4WW4WX</Field39>
<Field40>562</Field40>
</results>
<results>
<Field1>37M4O367VLVST6SEL27P6SXBLKFM5R</Field1>
<Field2>3PUZG2R74TXVF7CR9RD94D92J8X45X</Field2>
<Field3>Participate in a land classification study (Bonuses for accuracy)</Field3>
<Field4>Classify an aerial image into four different types of land cover</Field4>
<Field5>image classification, land cover, photo interpretation</Field5>
<Field6>$0.50</Field6>
<Field7>Tue Jun 29 15:46:53 PDT 2021</Field7>
<Field8>6</Field8>
<Field9>BatchId:4491423;OriginalHitTemplateId:928390828;</Field9>
<Field10>3600</Field10>
<Field11>259200</Field11>
<Field12>Tue Jul 06 15:46:53 PDT 2021</Field12>
<Field15>3Q8GYXHFESFH74EHYGICSGOQK3CC5C</Field15>
<Field16>A2DW47AFPJWXAM</Field16>
<Field17>Submitted</Field17>
<Field18>Tue Jun 29 18:17:03 PDT 2021</Field18>
<Field19>Tue Jun 29 18:26:10 PDT 2021</Field19>
<Field20>Fri Jul 02 18:26:10 PDT 2021</Field20>
<Field24>547</Field24>
<Field25>0% (0/0)</Field25>
<Field26>0% (0/0)</Field26>
<Field27>0% (0/0)</Field27>
<Field28>25340</Field28>
<Field29>new</Field29>
<Field30>img25340_new.jpg</Field30>
<Field31>https://raw.githubusercontent.com/ROIHabitat/lcimages/master/img25340_new.jpg</Field31>
<Field32>2297</Field32>
<Field33>1AA1AB1AC1BA1BB1BC1CA1CB1CC1DA1DB1DC1DD1EA1EB1EC1ED1FA1FB1FC1FD1GA1GB1GC1GD1HA1HB1HC1HD1IA1IB1IC1ID1JA1JB1JC1JD1KA1KB1KC1KD1LA1LB1LC1LD1MA1MB1MC1MD1NA1NB1NC1ND1OA1OB1OC1OD1PA1PB1PC1PD1QA1QB1QC1QD1RA1RB1RC1RD1SA1SB1SC1SD1TA1TB1TC1TD1UA1UB1UC1UD1VA1VB1VC1VD1VE1VF1VG1VH1WA1WB1WC1WD1WE1WF1WG1WH1XA1XB1XC1XD1XE1XF1XG1XH2AA2AB2AC2AD2AE2AF2AG2AH2AI2AJ2AK2AL2AM2AN2AO2AP2AQ2AR2AS2AT2BA2BB2BC2BD2BE2BF2BG2BH2BI2BJ2BK2BL2BM2BN2BO2BP2BQ2BR2BS2BT2CA2CB2CC2CD2CE2CF2CG2CH2CI2CJ2CK2CL2CM2CN2CO2CP2CQ2CR2CS2CT2HA2HB2HC2HD2HE2HF2HG2HH2HI2HJ2HK2HL2HM2HN2HO2HP2HQ2HR2HS2HT2IA2IB2IC2ID2IE2IF2IG2IH2II2IJ2IK2IL2IM2IN2IO2IP2IQ2IR2IS2IT2JA2JB2JC2JD2JE2JF2JG2JH2JI2JJ2JK2JL2JM2JN2JO2JP2JQ2JR2JS2JT2QA2QB2QC2QD2QE2QF2QG2QH2QI2QJ2QK2QL2QM2QN2QO2QP2QQ2QR2QS2QT2RA2RB2RC2RD2RE2RF2RG2RH2RI2RJ2RK2RL2RM2RN2RO2RP2RQ2RR2RS2RT2SA2SB2SC2SD2SE2SF2SG2SH2SI2SJ2SK2SL2SM2SN2SO2SP2SQ2SR2SS2ST2TA2TB2TC2TD2TE2TF2TG2TH2TI2TJ2TK2TL2TM2TN2TO2TP2TQ2TR2TS2TT2UA2UB2UC2UD2UE2UF2UG2UH2UI2UJ2UK2UL2UM2UN2UO2UP2UQ2UR2US2UT2VA2VB2VC2VD2VE2VF2VG2VH2VI2VJ2VK2VL2VM2VN2VO2VP2VQ2VR2VS2VT2WA2WB2WC2WD2WE2WF2WG2WH2WI2WJ2WK2WL2WM2WN2WO2WP2WQ2WR2WS2WT2XA2XB2XC2XD2XE2XF2XG2XH2XI2XJ2XK2XL2XM2XN2XO2XP2XQ2XR2XS2XT3AA3AB3AC3AD3AN3AT3AU3BA3BB3BC3BD3BT3BU3CA3CB3CC3CD3CT3CU3DA3DB3DC3DD3DT3DU3EA3EB3EC3ED3ET3EU3FA3FB3FC3FD3FM3FT3FU3GA3GB3GC3GD3GM3GT3GU3HA3HB3HC3HD3HT3HU3IA3IB3IC3ID3IL3IT3IU3JA3JB3JC3JD3JL3JT3JU3KA3KB3KC3KD3KT3KU3LA3LB3LC3LD3LM3LU3MA3MB3MC3MD3MM3MU3NA3NB3NC3ND3NL3NU3OA3OB3OC3OD3OE3OK3OL3OU3PA3PB3PC3PD3PE3PK3PU3QA3QB3QC3QD3QE3QF3QU3RA3RB3RC3RD3RE3RF3SA3SB3SC3SD3SE3SF3TA3TB3TC3TD3TE3TF3UA3UB3UC3UD3UE3UF3UG3UH3VA3VB3VC3VD3VE3VF3VG3VH3VI3VJ3VK3VL3VM3VU3WA3WB3WC3WD3WE3WF3WG3WH3WI3WJ3WK3WL3WM3WU3XA3XB3XC3XD3XE3XF3XG3XH3XI3XJ3XK3XL3XM3XN4AA4AB4AC4AD4AE4AF4AS4AT4BA4BB4BC4BD4BE4BF4CA4CB4CC4CD4CE4CF4CG4DA4DB4DC4DD4DE4DF4DG4EA4EB4EC4EE4EF4EG4FA4FB4FC4FD4FE4FF4FG4GA4GB4GC4GD4GE4GF4GG4HA4HB4HC4HD4HE4HF4HG4IA4IB4IC4ID4IE4IF4IG4JA4JB4JC4JD4JE4JF4JG4KA4KB4KC4KD4KE4KF4KG4LA4LB4LC4LD4LE4LF4LG4MA4MB4MC4MD4ME4MF4MG4MM4MN4MO4MP4MQ4NA4NB4NC4ND4NE4NF4NG4NI4NJ4NK4NL4NM4NN4NO4NP4NQ4OA4OB4OC4OD4OE4OF4OG4OH4OI4OJ4OK4OL4OM4ON4OO4OP4OQ4PA4PB4PC4PD4PE4PF4PG4PH4PI4PJ4PK4PL4PM4PN4PO4PP4QA4QB4QC4QD4QE4QF4QG4QH4QI4QJ4RA4RB4RC4RD4RE4RF4RG4RH4RI4SA4SB4SC4SD4SE4SF4SG4SH4TA4TB4TC4TD4TE4TF4TG4TH4UA4UB4UC4UD4UE4UF4UG4VA4VB4VC4VD4VE4VF4VG4WA4WB4WC4WD4WE4WF4XA4XB4XC4XD4XE4XF</Field33>
<Field34>769</Field34>
<Field35>1AD1AE1AF1AG1AH1AI1AJ1AK1AL1AM1AN1AO1AP1AQ1AR1AS1AT1AU1AV1AW1AX1BD1BE1BF1BG1BH1BI1BJ1BK1BL1BM1BN1BO1BP1BQ1BR1BS1BT1BU1BV1BW1BX1CD1CE1CF1CG1CH1CI1CJ1CK1CL1CM1CN1CO1CU1CV1CW1CX1DE1DF1DG1DH1DI1DJ1DK1DL1DM1DN1DO1DP1DV1DW1DX1EE1EF1EG1EH1EI1EJ1EK1EL1EM1EN1EO1EP1EV1EW1EX1FE1FF1FG1FH1FI1FJ1FK1FL1FM1FN1FO1FP1FQ1FR1FV1FW1FX1GE1GF1GG1GH1GI1GJ1GK1GL1GM1GN1GO1GP1GQ1GR1GS1GV1GW1GX1HE1HF1HG1HH1HI1HJ1HK1HL1HM1HN1HO1HP1HQ1HR1HS1HT1HU1HV1HW1HX1IE1IF1IG1IH1II1IJ1IK1IL1IM1IN1IO1IP1IQ1IR1IS1IT1IU1IV1IW1IX1JE1JF1JG1JH1JI1JJ1JK1JL1JM1JN1JO1JP1JQ1JR1JS1JT1JU1JV1JW1JX1KE1KF1KG1KH1KI1KJ1KK1KL1KM1KN1KO1KP1KQ1KR1KS1KT1KU1KV1KW1KX1LE1LF1LG1LH1LI1LJ1LK1LL1LM1LN1LO1LP1LQ1LR1LS1LT1LU1LV1LW1LX1ME1MF1MG1MH1MI1MJ1MK1ML1MM1MN1MO1MP1MQ1MR1MS1MT1MU1MV1MW1MX1NE1NF1NG1NH1NI1NJ1NK1NL1NM1NQ1NR1NS1NV1NW1NX1OE1OF1OG1OH1OI1OJ1OK1OL1OM1OQ1OR1OS1OV1OW1OX1PE1PF1PG1PH1PI1PJ1PK1PL1PP1PQ1PR1PS1PV1PW1PX1QE1QF1QG1QH1QI1QJ1QK1QP1QU1QV1QW1QX1RE1RF1RG1RH1RI1RJ1RU1RV1RW1RX1SE1SF1SG1SH1SI1SU1SV1SW1SX1TE1TF1TG1TH1TI1TU1TV1TW1TX1UE1UF1UG1UH1UI1UU1UV1UW1UX1VU1VV1VW1VX1WU1WV1WW1WX1XU1XV1XW1XX2KA2KB2KC2KD2KE2KF2KG2KH2KI2KJ2KK2KL2KM2KN2KO2KP2KQ2KR2KS2KT2LA2LB2LC2LD2LE2LF2LG2LH2LI2LJ2LK2LL2LM2LN2LO2LP2LQ2LR2LS2LT2MA2MB2MC2MD2ME2MF2MG2MH2MI2MJ2MK2ML2MM2MN2MO2MP2MQ2MR2MS2MT2NA2NB2NC2ND2NE2NF2NG2NH2NI2NJ2NK2NL2NM2NN2NO2NP2NQ2NR2NS2NT2OA2OB2OC2OD2OE2OF2OG2OH2OI2OJ2OK2OL2OM2ON2OO2OP2OQ2OR2OS2OT2PA2PB2PC2PD2PE2PF2PG2PH2PI2PJ2PK2PL2PM2PN2PO2PP2PQ2PR2PS3AE3AF3AG3AH3AI3AJ3AK3AL3AM3BE3BF3BG3BH3BI3BJ3BK3BL3BM3CE3CF3CG3CH3CI3CJ3CK3CL3CM3DE3DF3DG3DH3DI3DJ3DK3DL3EE3EF3EG3EH3EI3EJ3EK3EL3FE3FF3FG3FH3FI3FJ3FK3FL3GE3GF3GG3GH3GI3GJ3GK3GL3HE3HF3HG3HH3HI3HJ3HK3HL3IE3IF3IG3IH3II3IJ3IK3JE3JF3JG3JH3JI3JJ3JK3KE3KF3KG3KH3KI3KJ3KK3KL3LE3LF3LG3LH3LI3LJ3LK3LL3ME3MF3MG3MH3MI3MJ3MK3ML3NE3NF3NG3NH3NI3NJ3NK3OF3OG3OH3OI3OJ3PF3PG3PH3PI3PJ3PS3PT3QG3QH3QI3QJ3QS3QT3RG3RH3RI3RJ3RS3RT3SG3SH3SI3SJ3SU3TG3TH3TI3TJ3TK3TL3TM3TU3UI3UJ3UK3UL3UM3UU4BH4BI4BJ4BL4BM4BN4CH4CI4CJ4CL4CM4CN4DH4DI4DJ4DL4DM4DN4DO4EH4EI4EJ4EL4EM4EN4EO4FH4FI4FJ4FL4FM4FN4FO4GH4GI4GJ4GL4GM4GN4HH4HI4HJ4HL4HM4HN4IH4II4IJ4IK4IL4IM4IN4JH4JI4JJ4JK4JL4JM4JN4KI4KJ4KK4KL4KM4KN4KO4LI4LJ4LK4LL4LM4LN4LO4MI4MJ4MK4ML4QK4QM4QN4QO4RJ4RK4RM4RN4RO4SI4SJ4SK4SM4SN4SO4TI4TJ4TK4TL4TM4TN4TO4UH4UI4UJ4UK4UL4UM4UN4UO4VH4VI4VJ4VK4VL4VM4VN4VO4WJ4WK4WL4WM4WN4WO</Field35>
<Field36>744</Field36>
<Field37>1CP1CQ1CR1CS1CT1DQ1DR1DS1DT1DU1EQ1ER1ES1ET1EU1FS1FT1FU1GT1GU1NN1NO1NP1NT1NU1ON1OO1OP1OT1OU1PM1PN1PO1PT1PU1QL1QM1QN1QO1QQ1QR1QS1QT1RK1RL1RM1RN1RO1RP1RQ1RR1RS1RT1SJ1SK1SL1SM1SN1SO1SP1SQ1SR1SS1ST1TJ1TK1TL1TM1TN1TO1TP1TQ1TR1TS1TT1UJ1UK1UL1UM1UN1UO1UP1UQ1UR1US1UT1VI1VJ1VK1VL1VM1VN1VO1VP1VQ1VR1VS1VT1WI1WJ1WK1WL1WM1WN1WO1WP1WQ1WR1WS1WT1XI1XJ1XK1XL1XM1XN1XO1XP1XQ1XR1XS1XT2DA2DB2DC2DD2DE2DF2DG2DH2DI2DJ2DK2DL2DM2DN2DO2DP2DQ2DR2DS2EA2EB2EC2ED2EE2EF2EG2EH2EI2EJ2EK2EL2EM2EN2EO2EP2EQ2ER2ES2ET2FA2FB2FC2FD2FE2FF2FG2FH2FI2FJ2FK2FL2FM2FN2FO2FP2FQ2FR2FS2FT2GA2GB2GC2GD2GE2GF2GG2GH2GI2GJ2GK2GL2GM2GN2GO2GP2GQ2GR2GS2GT3AO3AP3AQ3AR3AS3AV3AW3AX3BN3BO3BP3BQ3BR3BS3BV3BW3BX3CN3CO3CP3CQ3CR3CS3CV3CW3CX3DM3DN3DO3DP3DQ3DR3DS3DV3DW3DX3EM3EN3EO3EP3EQ3ER3ES3EV3EW3EX3FN3FO3FP3FQ3FR3FS3FV3FW3FX3GN3GO3GP3GQ3GR3GS3GV3GW3GX3HM3HN3HO3HP3HQ3HR3HS3HV3HW3HX3IM3IN3IO3IP3IQ3IR3IS3IV3IW3IX3JM3JN3JO3JP3JQ3JR3JS3JV3JW3JX3KM3KN3KO3KP3KQ3KR3KS3KV3KW3KX3LN3LO3LP3LQ3LR3LS3LT3LV3LW3LX3MN3MO3MP3MQ3MR3MS3MT3MV3MW3MX3NM3NN3NO3NP3NQ3NR3NS3NT3NV3NW3NX3OM3ON3OO3OP3OQ3OR3OS3OT3OV3OW3OX3PL3PM3PN3PO3PP3PQ3PR3PV3PW3PX3QK3QL3QM3QN3QO3QP3QQ3QR3QV3QW3QX3RK3RL3RM3RN3RO3RP3RQ3RR3RU3RV3RW3RX3SK3SL3SM3SN3SO3SP3SQ3SR3SS3ST3SV3SW3SX3TN3TO3TP3TQ3TR3TS3TT3TV3TW3TX3UN3UO3UP3UQ3UR3US3UT3UV3UW3UX3VN3VO3VP3VQ3VR3VS3VT3VV3VW3VX3WN3WO3WP3WQ3WR3WS3WT3WV3WW3WX3XO3XP3XQ3XR3XS3XT3XU3XV3XW3XX4AG4AH4AI4AJ4AK4AL4AM4AN4AO4AP4AQ4AR4AX4BG4BK4BO4BP4BQ4BR4BS4BX4CK4CO4CP4CQ4CR4CS4CX4DK4DP4DQ4DR4DS4DT4DW4DX4ED4EK4EP4EQ4ER4ES4ET4EW4EX4FK4FP4FQ4FR4FS4FT4FW4FX4GK4GO4GP4GQ4GR4GS4GW4GX4HK4HO4HP4HQ4HR4HV4HW4HX4IO4IP4IQ4IV4IW4IX4JO4JP4JQ4JR4JV4JW4JX4KH4KP4KQ4KR4KV4KW4KX4LH4LP4LQ4LR4LV4LW4LX4MH4MR4MV4MW4MX4NH4NR4NS4NV4NW4NX4OR4OS4OV4OW4OX4PQ4PR4PS4PT4PV4PW4PX4QL4QP4QR4QS4QT4RL4RQ4RR4RS4RT4SL4SP4SQ4SR4SS4ST4TP4TQ4TR4TS4TT4UP4UQ4UR4UX4VW4VX4WG4WH4WI4WW4WX4XG4XH4XI4XJ4XK4XL4XT4XU4XV4XW4XX</Field37>
<Field38>605</Field38>
<Field39>2AU2AV2AW2AX2BU2BV2BW2BX2CU2CV2CW2CX2DT2DU2DV2DW2DX2EU2EV2EW2EX2FU2FV2FW2FX2GU2GV2GW2GX2HU2HV2HW2HX2IU2IV2IW2IX2JU2JV2JW2JX2KU2KV2KW2KX2LU2LV2LW2LX2MU2MV2MW2MX2NU2NV2NW2NX2OU2OV2OW2OX2PT2PU2PV2PW2PX2QU2QV2QW2QX2RU2RV2RW2RX2SU2SV2SW2SX2TU2TV2TW2UU2UV2UW2VU2VV2VW2WU2WV2WW2XU2XV2XW4AU4AV4AW4BT4BU4BV4BW4CT4CU4CV4CW4DU4DV4EU4EV4FU4FV4GT4GU4GV4HS4HT4HU4IR4IS4IT4IU4JS4JT4JU4KS4KT4KU4LS4LT4LU4MS4MT4MU4NT4NU4OT4OU4PU4QQ4QU4QV4QW4QX4RP4RU4RV4RW4RX4SU4SV4SW4SX4TU4TV4TW4TX4US4UT4UU4UV4UW4VP4VQ4VR4VS4VT4VU4VV4WP4WQ4WR4WS4WT4WU4WV4XO4XP4XQ4XR4XS</Field39>
<Field40>179</Field40>
</results>
<results>
<Field1>37M4O367VLVST6SEL27P6SXBLKFM5R</Field1>
<Field2>3PUZG2R74TXVF7CR9RD94D92J8X45X</Field2>
<Field3>Participate in a land classification study (Bonuses for accuracy)</Field3>
<Field4>Classify an aerial image into four different types of land cover</Field4>
<Field5>image classification, land cover, photo interpretation</Field5>
<Field6>$0.50</Field6>
<Field7>Tue Jun 29 15:46:53 PDT 2021</Field7>
<Field8>6</Field8>
<Field9>BatchId:4491423;OriginalHitTemplateId:928390828;</Field9>
<Field10>3600</Field10>
<Field11>259200</Field11>
<Field12>Tue Jul 06 15:46:53 PDT 2021</Field12>
<Field15>3S06PH7KSUHSOEJCXPBB9WTRTOPD13</Field15>
<Field16>A2KJCBDSJGEBBD</Field16>
<Field17>Submitted</Field17>
<Field18>Tue Jun 29 19:47:11 PDT 2021</Field18>
<Field19>Tue Jun 29 20:05:06 PDT 2021</Field19>
<Field20>Fri Jul 02 20:05:06 PDT 2021</Field20>
<Field24>1075</Field24>
<Field25>0% (0/0)</Field25>
<Field26>0% (0/0)</Field26>
<Field27>0% (0/0)</Field27>
<Field28>25340</Field28>
<Field29>new</Field29>
<Field30>img25340_new.jpg</Field30>
<Field31>https://raw.githubusercontent.com/ROIHabitat/lcimages/master/img25340_new.jpg</Field31>
<Field32>2296</Field32>
<Field34>0</Field34>
<Field36>0</Field36>
<Field37>1CX1DX1EW1FW1GW1GX1HJ1HK1HX1RW1TN1UN2AW2BW2CW2DA2DW2EA2EW2FW2GW2HW2IW2IX2JW2JX2KW2KX2LW2LX2MW2MX2NW2OW2OX2PW2PX2QW2QX2RN2RW2RX2SW2SX2TW2TX2UW2VW2WW2XW2XX3AT3AU3AV3AW3AX3BT3BU3BV3BW3BX3RW3RX3SB3SC3SV3SW3SX3TB3TU3TV3TW3TX3UU3UV3UW3UX3VU3VV3VW3VX3WF3WV3WW3WX3XD3XE3XF3XV3XW4AW4BW4CW4DW4EW4EX4II4IJ4IK4MD4ME4NE4NF4OF4OG4PG4QG4QH4RA4RH4RI4SA4SB4TA4TF4UF4XW4XX</Field37>
<Field38>118</Field38>
<Field39>1AA1AB1AC1AD1AE1AF1AG1AH1AI1AJ1AL1AM1AN1AO1AP1AQ1AR1AS1AT1AU1AV1AW1AX1BA1BB1BC1BD1BE1BF1BG1BH1BI1BJ1BK1BL1BM1BN1BO1BP1BQ1BR1BS1BT1BU1BV1BW1BX1CA1CB1CC1CD1CE1CF1CG1CH1CI1CJ1CK1CL1CM1CN1CO1CP1CQ1CR1CS1CT1CU1CV1CW1DA1DB1DC1DD1DE1DF1DG1DH1DI1DJ1DK1DL1DM1DN1DO1DP1DQ1DR1DS1DT1DU1DV1DW1EA1EB1EC1ED1EE1EF1EG1EH1EI1EJ1EK1EL1EM1EN1EO1EP1EQ1ER1ES1ET1EU1EV1EX1FA1FB1FC1FD1FE1FF1FG1FH1FI1FJ1FK1FL1FM1FN1FO1FP1FQ1FR1FS1FT1FU1FV1FX1GA1GB1GC1GD1GE1GF1GG1GH1GI1GJ1GK1GL1GM1GN1GO1GP1GQ1GR1GS1GT1GU1GV1HA1HB1HC1HD1HE1HF1HG1HH1HI1HL1HM1HN1HO1HP1HQ1HR1HS1HT1HU1HV1HW1IA1IB1IC1ID1IE1IF1IG1IH1II1IJ1IK1IL1IM1IN1IO1IP1IQ1IR1IS1IT1IU1IV1IW1IX1JA1JB1JC1JD1JE1JF1JG1JH1JI1JJ1JK1JL1JM1JN1JO1JP1JQ1JR1JS1JT1JU1JV1JW1JX1KA1KB1KC1KD1KE1KF1KG1KH1KI1KJ1KK1KL1KM1KN1KO1KP1KQ1KR1KS1KT1KU1KV1KW1KX1LA1LB1LC1LD1LE1LF1LG1LH1LI1LJ1LK1LL1LM1LN1LO1LP1LQ1LR1LS1LT1LU1LV1LW1LX1MA1MB1MC1MD1ME1MF1MG1MH1MI1MJ1MK1ML1MM1MN1MO1MP1MQ1MR1MS1MT1MU1MV1MW1MX1NA1NB1NC1ND1NE1NF1NG1NH1NI1NJ1NK1NL1NM1NN1NO1NP1NQ1NR1NS1NT1NU1NV1NW1NX1OA1OB1OC1OD1OE1OF1OG1OH1OI1OJ1OK1OL1OM1ON1OO1OP1OQ1OR1OS1OT1OU1OV1OW1OX1PA1PB1PC1PD1PE1PF1PG1PH1PI1PJ1PK1PL1PM1PN1PO1PP1PQ1PR1PS1PT1PU1PV1PW1PX1QA1QB1QC1QD1QE1QF1QG1QH1QI1QJ1QK1QL1QM1QN1QO1QP1QQ1QR1QS1QT1QU1QV1QW1QX1RA1RB1RC1RD1RE1RF1RG1RH1RI1RJ1RK1RL1RM1RN1RO1RP1RQ1RR1RS1RT1RU1RV1RX1SA1SB1SC1SD1SE1SF1SG1SH1SI1SJ1SK1SL1SM1SN1SO1SP1SQ1SR1SS1ST1SU1SV1SW1SX1TA1TB1TC1TD1TE1TF1TG1TH1TI1TJ1TK1TL1TM1TO1TP1TQ1TR1TS1TT1TU1TV1TW1TX1UA1UB1UC1UD1UE1UF1UG1UH1UI1UJ1UK1UL1UM1UO1UP1UQ1UR1US1UT1UU1UV1UW1UX1VA1VB1VC1VD1VE1VF1VG1VH1VI1VJ1VK1VL1VM1VN1VO1VP1VQ1VR1VS1VT1VU1VV1VW1VX1WA1WB1WC1WD1WE1WF1WG1WH1WI1WJ1WK1WL1WM1WN1WO1WP1WQ1WR1WS1WT1WU1WV1WW1WX1XA1XB1XC1XD1XE1XF1XG1XH1XI1XJ1XK1XL1XM1XN1XO1XP1XQ1XR1XS1XT1XU1XV1XW1XX2AA2AB2AC2AD2AE2AF2AG2AH2AI2AJ2AK2AL2AM2AN2AO2AP2AQ2AR2AS2AT2AU2AV2AX2BA2BB2BC2BD2BE2BF2BG2BH2BI2BJ2BK2BL2BM2BN2BO2BP2BQ2BR2BS2BT2BU2BV2BX2CA2CB2CC2CD2CE2CF2CG2CH2CI2CJ2CK2CL2CM2CN2CO2CP2CQ2CR2CS2CT2CU2CV2CX2DB2DC2DD2DE2DF2DG2DH2DI2DJ2DK2DL2DM2DN2DO2DP2DQ2DR2DS2DT2DU2DV2DX2EB2EC2ED2EE2EF2EG2EH2EI2EJ2EK2EL2EM2EN2EO2EP2EQ2ER2ES2ET2EU2EV2EX2FA2FB2FC2FD2FE2FF2FG2FH2FI2FJ2FK2FL2FM2FN2FO2FP2FQ2FR2FS2FT2FU2FV2FX2GA2GB2GC2GD2GE2GF2GG2GH2GI2GJ2GK2GL2GM2GN2GO2GP2GQ2GR2GS2GT2GU2GV2HA2HB2HC2HD2HE2HF2HG2HH2HI2HJ2HK2HL2HM2HN2HO2HP2HQ2HR2HS2HT2HU2HV2IA2IB2IC2ID2IE2IF2IG2IH2II2IJ2IK2IL2IM2IN2IO2IP2IQ2IR2IS2IT2IU2IV2JA2JB2JC2JD2JE2JF2JG2JH2JI2JJ2JK2JL2JM2JN2JO2JP2JQ2JR2JS2JT2JU2JV2KA2KB2KC2KD2KE2KF2KG2KH2KI2KJ2KK2KL2KM2KN2KO2KP2KQ2KR2KS2KT2KU2KV2LA2LB2LC2LD2LE2LF2LG2LH2LI2LJ2LK2LL2LM2LN2LO2LP2LQ2LR2LS2LT2LU2LV2MA2MB2MC2MD2ME2MF2MG2MH2MI2MJ2MK2ML2MM2MN2MO2MP2MQ2MR2MS2MT2MU2MV2NA2NB2NC2ND2NE2NF2NG2NH2NI2NJ2NK2NL2NM2NN2NO2NP2NQ2NR2NS2NT2NU2NV2OA2OB2OC2OD2OE2OF2OG2OH2OI2OJ2OK2OL2OM2ON2OO2OP2OQ2OR2OS2OT2OU2OV2PA2PB2PC2PD2PE2PF2PG2PH2PI2PJ2PK2PL2PM2PN2PO2PP2PQ2PR2PS2PT2PU2PV2QA2QB2QC2QD2QE2QF2QG2QH2QI2QJ2QK2QL2QM2QN2QO2QP2QQ2QR2QS2QT2QU2QV2RA2RB2RC2RD2RE2RF2RG2RH2RI2RJ2RK2RL2RM2RO2RP2RQ2RR2RS2RT2RU2RV2SA2SB2SC2SD2SE2SF2SG2SH2SI2SJ2SK2SL2SM2SN2SO2SP2SQ2SR2SS2ST2SU2SV2TA2TB2TC2TD2TE2TF2TG2TH2TI2TJ2TK2TL2TM2TN2TO2TP2TQ2TR2TS2TT2TU2TV2UA2UB2UC2UD2UE2UF2UG2UH2UI2UJ2UK2UL2UM2UN2UO2UP2UQ2UR2US2UT2UU2UV2VA2VB2VC2VD2VE2VF2VG2VH2VI2VJ2VK2VL2VM2VN2VO2VP2VQ2VR2VS2VT2VU2VV2WA2WB2WC2WD2WE2WF2WG2WH2WI2WJ2WK2WL2WM2WN2WO2WP2WQ2WR2WS2WT2WU2WV2XA2XB2XC2XD2XE2XF2XG2XH2XI2XJ2XK2XL2XM2XN2XO2XP2XQ2XR2XS2XT2XU2XV3AA3AB3AC3AD3AE3AF3AG3AH3AI3AJ3AK3AL3AM3AN3AO3AP3AQ3AR3AS3BA3BB3BC3BD3BE3BF3BG3BH3BI3BJ3BK3BL3BM3BN3BO3BP3BQ3BR3BS3CA3CB3CC3CD3CE3CF3CG3CH3CI3CJ3CK3CL3CM3CN3CO3CP3CQ3CR3CS3CT3CU3CV3CW3CX3DA3DB3DC3DD3DE3DF3DG3DH3DI3DJ3DK3DL3DM3DN3DO3DP3DQ3DR3DS3DT3DU3DV3DW3DX3EA3EB3EC3ED3EE3EF3EG3EH3EI3EJ3EK3EL3EM3EN3EO3EP3EQ3ER3ES3ET3EU3EV3EW3EX3FA3FB3FC3FD3FE3FF3FG3FH3FI3FJ3FK3FL3FM3FN3FO3FP3FQ3FR3FS3FT3FU3FV3FW3FX3GA3GB3GC3GD3GE3GF3GG3GH3GI3GJ3GK3GL3GM3GN3GO3GP3GQ3GR3GS3GT3GU3GV3GW3GX3HA3HB3HC3HD3HE3HF3HG3HH3HI3HJ3HK3HL3HM3HN3HO3HP3HQ3HR3HS3HT3HU3HV3HW3HX3IA3IB3IC3ID3IE3IF3IG3IH3II3IJ3IK3IL3IM3IN3IO3IP3IQ3IR3IS3IT3IU3IV3IW3IX3JA3JB3JC3JD3JE3JF3JG3JH3JI3JJ3JK3JL3JM3JN3JO3JP3JQ3JR3JS3JT3JU3JV3JW3JX3KA3KB3KC3KD3KE3KF3KG3KH3KI3KJ3KK3KL3KM3KN3KO3KP3KQ3KR3KS3KT3KU3KV3KW3KX3LA3LB3LC3LD3LE3LF3LG3LH3LI3LJ3LK3LL3LM3LN3LO3LP3LQ3LR3LS3LT3LU3LV3LW3LX3MA3MB3MC3MD3ME3MF3MG3MH3MI3MJ3MK3ML3MM3MN3MO3MP3MQ3MR3MS3MT3MU3MV3MW3MX3NA3NB3NC3ND3NE3NF3NG3NH3NI3NJ3NK3NL3NM3NN3NO3NP3NQ3NR3NS3NT3NU3NV3NW3NX3OA3OB3OC3OD3OE3OF3OG3OH3OI3OJ3OK3OL3OM3ON3OO3OP3OQ3OR3OS3OT3OU3OV3OW3OX3PA3PB3PC3PD3PE3PF3PG3PH3PI3PJ3PK3PL3PM3PN3PO3PP3PQ3PR3PS3PT3PU3PV3PW3PX3QA3QB3QC3QD3QE3QF3QG3QH3QI3QJ3QK3QL3QM3QN3QO3QP3QQ3QR3QS3QT3QU3QV3QW3QX3RA3RB3RC3RD3RE3RF3RG3RH3RI3RJ3RK3RL3RM3RN3RO3RP3RQ3RR3RS3RT3RU3RV3SA3SD3SE3SF3SG3SH3SI3SJ3SK3SL3SM3SN3SO3SP3SQ3SR3SS3ST3SU3TA3TC3TD3TE3TF3TG3TH3TI3TJ3TK3TL3TM3TN3TO3TP3TQ3TR3TS3TT3UA3UB3UC3UD3UE3UF3UG3UH3UI3UJ3UK3UL3UM3UN3UO3UP3UQ3UR3US3UT3VA3VB3VC3VD3VE3VF3VG3VH3VI3VJ3VK3VL3VM3VN3VO3VP3VQ3VR3VS3VT3WA3WB3WC3WD3WE3WG3WH3WI3WJ3WK3WL3WM3WN3WO3WP3WQ3WR3WS3WT3WU3XA3XB3XC3XG3XH3XI3XJ3XK3XL3XM3XN3XO3XP3XQ3XR3XS3XT3XU3XX4AA4AB4AC4AD4AE4AF4AG4AH4AI4AJ4AK4AL4AM4AN4AO4AP4AQ4AR4AS4AT4AU4AV4AX4BA4BB4BC4BD4BE4BF4BG4BH4BI4BJ4BK4BL4BM4BN4BO4BP4BQ4BR4BS4BT4BU4BV4BX4CA4CB4CC4CD4CE4CF4CG4CH4CI4CJ4CK4CL4CM4CN4CO4CP4CQ4CR4CS4CT4CU4CV4CX4DA4DB4DC4DD4DE4DF4DG4DH4DI4DJ4DK4DL4DM4DN4DO4DP4DQ4DR4DS4DT4DU4DV4DX4EA4EB4EC4ED4EE4EF4EG4EH4EI4EJ4EK4EL4EM4EN4EO4EP4EQ4ER4ES4ET4EU4EV4FA4FB4FC4FD4FE4FF4FG4FH4FI4FJ4FK4FL4FM4FN4FO4FP4FQ4FR4FS4FT4FU4FV4FW4FX4GA4GB4GC4GD4GE4GF4GG4GH4GI4GJ4GK4GL4GM4GN4GO4GP4GQ4GR4GS4GT4GU4GV4GW4GX4HA4HB4HC4HD4HE4HF4HG4HH4HI4HJ4HK4HL4HM4HN4HO4HP4HQ4HR4HS4HT4HU4HV4HW4HX4IA4IB4IC4ID4IE4IF4IG4IH4IL4IM4IN4IO4IP4IQ4IR4IS4IT4IU4IV4IW4IX4JA4JB4JC4JD4JE4JF4JG4JH4JI4JJ4JK4JL4JM4JN4JO4JP4JQ4JR4JS4JT4JU4JV4JW4JX4KA4KB4KC4KD4KE4KF4KG4KH4KI4KJ4KK4KL4KM4KN4KO4KP4KQ4KR4KS4KT4KU4KV4KW4KX4LA4LB4LC4LD4LE4LF4LG4LH4LI4LJ4LK4LL4LM4LN4LO4LP4LQ4LR4LS4LT4LU4LV4LW4LX4MA4MB4MC4MF4MG4MH4MI4MJ4MK4ML4MM4MN4MO4MP4MQ4MR4MS4MT4MU4MV4MW4MX4NA4NB4NC4ND4NG4NH4NI4NJ4NK4NL4NM4NN4NO4NP4NQ4NR4NS4NT4NU4NV4NW4NX4OA4OB4OC4OD4OE4OH4OI4OJ4OK4OL4OM4ON4OO4OP4OQ4OR4OS4OT4OU4OV4OW4OX4PA4PB4PC4PD4PE4PF4PH4PI4PJ4PK4PL4PM4PN4PO4PP4PQ4PR4PS4PT4PU4PV4PW4PX4QA4QB4QC4QD4QE4QF4QI4QJ4QK4QL4QM4QN4QO4QP4QQ4QR4QS4QT4QU4QV4QW4QX4RB4RC4RD4RE4RF4RG4RJ4RK4RL4RM4RN4RO4RP4RQ4RR4RS4RT4RU4RV4RW4RX4SC4SD4SE4SF4SG4SH4SI4SJ4SK4SL4SM4SN4SO4SP4SQ4SR4SS4ST4SU4SV4SW4SX4TB4TC4TD4TE4TG4TH4TI4TJ4TK4TL4TM4TN4TO4TP4TQ4TR4TS4TT4TU4TV4TW4TX4UA4UB4UC4UD4UE4UG4UH4UI4UJ4UK4UL4UM4UN4UO4UP4UQ4UR4US4UT4UU4UV4UW4UX4VA4VB4VC4VD4VE4VF4VG4VH4VI4VJ4VK4VL4VM4VN4VO4VP4VQ4VR4VS4VT4VU4VV4VW4VX4WA4WB4WC4WD4WE4WF4WG4WH4WI4WJ4WK4WL4WM4WN4WO4WP4WQ4WR4WS4WT4WU4WV4WW4WX4XA4XB4XC4XD4XE4XF4XH4XI4XJ4XK4XL4XM4XN4XO4XP4XQ4XR4XS4XT4XU4XV</Field39>
<Field40>2178</Field40>
</results>
<results>
<Field1>37M4O367VLVST6SEL27P6SXBLKFM5R</Field1>
<Field2>3PUZG2R74TXVF7CR9RD94D92J8X45X</Field2>
<Field3>Participate in a land classification study (Bonuses for accuracy)</Field3>
<Field4>Classify an aerial image into four different types of land cover</Field4>
<Field5>image classification, land cover, photo interpretation</Field5>
<Field6>$0.50</Field6>
<Field7>Tue Jun 29 15:46:53 PDT 2021</Field7>
<Field8>6</Field8>
<Field9>BatchId:4491423;OriginalHitTemplateId:928390828;</Field9>
<Field10>3600</Field10>
<Field11>259200</Field11>
<Field12>Tue Jul 06 15:46:53 PDT 2021</Field12>
<Field15>3WR9XG3T66OTZ4FLTURR72QYJXV47D</Field15>
<Field16>A2SD2N74VU4DE7</Field16>
<Field17>Submitted</Field17>
<Field18>Tue Jun 29 19:32:15 PDT 2021</Field18>
<Field19>Tue Jun 29 19:44:15 PDT 2021</Field19>
<Field20>Fri Jul 02 19:44:15 PDT 2021</Field20>
<Field24>720</Field24>
<Field25>0% (0/0)</Field25>
<Field26>0% (0/0)</Field26>
<Field27>0% (0/0)</Field27>
<Field28>25340</Field28>
<Field29>new</Field29>
<Field30>img25340_new.jpg</Field30>
<Field31>https://raw.githubusercontent.com/ROIHabitat/lcimages/master/img25340_new.jpg</Field31>
<Field32>2304</Field32>
<Field34>0</Field34>
<Field36>0</Field36>
<Field37>1SN1SO1SP1TN1TO1TP1UN1UO1UP1UQ1VN1VO1VP1VQ1WN1WO1WP1WQ2AV2AW2BV2BW2CV2CW2DV2DW2EV2EW2FV2FW2GV2GW2HV2HW2IW2JW2KW2LW2MW2NW2OW2PW2QW2RW2SW2TW2UW2VW2WW2XW3RW3RX3SV3SW3SX3TV3TW3TX3UU3UV3UW3UX3VV3VW3VX3WW3WX3XW3XX4AW4AX4BW4BX4CW4CX4DW4DX4EW4EX4RA4RB4SA4SB4TA4TB4UA4UB4VA4VB4WA4WB4WC4XC</Field37>
<Field38>93</Field38>
<Field39>1AA1AB1AC1AD1AE1AF1AG1AH1AI1AJ1AK1AL1AM1AN1AO1AP1AQ1AR1AS1AT1AU1AV1AW1AX1BA1BB1BC1BD1BE1BF1BG1BH1BI1BJ1BK1BL1BM1BN1BO1BP1BQ1BR1BS1BT1BU1BV1BW1BX1CA1CB1CC1CD1CE1CF1CG1CH1CI1CJ1CK1CL1CM1CN1CO1CP1CQ1CR1CS1CT1CU1CV1CW1CX1DA1DB1DC1DD1DE1DF1DG1DH1DI1DJ1DK1DL1DM1DN1DO1DP1DQ1DR1DS1DT1DU1DV1DW1DX1EA1EB1EC1ED1EE1EF1EG1EH1EI1EJ1EK1EL1EM1EN1EO1EP1EQ1ER1ES1ET1EU1EV1EW1EX1FA1FB1FC1FD1FE1FF1FG1FH1FI1FJ1FK1FL1FM1FN1FO1FP1FQ1FR1FS1FT1FU1FV1FW1FX1GA1GB1GC1GD1GE1GF1GG1GH1GI1GJ1GK1GL1GM1GN1GO1GP1GQ1GR1GS1GT1GU1GV1GW1GX1HA1HB1HC1HD1HE1HF1HG1HH1HI1HJ1HK1HL1HM1HN1HO1HP1HQ1HR1HS1HT1HU1HV1HW1HX1IA1IB1IC1ID1IE1IF1IG1IH1II1IJ1IK1IL1IM1IN1IO1IP1IQ1IR1IS1IT1IU1IV1IW1IX1JA1JB1JC1JD1JE1JF1JG1JH1JI1JJ1JK1JL1JM1JN1JO1JP1JQ1JR1JS1JT1JU1JV1JW1JX1KA1KB1KC1KD1KE1KF1KG1KH1KI1KJ1KK1KL1KM1KN1KO1KP1KQ1KR1KS1KT1KU1KV1KW1KX1LA1LB1LC1LD1LE1LF1LG1LH1LI1LJ1LK1LL1LM1LN1LO1LP1LQ1LR1LS1LT1LU1LV1LW1LX1MA1MB1MC1MD1ME1MF1MG1MH1MI1MJ1MK1ML1MM1MN1MO1MP1MQ1MR1MS1MT1MU1MV1MW1MX1NA1NB1NC1ND1NE1NF1NG1NH1NI1NJ1NK1NL1NM1NN1NO1NP1NQ1NR1NS1NT1NU1NV1NW1NX1OA1OB1OC1OD1OE1OF1OG1OH1OI1OJ1OK1OL1OM1ON1OO1OP1OQ1OR1OS1OT1OU1OV1OW1OX1PA1PB1PC1PD1PE1PF1PG1PH1PI1PJ1PK1PL1PM1PN1PO1PP1PQ1PR1PS1PT1PU1PV1PW1PX1QA1QB1QC1QD1QE1QF1QG1QH1QI1QJ1QK1QL1QM1QN1QO1QP1QQ1QR1QS1QT1QU1QV1QW1QX1RA1RB1RC1RD1RE1RF1RG1RH1RI1RJ1RK1RL1RM1RN1RO1RP1RQ1RR1RS1RT1RU1RV1RW1RX1SA1SB1SC1SD1SE1SF1SG1SH1SI1SJ1SK1SL1SM1SQ1SR1SS1ST1SU1SV1SW1SX1TA1TB1TC1TD1TE1TF1TG1TH1TI1TJ1TK1TL1TM1TQ1TR1TS1TT1TU1TV1TW1TX1UA1UB1UC1UD1UE1UF1UG1UH1UI1UJ1UK1UL1UM1UR1US1UT1UU1UV1UW1UX1VA1VB1VC1VD1VE1VF1VG1VH1VI1VJ1VK1VL1VM1VR1VS1VT1VU1VV1VW1VX1WA1WB1WC1WD1WE1WF1WG1WH1WI1WJ1WK1WL1WM1WR1WS1WT1WU1WV1WW1WX1XA1XB1XC1XD1XE1XF1XG1XH1XI1XJ1XK1XL1XM1XN1XO1XP1XQ1XR1XS1XT1XU1XV1XW1XX2AA2AB2AC2AD2AE2AF2AG2AH2AI2AJ2AK2AL2AM2AN2AO2AP2AQ2AR2AS2AT2AU2AX2BA2BB2BC2BD2BE2BF2BG2BH2BI2BJ2BK2BL2BM2BN2BO2BP2BQ2BR2BS2BT2BU2BX2CA2CB2CC2CD2CE2CF2CG2CH2CI2CJ2CK2CL2CM2CN2CO2CP2CQ2CR2CS2CT2CU2CX2DA2DB2DC2DD2DE2DF2DG2DH2DI2DJ2DK2DL2DM2DN2DO2DP2DQ2DR2DS2DT2DU2DX2EA2EB2EC2ED2EE2EF2EG2EH2EI2EJ2EK2EL2EM2EN2EO2EP2EQ2ER2ES2ET2EU2EX2FA2FB2FC2FD2FE2FF2FG2FH2FI2FJ2FK2FL2FM2FN2FO2FP2FQ2FR2FS2FT2FU2FX2GA2GB2GC2GD2GE2GF2GG2GH2GI2GJ2GK2GL2GM2GN2GO2GP2GQ2GR2GS2GT2GU2GX2HA2HB2HC2HD2HE2HF2HG2HH2HI2HJ2HK2HL2HM2HN2HO2HP2HQ2HR2HS2HT2HU2HX2IA2IB2IC2ID2IE2IF2IG2IH2II2IJ2IK2IL2IM2IN2IO2IP2IQ2IR2IS2IT2IU2IV2IX2JA2JB2JC2JD2JE2JF2JG2JH2JI2JJ2JK2JL2JM2JN2JO2JP2JQ2JR2JS2JT2JU2JV2JX2KA2KB2KC2KD2KE2KF2KG2KH2KI2KJ2KK2KL2KM2KN2KO2KP2KQ2KR2KS2KT2KU2KV2KX2LA2LB2LC2LD2LE2LF2LG2LH2LI2LJ2LK2LL2LM2LN2LO2LP2LQ2LR2LS2LT2LU2LV2LX2MA2MB2MC2MD2ME2MF2MG2MH2MI2MJ2MK2ML2MM2MN2MO2MP2MQ2MR2MS2MT2MU2MV2MX2NA2NB2NC2ND2NE2NF2NG2NH2NI2NJ2NK2NL2NM2NN2NO2NP2NQ2NR2NS2NT2NU2NV2NX2OA2OB2OC2OD2OE2OF2OG2OH2OI2OJ2OK2OL2OM2ON2OO2OP2OQ2OR2OS2OT2OU2OV2OX2PA2PB2PC2PD2PE2PF2PG2PH2PI2PJ2PK2PL2PM2PN2PO2PP2PQ2PR2PS2PT2PU2PV2PX2QA2QB2QC2QD2QE2QF2QG2QH2QI2QJ2QK2QL2QM2QN2QO2QP2QQ2QR2QS2QT2QU2QV2QX2RA2RB2RC2RD2RE2RF2RG2RH2RI2RJ2RK2RL2RM2RN2RO2RP2RQ2RR2RS2RT2RU2RV2RX2SA2SB2SC2SD2SE2SF2SG2SH2SI2SJ2SK2SL2SM2SN2SO2SP2SQ2SR2SS2ST2SU2SV2SX2TA2TB2TC2TD2TE2TF2TG2TH2TI2TJ2TK2TL2TM2TN2TO2TP2TQ2TR2TS2TT2TU2TV2TX2UA2UB2UC2UD2UE2UF2UG2UH2UI2UJ2UK2UL2UM2UN2UO2UP2UQ2UR2US2UT2UU2UV2UX2VA2VB2VC2VD2VE2VF2VG2VH2VI2VJ2VK2VL2VM2VN2VO2VP2VQ2VR2VS2VT2VU2VV2VX2WA2WB2WC2WD2WE2WF2WG2WH2WI2WJ2WK2WL2WM2WN2WO2WP2WQ2WR2WS2WT2WU2WV2WX2XA2XB2XC2XD2XE2XF2XG2XH2XI2XJ2XK2XL2XM2XN2XO2XP2XQ2XR2XS2XT2XU2XV2XX3AA3AB3AC3AD3AE3AF3AG3AH3AI3AJ3AK3AL3AM3AN3AO3AP3AQ3AR3AS3AT3AU3AV3AW3AX3BA3BB3BC3BD3BE3BF3BG3BH3BI3BJ3BK3BL3BM3BN3BO3BP3BQ3BR3BS3BT3BU3BV3BW3BX3CA3CB3CC3CD3CE3CF3CG3CH3CI3CJ3CK3CL3CM3CN3CO3CP3CQ3CR3CS3CT3CU3CV3CW3CX3DA3DB3DC3DD3DE3DF3DG3DH3DI3DJ3DK3DL3DM3DN3DO3DP3DQ3DR3DS3DT3DU3DV3DW3DX3EA3EB3EC3ED3EE3EF3EG3EH3EI3EJ3EK3EL3EM3EN3EO3EP3EQ3ER3ES3ET3EU3EV3EW3EX3FA3FB3FC3FD3FE3FF3FG3FH3FI3FJ3FK3FL3FM3FN3FO3FP3FQ3FR3FS3FT3FU3FV3FW3FX3GA3GB3GC3GD3GE3GF3GG3GH3GI3GJ3GK3GL3GM3GN3GO3GP3GQ3GR3GS3GT3GU3GV3GW3GX3HA3HB3HC3HD3HE3HF3HG3HH3HI3HJ3HK3HL3HM3HN3HO3HP3HQ3HR3HS3HT3HU3HV3HW3HX3IA3IB3IC3ID3IE3IF3IG3IH3II3IJ3IK3IL3IM3IN3IO3IP3IQ3IR3IS3IT3IU3IV3IW3IX3JA3JB3JC3JD3JE3JF3JG3JH3JI3JJ3JK3JL3JM3JN3JO3JP3JQ3JR3JS3JT3JU3JV3JW3JX3KA3KB3KC3KD3KE3KF3KG3KH3KI3KJ3KK3KL3KM3KN3KO3KP3KQ3KR3KS3KT3KU3KV3KW3KX3LA3LB3LC3LD3LE3LF3LG3LH3LI3LJ3LK3LL3LM3LN3LO3LP3LQ3LR3LS3LT3LU3LV3LW3LX3MA3MB3MC3MD3ME3MF3MG3MH3MI3MJ3MK3ML3MM3MN3MO3MP3MQ3MR3MS3MT3MU3MV3MW3MX3NA3NB3NC3ND3NE3NF3NG3NH3NI3NJ3NK3NL3NM3NN3NO3NP3NQ3NR3NS3NT3NU3NV3NW3NX3OA3OB3OC3OD3OE3OF3OG3OH3OI3OJ3OK3OL3OM3ON3OO3OP3OQ3OR3OS3OT3OU3OV3OW3OX3PA3PB3PC3PD3PE3PF3PG3PH3PI3PJ3PK3PL3PM3PN3PO3PP3PQ3PR3PS3PT3PU3PV3PW3PX3QA3QB3QC3QD3QE3QF3QG3QH3QI3QJ3QK3QL3QM3QN3QO3QP3QQ3QR3QS3QT3QU3QV3QW3QX3RA3RB3RC3RD3RE3RF3RG3RH3RI3RJ3RK3RL3RM3RN3RO3RP3RQ3RR3RS3RT3RU3RV3SA3SB3SC3SD3SE3SF3SG3SH3SI3SJ3SK3SL3SM3SN3SO3SP3SQ3SR3SS3ST3SU3TA3TB3TC3TD3TE3TF3TG3TH3TI3TJ3TK3TL3TM3TN3TO3TP3TQ3TR3TS3TT3TU3UA3UB3UC3UD3UE3UF3UG3UH3UI3UJ3UK3UL3UM3UN3UO3UP3UQ3UR3US3UT3VA3VB3VC3VD3VE3VF3VG3VH3VI3VJ3VK3VL3VM3VN3VO3VP3VQ3VR3VS3VT3VU3WA3WB3WC3WD3WE3WF3WG3WH3WI3WJ3WK3WL3WM3WN3WO3WP3WQ3WR3WS3WT3WU3WV3XA3XB3XC3XD3XE3XF3XG3XH3XI3XJ3XK3XL3XM3XN3XO3XP3XQ3XR3XS3XT3XU3XV4AA4AB4AC4AD4AE4AF4AG4AH4AI4AJ4AK4AL4AM4AN4AO4AP4AQ4AR4AS4AT4AU4AV4BA4BB4BC4BD4BE4BF4BG4BH4BI4BJ4BK4BL4BM4BN4BO4BP4BQ4BR4BS4BT4BU4BV4CA4CB4CC4CD4CE4CF4CG4CH4CI4CJ4CK4CL4CM4CN4CO4CP4CQ4CR4CS4CT4CU4CV4DA4DB4DC4DD4DE4DF4DG4DH4DI4DJ4DK4DL4DM4DN4DO4DP4DQ4DR4DS4DT4DU4DV4EA4EB4EC4ED4EE4EF4EG4EH4EI4EJ4EK4EL4EM4EN4EO4EP4EQ4ER4ES4ET4EU4EV4FA4FB4FC4FD4FE4FF4FG4FH4FI4FJ4FK4FL4FM4FN4FO4FP4FQ4FR4FS4FT4FU4FV4FW4FX4GA4GB4GC4GD4GE4GF4GG4GH4GI4GJ4GK4GL4GM4GN4GO4GP4GQ4GR4GS4GT4GU4GV4GW4GX4HA4HB4HC4HD4HE4HF4HG4HH4HI4HJ4HK4HL4HM4HN4HO4HP4HQ4HR4HS4HT4HU4HV4HW4HX4IA4IB4IC4ID4IE4IF4IG4IH4II4IJ4IK4IL4IM4IN4IO4IP4IQ4IR4IS4IT4IU4IV4IW4IX4JA4JB4JC4JD4JE4JF4JG4JH4JI4JJ4JK4JL4JM4JN4JO4JP4JQ4JR4JS4JT4JU4JV4JW4JX4KA4KB4KC4KD4KE4KF4KG4KH4KI4KJ4KK4KL4KM4KN4KO4KP4KQ4KR4KS4KT4KU4KV4KW4KX4LA4LB4LC4LD4LE4LF4LG4LH4LI4LJ4LK4LL4LM4LN4LO4LP4LQ4LR4LS4LT4LU4LV4LW4LX4MA4MB4MC4MD4ME4MF4MG4MH4MI4MJ4MK4ML4MM4MN4MO4MP4MQ4MR4MS4MT4MU4MV4MW4MX4NA4NB4NC4ND4NE4NF4NG4NH4NI4NJ4NK4NL4NM4NN4NO4NP4NQ4NR4NS4NT4NU4NV4NW4NX4OA4OB4OC4OD4OE4OF4OG4OH4OI4OJ4OK4OL4OM4ON4OO4OP4OQ4OR4OS4OT4OU4OV4OW4OX4PA4PB4PC4PD4PE4PF4PG4PH4PI4PJ4PK4PL4PM4PN4PO4PP4PQ4PR4PS4PT4PU4PV4PW4PX4QA4QB4QC4QD4QE4QF4QG4QH4QI4QJ4QK4QL4QM4QN4QO4QP4QQ4QR4QS4QT4QU4QV4QW4QX4RC4RD4RE4RF4RG4RH4RI4RJ4RK4RL4RM4RN4RO4RP4RQ4RR4RS4RT4RU4RV4RW4RX4SC4SD4SE4SF4SG4SH4SI4SJ4SK4SL4SM4SN4SO4SP4SQ4SR4SS4ST4SU4SV4SW4SX4TC4TD4TE4TF4TG4TH4TI4TJ4TK4TL4TM4TN4TO4TP4TQ4TR4TS4TT4TU4TV4TW4TX4UC4UD4UE4UF4UG4UH4UI4UJ4UK4UL4UM4UN4UO4UP4UQ4UR4US4UT4UU4UV4UW4UX4VC4VD4VE4VF4VG4VH4VI4VJ4VK4VL4VM4VN4VO4VP4VQ4VR4VS4VT4VU4VV4VW4VX4WD4WE4WF4WG4WH4WI4WJ4WK4WL4WM4WN4WO4WP4WQ4WR4WS4WT4WU4WV4WW4WX4XA4XB4XD4XE4XF4XG4XH4XI4XJ4XK4XL4XM4XN4XO4XP4XQ4XR4XS4XT4XU4XV4XW4XX</Field39>
<Field40>2211</Field40>
</results>
<results>
<Field1>37M4O367VLVST6SEL27P6SXBLKFM5R</Field1>
<Field2>3PUZG2R74TXVF7CR9RD94D92J8X45X</Field2>
<Field3>Participate in a land classification study (Bonuses for accuracy)</Field3>
<Field4>Classify an aerial image into four different types of land cover</Field4>
<Field5>image classification, land cover, photo interpretation</Field5>
<Field6>$0.50</Field6>
<Field7>Tue Jun 29 15:46:53 PDT 2021</Field7>
<Field8>6</Field8>
<Field9>BatchId:4491423;OriginalHitTemplateId:928390828;</Field9>
<Field10>3600</Field10>
<Field11>259200</Field11>
<Field12>Tue Jul 06 15:46:53 PDT 2021</Field12>
<Field15>3X4JMASXCPMZ2S0ANAG501MHLAN0BU</Field15>
<Field16>A8GARIHVLH97W</Field16>
<Field17>Submitted</Field17>
<Field18>Tue Jun 29 15:54:03 PDT 2021</Field18>
<Field19>Tue Jun 29 16:33:26 PDT 2021</Field19>
<Field20>Fri Jul 02 16:33:26 PDT 2021</Field20>
<Field24>2363</Field24>
<Field25>0% (0/0)</Field25>
<Field26>0% (0/0)</Field26>
<Field27>0% (0/0)</Field27>
<Field28>25340</Field28>
<Field29>new</Field29>
<Field30>img25340_new.jpg</Field30>
<Field31>https://raw.githubusercontent.com/ROIHabitat/lcimages/master/img25340_new.jpg</Field31>
<Field32>2296</Field32>
<Field33>1GI1GJ1GK1GL1HL1HM1HN1HO1IN1IO1IP1IQ1IR1IS1IT1IU1IV1JO1JP1JQ1JR1JS1JT1JU1JV1JW1JX1KO1KP1KQ1KR1KS1KT1KU1KV1KW1KX1LP1LQ1LR1LS1LT1LU1LV1LW1LX1MP1MR1MS1MT1MU1MV1MW1MX1NR1NS1NT1NU1NV1NW1NX1OT1OU1OV1OW1OX1PV1PW1PX2AJ2AK2AL2AM2BH2BI2BJ2BK2BL2BM2BN2CF2CG2CH2CI2CJ2CK2CL2CM2CN2CO2CP2DF2DG2DH2DI2DJ2DK2DL2DM2DN2DO2DP2EF2EG2EH2EI2EJ2EK2EL2EM2EN2EO2EP2FA2FB2FF2FG2FH2FI2FJ2FK2FL2FM2FN2FO2FP2GC2GD2GG2GH2GI2GJ2GK2GL2GM2GN2GO2HC2HD2HJ2HM2HN2HO2IB2IC2ID2IG2IH2II2IM2IN2IO2JA2JB2JC2JD2JG2JH2JI2JJ2JK2JL2KA2KB2KC2KD2KG2KH2KI2KJ2KK2KL2LA2LB2LC2LD2LE2LF2LG2LH2LI2LJ2LK2LL2MA2MB2MC2MD2ME2MF2MG2MH2MK2ML2MM2NA2NB2NC2ND2NE2NF2NG2NH2NI2NJ2NK2NL2NM2OA2OB2OC2OD2OE2OF2OG2OH2OI2OJ2OK2OL2PA2PB2PC2PD2PE2PF2PG2PH2PI2PJ2PK2PL2PM2QA2QB2QC2QD2QE2QF2QG2QH2QI2QJ2QK2QL2RA2RB2RC2RD2RE2RF2RG2RH2RI2RJ2RK2RL2RM2RN2SA2SB2SC2SD2SE2SF2SG2SH2SI2SJ2SK2SL2SM2SN2TC2TD2TE2TF2TG2TH2TI2TJ2TK2TL2UD2UE2UF2UG2UH2UI2UJ2UK2UL2VA2VB2VC2VE2VF2VG2VH2VI2VJ2VK2VL2WA2WB2WC2WD2WE2WF2WG2WH2WI2WJ2WK2WL2WM2XC2XD2XF2XG2XH2XI2XJ2XK2XL2XM3CS3CT3DR3DS3EQ3ER3ES3FQ3FR3GR3GS3GT3JH3JI3KF3KH3KI3LE3LF3LG3LH3MF3MG3MH3NF3NG3NH3NI3OG3OH3OI3OJ3PE3PF3PG3PH3PI3PJ3PK3QE3QF3QG3QH3QI3QJ3RG3RI3SG3SH3SJ3TG3TH3TI4AA4AB4AC4AD4AE4AF4AG4AH4AI4AJ4AK4AL4AM4BA4BB4BC4BD4BE4BF4BG4BH4BI4BJ4BK4BL4BM4CA4CB4CC4CD4CE4CF4CG4CH4CI4CJ4CK4CL4CM4CN4DA4DB4DH4DI4DJ4DK4DL4DM4DN4EB4EJ4EK4EL4EM4EN4FJ4FK4FL4FM4FN4FO4GJ4GK4GL4GM4GN4GO4HC4HD4HH4HI4HJ4HK4HL4HM4HN4HO4HP4HQ4HR4HS4HT4HX4IC4ID4IE4IF4IG4IH4II4IJ4IK4IL4IM4IN4IO4IP4IQ4IR4IS4IT4IX4JC4JD4JE4JF4JG4JH4JI4JJ4JK4JL4JM4JN4JO4JP4JQ4JR4JS4JT4KB4KC4KD4KE4KF4KG4KH4KI4KJ4KK4KL4KM4KN4KO4KP4KQ4KR4KS4KT4KV4LB4LC4LD4LE4LF4LG4LH4LI4LJ4LK4LL4LM4LN4LO4LP4LQ4LR4LS4LT4LU4LV4MB4MC4MD4ME4MF4MG4MH4MI4MJ4MK4ML4MM4MN4MO4MP4MQ4MR4MS4MT4MU4MV4ND4NE4NF4NG4NH4NI4NJ4NK4NL4NM4NN4NO4NP4NQ4NR4NS4NT4NU4NV4NW4OD4OE4OF4OG4OH4OI4OJ4OK4OL4OM4ON4OO4OP4OQ4OR4OS4OT4OU4OV4OW4PF4PG4PH4PI4PJ4PK4PL4PM4PN4PO4PP4PQ4PR4PS4PT4PU4PV4PW4PX4QF4QG4QH4QI4QJ4QK4QL4QM4QN4QO4QP4QQ4QR4QS4QT4QU4QV4QW4QX4RJ4RK4RL4RM4RN4RO4RP4RQ4RR4RS4RT4RU4RV4RW4RX4SK4SL4SM4SN4SO4SP4SQ4SR4SS4ST4SU4SV4SW4SX4TK4TL4TM4TN4TO4TP4TQ4TR4TS4TT4TU4TV4TW4TX4UK4UL4UM4UN4UO4UP4UQ4UR4US4UT4UU4UV4UW4UX4VH4VI4VJ4VK4VL4VM4VN4VO4VP4VQ4VR4VS4VT4VU4VV4VW4VX4WH4WI4WJ4WK4WL4WM4WN4WO4WP4WQ4WR4WS4WT4WU4WV4WW4WX4XA4XH4XI4XJ4XL4XM4XN4XO4XP4XQ4XR4XS4XT4XU4XV4XW4XX</Field33>
<Field34>747</Field34>
<Field35>1SN1TM1TN1UN1UO1UP1UQ1VN1VO1VP1VQ1WO1WP1WQ3SL3SM3SN3SO3TL3TM3TN3UJ3UK3UL3UM3UN3VF3VG3VJ3VK3VL3VM3VO3VP3VQ3WG3WH3WI3WN3WO3WP3WQ3WR3WS3XG3XH3XI</Field35>
<Field36>47</Field36>
<Field37>1AA1AB1AC1AD1AE1AF1AG1AH1AI1AJ1AK1AL1AM1AN1AO1AP1AQ1AR1AS1AT1AU1AV1AW1AX1BA1BB1BC1BD1BE1BF1BG1BH1BI1BJ1BK1BL1BM1BN1BO1BP1BQ1BR1BS1BT1BU1BV1BW1BX1CA1CB1CC1CD1CE1CF1CG1CH1CI1CJ1CK1CL1CM1CN1CO1CP1CQ1CR1CS1CT1CU1CV1CW1CX1DA1DB1DC1DD1DE1DF1DG1DH1DI1DJ1DK1DL1DM1DN1DO1DP1DQ1DR1DS1DT1DU1DV1DW1DX1EA1EB1EC1ED1EE1EF1EG1EH1EI1EJ1EK1EL1EM1EN1EO1EP1EQ1ER1ES1ET1EU1EV1EW1EX1FA1FB1FC1FD1FE1FF1FG1FH1FI1FJ1FK1FL1FM1FN1FO1FP1FQ1FR1FS1FT1FU1FV1FW1FX1GA1GB1GC1GD1GE1GF1GG1GH1GM1GN1GO1GP1GQ1GR1GS1GT1GU1GV1GW1GX1HA1HB1HC1HD1HE1HF1HG1HH1HI1HJ1HK1HP1HQ1HR1HS1HT1HU1HV1HW1HX1IA1IB1IC1ID1IE1IF1IG1IH1II1IJ1IK1IL1IM1IW1IX1JA1JB1JC1JD1JE1JF1JG1JH1JI1JJ1JK1JL1JM1JN1KA1KB1KC1KD1KE1KF1KG1KH1KI1KJ1KK1KL1KM1KN1LA1LB1LC1LD1LE1LF1LG1LH1LI1LJ1LK1LL1LM1LN1LO1MA1MB1MC1MD1ME1MI1MJ1MK1ML1MM1MN1MO1MQ1NA1NB1NC1ND1NE1NF1NG1NJ1NM1NN1NO1NP1NQ1OA1OB1OC1OD1OE1OF1OG1OH1OI1ON1OO1OP1OQ1OR1OS1PA1PB1PC1PD1PE1PF1PG1PH1PI1PJ1PK1PO1PP1PQ1PR1PS1PT1PU1QA1QB1QC1QD1QE1QF1QG1QK1QP1QQ1QR1QS1QT1QU1QV1QW1QX1RA1RB1RC1RD1RE1RF1RG1RH1RI1RJ1RK1RL1RM1RN1RO1RP1RQ1RR1RS1RT1RU1RV1RW1RX1SA1SB1SC1SD1SE1SF1SG1SH1SI1SJ1SK1SL1SM1SO1SP1SQ1SR1SS1ST1SU1SV1SW1SX1TA1TB1TC1TD1TE1TF1TG1TH1TL1TO1TP1TQ1TR1TS1TT1TU1TV1TW1TX1UA1UB1UC1UD1UE1UF1UG1UH1UI1UJ1UK1UL1UM1UR1US1UT1UU1UV1UW1UX1VA1VB1VC1VD1VE1VF1VG1VH1VI1VJ1VK1VL1VM1VR1VS1VT1VU1VV1VW1VX1WA1WB1WC1WD1WE1WF1WG1WH1WI1WJ1WK1WL1WM1WR1WS1WT1WU1WV1WW1WX1XA1XB1XC1XD1XE1XF1XG1XH1XI1XJ1XM1XQ1XR1XS1XT1XU1XV1XW1XX2AA2AB2AC2AD2AE2AF2AG2AH2AI2AN2AO2AP2AQ2AR2AS2AT2AU2AV2AW2AX2BA2BB2BC2BD2BE2BF2BG2BO2BP2BQ2BR2BS2BT2BU2BV2BW2BX2CA2CB2CC2CD2CE2CQ2CR2CS2CT2CU2CV2CW2CX2DA2DB2DC2DD2DE2DQ2DR2DS2DT2DU2DV2DW2EA2EB2EC2ED2EE2EQ2ER2ES2ET2EU2EV2EW2EX2FC2FD2FE2FQ2FR2FS2FT2FU2FV2FW2FX2GA2GB2GE2GF2GP2GQ2GR2GS2GT2GU2GV2GW2GX2HA2HB2HE2HF2HG2HH2HI2HK2HL2HP2HQ2HR2HS2HT2HU2HV2HW2HX2IA2IE2IF2IJ2IK2IL2IP2IQ2IR2IS2IT2IU2IV2IW2IX2JE2JF2JM2JN2JO2JP2JQ2JR2JS2JT2JU2JV2JW2JX2KE2KF2KM2KN2KO2KP2KQ2KR2KS2KT2KU2KV2KW2KX2LM2LN2LO2LP2LQ2LR2LS2LT2LU2LV2LW2LX2MI2MJ2MN2MO2MP2MQ2MR2MS2MT2MU2MV2MW2NN2NO2NP2NQ2NR2NS2NT2NU2NV2NW2OM2ON2OO2OP2OQ2OR2OS2OT2OU2OV2OW2PN2PO2PP2PQ2PR2PS2PT2PU2PV2PW2PX2QM2QN2QO2QP2QQ2QR2QS2QT2QU2QV2QW2QX2RO2RP2RQ2RR2RS2RT2RU2RV2RW2RX2SO2SP2SQ2SR2SS2ST2SU2SV2SW2SX2TA2TB2TM2TN2TO2TP2TQ2TR2TS2TT2TU2TV2TW2UA2UB2UC2UM2UN2UO2UP2UQ2UR2US2UT2UU2UV2UW2VD2VM2VN2VO2VP2VQ2VR2VS2VT2VU2VV2VW2WN2WO2WP2WQ2WR2WS2WT2WU2WV2WW2WX2XA2XB2XE2XN2XO2XP2XQ2XR2XS2XT2XU2XV2XW2XX3AA3AB3AC3AD3AE3AF3AG3AH3AI3AJ3AK3AL3AM3AN3AO3AP3AQ3AR3AS3AT3AU3AV3AW3AX3BA3BB3BC3BD3BE3BF3BG3BH3BI3BJ3BK3BL3BM3BN3BO3BP3BQ3BR3BS3BT3BU3BV3BW3BX3CA3CB3CC3CD3CE3CF3CG3CH3CI3CJ3CK3CL3CM3CN3CO3CP3CQ3CR3CU3CV3CW3CX3DA3DB3DC3DD3DE3DF3DG3DH3DI3DJ3DK3DL3DM3DN3DO3DP3DQ3DT3DU3DV3DW3DX3EA3EB3EC3ED3EE3EF3EG3EH3EI3EJ3EK3EL3EM3EN3EO3EP3ET3EU3EV3EW3EX3FA3FB3FC3FD3FE3FF3FG3FH3FI3FJ3FK3FL3FM3FN3FO3FP3FS3FT3FU3FV3FW3FX3GA3GB3GC3GD3GE3GF3GG3GH3GI3GJ3GK3GL3GM3GN3GO3GP3GQ3GU3GV3GW3GX3HA3HB3HC3HD3HE3HF3HG3HH3HI3HJ3HK3HL3HM3HN3HO3HP3HQ3HR3HS3HT3HU3HV3HW3HX3IA3IB3IC3ID3IE3IF3IG3IH3II3IJ3IK3IL3IM3IN3IO3IP3IQ3IR3IS3IT3IU3IV3IW3IX3JA3JB3JC3JD3JE3JF3JG3JJ3JK3JL3JM3JN3JO3JP3JQ3JR3JS3JT3JU3JV3JW3JX3KA3KB3KC3KD3KE3KG3KJ3KK3KL3KM3KP3KQ3KR3KS3KT3KU3KV3KW3KX3LA3LB3LC3LD3LI3LJ3LK3LL3LM3LP3LQ3LR3LS3LT3LU3LV3LW3LX3MA3MB3MC3MD3ME3MI3MJ3MK3ML3MM3MP3MQ3MR3MS3MT3MU3MV3MW3MX3NA3NB3NC3ND3NE3NJ3NK3NL3NM3NP3NQ3NR3NS3NT3NU3NV3NW3NX3OA3OB3OC3OD3OE3OF3OK3OL3OM3OP3OQ3OR3OS3OT3OU3OV3OW3OX3PA3PB3PC3PD3PL3PM3PN3PO3PP3PQ3PR3PS3PT3PU3PV3PW3PX3QA3QB3QC3QD3QK3QL3QM3QN3QO3QP3QQ3QR3QS3QT3QU3QV3QW3QX3RA3RB3RC3RD3RE3RF3RH3RJ3RK3RL3RM3RN3RO3RP3RQ3RR3RS3RT3RU3RV3RW3RX3SA3SB3SC3SD3SE3SF3SI3SK3SP3SQ3SR3SS3ST3SU3SV3SW3SX3TA3TB3TC3TD3TE3TF3TJ3TK3TO3TP3TQ3TR3TS3TT3TU3TV3TW3TX3UA3UB3UC3UD3UE3UF3UG3UH3UI3UO3UP3UQ3UR3US3UT3UU3UV3UW3UX3VA3VB3VC3VD3VE3VH3VI3VN3VR3VS3VT3VU3VV3VW3VX3WA3WB3WC3WD3WE3WF3WJ3WK3WL3WM3WT3WU3WV3WW3WX3XA3XB3XC3XD3XE3XF3XJ3XK3XL3XM3XN3XO3XP3XQ3XR3XS3XT3XU3XV3XW3XX4AN4AO4AP4AQ4AR4AS4AT4AU4AV4AW4AX4BN4BO4BP4BQ4BR4BS4BT4BU4BV4BW4BX4CO4CP4CQ4CR4CS4CT4CU4CV4CW4CX4DC4DD4DE4DF4DG4DO4DP4DQ4DR4DS4DT4DU4DV4DW4DX4EA4EC4ED4EE4EF4EG4EH4EI4EO4EP4EQ4ER4ES4ET4EU4EV4EW4EX4FA4FB4FC4FD4FE4FF4FG4FH4FI4FP4FQ4FR4FS4FT4FU4FV4FW4FX4GA4GB4GC4GD4GE4GF4GG4GH4GI4GP4GQ4GR4GS4GT4GU4GV4GW4GX4HA4HB4HE4HF4HG4HU4HV4HW4IA4IB4IU4IV4IW4JA4JB4JU4JV4JW4JX4KA4KU4KW4KX4LA4LW4LX4MA4MW4MX4NA4NB4NC4NX4OA4OB4OC4OX4PA4PB4PC4PD4PE4QA4QB4QC4QD4QE4RA4RB4RC4RD4RE4RF4RG4RH4RI4SA4SB4SC4SD4SE4SF4SG4SH4SI4SJ4TA4TB4TC4TD4TE4TF4TG4TH4TI4TJ4UA4UB4UC4UD4UE4UF4UG4UH4UI4UJ4VA4VB4VC4VD4VE4VF4VG4WA4WB4WC4WD4WE4WF4WG4XB4XC4XD4XE4XF4XG</Field37>
<Field38>1462</Field38>
<Field39>1MF1MG1MH1NH1NI1NK1NL1OJ1OK1OL1OM1PL1PM1PN1QH1QI1QJ1QL1QM1QN1QO1TI1TJ1TK1WN1XK1XL1XN1XO1XP3KN3KO3LN3LO3MN3MO3NN3NO3ON3OO</Field39>
<Field40>40</Field40>
</results>
<results>
<Field1>37M4O367VLVST6SEL27P6SXBLKFM5R</Field1>
<Field2>3PUZG2R74TXVF7CR9RD94D92J8X45X</Field2>
<Field3>Participate in a land classification study (Bonuses for accuracy)</Field3>
<Field4>Classify an aerial image into four different types of land cover</Field4>
<Field5>image classification, land cover, photo interpretation</Field5>
<Field6>$0.50</Field6>
<Field7>Tue Jun 29 15:46:53 PDT 2021</Field7>
<Field8>6</Field8>
<Field9>BatchId:4491423;OriginalHitTemplateId:928390828;</Field9>
<Field10>3600</Field10>
<Field11>259200</Field11>
<Field12>Tue Jul 06 15:46:53 PDT 2021</Field12>
<Field15>3YMTUJH0DVTGX2CS6XUSCYIG8TFT45</Field15>
<Field16>A1OPGCGOWRFOKL</Field16>
<Field17>Submitted</Field17>
<Field18>Tue Jun 29 17:58:57 PDT 2021</Field18>
<Field19>Tue Jun 29 18:16:40 PDT 2021</Field19>
<Field20>Fri Jul 02 18:16:40 PDT 2021</Field20>
<Field24>1063</Field24>
<Field25>0% (0/0)</Field25>
<Field26>0% (0/0)</Field26>
<Field27>0% (0/0)</Field27>
<Field28>25340</Field28>
<Field29>new</Field29>
<Field30>img25340_new.jpg</Field30>
<Field31>https://raw.githubusercontent.com/ROIHabitat/lcimages/master/img25340_new.jpg</Field31>
<Field32>2256</Field32>
<Field34>0</Field34>
<Field35>1AA1AB1AC1AD1AE1AF1AG1AH1AI1AJ1AK1AL1AM1AN1AO1AP1AQ1AR1AS1AT1AU1AV1AW1AX1BA1BB1BC1BD1BE1BF1BG1BH1BI1BJ1BK1BL1BM1BN1BO1BP1BQ1BR1BS1BT1BU1BV1BW1BX1CA1CB1CC1CD1CE1CF1CG1CH1CI1CJ1CK1CL1CM1CN1CO1CP1CQ1CR1CS1CT1CU1CV1CW1CX1DA1DB1DC1DD1DE1DF1DG1DH1DI1DJ1DK1DL1DM1DN1DO1DP1DQ1DR1DS1DT1DU1DV1DW1DX1EA1EB1EC1ED1EE1EF1EG1EH1EI1EJ1EK1EL1EM1EN1EO1EP1EQ1ER1ES1ET1EU1EV1EW1EX1FA1FB1FC1FD1FE1FF1FG1FH1FI1FJ1FK1FL1FM1FN1FO1FP1FQ1FR1FS1FT1FU1FV1FW1FX1GA1GB1GC1GD1GE1GP1GQ1GR1GS1GT1GU1GV1GW1GX1HA1HB1HC1HD1HE1HF1HG1HH1HI1HP1HQ1HR1HS1HT1HU1HV1HW1HX1IA1IB1IC1ID1IE1IF1IG1IH1II1IJ1IK1IL1IW1IX1JA1JB1JC1JD1JE1JF1JG1JH1JI1JJ1JK1JL1KA1KB1KC1KD1KE1KF1KG1KH1KI1KJ1KK1KL1LA1LB1LC1LD1LE1LF1LG1LH1LI1LJ1LK1LL1LM1LN1LO1MA1MB1MC1MD1ME1MF1MG1MH1MI1MJ1MK1ML1MM1MN1MO1NA1NB1NC1ND1NE1NF1NG1NH1NI1NJ1NK1NL1NM1NN1NO1NP1NQ1OA1OB1OC1OD1OE1OF1OG1OH1OI1OJ1OK1OL1OM1ON1OO1OP1OQ1OR1PA1PB1PC1PD1PE1PF1PG1PH1PI1PJ1PK1PL1PM1PN1PO1PP1PQ1PR1PS1PT1PU1QA1QB1QC1QD1QE1QF1QG1QH1QI1QJ1QK1QL1QM1QN1QO1QP1QQ1QR1QS1QT1QU1QV1QW1QX1RA1RB1RC1RD1RE1RF1RG1RH1RI1RJ1RK1RL1RM1RN1RO1RP1RQ1RR1RS1RT1RU1RV1RW1RX1SA1SB1SC1SD1SE1SF1SG1SH1SI1SJ1SK1SL1SM1SP1SQ1SR1SS1ST1SX1TA1TB1TC1TD1TE1TF1TG1TH1TI1TJ1TK1TL1TM1TP1TQ1TR1TS1TT1TX1UA1UB1UC1UD1UE1UF1UG1UH1UI1UJ1UK1UL1UM1UP1UQ1UR1US1UT1VA1VB1VC1VD1VE1VF1VG1VH1VI1VJ1VK1VL1VM1VN1VQ1VR1VS1VT1WA1WB1WC1WD1WE1WF1WG1WH1WI1WJ1WK1WL1WM1WN1WR1WS1WT1WU1XA1XB1XC1XD1XE1XF1XG1XH1XI1XJ1XK1XL1XM1XN1XO1XP1XQ1XR1XS1XT1XU1XV1XW1XX2AA2AB2AC2AD2AE2AF2AG2AH2AI2AJ2AN2AO2AP2AQ2AR2AS2AT2AU2AV2BA2BB2BC2BD2BE2BF2BG2BH2BJ2BN2BO2BP2BQ2BR2BS2BT2BU2BV2CA2CB2CC2CD2CE2CF2CP2CQ2CR2CS2CT2CU2CV2DA2DB2DC2DD2DE2DL2DP2DQ2DR2DS2DT2DU2DV2EA2EB2EC2ED2EE2EL2EQ2ER2ES2ET2EU2EV2FA2FB2FC2FD2FE2FL2FM2FQ2FR2FS2FT2FU2FV2GA2GB2GE2GF2GL2GM2GQ2GR2GS2GT2GU2GV2HA2HB2HE2HF2HG2HH2HI2HJ2HK2HL2HM2HO2HP2HQ2HR2HS2HT2HU2HV2IA2IB2IE2IF2IG2IH2II2IJ2IK2IL2IM2IN2IO2IP2IQ2IR2IS2IT2IU2IV2JA2JB2JC2JD2JE2JF2JG2JK2JL2JM2JN2JO2JP2JQ2JR2JS2JT2JU2JV2KD2KE2KF2KG2KK2KL2KM2KN2KO2KP2KQ2KR2KS2KT2KU2KV2LH2LI2LJ2LK2LL2LM2LN2LO2LP2LQ2LR2LS2LT2LU2LV2MH2MI2MJ2MK2ML2MM2MN2MO2MP2MQ2MR2MS2MT2MU2MV2NJ2NK2NN2NO2NP2NQ2NR2NS2NT2NU2NV2ON2OO2OP2OQ2OR2OS2OT2OU2OV2PN2PO2PP2PQ2PR2PS2PT2PU2PV2QO2QP2QQ2QR2QS2QT2QU2QV2RA2RB2RG2RO2RP2RQ2RR2RS2RT2RU2RV2SA2SB2SG2SL2SM2SN2SO2SP2SQ2SR2SS2ST2SU2SV2TA2TB2TL2TM2TN2TO2TP2TQ2TR2TS2TT2TU2TV2UA2UB2UC2UL2UM2UN2UO2UP2UQ2UR2US2UT2UU2UV2VC2VD2VL2VM2VN2VO2VP2VQ2VR2VS2VT2VU2VV2WA2WD2WE2WL2WM2WN2WO2WP2WQ2WR2WS2WT2WU2WV2XA2XB2XE2XF2XL2XM2XN2XO2XP2XQ2XR2XS2XT2XU2XV3AA3AB3AC3AD3AE3AF3AG3AH3AI3AJ3AK3AL3AM3AN3AO3AP3AQ3AR3AS3AT3AU3AV3AW3AX3BA3BB3BC3BD3BE3BF3BG3BH3BI3BJ3BK3BL3BM3BN3BO3BP3BQ3BR3BS3BT3BU3BV3BW3BX3CA3CB3CC3CD3CE3CF3CG3CH3CI3CJ3CK3CL3CM3CN3CO3CP3CQ3CU3CV3CW3CX3DA3DB3DC3DD3DE3DF3DG3DH3DI3DJ3DK3DL3DM3DN3DO3DP3DQ3DU3DV3DW3DX3EA3EB3EC3ED3EE3EF3EG3EH3EI3EJ3EK3EN3EO3EP3EU3EV3EW3EX3FA3FB3FC3FD3FE3FF3FG3FH3FI3FJ3FK3FN3FO3FP3FT3FU3FV3FW3FX3GA3GB3GC3GD3GE3GF3GG3GH3GI3GJ3GK3GL3GM3GN3GO3GP3GT3GU3GV3GW3GX3HA3HB3HC3HD3HE3HF3HG3HH3HI3HJ3HK3HL3HM3HN3HO3HP3HQ3HR3HS3HT3HU3HV3HW3HX3IA3IB3IC3ID3IE3IF3IG3IH3II3IJ3IK3IL3IM3IN3IO3IP3IQ3IR3IS3IT3IU3IV3IW3IX3JA3JB3JC3JE3JF3JG3JJ3JK3JL3JM3JN3JO3JP3JQ3JR3JS3JT3JU3JV3JW3JX3KA3KB3KC3KD3KE3KF3KG3KK3KL3KO3KP3KQ3KR3KS3KT3KU3KV3KW3KX3LA3LB3LC3LD3LE3LI3LJ3LK3LL3LM3LN3LO3LP3LQ3LR3LS3LT3LU3LV3LW3LX3MA3MB3MC3MD3ME3MI3MJ3MK3ML3MM3MP3MQ3MR3MS3MT3MU3MV3MW3MX3NA3NB3NC3ND3NE3NK3NL3NM3NP3NQ3NR3NS3NT3NU3NV3NW3NX3OA3OB3OC3OD3OE3OK3OL3OM3OP3OQ3OR3OS3OT3OU3OV3OW3OX3PA3PB3PC3PD3PK3PL3PM3PN3PO3PP3PQ3PR3PS3PT3PU3PV3PW3PX3QA3QB3QC3QD3QI3QJ3QK3QL3QM3QN3QO3QP3QQ3QR3QS3QT3QU3QV3QW3QX3RA3RB3RC3RD3RE3RF3RG3RH3RI3RJ3RK3RL3RM3RN3RO3RP3RQ3RR3RS3RT3RU3RV3RW3RX3SA3SB3SC3SD3SE3SK3SL3SP3SQ3SR3SS3ST3SU3SV3SW3SX3TA3TB3TC3TD3TE3TF3TK3TP3TQ3TR3TS3TT3TU3TV3TW3TX3UA3UB3UC3UD3UG3UH3UI3UK3UP3UQ3UR3US3UT3UU3UV3UW3UX3VA3VB3VC3VD3VE3VF3VH3VI3VN3VO3VP3VQ3VR3VS3VT3VU3VV3VW3VX3WA3WB3WC3WD3WE3WF3WJ3WK3WL3WM3WT3WU3WV3WW3WX3XA3XB3XC3XD3XE3XJ3XK3XL3XM3XN3XO3XP3XQ3XR3XS3XT3XU3XV3XW3XX4AA4AB4AF4AG4AM4AN4AO4AP4AQ4AR4AS4AT4AU4AV4AW4AX4BA4BB4BC4BF4BG4BM4BN4BO4BP4BQ4BR4BS4BT4BU4BV4BW4BX4CA4CB4CC4CE4CF4CG4CH4CN4CO4CP4CQ4CR4CS4CT4CU4CV4CW4CX4DA4DB4DC4DD4DE4DF4DG4DH4DN4DO4DP4DQ4DR4DS4DT4DU4DV4DW4DX4EA4EB4EC4ED4EE4EF4EG4EH4EI4EN4EO4EP4EQ4ER4ES4ET4EU4EV4EW4EX4FA4FB4FC4FD4FE4FF4FG4FH4FI4FJ4FO4FP4FQ4FR4FS4FT4FU4FV4FW4FX4GA4GB4GC4GD4GE4GF4GG4GH4GI4GJ4GP4GQ4GR4GS4GT4GU4GV4GW4GX4HA4HB4HC4HD4HE4HF4HH4HI4HJ4HK4HQ4HR4HS4HT4HU4HV4HW4HX4IA4IB4IC4IH4II4IJ4IK4IQ4IR4IS4IT4IU4IV4IW4IX4JA4JB4JR4JS4JT4JU4JV4JW4JX4KA4KB4KV4KW4KX4LG4LH4LW4LX4MA4MB4MC4MH4MV4MW4MX4NA4NB4NC4ND4NE4NX4OA4OB4OC4OD4OE4OF4OX4PA4PB4PC4PD4PE4PF4PX4QA4QB4QC4QD4QE4QF4QG4QX4RA4RB4RC4RD4RE4RF4RG4RH4RI4RJ4RK4RX4SA4SB4SC4SD4SE4SF4SG4SH4SI4SJ4SK4SL4SX4TA4TB4TC4TD4TE4TF4TG4TH4TI4TJ4TK4TL4TM4TX4UA4UB4UC4UD4UE4UF4UG4UH4UI4UJ4UK4UL4UM4UN4UO4UP4UQ4VA4VB4VC4VD4VE4VF4VG4VH4VI4VJ4VK4VL4VM4VN4VO4VP4VQ4WA4WB4WC4WD4WE4WF4WG4WH4WI4WJ4WK4WL4XA4XB4XC4XJ4XK4XL</Field35>
<Field36>1580</Field36>
<Field37>1SN1SO1TN1TO1UN1UO1VO1VP1WO1WP1WQ2AW2BW2CW2DW2EW2FW2GW2HW2IW2JW2KW2LW2MW2NW2OW2PW2QW2RW2SW2TW2UW2VW2WW2WX2XW</Field37>
<Field38>36</Field38>
<Field39>1GF1GG1GH1GI1GJ1GK1GL1GM1HJ1HK1HL1HM1HN1HO1IM1IN1IO1IP1IQ1IR1IS1IT1IU1IV1JM1JN1JO1JP1JQ1JR1JS1JT1JU1JV1JW1JX1KN1KO1KP1KQ1KR1KS1KT1KU1KV1KW1KX1LP1LQ1LR1LS1LT1LU1LV1LW1LX1MP1MQ1MR1MS1MT1MU1MV1MW1MX1NR1NS1NT1NU1NV1NW1NX1OS1OT1OU1OV1OW1OX1PV1PW1PX1SU1SV1SW1TU1TV1TW1UU1UV1UW1UX1VU1VV1VW1VX1WV1WW1WX2AK2AL2AM2BI2BK2BL2BM2CG2CH2CI2CJ2CK2CL2CM2CN2CO2DF2DG2DH2DI2DJ2DK2DM2DN2DO2EF2EG2EH2EI2EJ2EK2EM2EN2EO2EP2FF2FG2FH2FI2FJ2FK2FN2FO2FP2GC2GD2GG2GH2GI2GJ2GK2GN2GO2GP2HC2HD2HN2IC2ID2JH2JI2JJ2KA2KB2KC2KH2KI2KJ2LA2LB2LC2LD2LE2LF2LG2MA2MB2MC2MD2ME2MF2MG2NA2NB2NC2ND2NE2NF2NG2NH2NI2NL2NM2OA2OB2OC2OD2OE2OF2OG2OH2OI2OJ2OK2OL2OM2PA2PB2PC2PD2PE2PF2PG2PH2PI2PJ2PK2PL2PM2QA2QB2QC2QD2QE2QF2QG2QH2QI2QJ2QK2QL2QM2QN2RC2RD2RE2RF2RH2RI2RJ2RK2RL2RM2RN2SC2SD2SE2SF2SH2SI2SJ2SK2TC2TD2TE2TF2TG2TH2TI2TJ2TK2UD2UE2UF2UG2UH2UI2UJ2UK2VA2VB2VE2VF2VG2VH2VI2VJ2VK2WB2WC2WF2WG2WH2WI2WJ2WK2XC2XD2XG2XH2XI2XJ2XK3CR3CS3CT3DR3DS3DT3EL3EM3EQ3ER3ES3ET3FL3FM3FQ3FR3FS3GQ3GR3GS3JD3JH3JI3KH3KI3KJ3KN3LF3LG3LH3MF3MG3MH3MN3MO3NF3NG3NH3NI3NJ3NN3NO3OF3OG3OH3OI3OJ3ON3OO3PE3PF3PG3PH3PI3PJ3QE3QF3QG3QH3SF3SG3SH3SI3SJ3SM3SN3SO3TG3TH3TI3TL3TM3TN3TO3UE3UF3UJ3UL3UM3UN3UO3VG3VJ3VK3VL3VM3WG3WH3WI3WN3WO3WP3WQ3WR3WS3XF3XG3XH3XI4AC4AD4AE4AH4AI4AJ4AK4AL4BD4BE4BH4BI4BJ4BK4BL4CD4CI4CJ4CK4CL4CM4DI4DJ4DK4DL4DM4EJ4EK4EL4EM4FK4FL4FM4FN4GK4GL4GM4GN4GO4HL4HM4HN4HO4HP4ID4IE4IF4IG4IL4IM4IN4IO4IP4JC4JD4JE4JF4JG4JH4JI4JJ4JK4JL4JM4JN4JO4JP4JQ4KC4KD4KE4KF4KG4KH4KI4KJ4KK4KL4KM4KN4KO4KP4KQ4KR4KS4KT4KU4LB4LC4LD4LE4LF4LI4LJ4LK4LL4LM4LN4LO4LP4LQ4LR4LS4LT4LU4LV4MD4ME4MF4MG4MI4MJ4MK4ML4MM4MN4MO4MP4MQ4MR4MS4MT4MU4NF4NG4NH4NI4NJ4NK4NL4NM4NN4NO4NP4NQ4NR4NS4NT4NU4NV4NW4OG4OH4OI4OJ4OK4OL4OM4ON4OO4OP4OQ4OR4OS4OT4OU4OV4OW4PG4PH4PI4PJ4PK4PL4PM4PN4PO4PP4PQ4PR4PS4PT4PU4PV4PW4QH4QI4QJ4QK4QL4QM4QN4QO4QP4QQ4QR4QS4QT4QU4QV4QW4RL4RM4RN4RO4RP4RQ4RR4RS4RT4RU4RV4RW4SM4SN4SO4SP4SQ4SR4SS4ST4SU4SV4SW4TN4TO4TP4TQ4TR4TS4TT4TU4TV4TW4UR4US4UT4UU4UV4UW4UX4VR4VS4VT4VU4VV4VW4VX4WM4WN4WO4WP4WQ4WR4WS4WT4WU4WV4WW4WX</Field39>
<Field40>640</Field40>
</results>
<results>
<Field1>3Z56AA6EK6DOCASSQLHUYYBBHFQM67</Field1>
<Field2>3PUZG2R74TXVF7CR9RD94D92J8X45X</Field2>
<Field3>Participate in a land classification study (Bonuses for accuracy)</Field3>
<Field4>Classify an aerial image into four different types of land cover</Field4>
<Field5>image classification, land cover, photo interpretation</Field5>
<Field6>$0.50</Field6>
<Field7>Tue Jun 29 15:46:53 PDT 2021</Field7>
<Field8>6</Field8>
<Field9>BatchId:4491423;OriginalHitTemplateId:928390828;</Field9>
<Field10>3600</Field10>
<Field11>259200</Field11>
<Field12>Tue Jul 06 15:46:53 PDT 2021</Field12>
<Field15>39GXDJN2OWRWTV3JNVKKUSM670NV8Q</Field15>
<Field16>AO2WNSGOXAX52</Field16>
<Field17>Submitted</Field17>
<Field18>Tue Jun 29 17:04:25 PDT 2021</Field18>
<Field19>Tue Jun 29 17:13:00 PDT 2021</Field19>
<Field20>Fri Jul 02 17:13:00 PDT 2021</Field20>
<Field24>515</Field24>
<Field25>0% (0/0)</Field25>
<Field26>0% (0/0)</Field26>
<Field27>0% (0/0)</Field27>
<Field28>25502</Field28>
<Field29>new</Field29>
<Field30>img25502_new.jpg</Field30>
<Field31>https://raw.githubusercontent.com/ROIHabitat/lcimages/master/img25502_new.jpg</Field31>
<Field32>2304</Field32>
<Field34>0</Field34>
<Field36>0</Field36>
<Field37>1AA1AB1AC1AD1AE1AF1AG1AH1AI1AJ1AK1AL1AM1AN1AO1AP1AQ1AR1AS1AT1AU1AV1AW1AX1BA1BB1BC1BD1BE1BF1BG1BH1BI1BJ1BK1BL1BM1BN1BO1BP1BQ1BR1BS1BT1BU1BV1BW1BX1CA1CB1CC1CD1CE1CF1CG1CH1CI1CJ1CK1CL1CM1CN1CO1CP1CQ1CR1CS1CT1CU1CV1CW1CX1DA1DB1DC1DD1DE1DF1DG1DH1DI1DJ1DK1DL1DM1DN1DO1DP1DQ1DR1DS1DT1DU1DV1DW1DX1EA1EB1EC1ED1EE1EF1EG1EH1EI1EJ1EK1EL1EM1EN1EO1EP1EQ1ER1ES1ET1EU1EV1EW1EX1FA1FB1FC1FD1FE1FF1FG1FH1FI1FJ1FK1FL1FM1FN1FO1FP1FQ1FR1FS1FT1FU1FV1FW1FX1GA1GB1GC1GD1GE1GF1GG1GH1GI1GJ1GK1GL1GM1GN1GO1GP1GQ1GR1GS1GT1GU1GV1GW1GX1HA1HB1HC1HD1HE1HF1HG1HH1HI1HJ1HK1HL1HM1HN1HO1HP1HQ1HR1HS1HT1HU1HV1HW1HX1IA1IB1IC1ID1IE1IF1IG1IH1II1IJ1IK1IL1IM1IN1IO1IP1IQ1IR1IS1IT1IU1IV1IW1IX1JA1JB1JC1JD1JE1JF1JG1JH1JI1JJ1JK1JL1JM1JN1JO1JP1JQ1JR1JS1JT1JU1JV1JW1JX1KA1KB1KC1KD1KE1KF1KG1KH1KI1KJ1KK1KL1KM1KN1KO1KP1KQ1KR1KS1KT1KU1KV1KW1KX1LA1LB1LC1LD1LE1LF1LG1LH1LI1LJ1LK1LL1LM1LN1LO1LP1LQ1LR1LS1LT1LU1LV1LW1LX1MA1MB1MC1MD1ME1MF1MG1MH1MI1MJ1MK1ML1MM1MN1MO1MP1MQ1MR1MS1MT1MU1MV1MW1MX1NA1NB1NC1ND1NE1NF1NG1NH1NI1NJ1NK1NL1NM1NN1NO1NP1NQ1NR1NS1NT1NU1NV1NW1NX1OA1OB1OC1OD1OE1OF1OG1OH1OI1OJ1OK1OL1OM1ON1OO1OP1OQ1OR1OS1OT1OU1OV1OW1OX1PA1PB1PC1PD1PE1PF1PG1PH1PI1PJ1PK1PL1PM1PN1PO1PP1PQ1PR1PS1PT1PU1PV1PW1PX1QA1QB1QC1QD1QE1QF1QG1QH1QI1QJ1QK1QL1QM1QN1QO1QP1QQ1QR1QS1QT1QU1QV1QW1QX1RA1RB1RC1RD1RE1RF1RG1RH1RI1RJ1RK1RL1RM1RN1RO1RP1RQ1RR1RS1RT1RU1RV1RW1RX1SA1SB1SC1SD1SE1SF1SG1SH1SI1SJ1SK1SL1SM1SN1SO1SP1SQ1SR1SS1ST1SU1SV1SW1SX1TA1TB1TC1TD1TE1TF1TG1TH1TI1TJ1TK1TL1TM1TN1TO1TP1TQ1TR1TS1TT1TU1TV1TW1TX1UA1UB1UC1UD1UE1UF1UG1UH1UI1UJ1UK1UL1UM1UN1UO1UP1UQ1UR1US1UT1UU1UV1UW1UX1VA1VB1VC1VD1VE1VF1VG1VH1VI1VJ1VK1VL1VM1VN1VO1VP1VQ1VR1VS1VT1VU1VV1VW1VX1WA1WB1WC1WD1WE1WF1WG1WH1WI1WJ1WK1WL1WM1WN1WO1WP1WQ1WR1WS1WT1WU1WV1WW1WX1XA1XB1XC1XD1XE1XF1XG1XH1XI1XJ1XK1XL1XM1XN1XO1XP1XQ1XR1XS1XT1XU1XV1XW1XX2AA2AB2AC2AD2AE2AF2AG2AH2AI2AJ2AK2AL2AM2AN2AO2AP2AQ2AR2AS2AT2AU2AV2AW2AX2BA2BB2BC2BD2BE2BF2BG2BH2BI2BJ2BK2BL2BM2BN2BO2BP2BQ2BR2BS2BT2BU2BV2BW2BX2CA2CB2CC2CD2CE2CF2CG2CH2CI2CJ2CK2CL2CM2CN2CO2CP2CQ2CR2CS2CT2CU2CV2CW2CX2DA2DB2DC2DD2DE2DF2DG2DH2DI2DJ2DK2DL2DM2DN2DO2DP2DQ2DR2DS2DT2DU2DV2DW2DX2EA2EB2EC2ED2EE2EF2EG2EH2EI2EJ2EK2EL2EM2EN2EO2EP2EQ2ER2ES2ET2EU2EV2EW2EX2FA2FB2FC2FD2FE2FF2FG2FH2FI2FJ2FK2FL2FM2FN2FO2FP2FQ2FR2FS2FT2FU2FV2FW2FX2GA2GB2GC2GD2GE2GF2GG2GH2GI2GJ2GK2GL2GM2GN2GO2GP2GQ2GR2GS2GT2GU2GV2GW2GX2HA2HB2HC2HD2HE2HF2HG2HH2HI2HJ2HK2HL2HM2HN2HO2HP2HQ2HR2HS2HT2HU2HV2HW2HX2IA2IB2IC2ID2IE2IF2IG2IH2II2IJ2IK2IL2IM2IN2IO2IP2IQ2IR2IS2IT2IU2IV2IW2IX2JA2JB2JC2JD2JE2JF2JG2JH2JI2JJ2JK2JL2JM2JN2JO2JP2JQ2JR2JS2JT2JU2JV2JW2JX2KA2KB2KC2KD2KE2KF2KG2KH2KI2KJ2KK2KL2KM2KN2KO2KP2KQ2KR2KS2KT2KU2KV2KW2KX2LA2LB2LC2LD2LE2LF2LG2LH2LI2LJ2LK2LL2LM2LN2LO2LP2LQ2LR2LS2LT2LU2LV2LW2LX2MA2MB2MC2MD2ME2MF2MG2MH2MI2MJ2MK2ML2MM2MN2MO2MP2MQ2MR2MS2MT2MU2MV2MW2MX2NA2NB2NC2ND2NE2NF2NG2NH2NI2NJ2NK2NL2NM2NN2NO2NP2NQ2NR2NS2NT2NU2NV2NW2NX2OA2OB2OC2OD2OE2OF2OG2OH2OI2OJ2OK2OL2OM2ON2OO2OP2OQ2OR2OS2OT2OU2OV2OW2OX2PA2PB2PC2PD2PE2PF2PG2PH2PI2PJ2PK2PL2PM2PN2PO2PP2PQ2PR2PS2PT2PU2PV2PW2PX2QA2QB2QC2QD2QE2QF2QG2QH2QI2QJ2QK2QL2QM2QN2QO2QP2QQ2QR2QS2QT2QU2QV2QW2QX2RA2RB2RC2RD2RE2RF2RG2RH2RI2RJ2RK2RL2RM2RN2RO2RP2RQ2RR2RS2RT2RU2RV2RW2RX2SA2SB2SC2SD2SE2SF2SG2SH2SI2SJ2SK2SL2SM2SN2SO2SP2SQ2SR2SS2ST2SU2SV2SW2SX2TA2TB2TC2TD2TE2TF2TG2TH2TI2TJ2TK2TL2TM2TN2TO2TP2TQ2TR2TS2TT2TU2TV2TW2TX2UA2UB2UC2UD2UE2UF2UG2UH2UI2UJ2UK2UL2UM2UN2UO2UP2UQ2UR2US2UT2UU2UV2UW2UX2VA2VB2VC2VD2VE2VF2VG2VH2VI2VJ2VK2VL2VM2VN2VO2VP2VQ2VR2VS2VT2VU2VV2VW2VX2WA2WB2WC2WD2WE2WF2WG2WH2WI2WJ2WK2WL2WM2WN2WO2WP2WQ2WR2WS2WT2WU2WV2WW2WX2XA2XB2XC2XD2XE2XF2XG2XH2XI2XJ2XK2XL2XM2XN2XO2XP2XQ2XR2XS2XT2XU2XV2XW2XX3AA3AB3AC3AD3AE3AF3AG3AH3AI3AJ3AK3AL3AM3AN3AO3AP3AQ3AR3AS3AT3AU3AV3AW3AX3BA3BB3BC3BD3BE3BF3BG3BH3BI3BJ3BK3BL3BM3BN3BO3BP3BQ3BR3BS3BT3BU3BV3BW3BX3CA3CB3CC3CD3CE3CF3CG3CH3CI3CJ3CK3CL3CM3CN3CO3CP3CQ3CR3CS3CT3CU3CV3CW3CX3DA3DB3DC3DD3DE3DF3DG3DH3DI3DJ3DK3DL3DM3DN3DO3DP3DQ3DR3DS3DT3DU3DV3DW3DX3EA3EB3EC3ED3EE3EF3EG3EH3EI3EJ3EK3EL3EM3EN3EO3EP3EQ3ER3ES3ET3EU3EV3EW3EX3FA3FB3FC3FD3FE3FF3FG3FH3FI3FJ3FK3FL3FM3FN3FO3FP3FQ3FR3FS3FT3FU3FV3FW3FX3GA3GB3GC3GD3GE3GF3GG3GH3GI3GJ3GK3GL3GM3GN3GO3GP3GQ3GR3GS3GT3GU3GV3GW3GX3HA3HB3HC3HD3HE3HF3HG3HH3HI3HJ3HK3HL3HM3HN3HO3HP3HQ3HR3HS3HT3HU3HV3HW3HX3IA3IB3IC3ID3IE3IF3IG3IH3II3IJ3IK3IL3IM3IN3IO3IP3IQ3IR3IS3IT3IU3IV3IW3IX3JA3JB3JC3JD3JE3JF3JG3JH3JI3JJ3JK3JL3JM3JN3JO3JP3JQ3JR3JS3JT3JU3JV3JW3JX3KA3KB3KC3KD3KE3KF3KG3KH3KI3KJ3KK3KL3KM3KN3KO3KP3KQ3KR3KS3KT3KU3KV3KW3KX3LA3LB3LC3LD3LE3LF3LG3LH3LI3LJ3LK3LL3LM3LN3LO3LP3LQ3LR3LS3LT3LU3LV3LW3LX3MA3MB3MC3MD3ME3MF3MG3MH3MI3MJ3MK3ML3MM3MN3MO3MP3MQ3MR3MS3MT3MU3MV3MW3MX3NA3NB3NC3ND3NE3NF3NG3NH3NI3NJ3NK3NL3NM3NN3NO3NP3NQ3NR3NS3NT3NU3NV3NW3NX3OA3OB3OC3OD3OE3OF3OG3OH3OI3OJ3OK3OL3OM3ON3OO3OP3OQ3OR3OS3OT3OU3OV3OW3OX3PA3PB3PC3PD3PE3PF3PG3PH3PI3PJ3PK3PL3PM3PN3PO3PP3PQ3PR3PS3PT3PU3PV3PW3PX3QA3QB3QC3QD3QE3QF3QG3QH3QI3QJ3QK3QL3QM3QN3QO3QP3QQ3QR3QS3QT3QU3QV3QW3QX3RA3RB3RC3RD3RE3RF3RG3RH3RI3RJ3RK3RL3RM3RN3RO3RP3RQ3RR3RS3RT3RU3RV3RW3RX3SA3SB3SC3SD3SE3SF3SG3SH3SI3SJ3SK3SL3SM3SN3SO3SP3SQ3SR3SS3ST3SU3SV3SW3SX3TA3TB3TC3TD3TE3TF3TG3TH3TI3TJ3TK3TL3TM3TN3TO3TP3TQ3TR3TS3TT3TU3TV3TW3TX3UA3UB3UC3UD3UE3UF3UG3UH3UI3UJ3UK3UL3UM3UN3UO3UP3UQ3UR3US3UT3UU3UV3UW3UX3VA3VB3VC3VD3VE3VF3VG3VH3VI3VJ3VK3VL3VM3VN3VO3VP3VQ3VR3VS3VT3VU3VV3VW3VX3WA3WB3WC3WD3WE3WF3WG3WH3WI3WJ3WK3WL3WM3WN3WO3WP3WQ3WR3WS3WT3WU3WV3WW3WX3XA3XB3XC3XD3XE3XF3XG3XH3XI3XJ3XK3XL3XM3XN3XO3XP3XQ3XR3XS3XT3XU3XV3XW3XX4AA4AB4AC4AD4AE4AF4AG4AH4AI4AJ4AK4AL4AM4AN4AO4AP4AQ4AR4AS4AT4AU4AV4AW4AX4BA4BB4BC4BD4BE4BF4BG4BH4BI4BJ4BK4BL4BM4BN4BO4BP4BQ4BR4BS4BT4BU4BV4BW4BX4CA4CB4CC4CD4CE4CF4CG4CH4CI4CJ4CK4CL4CM4CN4CO4CP4CQ4CR4CS4CT4CU4CV4CW4CX4DA4DB4DC4DD4DE4DF4DG4DH4DI4DJ4DK4DL4DM4DN4DO4DP4DQ4DR4DS4DT4DU4DV4DW4DX4EA4EB4EC4ED4EE4EF4EG4EH4EI4EJ4EK4EL4EM4EN4EO4EP4EQ4ER4ES4ET4EU4EV4EW4EX4FA4FB4FC4FD4FE4FF4FG4FH4FI4FJ4FK4FL4FM4FN4FO4FP4FQ4FR4FS4FT4FU4FV4FW4FX4GA4GB4GC4GD4GE4GF4GG4GH4GI4GJ4GK4GL4GM4GN4GO4GP4GQ4GR4GS4GT4GU4GV4GW4GX4HA4HB4HC4HD4HE4HF4HG4HH4HI4HJ4HK4HL4HM4HN4HO4HP4HQ4HR4HS4HT4HU4HV4HW4HX4IA4IB4IC4ID4IE4IF4IG4IH4II4IJ4IK4IL4IM4IN4IO4IP4IQ4IR4IS4IT4IU4IV4IW4IX4JA4JB4JC4JD4JE4JF4JG4JH4JI4JJ4JK4JL4JM4JN4JO4JP4JQ4JR4JS4JT4JU4JV4JW4JX4KA4KB4KC4KD4KE4KF4KG4KH4KI4KJ4KK4KL4KM4KN4KO4KP4KQ4KR4KS4KT4KU4KV4KW4KX4LA4LB4LC4LD4LE4LF4LG4LH4LI4LJ4LK4LL4LM4LN4LO4LP4LQ4LR4LS4LT4LU4LV4LW4LX4MA4MB4MC4MD4ME4MF4MG4MH4MI4MJ4MK4ML4MM4MN4MO4MP4MQ4MR4MS4MT4MU4MV4MW4MX4NA4NB4NC4ND4NE4NF4NG4NH4NI4NJ4NK4NL4NM4NN4NO4NP4NQ4NR4NS4NT4NU4NV4NW4NX4OA4OB4OC4OD4OE4OF4OG4OH4OI4OJ4OK4OL4OM4ON4OO4OP4OQ4OR4OS4OT4OU4OV4OW4OX4PA4PB4PC4PD4PE4PF4PG4PH4PI4PJ4PK4PL4PM4PN4PO4PP4PQ4PR4PS4PT4PU4PV4PW4PX4QA4QB4QC4QD4QE4QF4QG4QH4QI4QJ4QK4QL4QM4QN4QO4QP4QQ4QR4QS4QT4QU4QV4QW4QX4RA4RB4RC4RD4RE4RF4RG4RH4RI4RJ4RK4RL4RM4RN4RO4RP4RQ4RR4RS4RT4RU4RV4RW4RX4SA4SB4SC4SD4SE4SF4SG4SH4SI4SJ4SK4SL4SM4SN4SO4SP4SQ4SR4SS4ST4SU4SV4SW4SX4TA4TB4TC4TD4TE4TF4TG4TH4TI4TJ4TK4TL4TM4TN4TO4TP4TQ4TR4TS4TT4TU4TV4TW4TX4UA4UB4UC4UD4UE4UF4UG4UH4UI4UJ4UK4UL4UM4UN4UO4UP4UQ4UR4US4UT4UU4UV4UW4UX4VA4VB4VC4VD4VE4VF4VG4VH4VI4VJ4VK4VL4VM4VN4VO4VP4VQ4VR4VS4VT4VU4VV4VW4VX4WA4WB4WC4WD4WE4WF4WG4WH4WI4WJ4WK4WL4WM4WN4WO4WP4WQ4WR4WS4WT4WU4WV4WW4WX4XA4XB4XC4XD4XE4XF4XG4XH4XI4XJ4XK4XL4XM4XN4XO4XP4XQ4XR4XS4XT4XU4XV4XW4XX</Field37>
<Field38>2304</Field38>
<Field40>0</Field40>
</results>
<results>
<Field1>3Z56AA6EK6DOCASSQLHUYYBBHFQM67</Field1>
<Field2>3PUZG2R74TXVF7CR9RD94D92J8X45X</Field2>
<Field3>Participate in a land classification study (Bonuses for accuracy)</Field3>
<Field4>Classify an aerial image into four different types of land cover</Field4>
<Field5>image classification, land cover, photo interpretation</Field5>
<Field6>$0.50</Field6>
<Field7>Tue Jun 29 15:46:53 PDT 2021</Field7>
<Field8>6</Field8>
<Field9>BatchId:4491423;OriginalHitTemplateId:928390828;</Field9>
<Field10>3600</Field10>
<Field11>259200</Field11>
<Field12>Tue Jul 06 15:46:53 PDT 2021</Field12>
<Field15>3C5W7UE9CI33I9AIHBVLNVKM7GBMXZ</Field15>
<Field16>AXLMOFXKXSU0B</Field16>
<Field17>Submitted</Field17>
<Field18>Tue Jun 29 15:47:10 PDT 2021</Field18>
<Field19>Tue Jun 29 16:02:18 PDT 2021</Field19>
<Field20>Fri Jul 02 16:02:18 PDT 2021</Field20>
<Field24>908</Field24>
<Field25>0% (0/0)</Field25>
<Field26>0% (0/0)</Field26>
<Field27>0% (0/0)</Field27>
<Field28>25502</Field28>
<Field29>new</Field29>
<Field30>img25502_new.jpg</Field30>
<Field31>https://raw.githubusercontent.com/ROIHabitat/lcimages/master/img25502_new.jpg</Field31>
<Field32>2304</Field32>
<Field33>1AN1AO1AP1AQ1AR1AS1BA1BB1BC1BD1BE1BF1BG1BL1BM1BN1BO1BP1BQ1BR1BS1BT1BU1CA1CB1CC1CD1CE1CF1CG1CH1CK1CL1CM1CN1CO1CP1CQ1CR1CS1CT1CU1CV1CW1CX1DA1DB1DC1DD1DE1DF1DG1DH1DI1DJ1DK1DL1DM1DN1DO1DP1DQ1DR1DS1DT1DU1DV1DW1DX1EA1EB1EC1ED1EE1EF1EG1EH1EI1EJ1EK1EL1EM1EN1EO1EP1EQ1ER1ES1ET1EU1EV1EW1EX1FA1FB1FC1FD1FE1FF1FG1FH1FI1FJ1FK1FL1FM1FN1FO1FP1FQ1FR1FS1FT1FU1FV1FW1FX1GA1GB1GC1GD1GE1GF1GG1GH1GI1GJ1GK1GL1GM1GN1GO1GP1GQ1GR1GS1GT1GU1GV1GW1GX1HA1HB1HC1HD1HE1HF1HG1HH1HI1HJ1HK1HL1HM1HN1HO1HP1HQ1HR1HS1HT1HU1HV1HW1HX1IA1IB1IC1ID1IE1IF1IG1IH1II1IJ1IK1IL1IM1IN1IO1IP1IQ1IR1IS1IT1IU1IV1IW1IX1JB1JC1JD1JE1JF1JG1JH1JI1JJ1JK1JL1JM1JN1JO1JP1JQ1JR1JS1JT1JU1JV1JW1JX1KB1KC1KD1KE1KF1KG1KH1KI1KJ1KK1KL1KM1KN1KO1KP1KQ1KR1KS1KT1KU1KV1KW1KX1LB1LC1LD1LE1LF1LG1LH1LI1LJ1LK1LL1LM1LN1LO1LP1LQ1LR1LS1LT1LU1LV1LW1LX1MB1MC1MD1ME1MF1MG1MH1MI1MJ1MK1ML1MM1MN1MO1MP1MQ1MR1MS1MT1MU1MV1MW1MX1NB1NC1ND1NE1NF1NG1NH1NI1NJ1NK1NL1NM1NN1NO1NP1NQ1NR1NS1NT1NU1NV1NW1NX1OB1OC1OD1OE1OF1OG1OH1OI1OJ1OK1OL1OM1ON1OO1OP1OQ1OR1OS1OT1OU1OV1OW1OX1PB1PC1PD1PE1PF1PG1PH1PI1PJ1PK1PL1PM1PN1PO1PP1PQ1PR1PS1PT1PU1PV1PW1PX1QB1QC1QD1QE1QF1QG1QH1QI1QJ1QK1QL1QM1QN1QO1QP1QQ1QR1QS1QT1QU1QV1QW1QX1RB1RC1RD1RE1RF1RG1RH1RI1RJ1RK1RL1RM1RN1RO1RP1RQ1RR1RS1RT1RU1RV1RW1RX1SA1SB1SC1SD1SE1SF1SG1SH1SI1SJ1SK1SL1SM1SN1SO1SP1SQ1SR1SS1ST1SU1SV1SW1SX1TA1TB1TC1TD1TE1TF1TG1TH1TI1TJ1TK1TL1TM1TN1TO1TP1TQ1TR1TS1TT1TU1TV1TW1TX1UA1UB1UC1UD1UE1UF1UG1UH1UI1UJ1UK1UL1UM1UN1UO1UP1UQ1UR1US1UT1UU1UV1UW1UX1VB1VC1VD1VE1VF1VG1VH1VI1VJ1VK1VL1VM1VN1VO1VP1VQ1VR1VS1VT1VU1VV1VW1VX1WB1WC1WD1WE1WF1WG1WH1WI1WJ1WK1WL1WM1WN1WO1WP1WQ1WR1WS1WT1WU1WV1WW1WX1XB1XC1XD1XE1XF1XG1XH1XI1XJ1XK1XL1XM1XN1XO1XP1XQ1XR1XS1XT1XU1XV1XW1XX2AA2AB2AC2AD2AE2AF2AG2AH2AI2AJ2AO2AP2AQ2AR2AS2AT2AU2AV2AW2AX2BA2BB2BC2BD2BE2BF2BG2BH2BI2BJ2BK2BL2BO2BP2BQ2BR2BS2BT2BU2BV2BW2BX2CA2CB2CC2CD2CE2CF2CG2CH2CI2CJ2CK2CL2CM2CN2CO2CP2CQ2CR2CS2CT2CU2CV2CW2CX2DA2DB2DC2DD2DE2DF2DG2DH2DI2DJ2DK2DL2DM2DN2DO2DP2DQ2DR2DS2DT2DU2DV2DW2DX2EA2EB2EC2ED2EE2EF2EG2EH2EI2EJ2EK2EL2EM2EN2EO2EP2EQ2ER2ES2ET2EU2EV2EW2EX2FA2FB2FC2FD2FE2FF2FG2FH2FI2FJ2FK2FL2FM2FN2FO2FP2FQ2FR2FS2FT2FU2FV2FW2FX2GA2GB2GC2GD2GE2GF2GG2GH2GI2GJ2GK2GL2GM2GN2GO2GP2GQ2GR2GS2GT2GU2GV2GW2GX2HA2HB2HC2HD2HE2HF2HG2HH2HI2HJ2HK2HL2HM2HN2HO2HP2HQ2HR2HS2HT2HU2HV2HW2HX2IA2IB2IC2ID2IE2IF2IG2IH2II2IJ2IK2IL2IM2IN2IO2IP2IQ2IR2IS2IT2IU2IV2IW2IX2JA2JB2JC2JD2JE2JF2JG2JH2JI2JJ2JK2JL2JM2JN2JO2JP2JQ2JR2JS2JT2JU2JV2JW2JX2KA2KB2KC2KD2KE2KF2KG2KH2KI2KJ2KK2KL2KM2KN2KO2KP2KQ2KR2KS2KT2KU2KV2KW2KX2LA2LB2LC2LD2LE2LF2LG2LH2LI2LJ2LK2LL2LM2LN2LO2LP2LQ2LR2LS2LT2LU2LV2LW2LX2MA2MB2MC2MD2ME2MF2MG2MH2MI2MJ2MK2ML2MM2MN2MO2MP2MQ2MR2MV2MW2MX2NA2NB2NC2ND2NE2NF2NG2NH2NI2NJ2NK2NL2NM2NN2NO2NP2NW2NX2OA2OB2OC2OD2OE2OF2OG2OH2OI2OJ2OK2OL2OM2ON2OO2OW2OX2PA2PB2PC2PD2PE2PF2PG2PH2PI2PJ2PK2PL2PM2PN2PO2PX2QA2QB2QC2QD2QE2QF2QG2QH2QI2QJ2QK2QL2QM2QN2QX2RA2RB2RC2RD2RE2RF2RG2RH2RI2RJ2RK2RL2RM2RN2RW2RX2SA2SB2SC2SD2SE2SF2SG2SH2SI2SJ2SK2SL2SM2SW2SX2TA2TB2TC2TD2TE2TF2TG2TH2TI2TJ2TK2TL2TM2TW2TX2UA2UB2UC2UD2UE2UF2UG2UH2UI2UJ2UK2UL2UM2UW2UX2VA2VB2VC2VD2VE2VF2VG2VH2VI2VJ2VK2VL2VM2VN2VO2VW2VX2WA2WB2WC2WD2WE2WF2WG2WH2WI2WJ2WK2WL2WM2WN2WO2WP2WQ2WW2WX2XA2XB2XC2XD2XE2XF2XG2XH2XI2XJ2XK2XL2XM2XN2XO2XP2XQ2XR2XS2XT2XU3AB3AC3AD3AE3AF3AG3AH3AI3AJ3AK3AL3AM3AN3AO3AP3AQ3AR3AS3AT3AU3AV3AW3AX3BB3BC3BD3BE3BF3BG3BH3BI3BJ3BK3BL3BM3BN3BO3BP3BQ3BR3BS3BT3BU3BV3BW3BX3CB3CC3CD3CE3CF3CG3CH3CI3CJ3CK3CL3CM3CN3CO3CP3CQ3CR3CS3CT3CU3CV3CW3CX3DB3DC3DD3DE3DF3DG3DH3DI3DJ3DK3DL3DM3DN3DO3DP3DQ3DR3DS3DT3DU3DV3DW3DX3EB3EC3ED3EE3EF3EG3EH3EI3EJ3EK3EL3EM3EN3EO3EP3EQ3ER3ES3ET3EU3EV3EW3EX3FB3FC3FD3FE3FF3FG3FH3FI3FJ3FK3FL3FM3FN3FO3FP3FQ3FR3FS3FT3FU3FV3FW3FX3GB3GC3GD3GE3GF3GG3GH3GI3GJ3GK3GL3GM3GN3GO3GP3GQ3GR3GS3GT3GU3GV3GW3GX3HB3HC3HD3HE3HF3HG3HH3HI3HJ3HK3HL3HM3HN3HO3HP3HQ3HR3HS3HT3HU3HV3HW3HX3IB3IC3ID3IE3IF3IG3IH3II3IJ3IK3IL3IM3IN3IO3IP3IQ3IR3IS3IT3IU3IV3IW3IX3JC3JD3JE3JF3JG3JH3JI3JJ3JK3JL3JM3JN3JO3JP3JQ3JR3JS3JT3JU3JV3JW3JX3KC3KD3KE3KF3KG3KH3KI3KJ3KK3KL3KM3KN3KO3KP3KQ3KR3KS3KT3KU3KV3KW3KX3LD3LE3LF3LG3LH3LI3LJ3LK3LL3LM3LN3LO3LP3LQ3LR3LS3LT3LU3LV3LW3LX3MD3ME3MF3MG3MH3MI3MJ3MK3ML3MM3MN3MO3MP3MQ3MR3MS3MT3MU3MV3MW3MX3ND3NE3NF3NG3NH3NI3NJ3NK3NL3NM3NN3NO3NP3NQ3NR3NS3NT3NU3NV3NW3NX3OC3OD3OE3OF3OG3OH3OI3OJ3OK3OL3OM3ON3OO3OP3OQ3OR3OS3OT3OU3OV3OW3OX3PC3PD3PE3PF3PG3PH3PI3PJ3PK3PL3PM3PN3PO3PP3PQ3PR3PS3PT3PU3PV3PW3PX3QC3QD3QE3QF3QG3QH3QI3QJ3QK3QL3QM3QN3QO3QP3QQ3QR3QS3QT3QU3QV3QW3QX3RC3RD3RE3RF3RG3RH3RI3RJ3RK3RL3RM3RN3RO3RP3RQ3RR3RS3RT3RU3RV3RW3RX3SC3SD3SE3SF3SG3SH3SI3SJ3SK3SL3SM3SN3SO3SP3SQ3SR3SS3ST3SU3SV3SW3SX3TC3TD3TE3TF3TG3TH3TI3TJ3TK3TL3TM3TN3TO3TP3TQ3TR3TS3TT3TU3TV3TW3TX3UC3UD3UE3UF3UG3UH3UI3UJ3UK3UL3UM3UN3UO3UP3UQ3UR3US3UT3UU3UV3UW3UX3VC3VD3VE3VF3VG3VH3VI3VJ3VK3VL3VM3VN3VO3VP3VQ3VR3VS3VT3VU3VV3VW3VX3WC3WD3WE3WF3WG3WH3WI3WJ3WK3WL3WM3WN3WO3WP3WQ3WR3WS3WT3WU3WV3WW3WX3XC3XD3XE3XF3XG3XH3XI3XJ3XK3XL3XM3XN3XO3XP3XQ3XR3XS3XT3XU3XV3XW3XX4AA4AB4AC4AD4AE4AF4AG4AH4AI4AJ4AK4AL4AM4AN4AO4AP4AQ4AR4AS4AT4AU4AV4BA4BB4BC4BD4BE4BF4BG4BH4BI4BJ4BK4BL4BM4BN4BO4BP4BQ4BR4BS4BT4BU4BV4BW4BX4CA4CB4CC4CD4CE4CF4CG4CH4CI4CJ4CK4CL4CM4CN4CO4CP4CQ4CR4CS4CT4CU4CV4CW4CX4DA4DB4DC4DD4DE4DF4DG4DH4DI4DJ4DK4DN4DO4DP4DQ4DR4DS4DT4DU4DV4DW4DX4EA4EB4EC4ED4EE4EF4EG4EH4EI4EJ4EK4EO4EP4EQ4ER4ES4ET4EU4EV4EW4EX4FA4FB4FC4FD4FE4FF4FG4FH4FI4FJ4FK4FO4FP4FQ4FR4FS4FT4FU4FV4FW4FX4GA4GB4GC4GD4GE4GF4GG4GH4GI4GJ4GK4GN4GO4GP4GQ4GR4GS4GT4GU4GV4GW4GX4HA4HB4HC4HD4HE4HF4HG4HH4HI4HJ4HK4HN4HO4HP4HQ4HR4HS4HT4HU4HV4HW4HX4IA4IB4IC4ID4IE4IF4IG4IH4II4IJ4IK4IN4IO4IP4IQ4IR4IS4IT4IU4IV4IW4IX4JA4JB4JC4JD4JE4JF4JG4JH4JI4JJ4JK4JM4JN4JO4JP4JQ4JR4JS4JT4JU4JV4JW4JX4KA4KB4KC4KD4KE4KF4KG4KH4KI4KJ4KK4KL4KM4KN4KO4KP4KQ4KR4KS4KT4KU4KV4KW4KX4LA4LB4LC4LD4LE4LF4LG4LH4LI4LJ4LK4LL4LM4LN4LO4LP4LQ4LR4LS4LT4LU4LV4LW4LX4MA4MB4MC4MD4ME4MF4MG4MH4MI4MJ4MK4ML4MM4MN4MO4MP4MQ4MR4MS4MT4MU4MV4MW4MX4NA4NB4NC4ND4NE4NF4NG4NH4NI4NJ4NK4NL4NM4NN4NO4NP4NQ4NR4NS4NT4NU4NV4NW4NX4OA4OB4OC4OD4OE4OF4OG4OH4OI4OJ4OK4OL4OM4ON4OO4OP4OQ4OR4OS4OT4OU4OV4OW4OX4PA4PB4PC4PD4PE4PF4PG4PH4PI4PJ4PK4PL4PM4PN4PO4PP4PQ4PR4PS4PT4PU4PV4PW4PX4QA4QB4QC4QD4QE4QF4QG4QH4QI4QJ4QK4QL4QM4QN4QO4QP4QQ4QR4QS4QT4QU4QV4QW4QX4RA4RB4RC4RD4RE4RF4RG4RH4RI4RJ4RK4RL4RM4RN4RO4RP4RQ4RR4RS4RT4RU4RV4RW4RX4SA4SB4SC4SD4SE4SF4SG4SH4SI4SJ4SK4SL4SM4SN4SO4SP4SQ4SR4SS4ST4SU4SV4SW4SX4TA4TB4TC4TD4TE4TF4TG4TH4TI4TJ4TK4TL4TM4TN4TO4TP4TQ4TR4TS4TT4TU4TV4TW4TX4UA4UB4UC4UD4UE4UF4UG4UH4UI4UJ4UK4UL4UM4UN4UO4UP4UQ4UR4US4UT4UU4UV4UW4UX4VA4VB4VC4VD4VE4VF4VG4VH4VI4VJ4VK4VL4VM4VN4VO4VP4VQ4VR4VS4VT4VU4VV4VW4VX4WA4WB4WC4WD4WE4WF4WG4WH4WI4WJ4WK4WL4WM4WN4WO4WP4WQ4WR4WS4WT4WU4WV4WW4WX4XA4XB4XC4XD4XE4XF4XG4XH4XI4XJ4XK4XL4XM4XN4XO4XP4XQ4XR4XS4XT4XU4XV4XW4XX</Field33>
<Field34>2117</Field34>
<Field36>0</Field36>
<Field37>1AA1AB1AC1AD1AE1AF1AG1AH1AI1AJ1AK1AL1AM1AT1AU1AV1AW1AX1BH1BI1BJ1BK1BV1BW1BX1CI1CJ1JA1KA1LA1MA1NA1OA1PA1QA1RA1VA1WA1XA2AK2AL2AM2AN2BM2BN2MS2MT2MU2NQ2NR2NS2NT2NU2NV2OP2OQ2OR2OV2PP2PQ2PV2PW2QO2QP2QV2QW2RO2RV2SN2SO2SV2TN2TO2TV2UN2UO2UP2UU2UV2VP2VQ2VR2VS2VT2VU2VV2WR2WS2WT2WU2WV2XV2XW2XX3AA3BA3CA3DA3EA3FA3GA3HA3IA3JA3JB3KA3KB3LA3LB3LC3MA3MB3MC3NA3NB3NC3OA3OB3PA3PB3QA3QB3RA3RB3SA3SB3TA3TB3UA3UB3VA3VB3WA3WB3XA3XB4AW4AX4DL4DM4EL4EM4EN4FL4FM4FN4GL4GM4HL4HM4IL4IM4JL</Field37>
<Field38>153</Field38>
<Field39>2OS2OT2OU2PR2PS2PT2PU2QQ2QR2QS2QT2QU2RP2RQ2RR2RS2RT2RU2SP2SQ2SR2SS2ST2SU2TP2TQ2TR2TS2TT2TU2UQ2UR2US2UT</Field39>
<Field40>34</Field40>
</results>
<results>
<Field1>3Z56AA6EK6DOCASSQLHUYYBBHFQM67</Field1>
<Field2>3PUZG2R74TXVF7CR9RD94D92J8X45X</Field2>
<Field3>Participate in a land classification study (Bonuses for accuracy)</Field3>
<Field4>Classify an aerial image into four different types of land cover</Field4>
<Field5>image classification, land cover, photo interpretation</Field5>
<Field6>$0.50</Field6>
<Field7>Tue Jun 29 15:46:53 PDT 2021</Field7>
<Field8>6</Field8>
<Field9>BatchId:4491423;OriginalHitTemplateId:928390828;</Field9>
<Field10>3600</Field10>
<Field11>259200</Field11>
<Field12>Tue Jul 06 15:46:53 PDT 2021</Field12>
<Field15>3RRCEFRB7PPG1GIB6B37C4CU2M34BE</Field15>
<Field16>AMP43R3RISC1J</Field16>
<Field17>Submitted</Field17>
<Field18>Tue Jun 29 15:47:10 PDT 2021</Field18>
<Field19>Tue Jun 29 16:09:06 PDT 2021</Field19>
<Field20>Fri Jul 02 16:09:06 PDT 2021</Field20>
<Field24>1316</Field24>
<Field25>0% (0/0)</Field25>
<Field26>0% (0/0)</Field26>
<Field27>0% (0/0)</Field27>
<Field28>25502</Field28>
<Field29>new</Field29>
<Field30>img25502_new.jpg</Field30>
<Field31>https://raw.githubusercontent.com/ROIHabitat/lcimages/master/img25502_new.jpg</Field31>
<Field32>2227</Field32>
<Field33>1AB1AC1AD1AF1AG1AH1AI1BF1BG1BH1CC1CD1CG1EG1FC1IC1IF1IJ1JJ1KD1KF1KJ1LD1LJ1MD1NG1OG1PG1QD1QG1RD1RJ1SF1SN1SO1SP1SQ1TF1TH1TL1TM1TN1TO1TP1TQ1UE1UH1UL1UM1UN1UO1UP1UQ1VA1VC1VK1VL1VM1VN1VO1VP1VQ1WA1WK1WL1WM1WN1WO1WT1XJ1XK1XL1XM1XN2AW2AX2BW2BX2CX2DX2EX2FX2GX2HX2IW2IX2JH2JW2JX2KH2KW2KX2LH2LW2LX2MX2NX2OT2OX2PJ2PX2QI2QX2RX2SX2TX2UW2UX2VW2VX2WW2WX2XW2XX3AO3AP3AQ3AR3AS3AT3AU3AV3BG3BJ3BK3BL3BM3BN3BO3BP3BQ3BR3BS3BT3BU3BV3BW3CF3CG3CJ3CK3CL3CM3CN3CO3CP3CQ3CR3CS3CT3CU3CV3CW3CX3DF3DG3DJ3DK3DL3DM3DN3DO3DP3DQ3DR3DS3DT3DU3DV3DW3DX3EG3EJ3EK3EL3EM3EN3ES3ET3EU3EV3EW3EX3FG3FI3FJ3FK3FL3FM3FN3FT3FU3FV3FW3FX3GH3GJ3GK3GL3GM3GN3GT3GU3GV3GW3GX3HG3HH3HI3HJ3HK3HL3HM3HN3HO3HU3HV3HW3HX3IG3IH3II3IJ3IK3IL3IM3IN3IO3IP3IU3IV3IW3IX3JF3JG3JH3JI3JJ3JK3JL3JM3JO3JP3JQ3JV3JW3JX3KH3KI3KJ3KK3KL3KM3KN3KO3KP3KQ3KV3KW3KX3LI3LJ3LK3LL3LM3LN3LO3LP3LQ3LR3LW3LX3MI3MJ3MK3ML3MM3MN3MO3MP3MQ3MR3MW3MX3NI3NJ3NL3NM3NN3NO3NP3NQ3NR3NS3NX3OI3OJ3OK3OL3OM3ON3OO3OP3OQ3OR3OS3OX3PI3PJ3PK3PL3PM3PN3PO3PP3PQ3PR3PS3PT3PX3QH3QI3QJ3QK3QL3QM3QN3QO3QP3QQ3QR3QS3QT3QX3RH3RI3RJ3RK3RL3RM3RN3RO3RP3RQ3RR3RS3RT3SH3SI3SJ3SK3SL3SM3SN3SO3SP3SQ3SR3SS3ST3TH3TI3TJ3TK3TL3TM3TN3TO3TP3TQ3TR3TS3TT3TU3UI3UJ3UK3UL3UM3UN3UO3UP3UQ3UR3US3UT3UU3VI3VJ3VK3VL3VM3VN3VO3VP3VQ3VR3VS3VT3VU3WK3WL3WM3WN3WO3WP3WQ3WR3WS3WT3WU3XH3XI3XJ3XK3XM3XN3XO3XP3XQ3XR</Field33>
<Field34>421</Field34>
<Field35>1BB1BC1BD1BE1CA1CB1CE1CF1DA1DB1DC1DD1DE1DF1DG1EA1EB1EC1ED1EE1EF1FA1FB1FD1FE1FF1GA1GB1GC1GD1GE1HA1HB1HC1HD1HE1IA1IB1ID1IE1JA1JB1JC1JD1JE1JF1KA1KB1KC1KE1LB1LC1LE1LF1LI1MB1MC1ME1MF1MI1NB1NC1ND1NE1NF1NJ1OB1OC1OD1OE1OF1OK1PB1PC1PD1PE1PF1PK1PL1QB1QC1QE1QF1QK1QL1RB1RC1RE1RF1RG1RH1RI1RM1SB1SC1SD1SE1SG1SH1SI1SJ1SK1SR1SS1ST1SU1TB1TC1TD1TE1TG1TI1TJ1TK1TR1TS1TT1TU1TV1TW1UB1UC1UD1UF1UG1UI1UJ1UK1UR1US1UT1UU1UV1UW1UX1VB1VD1VE1VF1VG1VH1VI1VJ1VR1VS1VT1VU1VV1VW1VX1WB1WC1WD1WE1WF1WG1WH1WI1WJ1WP1WQ1WR1WS1WU1WV1WW1WX1XA1XB1XC1XD1XE1XF1XG1XH1XI1XO1XP1XQ1XR1XS1XT1XU1XV1XW1XX2AD2AE2AF2AG2AH2AI2AJ2AK2AL2AM2AN2AO2AP2AQ2AT2AU2AV2BA2BB2BC2BD2BE2BF2BG2BH2BI2BJ2BK2BL2BM2BN2BO2BP2BT2BU2BV2CA2CB2CC2CE2CF2CG2CH2CI2CJ2CK2CR2CT2CU2CV2CW2DA2DB2DC2DJ2DK2DM2DN2DR2DT2DU2DV2DW2EA2EB2EC2EE2EF2EG2EH2EI2EJ2EL2EM2EP2ET2EW2FA2FB2FC2FE2FF2FG2FJ2FL2FO2FW2GA2GB2GC2GF2GG2GN2GQ2GR2GS2GT2GU2GW2HA2HB2HC2HE2HF2HH2HM2HO2HP2HQ2HR2HS2HT2HU2HV2HW2IB2IC2IE2IF2IH2IM2IN2IO2IP2IQ2IR2IS2IT2IU2JB2JC2JE2JF2JG2JL2JM2JN2JO2JP2JQ2JR2JS2JT2JU2KA2KC2KE2KF2KL2KM2KN2KO2KP2KQ2KR2KS2KV2LA2LC2LE2LF2LL2LM2LN2LO2LP2LQ2LR2LS2LT2LV2MA2MC2ME2MF2ML2MM2MN2MO2MP2MQ2MR2MS2MT2MU2MV2MW2NA2NC2ND2NF2NH2NI2NK2NL2NM2NN2NO2NP2NQ2NR2NS2NT2NU2NV2NW2OA2OB2OC2OD2OF2OG2OH2OK2OL2OM2ON2OO2OP2OQ2OR2OS2OU2OV2OW2PA2PB2PD2PF2PG2PH2PK2PL2PM2PN2PO2PP2PQ2PR2PS2PT2PU2PV2PW2QA2QB2QD2QF2QG2QK2QN2QO2QP2QQ2QR2QS2QT2QU2QV2QW2RA2RB2RD2RF2RG2RJ2RM2RN2RO2RP2RQ2RR2RS2RT2RU2RV2RW2SA2SB2SD2SF2SG2SL2SM2SN2SO2SP2SQ2SR2SS2ST2SU2SV2SW2TA2TB2TE2TF2TG2TK2TL2TM2TN2TO2TP2TQ2TR2TS2TT2TU2TV2TW2UA2UB2UC2UE2UF2UH2UI2UJ2UK2UL2UM2UN2UO2UP2UQ2UR2US2UT2UU2UV2VA2VB2VC2VD2VE2VF2VN2VO2VP2VQ2VR2VS2VT2VU2VV2WA2WB2WC2WD2WE2WF2WG2WH2WI2WJ2WK2WL2WO2WP2WQ2WR2WS2WT2WU2WV2XB2XC2XD2XE2XF2XG2XH2XI2XJ2XK2XL2XM2XN2XP2XQ2XR2XS2XT2XU2XV3AA3AB3AC3AD3AE3AF3AG3AH3AI3AJ3AK3AL3BA3BB3BC3BD3BE3BF3BH3BI3CA3CB3CC3CD3CE3CH3CI3DA3DB3DC3DD3DE3DH3DI3EB3EC3ED3EE3EF3EH3EI3EO3EP3EQ3ER3FB3FC3FD3FE3FF3FH3FO3FP3FQ3FR3FS3GB3GC3GD3GE3GF3GG3GI3GO3GP3GQ3GR3GS3HA3HB3HC3HD3HE3HF3HP3HQ3HR3HS3HT3IA3IB3IC3ID3IE3IF3IQ3IR3IS3IT3JA3JB3JC3JD3JE3JN3JR3JS3JT3JU3KA3KB3KC3KD3KE3KF3KG3KR3KS3KT3KU3LB3LC3LD3LE3LF3LG3LH3LS3LT3LU3LV3MB3MC3MD3ME3MF3MG3MH3MS3MT3MU3MV3NB3NC3ND3NE3NF3NG3NH3NK3NT3NU3NV3NW3OB3OC3OD3OE3OF3OG3OH3OT3OU3OV3OW3PB3PC3PD3PE3PF3PG3PH3PU3PV3PW3QB3QC3QD3QE3QF3QG3QU3QV3QW3RB3RC3RD3RE3RF3RG3RU3RV3RW3RX3SB3SC3SD3SE3SF3SG3SU3SV3SW3SX3TB3TC3TD3TE3TF3TG3TV3TW3TX3UB3UC3UD3UE3UF3UG3UH3UV3UW3UX3VA3VB3VC3VD3VE3VF3VG3VH3VV3VW3VX3WA3WB3WC3WD3WE3WF3WG3WH3WI3WJ3WV3WW3WX3XA3XB3XC3XD3XE3XF3XG3XL3XS3XT3XU3XV3XW</Field35>
<Field36>823</Field36>
<Field37>2AR2AS2BQ2BR2BS2CD2CL2CM2CN2CO2CP2CQ2CS2DD2DE2DF2DG2DH2DI2DL2DO2DP2DQ2DS2ED2EK2EN2EO2EQ2ER2ES2EU2EV2FD2FH2FI2FK2FM2FN2FP2FQ2FR2FS2FT2FU2FV2GD2GH2GI2GJ2GK2GL2GM2GO2GP2GV2HD2HG2HI2HJ2HK2HL2HN2IA2ID2IG2II2IJ2IK2IL2IV2JA2JD2JI2JJ2JK2JV2KB2KD2KG2KI2KJ2KK2KT2KU2LB2LD2LG2LI2LJ2LK2LU2MB2MD2MG2MH2MI2MJ2MK2NB2NE2NG2NJ2OE2OI2OJ2PC2PE2PI2QC2QE2QH2QJ2QL2QM2RC2RE2RH2RI2RK2RL2SC2SE2SH2SI2SJ2SK2TC2TD2TH2TI2TJ2UD2UG2VG2VH2VI2VJ2VK2VL2VM2WM2WN2XO3AM3AN3AW3AX3BX4AA4AB4AC4AD4AE4AF4AG4AH4AI4AJ4AK4AL4AO4AP4AQ4AR4AS4AT4AU4AV4AW4AX4BA4BB4BC4BD4BE4BJ4BK4BM4BN4BP4BQ4BR4BS4BT4BU4BV4BW4BX4CA4CB4CC4CD4CF4CG4CH4CI4CL4CM4CN4CO4CQ4CR4CS4CT4CU4CV4CW4CX4DA4DB4DC4DE4DF4DG4DH4DI4DK4DM4DO4DQ4DR4DS4DU4DV4DW4DX4EA4EB4EC4EE4EF4EG4EH4EI4EK4EL4EN4EO4EU4EV4EW4EX4FB4FC4FE4FF4FH4FI4FK4FL4FN4FO4FS4FU4FV4FW4FX4GB4GC4GE4GF4GH4GI4GK4GN4GQ4GR4GU4GV4GW4GX4HB4HC4HE4HF4HG4HI4HK4HM4HN4HP4HQ4HR4HS4HU4HV4HW4HX4IB4IC4IE4IF4IG4IH4II4IK4IO4IP4IR4IS4IT4IU4IV4IW4IX4JB4JC4JE4JF4JG4JI4JN4JR4JS4JT4JV4JW4JX4KB4KC4KE4KF4KG4KH4KI4KJ4KK4KL4KM4KN4KO4KP4KS4KT4KV4KW4KX4LB4LC4LD4LE4LF4LG4LH4LI4LJ4LK4LL4LM4LN4LO4LQ4LR4LS4LT4LV4LW4LX4MB4MC4ME4MF4MG4MH4MJ4MK4ML4MM4MN4MQ4MS4MT4MV4MW4MX4NB4NC4ND4NE4NF4NG4NH4NI4NK4NL4NM4NN4NP4NQ4NR4NS4NT4NU4NW4NX4OB4OC4OE4OH4OI4OJ4OK4OL4OM4OO4OP4OQ4OS4OT4OV4OW4OX4PB4PC4PD4PE4PH4PI4PL4PN4PO4PP4PQ4PR4PS4PT4PU4PV4PW4QB4QC4QD4QG4QH4QI4QJ4QK4QM4QN4QO4QP4QQ4QS4QT4QW4RB4RC4RD4RF4RH4RI4RJ4RM4RN4RO4RP4RQ4RS4RT4RV4SB4SC4SD4SF4SG4SH4SI4SM4SN4SO4SP4SQ4SU4SV4SW4TB4TC4TD4TE4TF4TG4TI4TJ4TK4TM4TN4TO4TP4TQ4TR4TU4TV4UA4UB4UC4UD4UE4UF4UG4UK4UN4UO4UP4UQ4UR4US4UT4UU4UV4UW4VA4VB4VC4VD4VE4VF4VG4VJ4VK4VL4VN4VO4VP4VQ4VR4VS4VT4VU4VV4WA4WB4WC4WD4WE4WF4WG4WH4WI4WJ4WK4WL4WM4WO4WP4WQ4WR4WS4WT4WU4WV4WX4XA4XB4XC4XD4XE4XF4XG4XH4XI4XJ4XK4XL4XM4XN4XQ4XR4XS4XT4XU4XX</Field37>
<Field38>572</Field38>
<Field39>1AL1AM1AN1AO1AP1AS1AT1AU1AV1BI1BJ1BK1BL1BM1BN1BO1BP1BR1BS1BT1BU1BV1CH1CI1CJ1CK1CL1CM1CN1CR1CS1CT1CU1DH1DI1DJ1DK1DO1DP1DQ1DR1DS1DT1DU1DV1DW1EH1EI1EJ1EK1EL1EM1EN1EO1EP1EQ1ER1ES1ET1EU1EV1EW1FG1FH1FI1FJ1FK1FL1FM1FN1FO1FP1FQ1FR1FS1FT1FU1FV1FW1FX1GG1GH1GI1GJ1GK1GL1GM1GN1GO1GP1GQ1GR1GS1GT1GU1GV1GW1GX1HG1HH1HI1HJ1HK1HL1HM1HN1HO1HP1HQ1HR1HS1HT1HU1HV1HW1HX1IG1IH1II1IK1IL1IM1IN1IO1IP1IQ1IR1IS1IT1IU1IV1IW1IX1JG1JH1JI1JK1JL1JM1JN1JO1JP1JQ1JR1JS1JT1JU1JV1JW1JX1KG1KH1KI1KK1KL1KM1KN1KO1KP1KQ1KR1KS1KT1KU1KV1KW1KX1LG1LH1LK1LL1LM1LN1LO1LP1LQ1LR1LS1LT1LU1LV1LW1LX1MG1MH1MJ1MK1ML1MM1MN1MO1MP1MQ1MR1MS1MT1MU1MV1MW1MX1NH1NI1NK1NL1NM1NN1NO1NP1NQ1NR1NS1NT1NU1NV1NW1NX1OH1OI1OJ1OL1OM1ON1OO1OP1OQ1OR1OS1OT1OU1OV1OW1OX1PH1PI1PJ1PM1PN1PO1PP1PQ1PR1PS1PT1PU1PV1PW1PX1QH1QI1QJ1QM1QN1QO1QP1QQ1QR1QS1QT1QU1QV1QW1QX1RK1RL1RN1RO1RP1RQ1RR1RS1RT1RU1RV1RW1RX1SL1SM1SV1SW1SX4AM4AN4BF4BG4BH4BI4BL4BO4CE4CJ4CK4CP4DD4DJ4DL4DN4DP4DT4ED4EJ4EM4EP4EQ4ER4ES4ET4FD4FG4FJ4FM4FP4FQ4FR4FT4GD4GG4GJ4GL4GM4GO4GP4GS4GT4HD4HH4HJ4HL4HO4HT4ID4IJ4IL4IM4IN4IQ4JD4JH4JJ4JK4JL4JM4JO4JP4JQ4JU4KD4KQ4KR4KU4LP4LU4MD4MI4MO4MP4MR4MU4NJ4NO4NV4OD4OF4OG4ON4OR4OU4PF4PG4PJ4PK4PM4QE4QF4QL4QR4QU4QV4RE4RG4RK4RL4RR4RU4RW4SE4SJ4SK4SL4SR4SS4ST4TH4TL4TS4TT4TW4UH4UI4UJ4UL4UM4VH4VI4VM4VW4WN4WW4XO4XP4XV4XW</Field39>
<Field40>411</Field40>
</results>
<results>
<Field1>3Z56AA6EK6DOCASSQLHUYYBBHFQM67</Field1>
<Field2>3PUZG2R74TXVF7CR9RD94D92J8X45X</Field2>
<Field3>Participate in a land classification study (Bonuses for accuracy)</Field3>
<Field4>Classify an aerial image into four different types of land cover</Field4>
<Field5>image classification, land cover, photo interpretation</Field5>
<Field6>$0.50</Field6>
<Field7>Tue Jun 29 15:46:53 PDT 2021</Field7>
<Field8>6</Field8>
<Field9>BatchId:4491423;OriginalHitTemplateId:928390828;</Field9>
<Field10>3600</Field10>
<Field11>259200</Field11>
<Field12>Tue Jul 06 15:46:53 PDT 2021</Field12>
<Field15>3UOUJI6MTGRMVHFRQDM7E51GK2PUXA</Field15>
<Field16>A2G44A4ZPWRPXU</Field16>
<Field17>Submitted</Field17>
<Field18>Tue Jun 29 17:33:52 PDT 2021</Field18>
<Field19>Tue Jun 29 17:40:40 PDT 2021</Field19>
<Field20>Fri Jul 02 17:40:40 PDT 2021</Field20>
<Field24>408</Field24>
<Field25>0% (0/0)</Field25>
<Field26>0% (0/0)</Field26>
<Field27>0% (0/0)</Field27>
<Field28>25502</Field28>
<Field29>new</Field29>
<Field30>img25502_new.jpg</Field30>
<Field31>https://raw.githubusercontent.com/ROIHabitat/lcimages/master/img25502_new.jpg</Field31>
<Field32>2304</Field32>
<Field33>1AA1AB1AC1AD1AE1AF1AG1AH1AI1AJ1AK1AL1AM1AN1AO1AP1AQ1AR1AS1AT1AU1AV1AW1AX1BA1BB1BC1BD1BE1BF1BG1BH1BI1BJ1BK1BL1BM1BN1BO1BP1BQ1BR1BS1BT1BU1BV1BW1BX1CA1CB1CC1CD1CE1CF1CG1CH1CI1CJ1CK1CL1CM1CN1CO1CP1CQ1CR1CS1CT1CU1CV1CW1CX1DA1DB1DC1DD1DE1DF1DG1DH1DI1DJ1DK1DL1DM1DN1DO1DP1DQ1DR1DS1DT1DU1DV1DW1DX1EA1EB1EC1ED1EE1EF1EG1EH1EI1EJ1EK1EL1EM1EN1EO1EP1EQ1ER1ES1ET1EU1EV1EW1EX1FA1FB1FC1FD1FE1FF1FG1FH1FI1FJ1FK1FL1FM1FN1FO1FP1FQ1FR1FS1FT1FU1FV1FW1FX1GA1GB1GC1GD1GE1GF1GG1GH1GI1GJ1GK1GL1GM1GN1GO1GP1GQ1GR1GS1GT1GU1GV1GW1GX1HA1HB1HC1HD1HE1HF1HG1HH1HI1HJ1HK1HL1HM1HN1HO1HP1HQ1HR1HS1HT1HU1HV1HW1HX1IA1IB1IC1ID1IE1IF1IG1IH1II1IJ1IK1IL1IM1IN1IO1IP1IQ1IR1IS1IT1IU1IV1IW1IX1JA1JB1JC1JD1JE1JF1JG1JH1JI1JJ1JK1JL1JM1JN1JO1JP1JQ1JR1JS1JT1JU1JV1JW1JX1KA1KB1KC1KD1KE1KF1KG1KH1KI1KJ1KK1KL1KM1KN1KO1KP1KQ1KR1KS1KT1KU1KV1KW1KX1LA1LB1LC1LD1LE1LF1LG1LH1LI1LJ1LK1LL1LM1LN1LO1LP1LQ1LR1LS1LT1LU1LV1LW1LX1MA1MB1MC1MD1ME1MF1MG1MH1MI1MJ1MK1ML1MM1MN1MO1MP1MQ1MR1MS1MT1MU1MV1MW1MX1NA1NB1NC1ND1NE1NF1NG1NH1NI1NJ1NK1NL1NM1NN1NO1NP1NQ1NR1NS1NT1NU1NV1NW1NX1OA1OB1OC1OD1OE1OF1OG1OH1OI1OJ1OK1OL1OM1ON1OO1OP1OQ1OR1OS1OT1OU1OV1OW1OX1PA1PB1PC1PD1PE1PF1PG1PH1PI1PJ1PK1PL1PM1PN1PO1PP1PQ1PR1PS1PT1PU1PV1PW1PX1QA1QB1QC1QD1QE1QF1QG1QH1QI1QJ1QK1QL1QM1QN1QO1QP1QQ1QR1QS1QT1QU1QV1QW1QX1RA1RB1RC1RD1RE1RF1RG1RH1RI1RJ1RK1RL1RM1RN1RO1RP1RQ1RR1RS1RT1RU1RV1RW1RX1SA1SB1SC1SD1SE1SF1SG1SH1SI1SJ1SK1SL1SM1SN1SO1SP1SQ1SR1SS1ST1SU1SV1SW1SX1TA1TB1TC1TD1TE1TF1TG1TH1TI1TJ1TK1TL1TM1TN1TO1TP1TQ1TR1TS1TT1TU1TV1TW1TX1UA1UB1UC1UD1UE1UF1UG1UH1UI1UJ1UK1UL1UM1UN1UO1UP1UQ1UR1US1UT1UU1UV1UW1UX1VA1VB1VC1VD1VE1VF1VG1VH1VI1VJ1VK1VL1VM1VN1VO1VP1VQ1VR1VS1VT1VU1VV1VW1VX1WA1WB1WC1WD1WE1WF1WG1WH1WI1WJ1WK1WL1WM1WN1WO1WP1WQ1WR1WS1WT1WU1WV1WW1WX1XA1XB1XC1XD1XE1XF1XG1XH1XI1XJ1XK1XL1XM1XN1XO1XP1XQ1XR1XS1XT1XU1XV1XW1XX2AA2AB2AC2AD2AE2AF2AG2AH2AI2AJ2AK2AL2AM2AN2AO2AP2AQ2AR2AS2AT2AU2AV2AW2AX2BA2BB2BC2BD2BE2BF2BG2BH2BI2BJ2BK2BL2BM2BN2BO2BP2BQ2BR2BS2BT2BU2BV2BW2BX2CA2CB2CC2CD2CE2CF2CG2CH2CI2CJ2CK2CL2CM2CN2CO2CP2CQ2CR2CS2CT2CU2CV2CW2CX2DA2DB2DC2DD2DE2DF2DG2DH2DI2DJ2DK2DL2DM2DN2DO2DP2DQ2DR2DS2DT2DU2DV2DW2DX2EA2EB2EC2ED2EE2EF2EG2EH2EI2EJ2EK2EL2EM2EN2EO2EP2EQ2ER2ES2ET2EU2EV2EW2EX2FA2FB2FC2FD2FE2FF2FG2FH2FI2FJ2FK2FL2FM2FN2FO2FP2FQ2FR2FS2FT2FU2FV2FW2FX2GA2GB2GC2GD2GE2GF2GG2GH2GI2GJ2GK2GL2GM2GN2GO2GP2GQ2GR2GS2GT2GU2GV2GW2GX2HA2HB2HC2HD2HE2HF2HG2HH2HI2HJ2HK2HL2HM2HN2HO2HP2HQ2HR2HS2HT2HU2HV2HW2HX2IA2IB2IC2ID2IE2IF2IG2IH2II2IJ2IK2IL2IM2IN2IO2IP2IQ2IR2IS2IT2IU2IV2IW2IX2JA2JB2JC2JD2JE2JF2JG2JH2JI2JJ2JK2JL2JM2JN2JO2JP2JQ2JR2JS2JT2JU2JV2JW2JX2KA2KB2KC2KD2KE2KF2KG2KH2KI2KJ2KK2KL2KM2KN2KO2KP2KQ2KR2KS2KT2KU2KV2KW2KX2LA2LB2LC2LD2LE2LF2LG2LH2LI2LJ2LK2LL2LM2LN2LO2LP2LQ2LR2LS2LT2LU2LV2LW2LX2MA2MB2MC2MD2ME2MF2MG2MH2MI2MJ2MK2ML2MM2MN2MO2MP2MV2MW2MX2NA2NB2NC2ND2NE2NF2NG2NH2NI2NJ2NK2NL2NM2NN2NO2NP2NW2NX2OA2OB2OC2OD2OE2OF2OG2OH2OI2OJ2OK2OL2OM2ON2OO2OX2PA2PB2PC2PD2PE2PF2PG2PH2PI2PJ2PK2PL2PM2PN2PX2QA2QB2QC2QD2QE2QF2QG2QH2QI2QJ2QK2QL2QM2QX2RA2RB2RC2RD2RE2RF2RG2RH2RI2RJ2RK2RL2RM2RX2SA2SB2SC2SD2SE2SF2SG2SH2SI2SJ2SK2SL2SM2SX2TA2TB2TC2TD2TE2TF2TG2TH2TI2TJ2TK2TL2TW2TX2UA2UB2UC2UD2UE2UF2UG2UH2UI2UJ2UK2UL2UW2UX2VA2VB2VC2VD2VE2VF2VG2VH2VI2VJ2VK2VL2VM2VW2VX2WA2WB2WC2WD2WE2WF2WG2WH2WI2WJ2WK2WL2WM2WN2WO2WP2WW2WX2XA2XB2XC2XD2XE2XF2XG2XH2XI2XJ2XK2XL2XM2XN2XO2XP2XQ2XR2XS2XW2XX3AA3AB3AC3AD3AE3AF3AG3AH3AI3AJ3AK3AL3AM3AN3AO3AP3AQ3AR3AS3AT3AU3AV3AW3AX3BA3BB3BC3BD3BE3BF3BG3BH3BI3BJ3BK3BL3BM3BN3BO3BP3BQ3BR3BS3BT3BU3BV3BW3BX3CA3CB3CC3CD3CE3CF3CG3CH3CI3CJ3CK3CL3CM3CN3CO3CP3CQ3CR3CS3CT3CU3CV3CW3CX3DA3DB3DC3DD3DE3DF3DG3DH3DI3DJ3DK3DL3DM3DN3DO3DP3DQ3DR3DS3DT3DU3DV3DW3DX3EA3EB3EC3ED3EE3EF3EG3EH3EI3EJ3EK3EL3EM3EN3EO3EP3EQ3ER3ES3ET3EU3EV3EW3EX3FA3FB3FC3FD3FE3FF3FG3FH3FI3FJ3FK3FL3FM3FN3FO3FP3FQ3FR3FS3FT3FU3FV3FW3FX3GA3GB3GC3GD3GE3GF3GG3GH3GI3GJ3GK3GL3GM3GN3GO3GP3GQ3GR3GS3GT3GU3GV3GW3GX3HA3HB3HC3HD3HE3HF3HG3HH3HI3HJ3HK3HL3HM3HN3HO3HP3HQ3HR3HS3HT3HU3HV3HW3HX3IA3IB3IC3ID3IE3IF3IG3IH3II3IJ3IK3IL3IM3IN3IO3IP3IQ3IR3IS3IT3IU3IV3IW3IX3JA3JB3JC3JD3JE3JF3JG3JH3JI3JJ3JK3JL3JM3JN3JO3JP3JQ3JR3JS3JT3JU3JV3JW3JX3KA3KB3KC3KD3KE3KF3KG3KH3KI3KJ3KK3KL3KM3KN3KO3KP3KQ3KR3KS3KT3KU3KV3KW3KX3LA3LB3LC3LD3LE3LF3LG3LH3LI3LJ3LK3LL3LM3LN3LO3LP3LQ3LR3LS3LT3LU3LV3LW3LX3MA3MB3MC3MD3ME3MF3MG3MH3MI3MJ3MK3ML3MM3MN3MO3MP3MQ3MR3MS3MT3MU3MV3MW3MX3NA3NB3NC3ND3NE3NF3NG3NH3NI3NJ3NK3NL3NM3NN3NO3NP3NQ3NR3NS3NT3NU3NV3NW3NX3OA3OB3OC3OD3OE3OF3OG3OH3OI3OJ3OK3OL3OM3ON3OO3OP3OQ3OR3OS3OT3OU3OV3OW3OX3PA3PB3PC3PD3PE3PF3PG3PH3PI3PJ3PK3PL3PM3PN3PO3PP3PQ3PR3PS3PT3PU3PV3PW3PX3QA3QB3QC3QD3QE3QF3QG3QH3QI3QJ3QK3QL3QM3QN3QO3QP3QQ3QR3QS3QT3QU3QV3QW3QX3RA3RB3RC3RD3RE3RF3RG3RH3RI3RJ3RK3RL3RM3RN3RO3RP3RQ3RR3RS3RT3RU3RV3RW3RX3SA3SB3SC3SD3SE3SF3SG3SH3SI3SJ3SK3SL3SM3SN3SO3SP3SQ3SR3SS3ST3SU3SV3SW3SX3TA3TB3TC3TD3TE3TF3TG3TH3TI3TJ3TK3TL3TM3TN3TO3TP3TQ3TR3TS3TT3TU3TV3TW3TX3UA3UB3UC3UD3UE3UF3UG3UH3UI3UJ3UK3UL3UM3UN3UO3UP3UQ3UR3US3UT3UU3UV3UW3UX3VA3VB3VC3VD3VE3VF3VG3VH3VI3VJ3VK3VL3VM3VN3VO3VP3VQ3VR3VS3VT3VU3VV3VW3VX3WA3WB3WC3WD3WE3WF3WG3WH3WI3WJ3WK3WL3WM3WN3WO3WP3WQ3WR3WS3WT3WU3WV3WW3WX3XA3XB3XC3XD3XE3XF3XG3XH3XI3XJ3XK3XL3XM3XN3XO3XP3XQ3XR3XS3XT3XU3XV3XW3XX4AA4AB4AC4AD4AE4AF4AG4AH4AI4AJ4AK4AL4AM4AN4AO4AP4AQ4AR4AS4AT4AU4AV4AW4AX4BA4BB4BC4BD4BE4BF4BG4BH4BI4BJ4BK4BL4BM4BN4BO4BP4BQ4BR4BS4BT4BU4BV4BW4BX4CA4CB4CC4CD4CE4CF4CG4CH4CI4CJ4CK4CL4CM4CN4CO4CP4CQ4CR4CS4CT4CU4CV4CW4CX4DA4DB4DC4DD4DE4DF4DG4DH4DI4DJ4DK4DL4DM4DN4DO4DP4DQ4DR4DS4DT4DU4DV4DW4DX4EA4EB4EC4ED4EE4EF4EG4EH4EI4EJ4EK4EL4EM4EN4EO4EP4EQ4ER4ES4ET4EU4EV4EW4EX4FA4FB4FC4FD4FE4FF4FG4FH4FI4FJ4FK4FL4FM4FN4FO4FP4FQ4FR4FS4FT4FU4FV4FW4FX4GA4GB4GC4GD4GE4GF4GG4GH4GI4GJ4GK4GL4GM4GN4GO4GP4GQ4GR4GS4GT4GU4GV4GW4GX4HA4HB4HC4HD4HE4HF4HG4HH4HI4HJ4HK4HL4HM4HN4HO4HP4HQ4HR4HS4HT4HU4HV4HW4HX4IA4IB4IC4ID4IE4IF4IG4IH4II4IJ4IK4IL4IM4IN4IO4IP4IQ4IR4IS4IT4IU4IV4IW4IX4JA4JB4JC4JD4JE4JF4JG4JH4JI4JJ4JK4JL4JM4JN4JO4JP4JQ4JR4JS4JT4JU4JV4JW4JX4KA4KB4KC4KD4KE4KF4KG4KH4KI4KJ4KK4KL4KM4KN4KO4KP4KQ4KR4KS4KT4KU4KV4KW4KX4LA4LB4LC4LD4LE4LF4LG4LH4LI4LJ4LK4LL4LM4LN4LO4LP4LQ4LR4LS4LT4LU4LV4LW4LX4MA4MB4MC4MD4ME4MF4MG4MH4MI4MJ4MK4ML4MM4MN4MO4MP4MQ4MR4MS4MT4MU4MV4MW4MX4NA4NB4NC4ND4NE4NF4NG4NH4NI4NJ4NK4NL4NM4NN4NO4NP4NQ4NR4NS4NT4NU4NV4NW4NX4OA4OB4OC4OD4OE4OF4OG4OH4OI4OJ4OK4OL4OM4ON4OO4OP4OQ4OR4OS4OT4OU4OV4OW4OX4PA4PB4PC4PD4PE4PF4PG4PH4PI4PJ4PK4PL4PM4PN4PO4PP4PQ4PR4PS4PT4PU4PV4PW4PX4QA4QB4QC4QD4QE4QF4QG4QH4QI4QJ4QK4QL4QM4QN4QO4QP4QQ4QR4QS4QT4QU4QV4QW4QX4RA4RB4RC4RD4RE4RF4RG4RH4RI4RJ4RK4RL4RM4RN4RO4RP4RQ4RR4RS4RT4RU4RV4RW4RX4SA4SB4SC4SD4SE4SF4SG4SH4SI4SJ4SK4SL4SM4SN4SO4SP4SQ4SR4SS4ST4SU4SV4SW4SX4TA4TB4TC4TD4TE4TF4TG4TH4TI4TJ4TK4TL4TM4TN4TO4TP4TQ4TR4TS4TT4TU4TV4TW4TX4UA4UB4UC4UD4UE4UF4UG4UH4UI4UJ4UK4UL4UM4UN4UO4UP4UQ4UR4US4UT4UU4UV4UW4UX4VA4VB4VC4VD4VE4VF4VG4VH4VI4VJ4VK4VL4VM4VN4VO4VP4VQ4VR4VS4VT4VU4VV4VW4VX4WA4WB4WC4WD4WE4WF4WG4WH4WI4WJ4WK4WL4WM4WN4WO4WP4WQ4WR4WS4WT4WU4WV4WW4WX4XA4XB4XC4XD4XE4XF4XG4XH4XI4XJ4XK4XL4XM4XN4XO4XP4XQ4XR4XS4XT4XU4XV4XW4XX</Field33>
<Field34>2208</Field34>
<Field35>2MQ2MR2MS2MT2MU2NQ2NR2NS2NT2NU2NV2OP2OQ2OR2OS2OT2OU2OV2OW2PO2PP2PQ2PR2PS2PT2PU2PV2PW2QN2QO2QP2QQ2QR2QS2QT2QU2QV2QW2RN2RO2RP2RQ2RR2RS2RT2RU2RV2RW2SN2SO2SP2SQ2SR2SS2ST2SU2SV2SW2TM2TN2TO2TP2TQ2TR2TS2TT2TU2TV2UM2UN2UO2UP2UQ2UR2US2UT2UU2UV2VN2VO2VP2VQ2VR2VS2VT2VU2VV2WQ2WR2WS2WT2WU2WV2XT2XU2XV</Field35>
<Field36>96</Field36>
<Field38>0</Field38>
<Field40>0</Field40>
</results>
<results>
<Field1>3Z56AA6EK6DOCASSQLHUYYBBHFQM67</Field1>
<Field2>3PUZG2R74TXVF7CR9RD94D92J8X45X</Field2>
<Field3>Participate in a land classification study (Bonuses for accuracy)</Field3>
<Field4>Classify an aerial image into four different types of land cover</Field4>
<Field5>image classification, land cover, photo interpretation</Field5>
<Field6>$0.50</Field6>
<Field7>Tue Jun 29 15:46:53 PDT 2021</Field7>
<Field8>6</Field8>
<Field9>BatchId:4491423;OriginalHitTemplateId:928390828;</Field9>
<Field10>3600</Field10>
<Field11>259200</Field11>
<Field12>Tue Jul 06 15:46:53 PDT 2021</Field12>
<Field15>3X66WABAJZVRA17IMJQ23ABL4Z2G3P</Field15>
<Field16>A3FZGRDQFWHBRW</Field16>
<Field17>Submitted</Field17>
<Field18>Tue Jun 29 16:46:06 PDT 2021</Field18>
<Field19>Tue Jun 29 17:16:10 PDT 2021</Field19>
<Field20>Fri Jul 02 17:16:10 PDT 2021</Field20>
<Field24>1804</Field24>
<Field25>0% (0/0)</Field25>
<Field26>0% (0/0)</Field26>
<Field27>0% (0/0)</Field27>
<Field28>25502</Field28>
<Field29>new</Field29>
<Field30>img25502_new.jpg</Field30>
<Field31>https://raw.githubusercontent.com/ROIHabitat/lcimages/master/img25502_new.jpg</Field31>
<Field32>2193</Field32>
<Field33>1AM1AN1AO1AP1AQ1AR1AS1AT1BA1BB1BC1BD1BE1BF1BG1BL1BM1BN1BO1BP1BQ1BR1BS1BT1BU1CA1CH1CK1CL1CT1CU1CV1CW1CX1DA1DH1DI1DJ1DK1DV1DW1DX1EA2AJ2AO2AP2AQ2AR2AS2AT2AU2AV2AW2BJ2BK2BO2CL2CM2CN2LS2LT2LU2MQ2MR2MU2MV2NP2NW2OO2OW2PN2PW2QN2QW2RM2RX2SM2SW2TW2UM2UW2VM2VN2VW2WN2WO2WP2WW2WX2XQ2XR2XS3AB3BB3CB3DB3FB3GB3HB3IB3IC3JC3KC3KD3LD3MD3ND3OC3OD3PC3QC3RC3SC3TC3UC3VC3WC3XC3XD3XE3XF3XG3XH3XI3XJ3XK3XL3XM3XN3XO3XP3XS3XU3XW4CL4CM4CN4DK4DN4DO4EK4EO4FK4FO4GK4GN4GO4HK4HN4IK4IM4IN4JK4JM4KI4KJ4KL4LH4LJ4LK4MF4MG4MI4MJ4NF4NG4NH4OD4OE4OF4PC4PD4QC4QD4RC4RD4SC4SD4TD4UD4VD4WD4WE4WF4WG4WH4WI4WJ4WK4WL4WM4WN4WO4WP4WQ4WR4WS4WT4WU4WV4WW4WX4XD4XE4XF4XH4XI4XL4XN4XQ</Field33>
<Field34>210</Field34>
<Field35>3CA3DA3HA</Field35>
<Field36>3</Field36>
<Field37>1AH1AI1AJ1AK1AU1AV1AW1AX1BH1BI1BJ1BV1BW1BX1CI1CJ1JA1KA1LA1MA1NA1OA1PA1QA2AK2AL2AM2AN2BL2BM2BN2MS2MT2NQ2NR2NS2NT2NU2NV2OQ2OR2OV2PP2PQ2PV2QO2QP2QV2RN2RO2RP2RV2RW2SN2SO2SV2TN2TO2TU2TV2UN2UO2UP2UT2UU2UV2VP2VQ2VR2VS2VT2VU2VV2WS2WT2WU2XW3JA3KB3LA3LB3LC3LQ3MA3MB3MC3NA3NB3NC3NP3OA3OB3OO3PA3PB3PO3QA3QB3QN3RA3SB3TB3UB3VA3VB3WB3XB4AW4DL4DM4EL4EM4FL4FM4GM4HL4HM4IL</Field37>
<Field38>118</Field38>
<Field39>1CB1CC1CD1CE1CF1CM1CN1CO1CP1CQ1CR1CS1DB1DC1DD1DE1DF1DG1DL1DM1DN1DO1DP1DQ1DR1DS1DT1DU1EB1EC1ED1EE1EF1EG1EH1EI1EJ1EK1EL1EM1EN1EO1EP1EQ1ER1ES1ET1EU1EV1EW1EX1FA1FB1FC1FD1FE1FF1FG1FH1FI1FJ1FK1FL1FM1FN1FO1FP1FQ1FR1FS1FT1FU1FV1FW1FX1GA1GB1GC1GD1GE1GF1GG1GH1GI1GJ1GK1GL1GM1GN1GO1GP1GQ1GR1GS1GT1GU1GV1GW1GX1HA1HB1HC1HD1HE1HF1HG1HH1HI1HJ1HK1HL1HM1HN1HO1HP1HQ1HR1HS1HT1HU1HV1HW1HX1IA1IB1IC1ID1IE1IF1IG1IH1II1IJ1IK1IL1IM1IN1IO1IP1IQ1IR1IS1IT1IU1IV1IW1IX1JB1JC1JD1JE1JF1JG1JH1JI1JJ1JK1JL1JM1JN1JO1JP1JQ1JR1JS1JT1JU1JV1JW1JX1KB1KC1KD1KE1KF1KG1KH1KI1KJ1KK1KL1KM1KN1KO1KP1KQ1KR1KS1KT1KU1KV1KW1KX1LB1LC1LD1LE1LF1LG1LH1LI1LJ1LK1LL1LM1LN1LO1LP1LQ1LR1LS1LT1LU1LV1LW1LX1MB1MC1MD1ME1MF1MG1MH1MI1MJ1MK1ML1MM1MN1MO1MP1MQ1MR1MS1MT1MU1MV1MW1MX1NB1NC1ND1NE1NF1NG1NH1NI1NJ1NK1NL1NM1NN1NO1NP1NQ1NR1NS1NT1NU1NV1NW1NX1OB1OC1OD1OE1OF1OG1OH1OI1OJ1OK1OL1OM1ON1OO1OP1OQ1OR1OS1OT1OU1OV1OW1OX1PB1PC1PD1PE1PF1PG1PH1PI1PJ1PK1PL1PM1PN1PO1PP1PQ1PR1PS1PT1PU1PV1PW1PX1QB1QC1QD1QE1QF1QG1QH1QI1QJ1QK1QL1QM1QN1QO1QP1QQ1QR1QS1QT1QU1QV1QW1QX1RA1RB1RC1RD1RE1RF1RG1RH1RI1RJ1RK1RL1RM1RN1RO1RP1RQ1RR1RS1RT1RU1RV1RW1RX1SA1SB1SC1SD1SE1SF1SG1SH1SI1SJ1SK1SL1SM1SN1SO1SP1SQ1SR1SS1ST1SU1SV1SW1SX1TA1TB1TC1TD1TE1TF1TG1TH1TI1TJ1TK1TL1TM1TN1TO1TP1TQ1TR1TS1TT1TU1TV1TW1TX1UA1UB1UC1UD1UE1UF1UG1UH1UI1UJ1UK1UL1UM1UN1UO1UP1UQ1UR1US1UT1UU1UV1UW1UX1VA1VB1VC1VD1VE1VF1VG1VH1VI1VJ1VK1VL1VM1VN1VO1VP1VQ1VR1VS1VT1VU1VV1VW1VX1WA1WB1WC1WD1WE1WF1WG1WH1WI1WJ1WK1WL1WM1WN1WO1WP1WQ1WR1WS1WT1WU1WV1WW1WX1XA1XB1XC1XD1XE1XF1XG1XH1XI1XJ1XK1XL1XM1XN1XO1XP1XQ1XR1XS1XT1XU1XV1XW1XX2AA2AB2AC2AD2AE2AF2AG2AH2AI2BA2BB2BC2BD2BE2BF2BG2BH2BI2BP2BQ2BR2BS2BT2BU2BV2BW2BX2CA2CB2CC2CD2CE2CF2CG2CH2CI2CJ2CK2CO2CP2CQ2CR2CS2CT2CU2CV2CW2CX2DA2DB2DC2DD2DE2DF2DG2DH2DI2DJ2DK2DL2DM2DN2DO2DP2DQ2DR2DS2DT2DU2DV2DW2DX2EA2EB2EC2ED2EE2EF2EG2EH2EI2EJ2EK2EL2EM2EN2EO2EP2EQ2ER2ES2ET2EU2EV2EW2EX2FA2FB2FC2FD2FE2FF2FG2FH2FI2FJ2FK2FL2FM2FN2FO2FP2FQ2FR2FS2FT2FU2FV2FW2FX2GA2GB2GC2GD2GE2GF2GG2GH2GI2GJ2GK2GL2GM2GN2GO2GP2GQ2GR2GS2GT2GU2GV2GW2GX2HA2HB2HC2HD2HE2HF2HG2HH2HI2HJ2HK2HL2HM2HN2HO2HP2HQ2HR2HS2HT2HU2HV2HW2HX2IA2IB2IC2ID2IE2IF2IG2IH2II2IJ2IK2IL2IM2IN2IO2IP2IQ2IR2IS2IT2IU2IV2IW2IX2JA2JB2JC2JD2JE2JF2JG2JH2JI2JJ2JK2JL2JM2JN2JO2JP2JQ2JR2JS2JT2JU2JV2JW2JX2KA2KB2KC2KD2KE2KF2KG2KH2KI2KJ2KK2KL2KM2KN2KO2KP2KQ2KR2KS2KT2KU2KV2KW2KX2LA2LB2LC2LD2LE2LF2LG2LH2LI2LJ2LK2LL2LM2LN2LO2LP2LQ2LR2LV2LW2LX2MA2MB2MC2MD2ME2MF2MG2MH2MI2MJ2MK2ML2MM2MN2MO2MP2MW2MX2NA2NB2NC2ND2NE2NF2NG2NH2NI2NJ2NK2NL2NM2NN2NO2OA2OB2OC2OD2OE2OF2OG2OH2OI2OJ2OK2OL2OM2ON2PA2PB2PC2PD2PE2PF2PG2PH2PI2PJ2PK2PL2PM2QA2QB2QC2QD2QE2QF2QG2QH2QI2QJ2QK2QL2QM2RA2RB2RC2RD2RE2RF2RG2RH2RI2RJ2RK2RL2SA2SB2SC2SD2SE2SF2SG2SH2SI2SJ2SK2SL2TA2TB2TC2TD2TE2TF2TG2TH2TI2TJ2TK2TL2TX2UA2UB2UC2UD2UE2UF2UG2UH2UI2UJ2UK2UL2UX2VA2VB2VC2VD2VE2VF2VG2VH2VI2VJ2VK2VL2WA2WB2WC2WD2WE2WF2WG2WH2WI2WJ2WK2WL2WM2XA2XB2XC2XD2XE2XF2XG2XH2XI2XJ2XK2XL2XM2XN2XO2XP3AC3AD3AE3AF3AG3AH3AI3AJ3AK3AL3AM3AN3AO3AP3AQ3AR3AS3AT3AU3AV3AW3AX3BC3BD3BE3BF3BG3BH3BI3BJ3BK3BL3BM3BN3BO3BP3BQ3BR3BS3BT3BU3BV3BW3BX3CC3CD3CE3CF3CG3CH3CI3CJ3CK3CL3CM3CN3CO3CP3CQ3CR3CS3CT3CU3CV3CW3CX3DC3DD3DE3DF3DG3DH3DI3DJ3DK3DL3DM3DN3DO3DP3DQ3DR3DS3DT3DU3DV3DW3DX3EC3ED3EE3EF3EG3EH3EI3EJ3EK3EL3EM3EN3EO3EP3EQ3ER3ES3ET3EU3EV3EW3EX3FC3FD3FE3FF3FG3FH3FI3FJ3FK3FL3FM3FN3FO3FP3FQ3FR3FS3FT3FU3FV3FW3FX3GC3GD3GE3GF3GG3GH3GI3GJ3GK3GL3GM3GN3GO3GP3GQ3GR3GS3GT3GU3GV3GW3GX3HC3HD3HE3HF3HG3HH3HI3HJ3HK3HL3HM3HN3HO3HP3HQ3HR3HS3HT3HU3HV3HW3HX3ID3IE3IF3IG3IH3II3IJ3IK3IL3IM3IN3IO3IP3IQ3IR3IS3IT3IU3IV3IW3IX3JD3JE3JF3JG3JH3JI3JJ3JK3JL3JM3JN3JO3JP3JQ3JR3JS3JT3JU3JV3JW3JX3KE3KF3KG3KH3KI3KJ3KK3KL3KM3KN3KO3KP3KS3KT3KU3KV3KW3KX3LE3LF3LG3LH3LI3LJ3LK3LL3LM3LN3LO3LP3LR3LS3LT3LU3LV3LW3LX3ME3MF3MG3MH3MI3MJ3MK3ML3MM3MN3MO3MP3MR3MS3MT3MU3MV3MW3MX3NE3NF3NG3NH3NI3NJ3NK3NL3NM3NN3NR3NS3NT3NU3NV3NW3NX3OE3OF3OG3OH3OI3OJ3OK3OL3OM3ON3OP3OQ3OR3OS3OT3OU3OV3OW3OX3PD3PE3PF3PG3PH3PI3PJ3PK3PL3PM3PP3PQ3PR3PS3PT3PU3PV3PW3PX3QD3QE3QF3QG3QH3QI3QJ3QK3QL3QP3QQ3QR3QS3QT3QU3QV3QW3QX3RD3RE3RF3RG3RH3RI3RJ3RK3RL3RM3RO3RP3RQ3RR3RS3RT3RU3RV3RW3RX3SD3SE3SF3SG3SH3SI3SJ3SK3SL3SM3SN3SO3SP3SQ3SR3SS3ST3SU3SV3SW3SX3TD3TE3TF3TG3TH3TI3TJ3TK3TL3TM3TN3TO3TP3TQ3TR3TS3TT3TU3TV3TW3TX3UD3UE3UF3UG3UH3UI3UJ3UK3UL3UM3UN3UO3UP3UQ3UR3US3UT3UU3UV3UW3UX3VD3VE3VF3VG3VH3VI3VJ3VK3VL3VM3VN3VO3VP3VQ3VR3VS3VT3VU3VV3VW3VX3WD3WE3WF3WG3WH3WI3WJ3WK3WL3WM3WN3WO3WP3WQ3WR3WS3WT3WU3WV3WW3WX4AA4AB4AC4AD4AE4AF4AG4AH4AI4AJ4AK4AL4AM4AN4AO4AP4AQ4AR4AS4AT4AU4AV4BA4BB4BC4BD4BE4BF4BG4BH4BI4BJ4BK4BL4BM4BN4BO4BP4BQ4BR4BS4BT4BU4BV4BW4BX4CA4CB4CC4CD4CE4CF4CG4CH4CI4CJ4CK4CO4CP4CQ4CR4CS4CT4CU4CV4CW4CX4DA4DB4DC4DD4DE4DF4DG4DH4DI4DJ4DP4DQ4DR4DS4DT4DU4DV4DW4DX4EA4EB4EC4ED4EE4EF4EG4EH4EI4EJ4EP4EQ4ER4ES4ET4EU4EV4EW4EX4FA4FB4FC4FD4FE4FF4FG4FH4FI4FJ4FP4FQ4FR4FS4FT4FU4FV4FW4FX4GA4GB4GC4GD4GE4GF4GG4GH4GI4GJ4GP4GQ4GR4GS4GT4GU4GV4GW4GX4HA4HB4HC4HD4HE4HF4HG4HH4HI4HJ4HO4HP4HQ4HR4HS4HT4HU4HV4HW4HX4IA4IB4IC4ID4IE4IF4IG4IH4II4IJ4IO4IP4IQ4IR4IS4IT4IU4IV4IW4IX4JA4JB4JC4JD4JE4JF4JG4JH4JI4JJ4JN4JO4JP4JQ4JR4JS4JT4JU4JV4JW4JX4KA4KB4KC4KD4KE4KF4KG4KH4KM4KN4KO4KP4KQ4KR4KS4KT4KU4KV4KW4KX4LA4LB4LC4LD4LE4LF4LG4LL4LM4LN4LO4LP4LQ4LR4LS4LT4LU4LV4LW4LX4MA4MB4MC4MD4ME4MK4ML4MM4MN4MO4MP4MQ4MR4MS4MT4MU4MV4MW4MX4NA4NB4NC4ND4NE4NI4NJ4NK4NL4NM4NN4NO4NP4NQ4NR4NS4NT4NU4NV4NW4NX4OA4OB4OC4OG4OH4OI4OJ4OK4OL4OM4ON4OO4OP4OQ4OR4OS4OT4OU4OV4OW4OX4PA4PB4PE4PF4PG4PH4PI4PJ4PK4PL4PM4PN4PO4PP4PQ4PR4PS4PT4PU4PV4PW4PX4QA4QB4QE4QF4QG4QH4QI4QJ4QK4QL4QM4QN4QO4QP4QQ4QR4QS4QT4QU4QV4QW4QX4RA4RB4RE4RF4RG4RH4RI4RJ4RK4RL4RM4RN4RO4RP4RQ4RR4RS4RT4RU4RV4RW4RX4SA4SB4SE4SF4SG4SH4SI4SJ4SK4SL4SM4SN4SO4SP4SQ4SR4SS4ST4SU4SV4SW4SX4TA4TB4TC4TE4TF4TG4TH4TI4TJ4TK4TL4TM4TN4TO4TP4TQ4TR4TS4TT4TU4TV4TW4TX4UA4UB4UC4UE4UF4UG4UH4UI4UJ4UK4UL4UM4UN4UO4UP4UQ4UR4US4UT4UU4UV4UW4UX4VA4VB4VC4VE4VF4VG4VH4VI4VJ4VK4VL4VM4VN4VO4VP4VQ4VR4VS4VT4VU4VV4VW4VX4WA4WB4WC4XA</Field39>
<Field40>1862</Field40>
</results>
<results>
<Field1>3Z56AA6EK6DOCASSQLHUYYBBHFQM67</Field1>
<Field2>3PUZG2R74TXVF7CR9RD94D92J8X45X</Field2>
<Field3>Participate in a land classification study (Bonuses for accuracy)</Field3>
<Field4>Classify an aerial image into four different types of land cover</Field4>
<Field5>image classification, land cover, photo interpretation</Field5>
<Field6>$0.50</Field6>
<Field7>Tue Jun 29 15:46:53 PDT 2021</Field7>
<Field8>6</Field8>
<Field9>BatchId:4491423;OriginalHitTemplateId:928390828;</Field9>
<Field10>3600</Field10>
<Field11>259200</Field11>
<Field12>Tue Jul 06 15:46:53 PDT 2021</Field12>
<Field15>3YOH7BII0CKGOW5KWKHNKXVX20NVKF</Field15>
<Field16>A1YXKN5ATSR5I1</Field16>
<Field17>Submitted</Field17>
<Field18>Tue Jun 29 19:40:04 PDT 2021</Field18>
<Field19>Tue Jun 29 20:01:15 PDT 2021</Field19>
<Field20>Fri Jul 02 20:01:15 PDT 2021</Field20>
<Field24>1271</Field24>
<Field25>0% (0/0)</Field25>
<Field26>0% (0/0)</Field26>
<Field27>0% (0/0)</Field27>
<Field28>25502</Field28>
<Field29>new</Field29>
<Field30>img25502_new.jpg</Field30>
<Field31>https://raw.githubusercontent.com/ROIHabitat/lcimages/master/img25502_new.jpg</Field31>
<Field32>2283</Field32>
<Field33>1AB1AC1AD1AE1AF1AG1AH1AI1AM1AN1AO1AP1AQ1AR1AS1AT1BB1BC1BD1BE1BF1BG1BH1BI1BL1BM1BN1BO1BP1BQ1BR1BS1BT1BU1BV1CA1CB1CC1CD1CE1CF1CG1CH1CK1CL1CM1CN1CO1CP1CQ1CR1CS1CT1CU1CV1CW1CX1DA1DB1DC1DD1DE1DF1DG1DH1DI1DJ1DK1DL1DM1DN1DO1DP1DQ1DR1DS1DT1DU1DV1DW1DX1EA1EB1EC1ED1EE1EF1EG1EH1EI1EJ1EK1EL1EM1EN1EO1EP1EQ1ER1ES1ET1EU1EV1EW1EX1FA1FB1FC1FD1FE1FF1FG1FH1FI1FJ1FK1FL1FM1FN1FO1FP1FQ1FR1FS1FT1FU1FV1FW1FX1GA1GB1GC1GD1GE1GF1GG1GH1GI1GJ1GK1GL1GM1GN1GO1GP1GQ1GR1GS1GT1GU1GV1GW1GX1HA1HB1HC1HD1HE1HF1HG1HH1HI1HJ1HK1HL1HM1HN1HO1HP1HQ1HR1HS1HT1HU1HV1HW1HX1IA1IB1IC1ID1IE1IF1IG1IH1II1IJ1IK1IL1IM1IN1IO1IP1IQ1IR1IS1IT1IU1IV1IW1IX1JB1JC1JD1JE1JF1JG1JH1JI1JJ1JK1JL1JM1JN1JO1JP1JQ1JR1JS1JT1JU1JV1JW1JX1KB1KC1KD1KE1KF1KG1KH1KI1KJ1KK1KL1KM1KN1KO1KP1KQ1KR1KS1KT1KU1KV1KW1KX1LB1LC1LD1LE1LF1LG1LH1LI1LJ1LK1LL1LM1LN1LO1LP1LQ1LR1LS1LT1LU1LV1LW1LX1MB1MC1MD1ME1MF1MG1MH1MI1MJ1MK1ML1MM1MN1MO1MP1MQ1MR1MS1MT1MU1MV1MW1MX1NB1NC1ND1NE1NF1NG1NH1NI1NJ1NK1NL1NM1NN1NO1NP1NQ1NR1NS1NT1NU1NV1NW1NX1OB1OC1OD1OE1OF1OG1OH1OI1OJ1OK1OL1OM1ON1OO1OP1OQ1OR1OS1OT1OU1OV1OW1OX1PB1PC1PD1PE1PF1PG1PH1PI1PJ1PK1PL1PM1PN1PO1PP1PQ1PR1PS1PT1PU1PV1PW1PX1QB1QC1QD1QE1QF1QG1QH1QI1QJ1QK1QL1QM1QN1QO1QP1QQ1QR1QS1QT1QU1QV1QW1QX1RB1RC1RD1RE1RF1RG1RH1RI1RJ1RK1RL1RM1RN1RO1RP1RQ1RR1RS1RT1RU1RV1RW1RX1SB1SC1SD1SE1SF1SG1SH1SI1SJ1SK1SL1SM1SN1SO1SP1SQ1SR1SS1ST1SU1SV1SW1SX1TB1TC1TD1TE1TF1TG1TH1TI1TJ1TK1TL1TM1TN1TO1TP1TQ1TR1TS1TT1TU1TV1TW1TX1UB1UC1UD1UE1UF1UG1UH1UI1UJ1UK1UL1UM1UN1UO1UP1UQ1UR1US1UT1UU1UV1UW1UX1VB1VC1VD1VE1VF1VG1VH1VI1VJ1VK1VL1VM1VN1VO1VP1VQ1VR1VS1VT1VU1VV1VW1VX1WB1WC1WD1WE1WF1WG1WH1WI1WJ1WK1WL1WM1WN1WO1WP1WQ1WR1WS1WT1WU1WV1WW1WX1XB1XC1XD1XE1XF1XG1XH1XI1XJ1XK1XL1XM1XN1XO1XP1XQ1XR1XS1XT1XU1XV1XW1XX2AA2AB2AC2AD2AE2AF2AG2AH2AI2AJ2AO2AP2AQ2AR2AS2AT2AU2AV2AW2AX2BA2BB2BC2BD2BE2BF2BG2BH2BI2BJ2BK2BO2BP2BQ2BR2BS2BT2BU2BV2BW2BX2CA2CB2CC2CD2CE2CF2CG2CH2CI2CJ2CK2CL2CM2CN2CO2CP2CQ2CR2CS2CT2CU2CV2CW2CX2DA2DB2DC2DD2DE2DF2DG2DH2DI2DJ2DK2DL2DM2DN2DO2DP2DQ2DR2DS2DT2DU2DV2DW2DX2EA2EB2EC2ED2EE2EF2EG2EH2EI2EJ2EK2EL2EM2EN2EO2EP2EQ2ER2ES2ET2EU2EV2EW2EX2FA2FB2FC2FD2FE2FF2FG2FH2FI2FJ2FK2FL2FM2FN2FO2FP2FQ2FR2FS2FT2FU2FV2FW2FX2GA2GB2GC2GD2GE2GF2GG2GH2GI2GJ2GK2GL2GM2GN2GO2GP2GQ2GR2GS2GT2GU2GV2GW2GX2HA2HB2HC2HD2HE2HF2HG2HH2HI2HJ2HK2HL2HM2HN2HO2HP2HQ2HR2HS2HT2HU2HV2HW2HX2IA2IB2IC2ID2IE2IF2IG2IH2II2IJ2IK2IL2IM2IN2IO2IP2IQ2IR2IS2IT2IU2IV2IW2IX2JA2JB2JC2JD2JE2JF2JG2JH2JI2JJ2JK2JL2JM2JN2JO2JP2JQ2JR2JS2JT2JU2JV2JW2JX2KA2KB2KC2KD2KE2KF2KG2KH2KI2KJ2KK2KL2KM2KN2KO2KP2KQ2KR2KS2KT2KU2KV2KW2KX2LA2LB2LC2LD2LE2LF2LG2LH2LI2LJ2LK2LL2LM2LN2LO2LP2LQ2LR2LS2LT2LU2LV2LW2LX2MA2MB2MC2MD2ME2MF2MG2MH2MI2MJ2MK2ML2MM2MN2MO2MP2MQ2MW2MX2NA2NB2NC2ND2NE2NF2NG2NH2NI2NJ2NK2NL2NM2NN2NO2NP2NW2NX2OA2OB2OC2OD2OE2OF2OG2OH2OI2OJ2OK2OL2OM2ON2OO2OX2PA2PB2PC2PD2PE2PF2PG2PH2PI2PJ2PK2PL2PM2PN2PX2QA2QB2QC2QD2QE2QF2QG2QH2QI2QJ2QK2QL2QM2QN2QX2RA2RB2RC2RD2RE2RF2RG2RH2RI2RJ2RK2RL2RM2RU2RX2SA2SB2SC2SD2SE2SF2SG2SH2SI2SJ2SK2SL2SM2SU2SW2SX2TA2TB2TC2TD2TE2TF2TG2TH2TI2TJ2TK2TL2TM2TS2TT2TW2TX2UA2UB2UC2UD2UE2UF2UG2UH2UI2UJ2UK2UL2UM2UR2US2UW2UX2VA2VB2VC2VD2VE2VF2VG2VH2VI2VJ2VK2VL2VM2VN2VW2VX2WA2WB2WC2WD2WE2WF2WG2WH2WI2WJ2WK2WL2WM2WN2WO2WP2WQ2WX2XA2XB2XC2XD2XE2XF2XG2XH2XI2XJ2XK2XL2XM2XN2XO2XP2XQ2XR2XS2XT2XX3AA3AB3AC3AD3AE3AF3AG3AH3AI3AJ3AK3AL3AM3AN3AO3AP3AQ3AR3AS3AT3AU3AV3AW3AX3BA3BB3BC3BD3BE3BF3BG3BH3BI3BJ3BK3BL3BM3BN3BO3BP3BQ3BR3BS3BT3BU3BV3BW3BX3CB3CC3CD3CE3CF3CG3CH3CI3CJ3CK3CL3CM3CN3CO3CP3CQ3CR3CS3CT3CU3CV3CW3CX3DB3DC3DD3DE3DF3DG3DH3DI3DJ3DK3DL3DM3DN3DO3DP3DQ3DR3DS3DT3DU3DV3DW3DX3EB3EC3ED3EE3EF3EG3EH3EI3EJ3EK3EL3EM3EN3EO3EP3EQ3ER3ES3ET3EU3EV3EW3EX3FB3FC3FD3FE3FF3FG3FH3FI3FJ3FK3FL3FM3FN3FO3FP3FQ3FR3FS3FT3FU3FV3FW3FX3GB3GC3GD3GE3GF3GG3GH3GI3GJ3GK3GL3GM3GN3GO3GP3GQ3GR3GS3GT3GU3GV3GW3GX3HB3HC3HD3HE3HF3HG3HH3HI3HJ3HK3HL3HM3HN3HO3HP3HQ3HR3HS3HT3HU3HV3HW3HX3IB3IC3ID3IE3IF3IG3IH3II3IJ3IK3IL3IM3IN3IO3IP3IQ3IR3IS3IT3IU3IV3IW3IX3JB3JC3JD3JE3JF3JG3JH3JI3JJ3JK3JL3JM3JN3JO3JP3JQ3JR3JS3JT3JU3JV3JW3JX3KC3KD3KE3KF3KG3KH3KI3KJ3KK3KL3KM3KN3KO3KP3KQ3KS3KT3KU3KV3KW3KX3LD3LE3LF3LG3LH3LI3LJ3LK3LL3LM3LN3LO3LP3LR3LS3LT3LU3LV3LW3LX3MD3ME3MF3MG3MH3MI3MJ3MK3ML3MM3MN3MO3MP3MR3MS3MT3MU3MV3MW3MX3ND3NE3NF3NG3NH3NI3NJ3NK3NL3NM3NN3NO3NQ3NR3NS3NT3NU3NV3NW3NX3OC3OD3OE3OF3OG3OH3OI3OJ3OK3OL3OM3ON3OQ3OR3OS3OT3OU3OV3OW3OX3PC3PD3PE3PF3PG3PH3PI3PJ3PK3PL3PM3PP3PQ3PR3PS3PT3PU3PV3PW3PX3QC3QD3QE3QF3QG3QH3QI3QJ3QK3QL3QP3QQ3QR3QS3QT3QU3QV3QW3QX3RC3RD3RE3RF3RG3RH3RI3RJ3RK3RL3RM3RP3RQ3RR3RS3RT3RU3RV3RW3RX3SC3SD3SE3SF3SG3SH3SI3SJ3SK3SL3SM3SN3SO3SP3SQ3SR3SS3ST3SU3SV3SW3SX3TC3TD3TE3TF3TG3TH3TI3TJ3TK3TL3TM3TN3TO3TP3TQ3TR3TS3TT3TU3TV3TW3TX3UC3UD3UE3UF3UG3UH3UI3UJ3UK3UL3UM3UN3UO3UP3UQ3UR3US3UT3UU3UV3UW3UX3VC3VD3VE3VF3VG3VH3VI3VJ3VK3VL3VM3VN3VO3VP3VQ3VR3VS3VT3VU3VV3VW3VX3WC3WD3WE3WF3WG3WH3WI3WJ3WK3WL3WM3WN3WO3WP3WQ3WR3WS3WT3WU3WV3WW3WX3XC3XD3XE3XF3XG3XH3XI3XJ3XK3XL3XM3XN3XO3XP3XQ3XR3XS3XT3XU3XV3XW3XX4AA4AB4AC4AD4AE4AF4AG4AH4AI4AJ4AK4AL4AM4AN4AO4AP4AQ4AR4AS4AT4AU4AV4AW4BA4BB4BC4BD4BE4BF4BG4BH4BI4BJ4BK4BL4BM4BN4BO4BP4BQ4BR4BS4BT4BU4BV4BW4BX4CA4CB4CC4CD4CE4CF4CG4CH4CI4CJ4CK4CN4CO4CP4CQ4CR4CS4CT4CU4CV4CW4CX4DA4DB4DC4DD4DE4DF4DG4DH4DI4DJ4DK4DO4DP4DQ4DR4DS4DT4DU4DV4DW4DX4EA4EB4EC4ED4EE4EF4EG4EH4EI4EJ4EK4EO4EP4EQ4ER4ES4ET4EU4EV4EW4EX4FA4FB4FC4FD4FE4FF4FG4FH4FI4FJ4FK4FO4FP4FQ4FR4FS4FT4FU4FV4FW4FX4GA4GB4GC4GD4GE4GF4GG4GH4GI4GJ4GK4GO4GP4GQ4GR4GS4GT4GU4GV4GW4GX4HA4HB4HC4HD4HE4HF4HG4HH4HI4HJ4HK4HN4HO4HP4HQ4HR4HS4HT4HU4HV4HW4HX4IA4IB4IC4ID4IE4IF4IG4IH4II4IJ4IK4IN4IO4IP4IQ4IR4IS4IT4IU4IV4IW4IX4JA4JB4JC4JD4JE4JF4JG4JH4JI4JJ4JM4JN4JO4JP4JQ4JR4JS4JT4JU4JV4JW4JX4KA4KB4KC4KD4KE4KF4KG4KH4KI4KL4KM4KN4KO4KP4KQ4KR4KS4KT4KU4KV4KW4KX4LA4LB4LC4LD4LE4LF4LG4LH4LK4LL4LM4LN4LO4LP4LQ4LR4LS4LT4LU4LV4LW4LX4MA4MB4MC4MD4ME4MF4MJ4MK4ML4MM4MN4MO4MP4MQ4MR4MS4MT4MU4MV4MW4MX4NA4NB4NC4ND4NE4NH4NI4NJ4NK4NL4NM4NN4NO4NP4NQ4NR4NS4NT4NU4NV4NW4NX4OA4OB4OC4OF4OG4OH4OI4OJ4OK4OL4OM4ON4OO4OP4OQ4OR4OS4OT4OU4OV4OW4OX4PA4PB4PC4PE4PF4PG4PH4PI4PJ4PK4PL4PM4PN4PO4PP4PQ4PR4PS4PT4PU4PV4PW4PX4QA4QB4QE4QF4QG4QH4QI4QJ4QK4QL4QM4QN4QO4QP4QQ4QR4QS4QT4QU4QV4QW4QX4RA4RB4RD4RE4RF4RG4RH4RI4RJ4RK4RL4RM4RN4RO4RP4RQ4RR4RS4RT4RU4RV4RW4RX4SA4SB4SD4SE4SF4SG4SH4SI4SJ4SK4SL4SM4SN4SO4SP4SQ4SR4SS4ST4SU4SV4SW4SX4TA4TB4TD4TE4TF4TG4TH4TI4TJ4TK4TL4TM4TN4TO4TP4TQ4TR4TS4TT4TU4TV4TW4TX4UA4UB4UC4UD4UE4UF4UG4UH4UI4UJ4UK4UL4UM4UN4UO4UP4UQ4UR4US4UT4UU4UV4UW4UX4VA4VB4VC4VD4VE4VF4VG4VH4VI4VJ4VK4VL4VM4VN4VP4VQ4VR4VS4VT4VU4VV4VW4VX4WA4WB4WC4WD4WE4WF4WG4WH4WI4WJ4WK4WL4WM4WP4WQ4WR4WS4WT4WU4WV4WW4WX4XA4XB4XC4XD4XE4XF4XG4XH4XI4XJ4XK4XL4XM4XN4XO4XP4XQ4XR4XS4XT4XU4XV4XW4XX</Field33>
<Field34>2089</Field34>
<Field36>0</Field36>
<Field37>1AA1AJ1AK1AL1AU1AV1AW1AX1BA1BJ1BK1BW1BX1CI1CJ1JA1KA1LA1MA1NA1OA1PA1QA1RA1SA1TA1UA1VA1WA1XA2AK2AL2AM2AN2BL2BM2BN2MR2MS2MT2MU2MV2NQ2NR2NS2NT2NU2NV2OP2OQ2OR2OU2OV2OW2PO2PP2PQ2PV2PW2QO2QP2QQ2QV2QW2RN2RO2RP2RV2RW2SN2SO2SP2SV2TN2TO2TU2TV2UN2UO2UP2UQ2UT2UU2UV2VO2VP2VQ2VR2VS2VT2VU2VV2WR2WS2WT2WU2WV2WW2XU2XV2XW3CA3DA3EA3FA3GA3HA3IA3JA3KA3KB3KR3LA3LB3LC3LQ3MA3MB3MC3MQ3NA3NB3NC3NP3OA3OB3OO3OP3PA3PB3PN3PO3QA3QB3QM3QN3QO3RA3RB3RN3RO3SA3SB3TA3TB3UA3UB3VA3VB3WA3WB3XA3XB4AX4CL4CM4DL4DM4DN4EL4EM4EN4FL4FM4FN4GL4GM4GN4HL4HM4IL4IM4JK4JL4KJ4KK4LI4LJ4MG4MH4MI4NF4NG4OD4OE4PD4QC4QD4RC4SC4TC4VO4WN4WO</Field37>
<Field38>194</Field38>
<Field40>0</Field40>
</results>
<results>
<Field1>37VE3DA4YWU8Q88CVFIPH9P7EU2HBE</Field1>
<Field2>3PUZG2R74TXVF7CR9RD94D92J8X45X</Field2>
<Field3>Participate in a land classification study (Bonuses for accuracy)</Field3>
<Field4>Classify an aerial image into four different types of land cover</Field4>
<Field5>image classification, land cover, photo interpretation</Field5>
<Field6>$0.50</Field6>
<Field7>Tue Jun 29 15:46:53 PDT 2021</Field7>
<Field8>6</Field8>
<Field9>BatchId:4491423;OriginalHitTemplateId:928390828;</Field9>
<Field10>3600</Field10>
<Field11>259200</Field11>
<Field12>Tue Jul 06 15:46:53 PDT 2021</Field12>
<Field15>30MVJZJNHPQNG5MZBYCFR06NWJ2J9M</Field15>
<Field16>A1EK8YNHZHTW1J</Field16>
<Field17>Submitted</Field17>
<Field18>Tue Jun 29 18:53:41 PDT 2021</Field18>
<Field19>Tue Jun 29 19:08:06 PDT 2021</Field19>
<Field20>Fri Jul 02 19:08:06 PDT 2021</Field20>
<Field24>865</Field24>
<Field25>100% (1/1)</Field25>
<Field26>0% (0/0)</Field26>
<Field27>0% (0/0)</Field27>
<Field28>25502</Field28>
<Field29>old</Field29>
<Field30>img25502_old.jpg</Field30>
<Field31>https://raw.githubusercontent.com/ROIHabitat/lcimages/master/img25502_old.jpg</Field31>
<Field32>2296</Field32>
<Field33>1AA1AB1AC1AD1AE1AF1AG1AH1AI1AJ1AK1AL1AM1AN1AO1AP1AQ1AR1AS1AT1BA1BB1BC1BD1BE1BF1BG1BH1BI1BJ1BK1BL1BM1BN1BO1BP1BQ1BR1BS1BT1CA1CB1CC1CD1CE1CF1CG1CH1CI1CJ1CK1CL1CM1CN1CO1CP1CQ1CR1CS1CT1CU1CV1CW1CX1DA1DB1DC1DD1DE1DF1DG1DH1DI1DJ1DK1DL1DM1DN1DO1DP1DQ1DR1DS1DT1DU1DV1DW1DX1EA1EB1EC1ED1EE1EF1EG1EH1EI1EJ1EK1EL1EM1EN1EO1EP1EQ1ER1ES1ET1EU1EV1EW1EX1FA1FB1FC1FD1FE1FF1FG1FH1FI1FJ1FK1FL1FM1FN1FO1FP1FQ1FR1FS1FT1FU1FV1FW1FX1GA1GB1GC1GD1GE1GF1GG1GH1GI1GJ1GK1GL1GM1GN1GO1GP1GQ1GR1GS1GT1GU1GV1GW1GX1HA1HB1HC1HD1HE1HF1HG1HH1HI1HJ1HK1HL1HM1HN1HO1HP1HQ1HR1HS1HT1HU1HV1HW1HX1IA1IB1IC1ID1IE1IF1IG1IH1II1IJ1IK1IL1IM1IN1IO1IP1IQ1IR1IS1IT1IU1IV1IW1IX1JA1JB1JC1JD1JE1JF1JG1JH1JI1JJ1JK1JL1JM1JN1JO1JP1JQ1JR1JS1JT1JU1JV1JW1JX1KA1KB1KC1KD1KE1KF1KG1KH1KI1KJ1KK1KL1KM1KN1KO1KP1KQ1KR1KS1KT1KU1KV1KW1KX1LA1LB1LC1LD1LE1LF1LG1LH1LI1LJ1LK1LL1LM1LN1LO1LP1LQ1LR1LS1LT1LU1LV1LW1LX1MA1MB1MC1MD1ME1MF1MG1MH1MI1MJ1MK1ML1MM1MN1MO1MP1MQ1MR1MS1MT1MU1MV1MW1MX1NA1NB1NC1ND1NE1NF1NG1NH1NI1NJ1NK1NL1NM1NN1NO1NP1NQ1NR1NS1NT1NU1NV1NW1NX1OA1OB1OC1OD1OE1OF1OG1OH1OI1OJ1OK1OL1OM1ON1OO1OP1OQ1OR1OS1OT1OU1OV1OW1OX1PA1PB1PC1PD1PE1PF1PG1PH1PI1PJ1PK1PL1PM1PN1PO1PP1PQ1PR1PS1PT1PU1PV1PW1PX1QA1QB1QC1QD1QE1QF1QG1QH1QI1QJ1QK1QL1QM1QN1QO1QP1QQ1QR1QS1QT1QU1QV1QW1QX1RA1RB1RC1RD1RE1RF1RG1RH1RI1RJ1RK1RL1RM1RN1RO1RP1RQ1RR1RS1RT1RU1RV1RW1RX1SA1SB1SC1SD1SE1SF1SG1SH1SI1SJ1SK1SL1SM1SN1SO1SP1SQ1SR1SS1ST1SU1SV1SW1SX1TA1TB1TC1TD1TE1TF1TG1TH1TI1TJ1TK1TL1TM1TN1TO1TP1TQ1TR1TS1TT1TU1TV1TW1TX1UA1UB1UC1UD1UE1UF1UG1UH1UI1UJ1UK1UL1UM1UN1UO1UP1UQ1UR1US1UT1UU1UV1UW1UX1VA1VB1VC1VD1VE1VF1VG1VH1VI1VJ1VK1VL1VM1VN1VO1VP1VQ1VR1VS1VT1VU1VV1VW1VX1WA1WB1WC1WD1WE1WF1WG1WH1WI1WJ1WK1WL1WM1WN1WO1WP1WQ1WR1WS1WT1WU1WV1WW1WX1XA1XB1XC1XD1XE1XF1XG1XH1XI1XJ1XK1XL1XM1XN1XO1XP1XQ1XR1XS1XT1XU1XV1XW1XX2AA2AB2AC2AD2AE2AF2AG2AH2AI2AJ2AO2AP2AQ2AR2AS2AT2AU2AV2AW2AX2BA2BB2BC2BD2BE2BF2BG2BH2BI2BJ2BK2BN2BO2BP2BQ2BR2BS2BT2BU2BV2BW2BX2CA2CB2CC2CD2CE2CF2CG2CH2CI2CJ2CK2CL2CM2CN2CO2CP2CQ2CR2CS2CT2CU2CV2CW2CX2DA2DB2DC2DD2DE2DF2DG2DH2DI2DJ2DK2DL2DM2DN2DO2DP2DQ2DR2DS2DT2DU2DV2DW2DX2EA2EB2EC2ED2EE2EF2EG2EH2EI2EJ2EK2EL2EM2EN2EO2EP2EQ2ER2ES2ET2EU2EV2EW2EX2FA2FB2FC2FD2FE2FF2FG2FH2FI2FJ2FK2FL2FM2FN2FO2FP2FQ2FR2FS2FT2FU2FV2FW2FX2GA2GB2GC2GD2GE2GF2GG2GH2GI2GJ2GK2GL2GM2GN2GO2GP2GQ2GR2GS2GT2GU2GV2GW2GX2HA2HB2HC2HD2HE2HF2HG2HH2HI2HJ2HK2HL2HM2HN2HO2HP2HQ2HR2HS2HT2HU2HV2HW2HX2IA2IB2IC2ID2IE2IF2IG2IH2II2IJ2IK2IL2IM2IN2IO2IP2IQ2IR2IS2IT2IU2IV2IW2IX2JA2JB2JC2JD2JE2JF2JG2JH2JI2JJ2JK2JL2JM2JN2JO2JP2JQ2JR2JS2JT2JU2JV2JW2JX2KA2KB2KC2KD2KE2KF2KG2KH2KI2KJ2KK2KL2KM2KN2KO2KP2KQ2KR2KS2KT2KU2KV2KW2KX2LA2LB2LC2LD2LE2LF2LG2LH2LI2LJ2LK2LL2LM2LN2LO2LP2LQ2LR2LS2LT2LU2LV2LW2LX2MA2MB2MC2MD2ME2MF2MG2MH2MI2MJ2MK2ML2MM2MN2MO2MP2MQ2MW2MX2NA2NB2NC2ND2NE2NF2NG2NH2NI2NJ2NK2NL2NM2NN2NO2NP2NW2NX2OA2OB2OC2OD2OE2OF2OG2OH2OI2OJ2OK2OL2OM2ON2OO2OW2OX2PA2PB2PC2PD2PE2PF2PG2PH2PI2PJ2PK2PL2PM2PN2PW2PX2QA2QB2QC2QD2QE2QF2QG2QH2QI2QJ2QK2QL2QM2QN2QW2QX2RA2RB2RC2RD2RE2RF2RG2RH2RI2RJ2RK2RL2RM2RN2RW2RX2SA2SB2SC2SD2SE2SF2SG2SH2SI2SJ2SK2SL2SM2SW2SX2TA2TB2TC2TD2TE2TF2TG2TH2TI2TJ2TK2TL2TM2TW2TX2UA2UB2UC2UD2UE2UF2UG2UH2UI2UJ2UK2UL2UM2UW2UX2VA2VB2VC2VD2VE2VF2VG2VH2VI2VJ2VK2VL2VM2VN2VV2VW2VX2WA2WB2WC2WD2WE2WF2WG2WH2WI2WJ2WK2WL2WM2WN2WO2WP2WQ2WW2WX2XA2XB2XC2XD2XE2XF2XG2XH2XI2XJ2XK2XL2XM2XN2XO2XP2XQ2XR2XS2XT2XU2XX3AA3AB3AC3AD3AE3AF3AG3AH3AI3AJ3AK3AL3AM3AN3AO3AP3AQ3AR3AS3AT3AU3AV3AW3AX3BA3BB3BC3BD3BE3BF3BG3BH3BI3BJ3BK3BL3BM3BN3BO3BP3BQ3BR3BS3BT3BU3BV3BW3BX3CB3CC3CD3CE3CF3CG3CH3CI3CJ3CK3CL3CM3CN3CO3CP3CQ3CR3CS3CT3CU3CV3CW3CX3DA3DB3DC3DD3DE3DF3DG3DH3DI3DJ3DK3DL3DM3DN3DO3DP3DQ3DR3DS3DT3DU3DV3DW3DX3EA3EB3EC3ED3EE3EF3EG3EH3EI3EJ3EK3EL3EM3EN3EO3EP3EQ3ER3ES3ET3EU3EV3EW3EX3FA3FB3FC3FD3FE3FF3FG3FH3FI3FJ3FK3FL3FM3FN3FO3FP3FQ3FR3FS3FT3FU3FV3FW3FX3GA3GC3GD3GE3GF3GG3GH3GI3GJ3GK3GL3GM3GN3GO3GP3GQ3GR3GS3GT3GU3GV3GW3GX3HC3HD3HE3HF3HG3HH3HI3HJ3HK3HL3HM3HN3HO3HP3HQ3HR3HS3HT3HU3HV3HW3HX3IA3IB3IC3ID3IE3IF3IG3IH3II3IJ3IK3IL3IM3IN3IO3IP3IQ3IR3IS3IT3IU3IV3IW3IX3JC3JD3JE3JF3JG3JH3JI3JJ3JK3JL3JM3JN3JO3JP3JQ3JR3JS3JT3JU3JV3JW3JX3KA3KC3KD3KE3KF3KG3KH3KI3KJ3KK3KL3KM3KN3KO3KP3KQ3KR3KS3KT3KU3KV3KW3KX3LA3LB3LC3LD3LE3LF3LG3LH3LI3LJ3LK3LL3LM3LN3LO3LP3LQ3LR3LS3LT3LU3LV3LW3LX3MA3MB3MC3MD3ME3MF3MG3MH3MI3MJ3MK3ML3MM3MN3MO3MP3MQ3MR3MS3MT3MU3MV3MW3MX3NA3NC3ND3NE3NF3NG3NH3NI3NJ3NK3NL3NM3NN3NO3NP3NQ3NR3NS3NT3NU3NV3NW3NX3OA3OC3OD3OE3OF3OG3OH3OI3OJ3OK3OL3OM3ON3OO3OP3OQ3OR3OS3OT3OU3OV3OW3OX3PA3PC3PD3PE3PF3PG3PH3PI3PJ3PK3PL3PM3PN3PO3PP3PQ3PR3PS3PT3PU3PV3PW3PX3QA3QC3QD3QE3QF3QG3QH3QI3QJ3QK3QL3QM3QN3QO3QP3QQ3QR3QS3QT3QU3QV3QW3QX3RA3RC3RD3RE3RF3RG3RH3RI3RJ3RK3RL3RM3RN3RO3RP3RQ3RR3RS3RT3RU3RV3RW3RX3SA3SC3SD3SE3SF3SG3SH3SI3SJ3SK3SL3SM3SN3SO3SP3SQ3SR3SS3ST3SU3SV3SW3SX3TA3TC3TD3TE3TF3TG3TH3TI3TJ3TK3TL3TM3TN3TO3TP3TQ3TR3TS3TT3TU3TV3TW3TX3UA3UC3UD3UE3UF3UG3UH3UI3UJ3UK3UL3UM3UN3UO3UP3UQ3UR3US3UT3UU3UV3UW3UX3VA3VC3VD3VE3VF3VG3VH3VI3VJ3VK3VL3VM3VN3VO3VP3VQ3VR3VS3VT3VU3VV3VW3VX3WA3WC3WD3WE3WF3WG3WH3WI3WJ3WK3WL3WM3WN3WO3WP3WQ3WR3WS3WT3WU3WV3WW3WX3XA3XC3XD3XE3XF3XG3XH3XI3XJ3XK3XL3XM3XN3XO3XP3XQ3XR3XS3XT3XU3XV3XW3XX4AA4AB4AC4AD4AE4AF4AG4AH4AI4AJ4AK4AL4AM4AN4AO4AP4AQ4AR4AS4AT4AU4AV4AW4AX4BA4BB4BC4BD4BE4BF4BG4BH4BI4BJ4BK4BL4BM4BN4BO4BP4BQ4BR4BS4BT4BU4BV4BW4BX4CA4CB4CC4CD4CE4CF4CG4CH4CI4CJ4CK4CL4CM4CN4CO4CP4CQ4CR4CS4CT4CU4CV4CW4CX4DA4DB4DC4DD4DE4DF4DG4DH4DI4DJ4DK4DL4DM4DN4DO4DP4DQ4DR4DS4DT4DU4DV4DW4DX4EA4EB4EC4ED4EE4EF4EG4EH4EI4EJ4EK4EL4EM4EN4EO4EP4EQ4ER4ES4ET4EU4EV4EW4EX4FA4FB4FC4FD4FE4FF4FG4FH4FI4FJ4FK4FL4FM4FN4FO4FP4FQ4FR4FS4FT4FU4FV4FW4FX4GA4GB4GC4GD4GE4GF4GG4GH4GI4GJ4GK4GL4GM4GN4GO4GP4GQ4GR4GS4GT4GU4GV4GW4GX4HA4HB4HC4HD4HE4HF4HG4HH4HI4HJ4HK4HL4HM4HN4HO4HP4HQ4HR4HS4HT4HU4HV4HW4HX4IA4IB4IC4ID4IE4IF4IG4IH4II4IJ4IK4IL4IM4IN4IO4IP4IQ4IR4IS4IT4IU4IV4IW4IX4JA4JB4JC4JD4JE4JF4JG4JH4JI4JJ4JK4JL4JM4JN4JO4JP4JQ4JR4JS4JT4JU4JV4JW4JX4KA4KB4KC4KD4KE4KF4KG4KH4KI4KJ4KK4KL4KM4KN4KO4KP4KQ4KR4KS4KT4KU4KV4KW4KX4LA4LB4LC4LD4LE4LF4LG4LH4LI4LJ4LK4LL4LM4LN4LO4LP4LQ4LR4LS4LT4LU4LV4LW4LX4MA4MB4MC4MD4ME4MF4MG4MH4MI4MJ4MK4ML4MM4MN4MO4MP4MQ4MR4MS4MT4MU4MV4MW4MX4NA4NB4NC4ND4NE4NF4NG4NH4NI4NJ4NK4NL4NM4NN4NO4NP4NQ4NR4NS4NT4NU4NV4NW4NX4OA4OB4OC4OD4OE4OF4OG4OH4OI4OJ4OK4OL4OM4ON4OO4OP4OQ4OR4OS4OT4OU4OV4OW4OX4PA4PB4PC4PD4PE4PF4PG4PH4PI4PJ4PK4PL4PM4PN4PO4PP4PQ4PR4PS4PT4PU4PV4PW4PX4QA4QB4QC4QD4QE4QF4QG4QH4QI4QJ4QK4QL4QM4QN4QO4QP4QQ4QR4QS4QT4QU4QV4QW4QX4RA4RB4RC4RD4RE4RF4RG4RH4RI4RJ4RK4RL4RM4RN4RO4RP4RQ4RR4RS4RT4RU4RV4RW4RX4SA4SB4SC4SD4SE4SF4SG4SH4SI4SJ4SK4SL4SM4SN4SO4SP4SQ4SR4SS4ST4SU4SV4SW4SX4TA4TB4TC4TD4TE4TF4TG4TH4TI4TJ4TK4TL4TM4TN4TO4TP4TQ4TR4TS4TT4TU4TV4TW4TX4UA4UB4UC4UD4UE4UF4UG4UH4UI4UJ4UK4UL4UM4UN4UO4UR4US4UT4UU4UV4UW4UX4VA4VB4VC4VD4VE4VF4VG4VH4VI4VJ4VK4VL4VM4VN4VR4VS4VT4VU4VV4VW4VX4WA4WB4WC4WD4WE4WF4WG4WH4WI4WJ4WK4WL4WM4WN4WR4WS4WT4WU4WV4WW4WX4XA4XF4XG4XH4XI4XJ4XK4XL4XM4XN4XR4XS4XT4XU4XV4XW4XX</Field33>
<Field34>2174</Field34>
<Field35>2AK2AL2AM2AN2BL2BM2MR2MS2MT2MU2NQ2NR2NS2NT2NU2NV2OP2OV2PO2PP2PV2QO2QV2RO2RV2SN2SV2TN2TV2UN2UV2VO2VP2VQ2VR2VS2VT2VU2WR2WS2WT2WU2WV2XV2XW</Field35>
<Field36>45</Field36>
<Field37>3CA3GB3HA3HB3JA3JB3NB3OB3PB3QB3RB3SB3TB3UB3VB3WB3XB4XB4XC4XD4XE</Field37>
<Field38>21</Field38>
<Field39>1AU1AV1AW1AX1BU1BV1BW1BX2OQ2OR2OS2OT2OU2PQ2PR2PS2PT2PU2QP2QQ2QR2QS2QT2QU2RP2RQ2RR2RS2RT2RU2SO2SP2SQ2SR2SS2ST2SU2TO2TP2TQ2TR2TS2TT2TU2UO2UP2UQ2UR2US2UT2UU4UP4UQ4VO4VP4VQ</Field39>
<Field40>56</Field40>
</results>
<results>
<Field1>37VE3DA4YWU8Q88CVFIPH9P7EU2HBE</Field1>
<Field2>3PUZG2R74TXVF7CR9RD94D92J8X45X</Field2>
<Field3>Participate in a land classification study (Bonuses for accuracy)</Field3>
<Field4>Classify an aerial image into four different types of land cover</Field4>
<Field5>image classification, land cover, photo interpretation</Field5>
<Field6>$0.50</Field6>
<Field7>Tue Jun 29 15:46:53 PDT 2021</Field7>
<Field8>6</Field8>
<Field9>BatchId:4491423;OriginalHitTemplateId:928390828;</Field9>
<Field10>3600</Field10>
<Field11>259200</Field11>
<Field12>Tue Jul 06 15:46:53 PDT 2021</Field12>
<Field15>34Z02EIMIVQZYEURNW7Q0VS3RI4T0W</Field15>
<Field16>A3I62460289O85</Field16>
<Field17>Submitted</Field17>
<Field18>Tue Jun 29 19:11:24 PDT 2021</Field18>
<Field19>Tue Jun 29 19:28:30 PDT 2021</Field19>
<Field20>Fri Jul 02 19:28:30 PDT 2021</Field20>
<Field24>1026</Field24>
<Field25>0% (0/0)</Field25>
<Field26>0% (0/0)</Field26>
<Field27>0% (0/0)</Field27>
<Field28>25502</Field28>
<Field29>old</Field29>
<Field30>img25502_old.jpg</Field30>
<Field31>https://raw.githubusercontent.com/ROIHabitat/lcimages/master/img25502_old.jpg</Field31>
<Field32>2225</Field32>
<Field33>1BA1BB1BC1BD1BE1BF1BG1BH1BI1BJ1BK1BL1BM1BN1BO1CA1CB1CC1CD1CE1CF1CG1CH1CI1CJ1CK1CL1CM1CN1CO1DA1DB1DC1DD1DE1DF1DG1DH1DI1DJ1DK1DL1DM1DN1DO1DP1EA1EB1EC1EE1EF1EG1FA1FB1FC1FE1FF1FG1FH1FI1FJ1GA1GB1GC1GE1GF1GG1GH1GI1GJ1HB1HC1HD1HH1HI1HJ1IB1IC1ID1JB1JC1JD1JH1JI1KB1KC1KD1KH1KI1LC1LD1LE1LH1LI1NF1NG1NH1OB1OF1OG1OH1OI1PF1PG1PH1PI1PJ1PK1PL1QG1QH1QI1QJ1QK1QL1RH1RJ1RK1RL1RP1RQ1RR1SB1SF1SM1TC1TD1TE1UE1UF1VE1VF1VJ2AD2AM2AN2AO2BD2BM2BN2BO2CD2CM2CN2CO2DA2DB2DC2DD2DE2EG2EH2EI2ET2EU2EV2FG2FH2FI2FT2FU2FV2GG2GH2GI2GT2GU2GV2HA2HB2HC2HG2HH2HI2IG2IH2II2JG2JH2JI2KG2KH2KI2LG2LH2LI2LM2LN2LO2MJ2MK2ML2MM2MN2MO2ND2NE2NF2NJ2NK2NL2NM2NN2NO2OD2OE2OF2OJ2OK2OL2PA2PB2PC2PD2PE2PF2PL2QA2QB2QC2RA2RB2RC2RK2RL2RM2SA2SB2SC2SL2SM2TL2TM2UF2UG2UH2VF2VG2VH2VJ2WG2WH2WJ2XJ2XK2XL3AL3AM3BL3BM3BN3CC3CD3CE3CL3CM3CN3DC3DD3DE3DF3DL3DM3DN3EC3ED3EE3HG3PC3PD3PE3PI3PJ3PK3QC3QD3QE3QI3QJ3QK3RC3RD3RE3RI3RJ3RK3SM3SN3SO3TB3TC3TD3TM3TN3TO3UB3UC3UD3UM3UN3UO3US3UT3UU3VB3VC3VD3VS3VT3VU3WS3WT3WU4AA4BD4CD4DD4FA4HB4HC4HD4IB4IC4ID4JB4JC4JD4KJ4KK4KL4LA4LJ4LK4LL4MJ4MK4ML4NG4NH4NI4NJ4NK4NL4OB4OC4OD4OG4OH4OI4OJ4OK4OL4PA4PB4PC4PD4PG4PH4PI4PJ4PK4PL4QA4QB4QC4RA4RB4RC4RP4RQ4RR4SA4SB4SC4TD4UD4UH4UI4VH4VI4WG4WH4WI</Field33>
<Field34>383</Field34>
<Field35>1AP1AQ1AR1AS1AT1AU1AV1AW1AX1BP1BQ1BR1BS1BT1BU1BV1BW1BX1CP1CQ1CR1CS1CT1CU1CV1CW1CX1DV1DW1DX1EV1EW1EX1FN1FO1FP1FV1FW1FX1GN1GO1GP1GU1GV1GW1HN1HO1HP1HU1HV1HW1IE1IF1IG1IU1IV1IW1JE1JF1JG1JV1JW1JX1KE1KF1KG1KV1KW1KX1LV1LW1LX1MC1MD1ME1MJ1MK1ML1NC1ND1NE1NJ1NK1NL1NP1OC1OD1OE1OJ1OK1OL1OM1ON1OO1PE1PM1PN1PO1QA1QB1QC1QD1QE1QF1QM1QN1QO1RA1RB1RC1RD1RE1RF1RG1RM1RN1RO1SA1SC1SD1SE1SG1SH1SI1SJ1SK1SL1SN1SO1TG1TH1TI1TJ1TK1TL1TO1TP1TQ1UB1UC1UD1UG1UH1UI1UJ1UK1UO1UP1UQ1VB1VC1VD1VG1VH1VI1VO1VP1VQ1WB1WC1WG1WH1WI1XB1XC1XG1XH1XI2AA2AB2AC2AE2AF2AG2AH2AI2AJ2AK2AL2BA2BB2BC2BE2BF2BG2BH2BL2CA2CB2CC2CE2CF2CG2CH2CL2DF2DG2DH2DL2DM2EA2EB2EC2ED2EE2EF2EJ2EK2EL2EM2EN2FA2FB2FC2FD2FE2FF2FJ2FK2FL2FM2FN2GA2GB2GC2GD2GE2GF2GJ2GK2GL2GM2GN2HD2HE2HF2HJ2HS2HT2HU2IA2IB2IC2ID2IE2IF2IJ2IN2IO2IS2JA2JB2JC2JD2JE2JF2JJ2JN2JO2JS2KA2KB2KC2KD2KE2KF2KJ2KK2KL2KM2KN2KO2KQ2KR2KS2LA2LB2LC2LD2LE2LF2LJ2LK2LL2MA2MB2MC2MD2ME2MF2MH2MI2MW2MX2NA2NB2NC2NW2NX2OA2OB2OC2OM2ON2OU2PM2PN2PU2QD2QE2QF2QG2QH2QI2QM2QN2QU2QV2QW2QX2RD2RE2RF2RG2RH2RI2RU2RV2RW2RX2SD2SE2SF2SG2SH2SI2SJ2SK2SO2SP2SQ2SV2SW2SX2TA2TB2TC2TD2TE2TF2TG2TI2TJ2TK2TO2TP2TQ2TX2UA2UB2UC2UD2UE2UI2UJ2UK2UO2UP2UQ2UX2VA2VB2VC2VD2VE2WA2WB2WC2WD2WE2WF2WI2XA2XB2XC2XD2XE2XF2XH2XI3AN3AO3AP3AV3AW3AX3BI3BO3BP3BV3BW3BX3CG3CH3CI3CO3CP3CS3CT3CU3DG3DH3DI3DP3DQ3DS3DT3DU3EF3EG3EH3EI3EL3EP3EQ3ER3ES3ET3EU3FE3FF3FG3FH3FK3FL3FP3FQ3FR3GD3GE3GF3GG3GL3GV3GW3GX3HD3HE3HF3HL3HV3HW3HX3IA3IB3IC3ID3IE3IF3II3IJ3IK3IV3IW3IX3JA3JB3JC3JI3JJ3JK3JL3JM3JN3JQ3JR3JS3JX3KA3KB3KC3KD3KI3KJ3KK3KL3KM3KN3KQ3KR3KS3KX3LA3LB3LC3LD3LH3LI3LJ3LK3LL3LM3LN3LQ3LR3LS3MA3MB3MC3MD3MH3MI3MJ3MK3ML3MM3MT3NA3NB3NC3ND3NH3NI3NJ3NK3NL3NM3NU3NV3NW3OA3OB3OC3OD3OH3OI3OJ3OU3OV3OW3PA3PB3PU3PV3PW3QA3QB3RA3RB3RM3RN3RO3RQ3SA3SB3TA3TK3TL3UA3UK3UL3UP3UQ3UR3UW3VA3VK3VL3VM3VN3VP3WA3WB3WC3WD3WH3WI3WJ3WK3XB3XC3XD3XH3XI3XJ3XK3XL3XM3XV3XW4AG4AH4AI4AR4AS4AT4BE4BF4BG4BH4BI4BR4BS4BT4CE4CF4CG4CH4CI4CR4CS4CT4DE4DF4DR4DS4DT4DU4DV4DW4DX4EB4EC4ED4EH4EI4EJ4ES4ET4EU4EV4EW4EX4FB4FC4FD4FH4FI4FJ4FS4FT4FU4FV4FW4FX4GA4GB4GC4GD4GH4GI4GJ4HA4HJ4HK4HL4HV4HW4HX4IA4IJ4IK4IL4IW4IX4JG4JH4JI4JJ4JK4JL4JW4JX4KG4KH4KI4KM4KN4LD4LE4LF4LG4LH4LI4LM4LN4LS4LT4LU4MA4MB4MC4MD4ME4MF4MM4MN4MS4MT4MU4NA4NB4NC4ND4NE4NF4NM4NN4NO4NS4NT4NU4OA4ON4OP4OQ4OR4PM4PN4PO4PP4PQ4PR4PV4PW4PX4QH4QI4QJ4QM4QN4QO4QP4QQ4QR4QV4QW4QX4RH4RI4RJ4RM4RN4RO4RV4RW4RX4SH4SI4SJ4TA4TB4TC4TW4TX4UA4UB4UC4UK4UW4UX4VA4VB4VC4VD4VE4VF4VJ4VK4VW4VX4WA4WB4WC4WD4WE4WF4WJ4WK4XA4XB4XC4XD4XE4XF4XJ4XK4XL</Field35>
<Field36>788</Field36>
<Field37>1IN1IO1IP1JM1JN1JO1JP1KM1KN1KO1KP1KQ1KR1KS1LM1LN1LO1LQ1LR1LS1MM1MN1MO1MQ1MR1MS1NM1NN1NO1NQ1NR1NS1OQ1OR1OS1OW1OX1PQ1PR1PS1PW1PX1QW1QX1UL1UM1UN1VL1VM1VN1VV1VW1VX1WL1WM1WN1WO1WP1WQ1WV1WW1WX1XO1XP1XQ1XV1XW1XX2AP2AQ2AR2AS2BI2BJ2BK2BP2BQ2BR2BS2CI2CJ2CK2CP2CQ2CR2CS2DI2DJ2DK2DP2DQ2DR2DS2EP2EQ2ER2ES2FO2FP2FQ2FR2FS2FW2FX2GO2GP2GQ2GR2GS2GW2GX2HK2HL2HM2HN2HO2HP2HQ2HR2HV2HW2HX2IK2IL2IM2IP2IQ2IR2JK2JL2JM2JP2JQ2JR2JW2JX2KW2KX2LT2LU2LV2LW2LX2MT2MU2MV2NG2NH2NI2NT2NU2NV2OG2OH2OI2OO2OP2OQ2OR2OS2OT2OV2OW2OX2PG2PH2PI2PJ2PK2PO2PP2PQ2PR2PS2PT2PV2PW2PX2QJ2QK2QO2QP2QQ2RJ2RN2RO2RP2RQ2SN2SU2TH2TN2TU2TV2TW2UU2UV2UW2VI2VN2VO2VP2VQ2VR2VS2VT2VU2VV2WN2WO2WP2WQ2WR2WS2WT2WU2WV2XN2XO2XP2XQ2XR2XS2XT2XU2XV3AA3AB3AC3AD3AE3AF3AG3AH3AI3AJ3AK3AQ3AR3AS3AT3AU3BA3BB3BC3BD3BE3BF3BG3BH3BJ3BK3BU3CA3CB3CF3CJ3CK3CV3CW3CX3DA3DB3DJ3DK3DO3DV3DW3DX3EA3EB3EJ3EK3EM3EN3EO3EV3EW3EX3FA3FB3FC3FD3FI3FJ3FM3FN3FO3FV3FW3FX3GA3GB3GC3GH3GI3GJ3GK3GM3GN3GO3GP3GQ3GR3HA3HB3HC3HH3HI3HJ3HK3HM3HN3HO3HP3HQ3HR3IG3IH3IM3IN3IO3IP3IQ3IR3IS3IT3IU3JD3JE3JF3JG3JH3JO3JP3JT3KE3KF3KG3KH3KO3KP3KT3LE3LF3LG3LO3LP3LT3LX3ME3MF3MG3MN3MO3MP3MQ3MR3MS3MU3MV3MW3MX3NE3NF3NG3NN3NO3NP3NQ3NR3NS3NT3NX3OE3OF3OG3OK3OL3OM3ON3OO3OP3OQ3OR3OS3OT3OX3PF3PG3PH3PL3PM3PN3PO3PP3PQ3PR3PS3PT3PX3QF3QG3QH3QL3QM3QN3QO3QP3QQ3QR3QS3QT3QU3QW3QX3RF3RG3RH3RL3RP3RR3RS3RT3RU3RV3RW3RX3SC3SD3SE3SF3SG3SH3SI3SJ3SK3SL3SP3SQ3SR3SS3ST3SU3SV3SW3SX3TE3TF3TG3TH3TI3TJ3TP3TQ3TR3TS3TT3TU3TV3TW3TX3UE3UF3UG3UH3UI3UJ3UV3UX3VE3VF3VG3VH3VI3VJ3VO3VQ3VV3VW3VX3WE3WF3WG3WL3WM3WN3WO3WP3WQ3WR3WV3WW3WX3XA3XE3XF3XG3XN3XO3XP3XQ3XR3XS3XT3XU3XX4AB4AC4AD4AE4AF4AN4AO4AP4AQ4AU4AV4AW4AX4BA4BB4BC4BN4BO4BP4BQ4BU4BV4BW4BX4CA4CB4CC4CN4CO4CP4CQ4CU4CV4CW4CX4DA4DB4DC4DG4DH4DI4DM4DN4DO4DP4DQ4EA4EE4EF4EG4EL4EM4EN4EO4EP4EQ4FE4FF4FG4FL4FM4FN4FO4FP4FQ4GE4GF4GG4GL4GM4GN4GO4GP4GQ4GS4GU4GV4GW4GX4HE4HF4HG4HH4HI4HM4HN4HO4HS4HT4HU4IE4IF4IG4IH4II4IM4IN4IO4IS4IT4IU4IV4JA4JE4JF4JM4JN4JO4JS4JT4JU4JV4KA4KB4KC4KD4KE4KF4KR4KS4KT4KU4KV4LB4LC4LR4MG4MH4MI4MR4NP4NQ4NR4OE4OF4OM4OO4OS4OT4OU4PE4PF4PS4PT4PU4QD4QE4QF4QK4QL4QS4QT4QU4RD4RE4RF4RK4RL4RS4RT4RU4SD4SE4SF4SK4SP4SQ4SR4SS4SX4TE4TF4TG4TH4TI4TJ4TK4TO4TP4TQ4TR4TS4UE4UF4UG4UJ4UO4UP4UQ4UR4US4VG4VO4VP4VQ4VR4VS4WO4WP4WQ4WR4WS4WW4WX4XG4XH4XI4XM4XN4XO4XP4XQ4XR4XS4XW4XX</Field37>
<Field38>723</Field38>
<Field39>1DQ1DR1DS1DT1DU1EQ1ER1ES1ET1EU1FK1FL1FM1FQ1FR1FS1FT1FU1GK1GL1GM1GQ1GR1GS1GT1GX1HA1HG1HK1HL1HM1HQ1HR1HS1HT1HX1IA1IH1II1IJ1IK1IL1IM1IQ1IR1IS1IT1IX1JA1JJ1JK1JL1JQ1JR1JS1JT1JU1KA1KJ1KK1KL1KT1KU1LA1LB1LF1LG1LJ1LK1LL1LT1LU1MA1MB1MF1MG1MH1MT1MU1MV1MW1MX1NT1NU1NV1NW1NX1OT1OU1OV1PT1PU1PV1QS1QT1QU1QV1RS1RT1RU1RW1RX1SS1ST1SU1SV1SW1SX1TA1TB1TU1TV1TW1UA1UR1US1UT1UU1UV1UW1VA1VR1VS1VT1WA1WD1WE1WF1WJ1WK1WR1WS1WT1WU1XA1XD1XE1XF1XJ1XK1XL1XM1XN1XS1XT1XU2AT2AU2AV2AW2AX2BT2BU2BV2BW2BX2CT2CU2CV2CW2CX2DT2DU2DV2DW2DX2EW2EX2IT2IU2IV2JT2JU2JV2KT2KU2KV2LQ2LR2LS2MQ2MR2MS2NQ2NR2NS2QR2QS2QT2RR2RS2RT2SR2SS2ST2TR2TS2TT2UL2UM2UR2US2UT2VK2VL2VM2VW2VX2WK2WL2WM2WW2WX2XW2XX3BR3BS3BT3CR3DR3FS3FT3FU3GS3GT3GU3HS3HT3HU3JU3JV3JW3KU3KV3KW3LU3LV3LW3VR4AJ4AK4AL4AM4BJ4BK4BL4BM4CJ4CK4CL4CM4DJ4DK4DL4EK4ER4FK4FR4GK4GR4GT4HP4HQ4HR4IP4IQ4IR4JP4JQ4JR4KO4KP4KQ4KW4KX4LO4LP4LQ4LV4LW4LX4MO4MP4MQ4MV4MW4MX4NV4NW4NX4OV4OW4OX4QG4RG4SG4SL4SM4SN4SO4ST4SU4SV4SW4TL4TM4TN4TT4TU4TV4UL4UM4UN4UT4UU4UV4VL4VM4VN4VT4VU4VV4WL4WM4WN4WT4WU4WV4XT4XU4XV</Field39>
<Field40>331</Field40>
</results>
<results>
<Field1>37VE3DA4YWU8Q88CVFIPH9P7EU2HBE</Field1>
<Field2>3PUZG2R74TXVF7CR9RD94D92J8X45X</Field2>
<Field3>Participate in a land classification study (Bonuses for accuracy)</Field3>
<Field4>Classify an aerial image into four different types of land cover</Field4>
<Field5>image classification, land cover, photo interpretation</Field5>
<Field6>$0.50</Field6>
<Field7>Tue Jun 29 15:46:53 PDT 2021</Field7>
<Field8>6</Field8>
<Field9>BatchId:4491423;OriginalHitTemplateId:928390828;</Field9>
<Field10>3600</Field10>
<Field11>259200</Field11>
<Field12>Tue Jul 06 15:46:53 PDT 2021</Field12>
<Field15>36W0OB37HZR6VQ9MRW3TSBS1YXUZHQ</Field15>
<Field16>A3IEYRAATGJCP0</Field16>
<Field17>Submitted</Field17>
<Field18>Wed Jun 30 00:27:48 PDT 2021</Field18>
<Field19>Wed Jun 30 01:18:49 PDT 2021</Field19>
<Field20>Sat Jul 03 01:18:49 PDT 2021</Field20>
<Field24>3061</Field24>
<Field25>0% (0/0)</Field25>
<Field26>0% (0/0)</Field26>
<Field27>0% (0/0)</Field27>
<Field28>25502</Field28>
<Field29>old</Field29>
<Field30>img25502_old.jpg</Field30>
<Field31>https://raw.githubusercontent.com/ROIHabitat/lcimages/master/img25502_old.jpg</Field31>
<Field32>2293</Field32>
<Field33>1ED1FD1GC1GJ1HC1HI1IC1JC1KB1KC1KD1KE1KF1LB1LC1LD1LF1MB1MC1MD1MF1MG1MH1NB1NC1ND1NE1NF1NG1NK1OB1OC1OD1OE1OF1OG1OK1PB1PC1PD1PE1PF1PG1PK1QB1QC1QD1QE1QF1QG1QK1RB1RC1RD1RE1RF1RG1SL1TD1TE1TF1TL1UD1UE1UF1UL1VD1VE1VF2AD2AE2AF2AG2AH2BD2BE2BF2BG2BH2BI2BJ2BK2CA2CB2CC2CD2CE2CF2CG2CH2CI2CJ2CK2CL2CM2DA2DB2DG2DH2DI2DJ2DK2DL2DM2DN2EA2EB2EH2EI2EJ2EK2EL2EM2EN2EO2FG2FH2FI2FJ2FK2FL2FM2FN2FO2FP2GF2GG2GH2GI2GJ2GK2GL2GM2GN2GO2GP2HF2HG2HH2HI2HL2HM2HN2HO2HP2IF2IG2IH2II2IL2IM2IN2JC2JD2JE2JF2JG2JH2JL2JM2JN2KC2KD2KE2KF2KG2KH2LC2LD2LE2LF2LG2LH2MA2MB2MC2MF2MG2MH2NA2NB2NC2NF2NG2NH2OA2OB2OC2OF2OG2OH2OO2OP2OQ2PA2PB2PC2PE2PF2PG2PJ2PK2PO2PP2PQ2QA2QB2QC2QD2QI2QJ2QK2QL2QM2QO2QP2QQ2RA2RB2RC2RD2RE2RI2RJ2RK2RL2SA2SB2SC2SD2SE2SF2SH2SI2SJ2SK2TA2TB2TC2TD2TE2TF2TG2TH2TI2TJ2TK2UA2UB2UC2UD2UE2UF2UG2UH2UI2UJ2VA2VB2VC2VD2VE2VF2VG2VH2VI2WA2WB2WC2WD2WE2WF2WG2WH2XA2XB2XC2XD2XE2XF3AA3AB3AC3AD3AE3AT3AU3AV3BA3BB3BC3BD3BE3BV3CA3CB3CC3CD3CQ3CR3DA3DB3DC3DD3DG3DH3DQ3DR3DW3DX3EA3EB3EC3EG3EH3EI3EX3FC3FG3FH3FI3FX3GC3GW3GX3HC3HD3HE3HW3HX3IA3IB3IC3ID3IE3IF3IG3IO3IP3IQ3IR3IS3IW3IX3JA3JB3JC3JD3JE3JF3JG3JO3JP3JQ3JR3JS3JX3KA3KB3KC3KD3KE3KF3KG3KL3KM3KR3KS3KX3LA3LE3LF3LG3LK3LL3LM3LT3MA3MB3MC3MD3ME3MF3MG3MK3ML3MM3MR3MS3MX3NA3NB3NC3ND3NE3NF3NG3NK3NR3NS3NW3NX3OA3OB3OC3OD3OP3OQ3OR3OS3OU3OV3OW3OX3PA3PE3PF3PG3PM3PN3PO3PP3PQ3PR3PS3PU3PV3PW3PX3QA3QB3QC3QD3QE3QF3QG3QM3QN3QO3QP3QQ3QR3QS3QV3QW3QX3RA3RB3RC3RD3RE3RF3RG3RM3RN3RO3RP3RQ3RR3RS3RV3RW3RX3SA3SB3SC3SD3SE3SF3SG3SQ3SR3SV3SW3SX3TA3TG3TJ3TK3TL3TU3TV3TW3TX3UA3UJ3UK3UL3UP3UT3UU3UV3UW3UX3VA3VJ3VK3VL3VT3VU3WA3WB3WU3XA3XB3XU4AE4AF4AG4AH4AI4AJ4AK4AL4AM4AN4AO4AP4AQ4AR4AS4AT4BE4BF4BG4BH4BI4BJ4BK4BL4BM4BN4BO4BP4BQ4BR4BS4BT4CE4CF4CG4CH4CI4CJ4CK4CL4CM4CN4CO4CP4CQ4CR4CS4CT4DD4DE4DF4DG4DH4DL4DM4DN4DO4DP4DQ4DR4DS4DT4DU4DV4ED4EE4EF4EG4EH4EL4EM4EN4EO4EP4EQ4ER4ES4ET4EU4EV4FD4FE4FF4FI4FJ4FM4FN4FO4FP4FQ4FR4FS4FT4FU4FV4GD4GE4GI4GJ4GK4GL4GM4GN4GO4GP4GQ4GR4GS4GT4GU4GV4GX4HA4HB4HC4HD4HE4HI4HJ4HK4HL4HM4HN4HO4HP4HQ4HX4IA4IB4IC4ID4II4IJ4IK4IL4IM4IN4IO4IP4IQ4IX4JA4JB4JC4JD4JG4JI4JL4JM4JN4JO4JP4JQ4JV4JW4JX4KA4KB4KC4KD4KE4KF4KG4KH4KN4KO4KP4KQ4LA4LB4LD4LE4LF4LG4LH4LP4LQ4LR4MA4MB4MD4ME4MF4MG4MQ4MR4ND4NE4NF4NQ4NR4NX4OA4OB4OC4OD4OE4OF4OP4OQ4OR4OX4PA4PB4PC4PD4PE4PF4PL4PQ4PR4PV4PW4PX4QA4QB4QC4QD4QE4QF4QL4RA4RB4RC4RD4RE4RF4RG4RH4RL4SA4SB4SC4SD4SE4SF4SG4SH4SL4TA4TB4TC4TD4TE4TF4TG4TH4TL4TM4TN4TO4TS4UA4UB4UC4UE4UF4UG4UH4UI4UK4UL4UM4UN4UO4US4VA4VB4VC4VE4VF4VG4VH4VI4VJ4VK4VL4VM4VN4VO4VP4VQ4VR4VS4VT4VU4WA4WB4WC4WE4WF4WG4WH4WI4WJ4WK4WL4WM4WN4WO4WP4WQ4WR4WS4WT4WU4XE4XF4XG4XH4XI4XJ4XK4XL4XM4XN4XO4XP4XQ4XR4XS4XT4XU</Field33>
<Field34>829</Field34>
<Field35>1AK1AL1AM1AN1AO1AP1AQ1AS1AT1AU1AV1AW1AX1BI1BJ1BK1BL1BM1BN1BO1BP1BQ1BS1BT1BU1BV1BW1BX1CI1CJ1CK1CL1CN1CO1CP1CS1CT1CU1CV1CW1CX1DD1DI1DJ1DN1DO1DP1DV1DW1DX1EA1EB1EJ1EV1EW1EX1FA1FB1FP1FR1FW1FX1GA1GB1GK1GL1GM1GN1GO1GP1GR1GS1GT1GW1GX1HJ1HK1HL1HM1HN1HO1HR1HS1HT1HW1HX1IJ1IK1IL1IM1IN1IO1IW1IX1JJ1JK1JL1JM1JW1JX1KA1KJ1KK1KL1KM1KN1KO1KW1KX1LA1LH1LI1LJ1LK1LL1LM1LN1LO1LV1LW1LX1MA1MI1MJ1ML1MM1MO1MV1MW1MX1NH1NI1NJ1NL1NM1NV1NW1NX1OA1OH1OI1OJ1OL1OM1OP1OQ1OR1OS1OU1OV1OW1OX1PA1PH1PI1PJ1PL1PM1PP1PQ1PR1PS1PU1PV1PW1PX1QA1QH1QI1QJ1QL1QM1QP1QQ1QR1QS1QU1QV1QW1QX1RH1RI1RM1RV1RW1RX1SG1SH1SI1SM1SV1SW1SX1TA1TB1TC1TG1TH1TI1TJ1TK1TM1TN1TV1TW1TX1UA1UB1UC1UG1UH1UI1UJ1UK1UR1UV1UW1UX1VC1VG1VI1VJ1VK1VR1VV1VW1VX1WC1WF1WG1WI1WJ1WK1WS1WT1WV1WW1WX1XC1XF1XG1XI1XJ1XK1XS1XT1XV1XW1XX2AV2AW2AX2BW2BX2CN2CO2CW2DC2DD2DE2DF2DO2DW2DX2EC2ED2EE2EF2EG2EU2EV2EW2EX2FA2FB2FC2FD2FE2FF2FS2FT2FU2FV2FW2FX2GA2GB2GC2GD2GE2GV2GW2GX2HA2HB2HC2HD2HE2HJ2HK2HV2HW2HX2IA2IB2IC2ID2IE2IJ2IK2IV2IW2IX2JA2JB2JI2JJ2JK2JV2JW2JX2KA2KB2KI2KJ2KK2KU2KV2KW2KX2LA2LB2LI2LJ2LK2LV2LW2LX2MD2ME2MI2MJ2MK2MV2MW2MX2ND2NE2NI2NJ2NK2NL2NM2NN2NV2NW2NX2OD2OE2OI2OJ2OK2OL2OM2ON2OV2OW2OX2PD2PH2PI2PL2PM2PN2PW2PX2QE2QF2QG2QH2QW2QX2RF2RG2RH2RN2RO2RP2RW2RX2SG2SL2SM2SN2SO2SP2SW2SX2TL2TM2TN2TO2TP2TW2TX2UK2UL2UM2UN2UO2UW2UX2VJ2VK2VL2VM2VN2VO2VW2VX2WI2WJ2WK2WV2WW2WX2XI2XJ2XK2XV2XW2XX3AF3AG3AH3AL3AM3AW3AX3BF3BG3BH3BL3BM3BW3BX3CE3CF3CG3CH3CL3CM3CN3CO3CP3CV3CW3CX3DE3DF3DK3DL3DM3DN3DO3DP3ED3EE3EF3EJ3EK3EL3EM3EN3EO3EP3FA3FB3FD3FE3FF3FJ3FK3FL3FM3GA3GB3GD3GE3GF3GG3GH3GI3GJ3GK3GL3GM3HA3HB3HF3HG3HH3HI3HK3HL3HM3IH3II3IK3IL3IM3IT3JH3JI3JK3JL3JM3JT3KH3KI3KK3KN3KT3LB3LC3LD3LH3LI3LJ3LN3LO3LX3MH3MI3MJ3MN3MO3MP3MQ3NH3NI3NJ3NL3NM3NN3NO3NP3NQ3OE3OF3OG3OH3OI3OJ3OK3OL3OM3ON3OO3PB3PC3PD3PH3PI3PJ3PK3PL3QH3QI3QJ3QK3QL3QU3RH3RI3RJ3RK3RL3SH3SI3SJ3SK3SL3SM3TB3TC3TD3TE3TF3TH3TI3TM3UB3UF3UG3UH3UI3VF3VG3VH3VI3VM3VN3VO3VV3VW3VX3WF3WG3WH3WI3WJ3WK3WM3WN3WO3WV3WW3WX3XC3XD3XF3XG3XH3XI3XJ3XM3XN3XO3XV3XW3XX4AU4BA4BU4CA4CU4CV4GA4GB4GC4GW4HT4HU4HV4HW4IU4IV4IW4KV4KW4KX4LT4LU4LV4LW4LX4MC4MN4MO4MP4MS4MT4MU4MV4MW4MX4NA4NB4NC4NP4NS4NT4NU4NV4NW4OS4OT4OU4OV4OW4PS4PT4PU4QM4QN4QT4QU4QV4QW4QX4RM4RN4RT4RU4RV4RW4RX4SI4SJ4SM4SN4ST4SU4SV4SW4SX4TI4TJ4TT4TU4TV4TW4TX4UD4UJ4UT4UU4UV4UW4UX4VD4VV4VW4VX4WD4WV4WW4WX4XA4XB4XC4XD4XV4XW4XX</Field35>
<Field36>736</Field36>
<Field37>1AR1BA1BB1BC1BD1BE1BF1BG1BH1BR1CA1CB1CC1CD1CE1CF1CG1CH1CM1CQ1CR1DA1DB1DC1DE1DF1DG1DH1DK1DL1DM1DQ1DR1DS1DT1DU1EC1EE1EF1EG1EH1EI1EK1EL1EM1EN1EO1EP1EQ1ER1ES1ET1EU1FC1FE1FF1FG1FH1FI1FJ1FK1FL1FM1FN1FO1FQ1FS1FT1FU1FV1GD1GE1GF1GG1GH1GI1GQ1GU1GV1HA1HB1HD1HE1HF1HG1HH1HP1HQ1HU1HV1IA1IB1ID1IE1IF1IG1IH1II1IP1IQ1IR1IS1IT1IU1IV1JA1JB1JD1JE1JF1JG1JH1JI1JN1JO1JP1JQ1JR1JS1JT1JU1JV1KG1KH1KI1KP1KQ1KR1KS1KT1KU1KV1LE1LG1LP1LQ1LR1LS1LT1LU1ME1MK1MN1MP1MQ1MR1MS1MT1MU1NA1NN1NO1NP1NQ1NR1NS1NT1NU1ON1OO1OT1PN1PO1PT1QN1QO1QT1RA1RJ1RK1RL1RN1RO1RP1RQ1RR1RS1RT1RU1SA1SB1SC1SD1SE1SF1SJ1SK1SN1SO1SP1SQ1SR1SS1ST1SU1TO1TP1TQ1TR1TS1TT1TU1UM1UN1UO1UP1UQ1US1UT1UU1VA1VB1VH1VL1VM1VN1VO1VP1VQ1VS1VT1VU1WA1WB1WD1WE1WH1WL1WM1WN1WO1WP1WQ1WR1WU1XA1XB1XD1XE1XH1XL1XM1XN1XO1XP1XQ1XR1XU2AA2AB2AC2AI2AJ2AK2AL2AM2AN2AO2AP2AQ2AR2AS2AT2AU2BA2BB2BC2BL2BM2BN2BO2BP2BQ2BR2BS2BT2BU2BV2CP2CQ2CR2CS2CT2CU2CV2DP2DQ2DR2DS2DT2DU2DV2EP2EQ2ER2ES2ET2FQ2FR2GQ2GR2GS2GT2GU2HQ2HR2HS2HT2HU2IO2IP2IQ2IR2IS2IT2IU2JO2JP2JQ2JR2JS2JT2JU2KL2KM2KN2KO2KP2KQ2KR2KS2KT2LL2LM2LN2LO2LP2LQ2LR2LS2LT2LU2ML2MM2MN2MO2MP2MQ2MR2MS2MT2MU2NO2NP2NQ2NR2NS2NT2NU2OR2OS2OT2OU2PR2PS2PT2PU2PV2QN2QR2QS2QT2QU2QV2RM2RQ2RR2RS2RT2RU2RV2SQ2SR2SS2ST2SU2SV2TQ2TR2TS2TT2TU2TV2UP2UQ2UR2US2UT2UU2UV2VP2VQ2VR2VS2VT2VU2VV2WL2WM2WN2WO2WP2WQ2WR2WS2WT2WU2XG2XH2XL2XM2XN2XO2XP2XQ2XR2XS2XT2XU3AI3AJ3AK3AN3AO3AP3AQ3AR3AS3BI3BJ3BK3BN3BO3BP3BQ3BR3BS3BT3BU3CI3CJ3CK3CS3CT3CU3DI3DJ3DS3DT3DU3DV3EQ3ER3ES3ET3EU3EV3EW3FN3FO3FP3FQ3FR3FS3FT3FU3FV3FW3GN3GO3GP3GQ3GR3GS3GT3GU3GV3HJ3HN3HO3HP3HQ3HR3HS3HT3HU3HV3IJ3IN3IU3IV3JJ3JN3JU3JV3JW3KJ3KO3KP3KQ3KU3KV3KW3LP3LQ3LR3LS3LU3LV3LW3MT3MU3MV3MW3NT3NU3NV3OT3PT3QT3RT3RU3SN3SO3SP3SS3ST3SU3TN3TO3TP3TQ3TR3TS3TT3UC3UD3UE3UM3UN3UO3UQ3UR3US3VB3VC3VD3VE3VP3VQ3VR3VS3WC3WD3WE3WL3WP3WQ3WR3WS3WT3XE3XK3XL3XP3XQ3XR3XS3XT4AA4AB4AC4AD4AV4AW4AX4BB4BC4BD4BV4BW4BX4CB4CC4CD4CW4CX4DA4DB4DC4DI4DJ4DK4DW4DX4EA4EB4EC4EI4EJ4EK4EW4EX4FA4FB4FC4FG4FH4FK4FL4FW4FX4GF4GG4GH4HF4HG4HH4HR4HS4IE4IF4IG4IH4IR4IS4IT4JE4JF4JH4JJ4JK4JR4JS4JT4JU4KI4KJ4KK4KL4KM4KR4KS4KT4KU4LC4LI4LJ4LK4LL4LM4LN4LO4LS4MH4MI4MJ4MK4ML4MM4NG4NH4NI4NJ4NK4NL4NM4NN4NO4OG4OH4OI4OJ4OK4OL4OM4ON4OO4PG4PH4PI4PJ4PK4PM4PN4PO4PP4QG4QH4QI4QJ4QK4QO4QP4QQ4QR4QS4RI4RJ4RK4RO4RP4RQ4RR4RS4SK4SO4SP4SQ4SR4SS4TK4TP4TQ4TR4UP4UQ4UR</Field37>
<Field38>728</Field38>
<Field40>0</Field40>
</results>
<results>
<Field1>37VE3DA4YWU8Q88CVFIPH9P7EU2HBE</Field1>
<Field2>3PUZG2R74TXVF7CR9RD94D92J8X45X</Field2>
<Field3>Participate in a land classification study (Bonuses for accuracy)</Field3>
<Field4>Classify an aerial image into four different types of land cover</Field4>
<Field5>image classification, land cover, photo interpretation</Field5>
<Field6>$0.50</Field6>
<Field7>Tue Jun 29 15:46:53 PDT 2021</Field7>
<Field8>6</Field8>
<Field9>BatchId:4491423;OriginalHitTemplateId:928390828;</Field9>
<Field10>3600</Field10>
<Field11>259200</Field11>
<Field12>Tue Jul 06 15:46:53 PDT 2021</Field12>
<Field15>37W3JXSD69LONQU6Q9NAF7TM7OYYWN</Field15>
<Field16>A3TC25EZ2XVCU6</Field16>
<Field17>Submitted</Field17>
<Field18>Tue Jun 29 18:25:54 PDT 2021</Field18>
<Field19>Tue Jun 29 18:41:20 PDT 2021</Field19>
<Field20>Fri Jul 02 18:41:20 PDT 2021</Field20>
<Field24>926</Field24>
<Field25>0% (0/0)</Field25>
<Field26>0% (0/0)</Field26>
<Field27>0% (0/0)</Field27>
<Field28>25502</Field28>
<Field29>old</Field29>
<Field30>img25502_old.jpg</Field30>
<Field31>https://raw.githubusercontent.com/ROIHabitat/lcimages/master/img25502_old.jpg</Field31>
<Field32>2297</Field32>
<Field34>0</Field34>
<Field36>0</Field36>
<Field37>2NR2NS2NT2OQ2OR2OS2OT2PQ2PR2PS2PT2PU2QQ2QR2QS2QT2QU2RP2RQ2RR2RS2RT2RU2SP2SQ2SR2SS2ST2TP2TQ2TR2TS2TT2UR2US2UT</Field37>
<Field38>36</Field38>
<Field39>1AA1AB1AC1AD1AE1AF1AG1AH1AI1AJ1AK1AL1AM1AN1AO1AP1AQ1AR1AS1AT1AU1AV1AW1AX1BA1BB1BC1BD1BE1BF1BG1BH1BI1BJ1BK1BL1BM1BN1BO1BP1BQ1BR1BS1BT1BU1BV1BW1BX1CA1CB1CC1CD1CE1CF1CG1CH1CI1CJ1CK1CL1CM1CN1CO1CP1CQ1CR1CS1CT1CU1CV1CW1CX1DA1DB1DC1DD1DE1DF1DG1DH1DI1DJ1DK1DL1DM1DN1DO1DP1DQ1DR1DS1DT1DU1DV1DW1DX1EA1EB1EC1ED1EE1EF1EG1EH1EI1EJ1EK1EL1EM1EN1EO1EP1EQ1ER1ES1ET1EU1EV1EW1EX1FA1FB1FC1FD1FE1FF1FG1FH1FI1FJ1FK1FL1FM1FN1FO1FP1FQ1FR1FS1FT1FU1FV1FW1FX1GA1GB1GC1GD1GE1GF1GG1GH1GI1GJ1GK1GL1GM1GN1GO1GP1GQ1GR1GS1GT1GU1GV1GW1GX1HA1HB1HC1HD1HE1HF1HG1HH1HI1HJ1HK1HL1HM1HN1HO1HP1HQ1HR1HS1HT1HU1HV1HW1HX1IA1IB1IC1ID1IE1IF1IG1IH1II1IJ1IK1IL1IM1IN1IO1IP1IQ1IR1IS1IT1IU1IV1IW1IX1JA1JB1JC1JD1JE1JF1JG1JH1JI1JJ1JK1JL1JM1JN1JO1JP1JQ1JR1JS1JT1JU1JV1JW1JX1KA1KB1KC1KD1KE1KF1KG1KH1KI1KJ1KK1KL1KM1KN1KO1KP1KQ1KR1KS1KT1KU1KV1KW1KX1LA1LB1LC1LD1LE1LF1LG1LH1LI1LJ1LK1LL1LM1LN1LO1LP1LQ1LR1LS1LT1LU1LV1LW1LX1MA1MB1MC1MD1ME1MF1MG1MH1MI1MJ1MK1ML1MM1MN1MO1MP1MQ1MR1MS1MT1MU1MV1MW1MX1NA1NB1NC1ND1NE1NF1NG1NH1NI1NJ1NK1NL1NM1NN1NO1NP1NQ1NR1NS1NT1NU1NV1NW1NX1OA1OB1OC1OD1OE1OF1OG1OH1OI1OJ1OK1OL1OM1ON1OO1OP1OQ1OR1OS1OT1OU1OV1OW1OX1PA1PB1PC1PD1PE1PF1PG1PH1PI1PJ1PK1PL1PM1PN1PO1PP1PQ1PR1PS1PT1PU1PV1PW1PX1QA1QB1QC1QD1QE1QF1QG1QH1QI1QJ1QK1QL1QM1QN1QO1QP1QQ1QR1QS1QT1QU1QV1QW1QX1RA1RB1RC1RD1RE1RF1RG1RH1RI1RJ1RK1RL1RM1RN1RO1RP1RQ1RR1RS1RT1RU1RV1RW1RX1SA1SB1SC1SD1SE1SF1SG1SH1SI1SJ1SK1SL1SM1SN1SO1SP1SQ1SR1SS1ST1SU1SV1SW1SX1TA1TB1TC1TD1TE1TF1TG1TH1TI1TJ1TK1TL1TM1TN1TO1TP1TQ1TR1TS1TT1TU1TV1TW1TX1UA1UB1UC1UD1UE1UF1UG1UH1UI1UJ1UK1UL1UM1UN1UO1UP1UQ1UR1US1UT1UU1UV1UW1UX1VA1VB1VC1VD1VE1VF1VG1VH1VI1VJ1VK1VL1VM1VN1VO1VP1VQ1VR1VS1VT1VU1VV1VW1VX1WA1WB1WC1WD1WE1WF1WG1WH1WI1WJ1WK1WL1WM1WN1WO1WP1WQ1WR1WS1WT1WU1WV1WW1WX1XA1XB1XC1XD1XE1XF1XG1XH1XI1XJ1XK1XL1XM1XN1XO1XP1XQ1XR1XS1XT1XU1XV1XW1XX2AA2AB2AC2AD2AE2AF2AG2AH2AI2AJ2AK2AL2AM2AN2AO2AP2AQ2AR2AS2AT2AU2AV2AW2AX2BA2BB2BC2BD2BE2BF2BG2BH2BI2BJ2BK2BL2BM2BN2BO2BP2BQ2BR2BS2BT2BU2BV2BW2BX2CA2CB2CC2CD2CE2CF2CG2CH2CI2CJ2CK2CL2CM2CN2CO2CP2CQ2CR2CS2CT2CU2CV2CW2CX2DA2DB2DC2DD2DE2DF2DG2DH2DI2DJ2DK2DL2DM2DN2DO2DP2DQ2DR2DS2DT2DU2DV2DW2DX2EA2EB2EC2ED2EE2EF2EG2EH2EI2EJ2EK2EL2EM2EN2EO2EP2EQ2ER2ES2ET2EU2EV2EW2EX2FA2FB2FC2FD2FE2FF2FG2FH2FI2FJ2FK2FL2FM2FN2FO2FP2FQ2FR2FS2FT2FU2FV2FW2FX2GA2GB2GC2GD2GE2GF2GG2GH2GI2GJ2GK2GL2GM2GN2GO2GP2GQ2GR2GS2GT2GU2GV2GW2GX2HA2HB2HC2HD2HE2HF2HG2HH2HI2HJ2HK2HL2HM2HN2HO2HP2HQ2HR2HS2HT2HU2HV2HW2HX2IA2IB2IC2ID2IE2IF2IG2IH2II2IJ2IK2IL2IM2IN2IO2IP2IQ2IR2IS2IT2IU2IV2IW2IX2JA2JB2JC2JD2JE2JF2JG2JH2JI2JJ2JK2JL2JM2JN2JO2JP2JQ2JR2JS2JT2JU2JV2JW2JX2KA2KB2KC2KD2KE2KF2KG2KH2KI2KJ2KK2KL2KM2KN2KO2KP2KQ2KR2KS2KT2KU2KV2KW2KX2LA2LB2LC2LD2LE2LF2LG2LH2LI2LJ2LK2LL2LM2LN2LO2LP2LQ2LR2LS2LT2LU2LV2LW2LX2MA2MB2MC2MD2ME2MF2MG2MH2MI2MJ2MK2ML2MM2MN2MO2MP2MQ2MR2MS2MT2MU2MV2MW2MX2NA2NB2NC2ND2NE2NF2NG2NH2NI2NJ2NK2NL2NM2NN2NO2NP2NQ2NU2NV2NW2NX2OA2OB2OC2OD2OE2OF2OG2OH2OI2OJ2OK2OL2OM2ON2OO2OP2OU2OV2OW2OX2PA2PB2PC2PD2PE2PF2PG2PH2PI2PJ2PK2PL2PM2PN2PO2PP2PV2PW2PX2QA2QB2QC2QD2QE2QF2QG2QH2QI2QJ2QK2QL2QM2QN2QO2QP2QV2QW2QX2RA2RB2RC2RD2RE2RF2RG2RH2RI2RJ2RK2RL2RM2RN2RO2RV2RW2RX2SA2SB2SC2SD2SE2SF2SG2SH2SI2SJ2SK2SL2SM2SN2SO2SU2SV2SW2TA2TB2TC2TD2TE2TF2TG2TH2TI2TJ2TK2TL2TM2TN2TO2TU2TV2TW2UA2UB2UC2UD2UE2UF2UG2UH2UI2UJ2UK2UL2UM2UN2UO2UP2UQ2UU2UV2UW2VA2VB2VC2VD2VE2VF2VG2VH2VI2VJ2VK2VL2VM2VN2VO2VP2VQ2VR2VS2VT2VU2VV2VW2VX2WA2WB2WC2WD2WE2WF2WG2WH2WI2WJ2WK2WL2WM2WN2WO2WP2WQ2WR2WS2WT2WU2WV2WW2WX2XA2XB2XC2XD2XE2XF2XG2XH2XI2XJ2XK2XL2XM2XN2XO2XP2XQ2XR2XS2XT2XU2XV2XW2XX3AA3AB3AC3AD3AE3AF3AG3AH3AI3AJ3AK3AL3AM3AN3AO3AP3AQ3AR3AS3AT3AU3AV3AW3AX3BA3BB3BC3BD3BE3BF3BG3BH3BI3BJ3BK3BL3BM3BN3BO3BP3BQ3BR3BS3BT3BU3BV3BW3BX3CA3CB3CC3CD3CE3CF3CG3CH3CI3CJ3CK3CL3CM3CN3CO3CP3CQ3CR3CS3CT3CU3CV3CW3CX3DA3DB3DC3DD3DE3DF3DG3DH3DI3DJ3DK3DL3DM3DN3DO3DP3DQ3DR3DS3DT3DU3DV3DW3DX3EA3EB3EC3ED3EE3EF3EG3EH3EI3EJ3EK3EL3EM3EN3EO3EP3EQ3ER3ES3ET3EU3EV3EW3EX3FA3FB3FC3FD3FE3FF3FG3FH3FI3FJ3FK3FL3FM3FN3FO3FP3FQ3FR3FS3FT3FU3FV3FW3FX3GA3GB3GC3GD3GE3GF3GG3GH3GI3GJ3GK3GL3GM3GN3GO3GP3GQ3GR3GS3GT3GU3GV3GW3GX3HA3HB3HC3HD3HE3HF3HG3HH3HI3HJ3HK3HL3HM3HN3HO3HP3HQ3HR3HS3HT3HU3HV3HW3HX3IA3IB3IC3ID3IE3IF3IG3IH3II3IJ3IK3IL3IM3IN3IO3IP3IQ3IR3IS3IT3IU3IV3IW3IX3JA3JB3JC3JD3JE3JF3JG3JH3JI3JJ3JK3JL3JM3JN3JO3JP3JQ3JR3JS3JT3JU3JV3JW3JX3KA3KB3KC3KD3KE3KF3KG3KH3KI3KJ3KK3KL3KM3KN3KO3KP3KQ3KR3KS3KT3KU3KV3KW3KX3LA3LB3LC3LD3LE3LF3LG3LH3LI3LJ3LK3LL3LM3LN3LO3LP3LQ3LR3LS3LT3LU3LV3LW3LX3MA3MB3MC3MD3ME3MF3MG3MH3MI3MJ3MK3ML3MM3MN3MO3MP3MQ3MR3MS3MT3MU3MV3MW3MX3NA3NB3NC3ND3NE3NF3NG3NH3NI3NJ3NK3NL3NM3NN3NO3NP3NQ3NR3NS3NT3NU3NV3NW3NX3OA3OB3OC3OD3OE3OF3OG3OH3OI3OJ3OK3OL3OM3ON3OO3OP3OQ3OR3OS3OT3OU3OV3OW3OX3PA3PB3PC3PD3PE3PF3PG3PH3PI3PJ3PK3PL3PM3PN3PO3PP3PQ3PR3PS3PT3PU3PV3PW3PX3QA3QB3QC3QD3QE3QF3QG3QH3QI3QJ3QK3QL3QM3QN3QO3QP3QQ3QR3QS3QT3QU3QV3QW3QX3RA3RB3RC3RD3RE3RF3RG3RH3RI3RJ3RK3RL3RM3RN3RO3RP3RQ3RR3RS3RT3RU3RV3RW3RX3SA3SB3SC3SD3SE3SF3SG3SH3SI3SJ3SK3SL3SM3SN3SO3SP3SQ3SR3SS3ST3SU3SV3SW3SX3TA3TB3TC3TD3TE3TF3TG3TH3TI3TJ3TK3TL3TM3TN3TO3TP3TQ3TR3TS3TT3TU3TV3TW3TX3UA3UB3UC3UD3UE3UF3UG3UH3UI3UJ3UK3UL3UM3UN3UO3UP3UQ3UR3US3UT3UU3UV3UW3UX3VA3VB3VC3VD3VE3VF3VG3VH3VI3VJ3VK3VL3VM3VN3VO3VP3VQ3VR3VS3VT3VU3VV3VW3VX3WB3WC3WD3WE3WF3WG3WH3WI3WJ3WK3WL3WM3WN3WO3WP3WQ3WR3WS3WT3WU3WV3WW3WX3XB3XC3XD3XE3XF3XG3XH3XI3XJ3XK3XL3XM3XN3XO3XP3XQ3XR3XS3XT3XU3XV4AA4AB4AC4AD4AE4AF4AG4AH4AI4AJ4AK4AL4AM4AN4AO4AP4AQ4AR4AS4AT4AU4AV4AW4AX4BA4BB4BC4BD4BE4BF4BG4BH4BI4BJ4BK4BL4BM4BN4BO4BP4BQ4BR4BS4BT4BU4BV4BW4BX4CA4CB4CC4CD4CE4CF4CG4CH4CI4CJ4CK4CL4CM4CN4CO4CP4CQ4CR4CS4CT4CU4CV4CW4CX4DA4DB4DC4DD4DE4DF4DG4DH4DI4DJ4DK4DL4DM4DN4DO4DP4DQ4DR4DS4DT4DU4DV4DW4DX4EA4EB4EC4ED4EE4EF4EG4EH4EI4EJ4EK4EL4EM4EN4EO4EP4EQ4ER4ES4ET4EU4EV4EW4EX4FA4FB4FC4FD4FE4FF4FG4FH4FI4FJ4FK4FL4FM4FN4FO4FP4FQ4FR4FS4FT4FU4FV4FW4FX4GA4GB4GC4GD4GE4GF4GG4GH4GI4GJ4GK4GL4GM4GN4GO4GP4GQ4GR4GS4GT4GU4GV4GW4GX4HA4HB4HC4HD4HE4HF4HG4HH4HI4HJ4HK4HL4HM4HN4HO4HP4HQ4HR4HS4HT4HU4HV4HW4HX4IA4IB4IC4ID4IE4IF4IG4IH4II4IJ4IK4IL4IM4IN4IO4IP4IQ4IR4IS4IT4IU4IV4IW4IX4JA4JB4JC4JD4JE4JF4JG4JH4JI4JJ4JK4JL4JM4JN4JO4JP4JQ4JR4JS4JT4JU4JV4JW4JX4KA4KB4KC4KD4KE4KF4KG4KH4KI4KJ4KK4KL4KM4KN4KO4KP4KQ4KR4KS4KT4KU4KV4KW4KX4LA4LB4LC4LD4LE4LF4LG4LH4LI4LJ4LK4LL4LM4LN4LO4LP4LQ4LR4LS4LT4LU4LV4LW4LX4MA4MB4MC4MD4ME4MF4MG4MH4MI4MJ4MK4ML4MM4MN4MO4MP4MQ4MR4MS4MT4MU4MV4MW4MX4NA4NB4NC4ND4NE4NF4NG4NH4NI4NJ4NK4NL4NM4NN4NO4NP4NQ4NR4NS4NT4NU4NV4NW4NX4OA4OB4OC4OD4OE4OF4OG4OH4OI4OJ4OK4OL4OM4ON4OO4OP4OQ4OR4OS4OT4OU4OV4OW4OX4PA4PB4PC4PD4PE4PF4PG4PH4PI4PJ4PK4PL4PM4PN4PO4PP4PQ4PR4PS4PT4PU4PV4PW4PX4QA4QB4QC4QD4QE4QF4QG4QH4QI4QJ4QK4QL4QM4QN4QO4QP4QQ4QR4QS4QT4QU4QV4QW4QX4RA4RB4RC4RD4RE4RF4RG4RH4RI4RJ4RK4RL4RM4RN4RO4RP4RQ4RR4RS4RT4RU4RV4RW4RX4SA4SB4SC4SD4SE4SF4SG4SH4SI4SJ4SK4SL4SM4SN4SO4SP4SQ4SR4SS4ST4SU4SV4SW4SX4TA4TB4TC4TD4TE4TF4TG4TH4TI4TJ4TK4TL4TM4TN4TO4TP4TQ4TR4TS4TT4TU4TV4TW4TX4UA4UB4UC4UD4UE4UF4UG4UH4UI4UJ4UK4UL4UM4UN4UO4UP4UQ4UR4US4UT4UU4UV4UW4UX4VA4VB4VC4VD4VE4VF4VG4VH4VI4VJ4VK4VL4VM4VN4VO4VP4VQ4VR4VS4VT4VU4VV4VW4VX4WA4WB4WC4WD4WE4WF4WG4WH4WI4WJ4WK4WL4WM4WN4WO4WP4WQ4WR4WS4WT4WU4WV4WW4WX4XA4XB4XC4XD4XE4XF4XG4XH4XI4XJ4XK4XL4XM4XN4XO4XP4XQ4XR4XS4XT4XU4XV4XW4XX</Field39>
<Field40>2261</Field40>
</results>
<results>
<Field1>37VE3DA4YWU8Q88CVFIPH9P7EU2HBE</Field1>
<Field2>3PUZG2R74TXVF7CR9RD94D92J8X45X</Field2>
<Field3>Participate in a land classification study (Bonuses for accuracy)</Field3>
<Field4>Classify an aerial image into four different types of land cover</Field4>
<Field5>image classification, land cover, photo interpretation</Field5>
<Field6>$0.50</Field6>
<Field7>Tue Jun 29 15:46:53 PDT 2021</Field7>
<Field8>6</Field8>
<Field9>BatchId:4491423;OriginalHitTemplateId:928390828;</Field9>
<Field10>3600</Field10>
<Field11>259200</Field11>
<Field12>Tue Jul 06 15:46:53 PDT 2021</Field12>
<Field15>3A7Y0R2P2R1DH14XEEIT73S53NMJX0</Field15>
<Field16>AFG3K492LMWPV</Field16>
<Field17>Submitted</Field17>
<Field18>Tue Jun 29 21:21:26 PDT 2021</Field18>
<Field19>Tue Jun 29 22:00:59 PDT 2021</Field19>
<Field20>Fri Jul 02 22:00:59 PDT 2021</Field20>
<Field24>2373</Field24>
<Field25>0% (0/0)</Field25>
<Field26>0% (0/0)</Field26>
<Field27>0% (0/0)</Field27>
<Field28>25502</Field28>
<Field29>old</Field29>
<Field30>img25502_old.jpg</Field30>
<Field31>https://raw.githubusercontent.com/ROIHabitat/lcimages/master/img25502_old.jpg</Field31>
<Field32>2304</Field32>
<Field33>1AA1AB1AC1AD1AE1AF1AG1AH1AI1AJ1AK1AL1AM1AN1AO1AP1AQ1AR1AS1AT1AU1AV1AW1AX1BA1BB1BC1BD1BE1BF1BG1BH1BI1BJ1BK1BL1BM1BN1BO1BP1BQ1BR1BS1BT1BU1BV1BW1BX1CA1CB1CC1CD1CE1CF1CG1CH1CI1CJ1CK1CL1CM1CN1CO1CP1CQ1CR1CS1CT1CU1CV1CW1CX1DA1DB1DC1DD1DE1DF1DG1DH1DI1DJ1DK1DL1DM1DN1DO1DP1DQ1DR1DS1DT1DU1DV1DW1DX1EA1EB1EC1ED1EE1EF1EG1EH1EI1EJ1EK1EL1EM1EN1EO1EP1EQ1ER1ES1ET1EU1EV1EW1EX1FA1FB1FC1FD1FE1FF1FG1FH1FI1FJ1FK1FL1FM1FN1FO1FP1FQ1FR1FS1FT1FU1FV1FW1FX1GA1GB1GC1GD1GE1GF1GG1GH1GI1GJ1GK1GL1GM1GN1GO1GP1GQ1GR1GS1GT1GU1GV1GW1GX1HA1HB1HC1HD1HE1HF1HG1HH1HI1HJ1HK1HL1HM1HN1HO1HP1HQ1HR1HS1HT1HU1HV1HW1HX1IA1IB1IC1ID1IE1IF1IG1IH1II1IJ1IK1IL1IM1IN1IO1IP1IQ1IR1IS1IT1IU1IV1IW1IX1JA1JB1JC1JD1JE1JF1JG1JH1JI1JJ1JK1JL1JM1JN1JO1JP1JQ1JR1JS1JT1JU1JV1JW1JX1KA1KB1KC1KD1KE1KF1KG1KH1KI1KJ1KK1KL1KM1KN1KO1KP1KQ1KR1KS1KT1KU1KV1KW1KX1LA1LB1LC1LD1LE1LF1LG1LH1LI1LJ1LK1LL1LM1LN1LO1LP1LQ1LR1LS1LT1LU1LV1LW1LX1MA1MB1MC1MD1ME1MF1MG1MH1MI1MJ1MK1ML1MM1MN1MO1MP1MQ1MR1MS1MT1MU1MV1MW1MX1NA1NB1NC1ND1NE1NF1NG1NH1NI1NJ1NK1NL1NM1NN1NO1NP1NQ1NR1NS1NT1NU1NV1NW1NX1OA1OB1OC1OD1OE1OF1OG1OH1OI1OJ1OK1OL1OM1ON1OO1OP1OQ1OR1OS1OT1OU1OV1OW1OX1PA1PB1PC1PD1PE1PF1PG1PH1PI1PJ1PK1PL1PM1PN1PO1PP1PQ1PR1PS1PT1PU1PV1PW1PX1QA1QB1QC1QD1QE1QF1QG1QH1QI1QJ1QK1QL1QM1QN1QO1QP1QQ1QR1QS1QT1QU1QV1QW1QX1RA1RB1RC1RD1RE1RF1RG1RH1RI1RJ1RK1RL1RM1RN1RO1RP1RQ1RR1RS1RT1RU1RV1RW1RX1SA1SB1SC1SD1SE1SF1SG1SH1SI1SJ1SK1SL1SM1SN1SO1SP1SQ1SR1SS1ST1SU1SV1SW1SX1TA1TB1TC1TD1TE1TF1TG1TH1TI1TJ1TK1TL1TM1TN1TO1TP1TQ1TR1TS1TT1TU1TV1TW1TX1UA1UB1UC1UD1UE1UF1UG1UH1UI1UJ1UK1UL1UM1UN1UO1UP1UQ1UR1US1UT1UU1UV1UW1UX1VA1VB1VC1VD1VE1VF1VG1VH1VI1VJ1VK1VL1VM1VN1VO1VP1VQ1VR1VS1VT1VU1VV1VW1VX1WA1WB1WC1WD1WE1WF1WG1WH1WI1WJ1WK1WL1WM1WN1WO1WP1WQ1WR1WS1WT1WU1WV1WW1WX1XA1XB1XC1XD1XE1XF1XG1XH1XI1XJ1XK1XL1XM1XN1XO1XP1XQ1XR1XS1XT1XU1XV1XW1XX2AA2AB2AC2AD2AE2AF2AG2AH2AI2AJ2AK2AL2AM2AN2AO2AP2AQ2AR2AS2AT2AU2AV2AW2AX2BA2BB2BC2BD2BE2BF2BG2BH2BI2BJ2BK2BL2BM2BN2BO2BP2BQ2BR2BS2BT2BU2BV2BW2BX2CA2CB2CC2CD2CE2CF2CG2CH2CI2CJ2CK2CL2CM2CN2CO2CP2CQ2CR2CS2CT2CU2CV2CW2CX2DA2DB2DC2DD2DE2DF2DG2DH2DI2DJ2DK2DL2DM2DN2DO2DP2DQ2DR2DS2DT2DU2DV2DW2DX2EA2EB2EC2ED2EE2EF2EG2EH2EI2EJ2EK2EL2EM2EN2EO2EP2EQ2ER2ES2ET2EU2EV2EW2EX2FA2FB2FC2FD2FE2FF2FG2FH2FI2FJ2FK2FL2FM2FN2FO2FP2FQ2FR2FS2FT2FU2FV2FW2FX2GA2GB2GC2GD2GE2GF2GG2GH2GI2GJ2GK2GL2GM2GN2GO2GP2GQ2GR2GS2GT2GU2GV2GW2GX2HA2HB2HC2HD2HE2HF2HG2HH2HI2HJ2HK2HL2HM2HN2HO2HP2HQ2HR2HS2HT2HU2HV2HW2HX2IA2IB2IC2ID2IE2IF2IG2IH2II2IJ2IK2IL2IM2IN2IO2IP2IQ2IR2IS2IT2IU2IV2IW2IX2JA2JB2JC2JD2JE2JF2JG2JH2JI2JJ2JK2JL2JM2JN2JO2JP2JQ2JR2JS2JT2JU2JV2JW2JX2KA2KB2KC2KD2KE2KF2KG2KH2KI2KJ2KK2KL2KM2KN2KO2KP2KQ2KR2KS2KT2KU2KV2KW2KX2LA2LB2LC2LD2LE2LF2LG2LH2LI2LJ2LK2LL2LM2LN2LO2LP2LQ2LR2LS2LT2LU2LV2LW2LX2MA2MB2MC2MD2ME2MF2MG2MH2MI2MJ2MK2ML2MM2MN2MO2MP2MQ2MR2MS2MT2MU2MV2MW2MX2NA2NB2NC2ND2NE2NF2NG2NH2NI2NJ2NK2NL2NM2NN2NO2NP2NQ2NR2NS2NT2NU2NV2NW2NX2OA2OB2OC2OD2OE2OF2OG2OH2OI2OJ2OK2OL2OM2ON2OO2OP2OQ2OR2OS2OT2OU2OV2OW2OX2PA2PB2PC2PD2PE2PF2PG2PH2PI2PJ2PK2PL2PM2PN2PO2PP2PQ2PR2PS2PT2PU2PV2PW2PX2QA2QB2QC2QD2QE2QF2QG2QH2QI2QJ2QK2QL2QM2QN2QO2QP2QQ2QR2QS2QT2QU2QV2QW2QX2RA2RB2RC2RD2RE2RF2RG2RH2RI2RJ2RK2RL2RM2RN2RO2RP2RQ2RR2RS2RT2RU2RV2RW2RX2SA2SB2SC2SD2SE2SF2SG2SH2SI2SJ2SK2SL2SM2SN2SO2SP2SQ2SR2SS2ST2SU2SV2SW2SX2TA2TB2TC2TD2TE2TF2TG2TH2TI2TJ2TK2TL2TM2TN2TO2TP2TQ2TR2TS2TT2TU2TV2TW2TX2UA2UB2UC2UD2UE2UF2UG2UH2UI2UJ2UK2UL2UM2UN2UO2UP2UQ2UR2US2UT2UU2UV2UW2UX2VA2VB2VC2VD2VE2VF2VG2VH2VI2VJ2VK2VL2VM2VN2VO2VP2VQ2VR2VS2VT2VU2VV2VW2VX2WA2WB2WC2WD2WE2WF2WG2WH2WI2WJ2WK2WL2WM2WN2WO2WP2WQ2WR2WS2WT2WU2WV2WW2WX2XA2XB2XC2XD2XE2XF2XG2XH2XI2XJ2XK2XL2XM2XN2XO2XP2XQ2XR2XS2XT2XU2XV2XW2XX3AA3AB3AC3AD3AE3AF3AG3AH3AI3AJ3AK3AL3AM3AN3AO3AP3AQ3AR3AS3AT3AU3AV3AW3AX3BA3BB3BC3BD3BE3BF3BG3BH3BI3BJ3BK3BL3BM3BN3BO3BP3BQ3BR3BS3BT3BU3BV3BW3BX3CA3CB3CC3CD3CE3CF3CG3CH3CI3CJ3CK3CL3CM3CN3CO3CP3CQ3CR3CS3CT3CU3CV3CW3CX3DA3DB3DC3DD3DE3DF3DG3DH3DI3DJ3DK3DL3DM3DN3DO3DP3DQ3DR3DS3DT3DU3DV3DW3DX3EA3EB3EC3ED3EE3EF3EG3EH3EI3EJ3EK3EL3EM3EN3EO3EP3EQ3ER3ES3ET3EU3EV3EW3EX3FA3FB3FC3FD3FE3FF3FG3FH3FI3FJ3FK3FL3FM3FN3FO3FP3FQ3FR3FS3FT3FU3FV3FW3FX3GA3GB3GC3GD3GE3GF3GG3GH3GI3GJ3GK3GL3GM3GN3GO3GP3GQ3GR3GS3GT3GU3GV3GW3GX3HA3HB3HC3HD3HE3HF3HG3HH3HI3HJ3HK3HL3HM3HN3HO3HP3HQ3HR3HS3HT3HU3HV3HW3HX3IA3IB3IC3ID3IE3IF3IG3IH3II3IJ3IK3IL3IM3IN3IO3IP3IQ3IR3IS3IT3IU3IV3IW3IX3JA3JB3JC3JD3JE3JF3JG3JH3JI3JJ3JK3JL3JM3JN3JO3JP3JQ3JR3JS3JT3JU3JV3JW3JX3KA3KB3KC3KD3KE3KF3KG3KH3KI3KJ3KK3KL3KM3KN3KO3KP3KQ3KR3KS3KT3KU3KV3KW3KX3LA3LB3LC3LD3LE3LF3LG3LH3LI3LJ3LK3LL3LM3LN3LO3LP3LQ3LR3LS3LT3LU3LV3LW3LX3MA3MB3MC3MD3ME3MF3MG3MH3MI3MJ3MK3ML3MM3MN3MO3MP3MQ3MR3MS3MT3MU3MV3MW3MX3NA3NB3NC3ND3NE3NF3NG3NH3NI3NJ3NK3NL3NM3NN3NO3NP3NQ3NR3NS3NT3NU3NV3NW3NX3OA3OB3OC3OD3OE3OF3OG3OH3OI3OJ3OK3OL3OM3ON3OO3OP3OQ3OR3OS3OT3OU3OV3OW3OX3PA3PB3PC3PD3PE3PF3PG3PH3PI3PJ3PK3PL3PM3PN3PO3PP3PQ3PR3PS3PT3PU3PV3PW3PX3QA3QB3QC3QD3QE3QF3QG3QH3QI3QJ3QK3QL3QM3QN3QO3QP3QQ3QR3QS3QT3QU3QV3QW3QX3RA3RB3RC3RD3RE3RF3RG3RH3RI3RJ3RK3RL3RM3RN3RO3RP3RQ3RR3RS3RT3RU3RV3RW3RX3SA3SB3SC3SD3SE3SF3SG3SH3SI3SJ3SK3SL3SM3SN3SO3SP3SQ3SR3SS3ST3SU3SV3SW3SX3TA3TB3TC3TD3TE3TF3TG3TH3TI3TJ3TK3TL3TM3TN3TO3TP3TQ3TR3TS3TT3TU3TV3TW3TX3UA3UB3UC3UD3UE3UF3UG3UH3UI3UJ3UK3UL3UM3UN3UO3UP3UQ3UR3US3UT3UU3UV3UW3UX3VA3VB3VC3VD3VE3VF3VG3VH3VI3VJ3VK3VL3VM3VN3VO3VP3VQ3VR3VS3VT3VU3VV3VW3VX3WA3WB3WC3WD3WE3WF3WG3WH3WI3WJ3WK3WL3WM3WN3WO3WP3WQ3WR3WS3WT3WU3WV3WW3WX3XA3XB3XC3XD3XE3XF3XG3XH3XI3XJ3XK3XL3XM3XN3XO3XP3XQ3XR3XS3XT3XU3XV3XW3XX4AA4AB4AC4AD4AE4AF4AG4AH4AI4AJ4AK4AL4AM4AN4AO4AP4AQ4AR4AS4AT4AU4AV4AW4AX4BA4BB4BC4BD4BE4BF4BG4BH4BI4BJ4BK4BL4BM4BN4BO4BP4BQ4BR4BS4BT4BU4BV4BW4BX4CA4CB4CC4CD4CE4CF4CG4CH4CI4CJ4CK4CL4CM4CN4CO4CP4CQ4CR4CS4CT4CU4CV4CW4CX4DA4DB4DC4DD4DE4DF4DG4DH4DI4DJ4DK4DL4DM4DN4DO4DP4DQ4DR4DS4DT4DU4DV4DW4DX4EA4EB4EC4ED4EE4EF4EG4EH4EI4EJ4EK4EL4EM4EN4EO4EP4EQ4ER4ES4ET4EU4EV4EW4EX4FA4FB4FC4FD4FE4FF4FG4FH4FI4FJ4FK4FL4FM4FN4FO4FP4FQ4FR4FS4FT4FU4FV4FW4FX4GA4GB4GC4GD4GE4GF4GG4GH4GI4GJ4GK4GL4GM4GN4GO4GP4GQ4GR4GS4GT4GU4GV4GW4GX4HA4HB4HC4HD4HE4HF4HG4HH4HI4HJ4HK4HL4HM4HN4HO4HP4HQ4HR4HS4HT4HU4HV4HW4HX4IA4IB4IC4ID4IE4IF4IG4IH4II4IJ4IK4IL4IM4IN4IO4IP4IQ4IR4IS4IT4IU4IV4IW4IX4JA4JB4JC4JD4JE4JF4JG4JH4JI4JJ4JK4JL4JM4JN4JO4JP4JQ4JR4JS4JT4JU4JV4JW4JX4KA4KB4KC4KD4KE4KF4KG4KH4KI4KJ4KK4KL4KM4KN4KO4KP4KQ4KR4KS4KT4KU4KV4KW4KX4LA4LB4LC4LD4LE4LF4LG4LH4LI4LJ4LK4LL4LM4LN4LO4LP4LQ4LR4LS4LT4LU4LV4LW4LX4MA4MB4MC4MD4ME4MF4MG4MH4MI4MJ4MK4ML4MM4MN4MO4MP4MQ4MR4MS4MT4MU4MV4MW4MX4NA4NB4NC4ND4NE4NF4NG4NH4NI4NJ4NK4NL4NM4NN4NO4NP4NQ4NR4NS4NT4NU4NV4NW4NX4OA4OB4OC4OD4OE4OF4OG4OH4OI4OJ4OK4OL4OM4ON4OO4OP4OQ4OR4OS4OT4OU4OV4OW4OX4PA4PB4PC4PD4PE4PF4PG4PH4PI4PJ4PK4PL4PM4PN4PO4PP4PQ4PR4PS4PT4PU4PV4PW4PX4QA4QB4QC4QD4QE4QF4QG4QH4QI4QJ4QK4QL4QM4QN4QO4QP4QQ4QR4QS4QT4QU4QV4QW4QX4RA4RB4RC4RD4RE4RF4RG4RH4RI4RJ4RK4RL4RM4RN4RO4RP4RQ4RR4RS4RT4RU4RV4RW4RX4SA4SB4SC4SD4SE4SF4SG4SH4SI4SJ4SK4SL4SM4SN4SO4SP4SQ4SR4SS4ST4SU4SV4SW4SX4TA4TB4TC4TD4TE4TF4TG4TH4TI4TJ4TK4TL4TM4TN4TO4TP4TQ4TR4TS4TT4TU4TV4TW4TX4UA4UB4UC4UD4UE4UF4UG4UH4UI4UJ4UK4UL4UM4UN4UO4UP4UQ4UR4US4UT4UU4UV4UW4UX4VA4VB4VC4VD4VE4VF4VG4VH4VI4VJ4VK4VL4VM4VN4VO4VP4VQ4VR4VS4VT4VU4VV4VW4VX4WA4WB4WC4WD4WE4WF4WG4WH4WI4WJ4WK4WL4WM4WN4WO4WP4WQ4WR4WS4WT4WU4WV4WW4WX4XA4XB4XC4XD4XE4XF4XG4XH4XI4XJ4XK4XL4XM4XN4XO4XP4XQ4XR4XS4XT4XU4XV4XW4XX</Field33>
<Field34>2304</Field34>
<Field36>0</Field36>
<Field38>0</Field38>
<Field40>0</Field40>
</results>
<results>
<Field1>37VE3DA4YWU8Q88CVFIPH9P7EU2HBE</Field1>
<Field2>3PUZG2R74TXVF7CR9RD94D92J8X45X</Field2>
<Field3>Participate in a land classification study (Bonuses for accuracy)</Field3>
<Field4>Classify an aerial image into four different types of land cover</Field4>
<Field5>image classification, land cover, photo interpretation</Field5>
<Field6>$0.50</Field6>
<Field7>Tue Jun 29 15:46:53 PDT 2021</Field7>
<Field8>6</Field8>
<Field9>BatchId:4491423;OriginalHitTemplateId:928390828;</Field9>
<Field10>3600</Field10>
<Field11>259200</Field11>
<Field12>Tue Jul 06 15:46:53 PDT 2021</Field12>
<Field15>3HVVDCPGTH5WV9QCV4IZSNMN3UAYTR</Field15>
<Field16>AO2WNSGOXAX52</Field16>
<Field17>Submitted</Field17>
<Field18>Tue Jun 29 17:17:30 PDT 2021</Field18>
<Field19>Tue Jun 29 17:28:08 PDT 2021</Field19>
<Field20>Fri Jul 02 17:28:08 PDT 2021</Field20>
<Field24>638</Field24>
<Field25>0% (0/0)</Field25>
<Field26>0% (0/0)</Field26>
<Field27>0% (0/0)</Field27>
<Field28>25502</Field28>
<Field29>old</Field29>
<Field30>img25502_old.jpg</Field30>
<Field31>https://raw.githubusercontent.com/ROIHabitat/lcimages/master/img25502_old.jpg</Field31>
<Field32>2304</Field32>
<Field34>0</Field34>
<Field36>0</Field36>
<Field37>1AA1AB1AC1AD1AE1AF1AG1AH1AI1AJ1AK1AL1AM1AN1AO1AP1AQ1AR1AS1AT1AU1AV1AW1AX1BA1BB1BC1BD1BE1BF1BG1BH1BI1BJ1BK1BL1BM1BN1BO1BP1BQ1BR1BS1BT1BU1BV1BW1BX1CA1CB1CC1CD1CE1CF1CG1CH1CI1CJ1CK1CL1CM1CN1CO1CP1CQ1CR1CS1CT1CU1CV1CW1CX1DA1DB1DC1DD1DE1DF1DG1DH1DI1DJ1DK1DL1DM1DN1DO1DP1DQ1DR1DS1DT1DU1DV1DW1DX1EA1EB1EC1ED1EE1EF1EG1EH1EI1EJ1EK1EL1EM1EN1EO1EP1EQ1ER1ES1ET1EU1EV1EW1EX1FA1FB1FC1FD1FE1FF1FG1FH1FI1FJ1FK1FL1FM1FN1FO1FP1FQ1FR1FS1FT1FU1FV1FW1FX1GA1GB1GC1GD1GE1GF1GG1GH1GI1GJ1GK1GL1GM1GN1GO1GP1GQ1GR1GS1GT1GU1GV1GW1GX1HA1HB1HC1HD1HE1HF1HG1HH1HI1HJ1HK1HL1HM1HN1HO1HP1HQ1HR1HS1HT1HU1HV1HW1HX1IA1IB1IC1ID1IE1IF1IG1IH1II1IJ1IK1IL1IM1IN1IO1IP1IQ1IR1IS1IT1IU1IV1IW1IX1JA1JB1JC1JD1JE1JF1JG1JH1JI1JJ1JK1JL1JM1JN1JO1JP1JQ1JR1JS1JT1JU1JV1JW1JX1KA1KB1KC1KD1KE1KF1KG1KH1KI1KJ1KK1KL1KM1KN1KO1KP1KQ1KR1KS1KT1KU1KV1KW1KX1LA1LB1LC1LD1LE1LF1LG1LH1LI1LJ1LK1LL1LM1LN1LO1LP1LQ1LR1LS1LT1LU1LV1LW1LX1MA1MB1MC1MD1ME1MF1MG1MH1MI1MJ1MK1ML1MM1MN1MO1MP1MQ1MR1MS1MT1MU1MV1MW1MX1NA1NB1NC1ND1NE1NF1NG1NH1NI1NJ1NK1NL1NM1NN1NO1NP1NQ1NR1NS1NT1NU1NV1NW1NX1OA1OB1OC1OD1OE1OF1OG1OH1OI1OJ1OK1OL1OM1ON1OO1OP1OQ1OR1OS1OT1OU1OV1OW1OX1PA1PB1PC1PD1PE1PF1PG1PH1PI1PJ1PK1PL1PM1PN1PO1PP1PQ1PR1PS1PT1PU1PV1PW1PX1QA1QB1QC1QD1QE1QF1QG1QH1QI1QJ1QK1QL1QM1QN1QO1QP1QQ1QR1QS1QT1QU1QV1QW1QX1RA1RB1RC1RD1RE1RF1RG1RH1RI1RJ1RK1RL1RM1RN1RO1RP1RQ1RR1RS1RT1RU1RV1RW1RX1SA1SB1SC1SD1SE1SF1SG1SH1SI1SJ1SK1SL1SM1SN1SO1SP1SQ1SR1SS1ST1SU1SV1SW1SX1TA1TB1TC1TD1TE1TF1TG1TH1TI1TJ1TK1TL1TM1TN1TO1TP1TQ1TR1TS1TT1TU1TV1TW1TX1UA1UB1UC1UD1UE1UF1UG1UH1UI1UJ1UK1UL1UM1UN1UO1UP1UQ1UR1US1UT1UU1UV1UW1UX1VA1VB1VC1VD1VE1VF1VG1VH1VI1VJ1VK1VL1VM1VN1VO1VP1VQ1VR1VS1VT1VU1VV1VW1VX1WA1WB1WC1WD1WE1WF1WG1WH1WI1WJ1WK1WL1WM1WN1WO1WP1WQ1WR1WS1WT1WU1WV1WW1WX1XA1XB1XC1XD1XE1XF1XG1XH1XI1XJ1XK1XL1XM1XN1XO1XP1XQ1XR1XS1XT1XU1XV1XW1XX2AA2AB2AC2AD2AE2AF2AG2AH2AI2AJ2AK2AL2AM2AN2AO2AP2AQ2AR2AS2AT2AU2AV2AW2AX2BA2BB2BC2BD2BE2BF2BG2BH2BI2BJ2BK2BL2BM2BN2BO2BP2BQ2BR2BS2BT2BU2BV2BW2BX2CA2CB2CC2CD2CE2CF2CG2CH2CI2CJ2CK2CL2CM2CN2CO2CP2CQ2CR2CS2CT2CU2CV2CW2CX2DA2DB2DC2DD2DE2DF2DG2DH2DI2DJ2DK2DL2DM2DN2DO2DP2DQ2DR2DS2DT2DU2DV2DW2DX2EA2EB2EC2ED2EE2EF2EG2EH2EI2EJ2EK2EL2EM2EN2EO2EP2EQ2ER2ES2ET2EU2EV2EW2EX2FA2FB2FC2FD2FE2FF2FG2FH2FI2FJ2FK2FL2FM2FN2FO2FP2FQ2FR2FS2FT2FU2FV2FW2FX2GA2GB2GC2GD2GE2GF2GG2GH2GI2GJ2GK2GL2GM2GN2GO2GP2GQ2GR2GS2GT2GU2GV2GW2GX2HA2HB2HC2HD2HE2HF2HG2HH2HI2HJ2HK2HL2HM2HN2HO2HP2HQ2HR2HS2HT2HU2HV2HW2HX2IA2IB2IC2ID2IE2IF2IG2IH2II2IJ2IK2IL2IM2IN2IO2IP2IQ2IR2IS2IT2IU2IV2IW2IX2JA2JB2JC2JD2JE2JF2JG2JH2JI2JJ2JK2JL2JM2JN2JO2JP2JQ2JR2JS2JT2JU2JV2JW2JX2KA2KB2KC2KD2KE2KF2KG2KH2KI2KJ2KK2KL2KM2KN2KO2KP2KQ2KR2KS2KT2KU2KV2KW2KX2LA2LB2LC2LD2LE2LF2LG2LH2LI2LJ2LK2LL2LM2LN2LO2LP2LQ2LR2LS2LT2LU2LV2LW2LX2MA2MB2MC2MD2ME2MF2MG2MH2MI2MJ2MK2ML2MM2MN2MO2MP2MQ2MR2MS2MT2MU2MV2MW2MX2NA2NB2NC2ND2NE2NF2NG2NH2NI2NJ2NK2NL2NM2NN2NO2NP2NQ2NR2NS2NT2NU2NV2NW2NX2OA2OB2OC2OD2OE2OF2OG2OH2OI2OJ2OK2OL2OM2ON2OO2OP2OQ2OR2OS2OT2OU2OV2OW2OX2PA2PB2PC2PD2PE2PF2PG2PH2PI2PJ2PK2PL2PM2PN2PO2PP2PQ2PR2PS2PT2PU2PV2PW2PX2QA2QB2QC2QD2QE2QF2QG2QH2QI2QJ2QK2QL2QM2QN2QO2QP2QQ2QR2QS2QT2QU2QV2QW2QX2RA2RB2RC2RD2RE2RF2RG2RH2RI2RJ2RK2RL2RM2RN2RO2RP2RQ2RR2RS2RT2RU2RV2RW2RX2SA2SB2SC2SD2SE2SF2SG2SH2SI2SJ2SK2SL2SM2SN2SO2SP2SQ2SR2SS2ST2SU2SV2SW2SX2TA2TB2TC2TD2TE2TF2TG2TH2TI2TJ2TK2TL2TM2TN2TO2TP2TQ2TR2TS2TT2TU2TV2TW2TX2UA2UB2UC2UD2UE2UF2UG2UH2UI2UJ2UK2UL2UM2UN2UO2UP2UQ2UR2US2UT2UU2UV2UW2UX2VA2VB2VC2VD2VE2VF2VG2VH2VI2VJ2VK2VL2VM2VN2VO2VP2VQ2VR2VS2VT2VU2VV2VW2VX2WA2WB2WC2WD2WE2WF2WG2WH2WI2WJ2WK2WL2WM2WN2WO2WP2WQ2WR2WS2WT2WU2WV2WW2WX2XA2XB2XC2XD2XE2XF2XG2XH2XI2XJ2XK2XL2XM2XN2XO2XP2XQ2XR2XS2XT2XU2XV2XW2XX3AA3AB3AC3AD3AE3AF3AG3AH3AI3AJ3AK3AL3AM3AN3AO3AP3AQ3AR3AS3AT3AU3AV3AW3AX3BA3BB3BC3BD3BE3BF3BG3BH3BI3BJ3BK3BL3BM3BN3BO3BP3BQ3BR3BS3BT3BU3BV3BW3BX3CA3CB3CC3CD3CE3CF3CG3CH3CI3CJ3CK3CL3CM3CN3CO3CP3CQ3CR3CS3CT3CU3CV3CW3CX3DA3DB3DC3DD3DE3DF3DG3DH3DI3DJ3DK3DL3DM3DN3DO3DP3DQ3DR3DS3DT3DU3DV3DW3DX3EA3EB3EC3ED3EE3EF3EG3EH3EI3EJ3EK3EL3EM3EN3EO3EP3EQ3ER3ES3ET3EU3EV3EW3EX3FA3FB3FC3FD3FE3FF3FG3FH3FI3FJ3FK3FL3FM3FN3FO3FP3FQ3FR3FS3FT3FU3FV3FW3FX3GA3GB3GC3GD3GE3GF3GG3GH3GI3GJ3GK3GL3GM3GN3GO3GP3GQ3GR3GS3GT3GU3GV3GW3GX3HA3HB3HC3HD3HE3HF3HG3HH3HI3HJ3HK3HL3HM3HN3HO3HP3HQ3HR3HS3HT3HU3HV3HW3HX3IA3IB3IC3ID3IE3IF3IG3IH3II3IJ3IK3IL3IM3IN3IO3IP3IQ3IR3IS3IT3IU3IV3IW3IX3JA3JB3JC3JD3JE3JF3JG3JH3JI3JJ3JK3JL3JM3JN3JO3JP3JQ3JR3JS3JT3JU3JV3JW3JX3KA3KB3KC3KD3KE3KF3KG3KH3KI3KJ3KK3KL3KM3KN3KO3KP3KQ3KR3KS3KT3KU3KV3KW3KX3LA3LB3LC3LD3LE3LF3LG3LH3LI3LJ3LK3LL3LM3LN3LO3LP3LQ3LR3LS3LT3LU3LV3LW3LX3MA3MB3MC3MD3ME3MF3MG3MH3MI3MJ3MK3ML3MM3MN3MO3MP3MQ3MR3MS3MT3MU3MV3MW3MX3NA3NB3NC3ND3NE3NF3NG3NH3NI3NJ3NK3NL3NM3NN3NO3NP3NQ3NR3NS3NT3NU3NV3NW3NX3OA3OB3OC3OD3OE3OF3OG3OH3OI3OJ3OK3OL3OM3ON3OO3OP3OQ3OR3OS3OT3OU3OV3OW3OX3PA3PB3PC3PD3PE3PF3PG3PH3PI3PJ3PK3PL3PM3PN3PO3PP3PQ3PR3PS3PT3PU3PV3PW3PX3QA3QB3QC3QD3QE3QF3QG3QH3QI3QJ3QK3QL3QM3QN3QO3QP3QQ3QR3QS3QT3QU3QV3QW3QX3RA3RB3RC3RD3RE3RF3RG3RH3RI3RJ3RK3RL3RM3RN3RO3RP3RQ3RR3RS3RT3RU3RV3RW3RX3SA3SB3SC3SD3SE3SF3SG3SH3SI3SJ3SK3SL3SM3SN3SO3SP3SQ3SR3SS3ST3SU3SV3SW3SX3TA3TB3TC3TD3TE3TF3TG3TH3TI3TJ3TK3TL3TM3TN3TO3TP3TQ3TR3TS3TT3TU3TV3TW3TX3UA3UB3UC3UD3UE3UF3UG3UH3UI3UJ3UK3UL3UM3UN3UO3UP3UQ3UR3US3UT3UU3UV3UW3UX3VA3VB3VC3VD3VE3VF3VG3VH3VI3VJ3VK3VL3VM3VN3VO3VP3VQ3VR3VS3VT3VU3VV3VW3VX3WA3WB3WC3WD3WE3WF3WG3WH3WI3WJ3WK3WL3WM3WN3WO3WP3WQ3WR3WS3WT3WU3WV3WW3WX3XA3XB3XC3XD3XE3XF3XG3XH3XI3XJ3XK3XL3XM3XN3XO3XP3XQ3XR3XS3XT3XU3XV3XW3XX4AA4AB4AC4AD4AE4AF4AG4AH4AI4AJ4AK4AL4AM4AN4AO4AP4AQ4AR4AS4AT4AU4AV4AW4AX4BA4BB4BC4BD4BE4BF4BG4BH4BI4BJ4BK4BL4BM4BN4BO4BP4BQ4BR4BS4BT4BU4BV4BW4BX4CA4CB4CC4CD4CE4CF4CG4CH4CI4CJ4CK4CL4CM4CN4CO4CP4CQ4CR4CS4CT4CU4CV4CW4CX4DA4DB4DC4DD4DE4DF4DG4DH4DI4DJ4DK4DL4DM4DN4DO4DP4DQ4DR4DS4DT4DU4DV4DW4DX4EA4EB4EC4ED4EE4EF4EG4EH4EI4EJ4EK4EL4EM4EN4EO4EP4EQ4ER4ES4ET4EU4EV4EW4EX4FA4FB4FC4FD4FE4FF4FG4FH4FI4FJ4FK4FL4FM4FN4FO4FP4FQ4FR4FS4FT4FU4FV4FW4FX4GA4GB4GC4GD4GE4GF4GG4GH4GI4GJ4GK4GL4GM4GN4GO4GP4GQ4GR4GS4GT4GU4GV4GW4GX4HA4HB4HC4HD4HE4HF4HG4HH4HI4HJ4HK4HL4HM4HN4HO4HP4HQ4HR4HS4HT4HU4HV4HW4HX4IA4IB4IC4ID4IE4IF4IG4IH4II4IJ4IK4IL4IM4IN4IO4IP4IQ4IR4IS4IT4IU4IV4IW4IX4JA4JB4JC4JD4JE4JF4JG4JH4JI4JJ4JK4JL4JM4JN4JO4JP4JQ4JR4JS4JT4JU4JV4JW4JX4KA4KB4KC4KD4KE4KF4KG4KH4KI4KJ4KK4KL4KM4KN4KO4KP4KQ4KR4KS4KT4KU4KV4KW4KX4LA4LB4LC4LD4LE4LF4LG4LH4LI4LJ4LK4LL4LM4LN4LO4LP4LQ4LR4LS4LT4LU4LV4LW4LX4MA4MB4MC4MD4ME4MF4MG4MH4MI4MJ4MK4ML4MM4MN4MO4MP4MQ4MR4MS4MT4MU4MV4MW4MX4NA4NB4NC4ND4NE4NF4NG4NH4NI4NJ4NK4NL4NM4NN4NO4NP4NQ4NR4NS4NT4NU4NV4NW4NX4OA4OB4OC4OD4OE4OF4OG4OH4OI4OJ4OK4OL4OM4ON4OO4OP4OQ4OR4OS4OT4OU4OV4OW4OX4PA4PB4PC4PD4PE4PF4PG4PH4PI4PJ4PK4PL4PM4PN4PO4PP4PQ4PR4PS4PT4PU4PV4PW4PX4QA4QB4QC4QD4QE4QF4QG4QH4QI4QJ4QK4QL4QM4QN4QO4QP4QQ4QR4QS4QT4QU4QV4QW4QX4RA4RB4RC4RD4RE4RF4RG4RH4RI4RJ4RK4RL4RM4RN4RO4RP4RQ4RR4RS4RT4RU4RV4RW4RX4SA4SB4SC4SD4SE4SF4SG4SH4SI4SJ4SK4SL4SM4SN4SO4SP4SQ4SR4SS4ST4SU4SV4SW4SX4TA4TB4TC4TD4TE4TF4TG4TH4TI4TJ4TK4TL4TM4TN4TO4TP4TQ4TR4TS4TT4TU4TV4TW4TX4UA4UB4UC4UD4UE4UF4UG4UH4UI4UJ4UK4UL4UM4UN4UO4UP4UQ4UR4US4UT4UU4UV4UW4UX4VA4VB4VC4VD4VE4VF4VG4VH4VI4VJ4VK4VL4VM4VN4VO4VP4VQ4VR4VS4VT4VU4VV4VW4VX4WA4WB4WC4WD4WE4WF4WG4WH4WI4WJ4WK4WL4WM4WN4WO4WP4WQ4WR4WS4WT4WU4WV4WW4WX4XA4XB4XC4XD4XE4XF4XG4XH4XI4XJ4XK4XL4XM4XN4XO4XP4XQ4XR4XS4XT4XU4XV4XW4XX</Field37>
<Field38>2304</Field38>
<Field40>0</Field40>
</results>
<results>
<Field1>3EKZL9T8YAZR0D0I9FEKSTVPWF2HCL</Field1>
<Field2>3PUZG2R74TXVF7CR9RD94D92J8X45X</Field2>
<Field3>Participate in a land classification study (Bonuses for accuracy)</Field3>
<Field4>Classify an aerial image into four different types of land cover</Field4>
<Field5>image classification, land cover, photo interpretation</Field5>
<Field6>$0.50</Field6>
<Field7>Tue Jun 29 15:46:53 PDT 2021</Field7>
<Field8>6</Field8>
<Field9>BatchId:4491423;OriginalHitTemplateId:928390828;</Field9>
<Field10>3600</Field10>
<Field11>259200</Field11>
<Field12>Tue Jul 06 15:46:53 PDT 2021</Field12>
<Field15>30LSNF239X8GLAHU87C05CJ9DZ82I8</Field15>
<Field16>A2J9USSV2OF2NP</Field16>
<Field17>Submitted</Field17>
<Field18>Tue Jun 29 19:50:39 PDT 2021</Field18>
<Field19>Tue Jun 29 20:26:16 PDT 2021</Field19>
<Field20>Fri Jul 02 20:26:16 PDT 2021</Field20>
<Field24>2137</Field24>
<Field25>0% (0/0)</Field25>
<Field26>0% (0/0)</Field26>
<Field27>0% (0/0)</Field27>
<Field28>25596</Field28>
<Field29>new</Field29>
<Field30>img25596_new.jpg</Field30>
<Field31>https://raw.githubusercontent.com/ROIHabitat/lcimages/master/img25596_new.jpg</Field31>
<Field32>2303</Field32>
<Field33>1AN1AO1AP1AQ1AR1AS1AT1AU1AV1AW1AX1BN1BO1BP1BQ1BR1BS1BT1BU1BV1BW1BX1CM1CN1CO1CP1CQ1CR1CS1CT1CU1CV1CW1CX1DK1DL1DM1DN1DO1DP1DQ1DR1DS1DT1DU1DV1DW1DX1EJ1EK1EL1EM1EN1EO1EP1EQ1ER1ES1ET1EU1EV1EW1EX1FJ1FK1FL1FM1FN1FO1FP1FQ1FR1FS1FT1FU1FV1FW1FX1GI1GJ1GK1GL1GM1GN1GO1GP1GQ1GR1GS1GT1GU1GV1GW1GX1HI1HJ1HK1HL1HM1HN1HO1HP1HQ1HR1HS1HT1HU1HV1HW1HX1II1IJ1IK1IL1IM1IN1IO1IP1IQ1IR1IS1IT1IU1IV1IW1IX1JI1JJ1JK1JL1JM1JN1JO1JP1JQ1JR1JS1JT1JU1JV1JW1JX1KI1KJ1KK1KL1KM1KN1KO1KP1KQ1KR1KS1KT1KU1KV1KW1KX1LI1LJ1LK1LL1LM1LN1LO1LP1LQ1LR1LS1LT1LU1LV1LW1LX1MB1MI1MJ1MK1ML1MM1MN1MO1MP1MQ1MR1MS1MT1MU1MV1MW1MX1NA1NB1NJ1NK1NL1NM1NN1NO1NP1NQ1NR1NS1NT1NU1NV1NW1NX1OA1OB1OK1OL1OM1ON1OO1OP1OQ1OR1OS1OT1OU1OV1OW1OX1PA1PB1PK1PL1PM1PN1PO1PP1PQ1PR1PS1PT1PU1PV1PW1PX1QA1QB1QC1QF1QL1QM1QN1QO1QP1QQ1QR1QS1QT1QU1QV1QW1QX1RA1RB1RC1RF1RG1RL1RM1RN1RO1RP1RQ1RR1RS1RT1RU1RV1RW1RX1SA1SB1SC1SE1SF1SG1SJ1SK1SL1SM1SN1SR1SS1ST1SU1SV1SW1SX1TA1TB1TC1TD1TE1TF1TG1TK1TL1TM1TN1TO1TR1TS1TT1TU1TV1TW1TX1UA1UB1UC1UD1UE1UF1UG1UH1UI1UL1UM1UN1UO1UR1US1UT1UU1UV1UW1UX1VA1VB1VC1VD1VE1VF1VG1VH1VI1VL1VM1VN1VO1VR1VS1VT1VU1VV1WA1WB1WC1WD1WE1WF1WG1WH1WI1WL1WM1WN1WO1WP1WQ1WR1WS1XA1XB1XC1XD1XE1XF1XG1XH1XL1XM1XN1XO1XQ1XR2AA2AB2AC2AD2AE2AF2AG2AH2AI2AJ2AK2AL2AM2AN2AO2AP2AQ2AR2AS2AT2AU2AV2AW2AX2BA2BB2BC2BD2BE2BF2BG2BH2BI2BJ2BK2BL2BM2BN2BO2BP2BQ2BR2BS2BT2BU2BV2BW2BX2CA2CB2CC2CD2CE2CF2CG2CH2CI2CJ2CK2CL2CM2CN2CO2CP2CQ2CR2CS2CT2CU2CV2CW2CX2DA2DB2DC2DD2DE2DF2DG2DH2DI2DJ2DK2DL2DM2DN2DO2DP2DQ2DR2DS2DT2DU2DV2DW2DX2EA2EB2EC2ED2EE2EF2EG2EH2EI2EJ2EK2EL2EM2EN2EO2EP2EQ2ER2ES2ET2EU2EV2EW2EX2FA2FB2FC2FD2FE2FF2FG2FH2FI2FJ2FK2FL2FM2FN2FO2FP2FQ2FR2FS2FT2FU2FV2FW2FX2GA2GB2GC2GD2GE2GF2GG2GH2GI2GJ2GK2GL2GM2GN2GO2GP2GQ2GR2GS2GT2GU2GV2GW2GX2HA2HB2HC2HD2HE2HF2HG2HH2HI2HJ2HK2HL2HM2HN2HO2HP2HQ2HR2HS2HT2HU2HV2HW2HX2IA2IB2IC2ID2IE2IF2IG2IH2II2IJ2IK2IL2IM2IN2IO2IP2IQ2IR2IS2IT2IU2IV2IW2IX2JA2JB2JC2JD2JE2JF2JG2JH2JI2JJ2JK2JL2JM2JN2JO2JP2JQ2JR2JS2JT2JU2JV2JW2JX2KA2KB2KC2KD2KE2KF2KG2KH2KI2KJ2KK2KL2KM2KN2KO2KP2KQ2KR2KS2KT2KU2KV2KW2KX2LA2LB2LC2LD2LE2LF2LG2LH2LI2LJ2LK2LL2LM2LN2LO2LP2LQ2LR2LS2LT2LU2LV2LW2LX2MA2MB2MC2MD2ME2MF2MG2MH2MI2MJ2MK2ML2MM2MN2MO2MP2MQ2MR2MS2MT2MU2MV2MW2MX2NA2NB2NC2ND2NE2NF2NG2NH2NL2NM2NN2NO2NP2NQ2NR2NS2NT2NU2NV2NW2NX2OA2OB2OC2OD2OE2OF2OG2OH2OI2OL2OM2ON2OO2OP2OQ2OR2OS2OT2OU2OV2OW2OX2PA2PB2PC2PD2PE2PF2PG2PH2PI2PJ2PK2PL2PM2PN2PO2PP2PQ2PR2PS2PT2PU2PV2PW2PX2QA2QB2QC2QD2QE2QF2QG2QH2QI2QJ2QK2QL2QM2QN2QO2QP2QQ2QR2QS2QT2QU2QV2QW2QX2RA2RB2RC2RD2RE2RF2RG2RH2RI2RJ2RK2RL2RM2RN2RO2RP2RQ2RR2RS2RT2RU2RX2SA2SB2SC2SD2SE2SF2SG2SH2SI2SJ2SK2SL2SM2SN2SO2SP2SQ2SR2SS2ST2SX2TA2TB2TC2TD2TE2TF2TG2TH2TI2TJ2TK2TL2TM2TN2TO2TP2TQ2TR2TS2TX2UA2UB2UC2UD2UE2UF2UG2UH2UI2UJ2UK2UL2UM2UN2UO2UP2UQ2UR2US2UT2UX2VB2VC2VD2VE2VF2VG2VH2VI2VJ2VK2VL2VM2VN2VO2VP2VQ2VR2VS2VT2VU2VX2WD2WE2WF2WG2WH2WI2WJ2WK2WL2WM2WN2WO2WP2WQ2WR2WS2WT2WU2WX2XG2XH2XI2XJ2XK2XL2XM2XN2XO2XP2XQ2XR2XS2XT2XU2XV2XW2XX3AA3AB3AC3AD3AE3AF3AG3AH3AI3AJ3BA3BB3BC3BD3BE3BF3BG3BH3BI3BJ3BN3BO3CA3CB3CC3CD3CE3CF3CG3CH3CI3CJ3CM3CN3CO3DA3DB3DC3DD3DE3DF3DG3DH3DI3DJ3DK3DL3DM3DN3DO3DP3EC3ED3EE3EF3EG3EH3EI3EJ3EK3EL3EM3EN3EO3EP3FC3FD3FE3FF3FG3FH3FI3FJ3FK3FL3FM3FN3FO3FP3GC3GD3GE3GF3GG3GH3GI3GJ3GK3GL3GM3GN3GO3GP3HC3HD3HE3HF3HG3HH3HI3HJ3HK3HL3HM3HN3HO3HP3IC3ID3IE3IF3IG3IH3II3IJ3IK3IL3IM3IN3IO3IP3JC3JD3JE3JF3JG3JH3JI3JJ3JK3JL3JM3JN3JO3JP3JQ3KC3KD3KE3KF3KG3KH3KI3KJ3KK3KL3KM3KN3KO3KP3KQ3LC3LD3LE3LF3LG3LH3LI3LJ3LK3LL3LM3LN3LO3LP3LQ3MC3MD3ME3MF3MG3MH3MI3MJ3MK3ML3MM3MN3MO3MP3MQ3NC3ND3NE3NF3NG3NH3NI3NJ3NK3NL3NM3NN3NO3NP3NQ3OC3OD3OE3OF3OG3OH3OI3OJ3OK3OL3OM3ON3OO3OP3OQ3PC3PD3PE3PF3PG3PH3PI3PJ3PK3PL3PM3PN3PO3PP3PQ3PR3QD3QE3QF3QG3QH3QI3QJ3QK3QL3QM3QN3QO3QP3QQ3QR3RD3RE3RF3RG3RH3RI3RJ3RK3RL3RM3RN3RO3RP3RQ3RR3SD3SE3SF3SG3SH3SI3SJ3SK3SL3SM3SN3SO3SP3SQ3SR3SS3TD3TE3TF3TG3TH3TI3TJ3TK3TL3TM3TN3TO3TP3TQ3TR3TS3UD3UE3UF3UG3UH3UI3UJ3UK3UL3UM3UN3UO3UP3UQ3UR3US3VD3VE3VF3VG3VH3VI3VJ3VK3VL3VM3VN3VO3VP3VQ3VR3VS3VT3WD3WE3WF3WG3WH3WI3WJ3WK3WL3WM3WN3WO3WP3WQ3WR3WS3WT3XB3XC3XD3XE3XF3XG3XH3XI3XJ3XK3XL3XM3XN3XO3XP3XQ3XR3XS3XT4AH4AI4AJ4AK4AL4AM4AN4AO4AP4AQ4AR4AS4AT4AU4AV4AW4AX4BH4BI4BJ4BK4BL4BM4BN4BO4BP4BQ4BR4BS4BT4BU4BV4BW4BX4CH4CI4CJ4CK4CL4CM4CN4CO4CP4CQ4CR4CS4CT4CU4CV4CW4CX4DL4DM4DN4DO4DP4DQ4DR4DS4DT4DU4DV4DW4DX4EN4EO4EP4EQ4ER4ES4ET4EU4EV4EW4EX4FQ4FR4FS4FT4FU4FV4FW4FX4GS4GT4GU4GV4GW4GX4HV4HW4HX4IW4IX</Field33>
<Field34>1378</Field34>
<Field35>4AD4AE4AF4BD4CD4CE4DD4DE4FC4GF4HF4HL4IA4IF4IL4IM4IN4IO4JA4JB4JD4JE4JF4JL4JM4JN4JO4JP4JQ4JR4KA4KB4KC4KF4KL4KM4KN4KO4KP4KQ4KR4KS4KT4LA4LB4LC4LG4LI4LJ4LK4LL4LM4LN4LO4LP4LQ4LR4LS4LT4LU4LV4LW4MH4MI4MJ4MK4ML4MM4MN4MO4MP4MQ4MR4MS4MT4MU4MV4MW4MX4NA4NK4NL4NM4NN4NO4NP4NQ4NR4NS4NT4NU4NV4NW4NX4OC4OD4OK4OL4OM4ON4OO4OP4OQ4OR4OS4OT4OU4OV4OW4OX4PD4PE4PK4PL4PM4PN4PO4PP4PQ4PR4PS4PT4PU4PV4PW4PX4QA4QB4QJ4QK4QL4QM4QN4QO4QP4QQ4QR4QS4QT4QU4QX4RL4RM4RN4RO4RP4RQ4RR4RS4RT4RU4RX4SL4SM4SN4SO4SP4SQ4SR4SS4ST4SU4SV4TL4TM4TN4TO4TP4TQ4TR4TS4TT4TU4TV4UL4UM4UN4UO4UP4UQ4UR4US4UT4UU4UV4UW4UX4VL4VM</Field35>
<Field36>189</Field36>
<Field37>1AA1AB1AC1AD1AE1AF1AG1AH1AI1AJ1AK1AL1AM1BA1BB1BC1BD1BE1BF1BG1BH1BI1BJ1BK1BL1BM1CA1CB1CC1CD1CE1CF1CG1CH1CI1CJ1CK1CL1DA1DB1DC1DD1DE1DF1DG1DH1DI1DJ1EA1EB1EC1ED1EE1EF1EG1EH1EI1FA1FB1FC1FD1FE1FF1FG1FH1FI1GA1GB1GC1GD1GE1GF1GG1GH1HA1HB1HC1HD1HE1HF1HG1HH1IA1IB1IC1ID1IE1IF1IG1IH1JA1JB1JC1JD1JE1JF1JG1JH1KA1KB1KC1KD1KE1KF1KG1KH1LA1LB1LC1LD1LE1LF1LG1LH1MA1MC1MD1ME1MF1MG1MH1NC1ND1NE1NF1NG1NH1NI1OC1OD1OE1OF1OG1OH1OI1OJ1PC1PD1PE1PF1PG1PH1PI1PJ1QD1QE1QG1QH1QI1QJ1QK1RD1RE1RH1RI1RJ1RK1SD1SH1SI1SO1SP1SQ1TH1TI1TJ1TP1TQ1UJ1UK1UP1UQ1VJ1VK1VP1VQ1VW1VX1WJ1WK1WT1WU1WV1WW1WX1XI1XJ1XK1XP1XS1XT1XU1XV1XW1XX2NI2NJ2NK2OJ2OK2RV2RW2SU2SV2SW2TT2TU2TV2TW2UU2UV2UW2VA2VV2VW2WA2WB2WC2WV2WW2XA2XB2XC2XD2XE2XF3AK3AL3AM3AN3AO3AP3AT3AU3AV3AW3AX3BK3BL3BM3BR3BS3BT3BU3BV3BW3BX3CK3CL3CQ3CR3CS3CT3CU3CV3CW3CX3DQ3DR3DS3DT3DU3DV3DW3DX3EA3EB3EQ3ER3ES3ET3EU3EV3EW3EX3FA3FB3FQ3FR3FS3FT3FU3FV3FW3FX3GA3GB3GQ3GR3HA3HB3HQ3HR3HS3IA3IB3IQ3IR3JA3JB3JR3KA3KB3KR3LA3LB3LR3LS3MA3MB3MR3MS3MT3MU3NA3NB3NR3NS3NT3NU3OA3OB3OR3OS3OT3OU3OV3PA3PB3PS3PT3PU3PV3QA3QB3QC3QS3QT3QU3QV3QW3QX3RA3RB3RC3RS3RT3RU3RV3RW3RX3SA3SB3SC3ST3SU3SV3SW3SX3TA3TB3TC3TT3TU3TV3TW3TX3UA3UB3UC3UT3UU3UV3UW3UX3VA3VB3VC3VU3VV3VW3VX3WA3WB3WC3WU3WV3WW3WX3XU3XV3XW3XX4AA4AB4AC4AG4BA4BB4BC4BE4BF4BG4CA4CB4CC4CF4CG4DA4DB4DC4DF4DG4DH4DI4DJ4DK4EA4EB4EC4ED4EE4EF4EG4EH4EJ4EK4EL4EM4FA4FB4FD4FE4FF4FG4FH4FI4FJ4FK4FM4FN4FO4FP4GA4GB4GC4GD4GE4GG4GH4GI4GJ4GK4GL4GM4GP4GQ4GR4HA4HB4HC4HD4HE4HG4HH4HI4HJ4HK4HM4HN4HO4HP4HR4HS4HT4HU4IB4IC4ID4IE4IG4IH4II4IJ4IK4IP4IQ4IR4IS4IT4IU4IV4JC4JG4JH4JI4JJ4JK4JS4JT4JU4JV4JW4JX4KD4KE4KG4KH4KI4KJ4KK4KU4KV4KW4KX4LD4LE4LF4LH4LX4MA4MB4MC4MD4ME4MF4MG4NB4NC4ND4NE4NF4NG4NH4NI4NJ4OE4OF4OG4OH4OI4OJ4PF4PG4PH4PI4PJ4QC4QD4QE4QF4QG4QH4QI4QV4QW4RA4RB4RC4RD4RE4RF4RG4RH4RI4RJ4RK4RV4RW4SA4SB4SC4SD4SE4SF4SG4SH4SI4SJ4SK4SW4SX4TA4TB4TC4TD4TE4TF4TG4TH4TI4TJ4TK4TW4TX4UA4UB4UC4UD4UE4UF4UG4UH4UI4UJ4UK4VA4VB4VC4VD4VE4VF4VG4VH4VI4VJ4VK4VN4VO4VP4VQ4VR4VS4VT4VU4VV4VW4VX4WA4WB4WC4WD4WE4WF4WG4WH4WI4WJ4WK4WL4WM4WN4WO4WP4WQ4WR4WS4WT4WU4WV4WW4WX4XA4XB4XC4XD4XE4XF4XG4XH4XI4XJ4XK4XL4XM4XN4XO4XP4XQ4XR4XS4XT4XU4XV4XW4XX</Field37>
<Field38>676</Field38>
<Field39>3AQ3AR3AS3BP3BQ3CP3GS3GT3GU3GV3GW3GX3HT3HU3HV3HW3HX3IS3IT3IU3IV3IW3IX3JS3JT3JU3JV3JW3JX3KS3KT3KU3KV3KW3KX3LT3LU3LV3LW3LX3MV3MW3MX3NV3NW3NX3OW3OX3PW3PX4EI4FL4GN4GO4HQ4OA4OB4PA4PB4PC</Field39>
<Field40>60</Field40>
</results>
<results>
<Field1>3EKZL9T8YAZR0D0I9FEKSTVPWF2HCL</Field1>
<Field2>3PUZG2R74TXVF7CR9RD94D92J8X45X</Field2>
<Field3>Participate in a land classification study (Bonuses for accuracy)</Field3>
<Field4>Classify an aerial image into four different types of land cover</Field4>
<Field5>image classification, land cover, photo interpretation</Field5>
<Field6>$0.50</Field6>
<Field7>Tue Jun 29 15:46:53 PDT 2021</Field7>
<Field8>6</Field8>
<Field9>BatchId:4491423;OriginalHitTemplateId:928390828;</Field9>
<Field10>3600</Field10>
<Field11>259200</Field11>
<Field12>Tue Jul 06 15:46:53 PDT 2021</Field12>
<Field15>3HMVI3QICM5VMPE3TLYPMH3SBBLY1K</Field15>
<Field16>A1UQ1OURMB9IRJ</Field16>
<Field17>Submitted</Field17>
<Field18>Tue Jun 29 17:35:20 PDT 2021</Field18>
<Field19>Tue Jun 29 17:58:53 PDT 2021</Field19>
<Field20>Fri Jul 02 17:58:53 PDT 2021</Field20>
<Field24>1413</Field24>
<Field25>0% (0/0)</Field25>
<Field26>0% (0/0)</Field26>
<Field27>0% (0/0)</Field27>
<Field28>25596</Field28>
<Field29>new</Field29>
<Field30>img25596_new.jpg</Field30>
<Field31>https://raw.githubusercontent.com/ROIHabitat/lcimages/master/img25596_new.jpg</Field31>
<Field32>2205</Field32>
<Field33>1AS1AT1AU1AV1AW1AX1BN1BO1BP1BQ1BR1BS1BT1BU1BV1BW1BX1CM1CN1CO1CP1CQ1CR1CS1CT1CU1CV1CW1CX1DK1DL1DM1DN1DO1DP1DQ1DR1DS1DT1DU1DV1DW1DX1EJ1EK1EL1EM1EN1EO1EP1EQ1ER1ES1ET1EU1EV1EW1EX1FJ1FK1FL1FM1FN1FO1FP1FQ1FR1FS1FT1FU1FV1FW1FX1GI1GJ1GK1GL1GM1GN1GO1GP1GQ1GR1GS1GT1GU1GV1GW1GX1HH1HI1HJ1HK1HL1HM1HN1HO1HP1HQ1HR1HS1HT1HU1HV1HW1HX1IH1II1IJ1IK1IL1IM1IN1IO1IP1IQ1IR1IS1IT1IU1IV1IW1IX1JH1JI1JJ1JK1JL1JM1JN1JO1JP1JQ1JR1JS1JT1JU1JV1JW1JX1KH1KI1KJ1KK1KL1KM1KN1KO1KP1KQ1KR1KS1KT1KU1KV1KW1KX1LB1LI1LJ1LK1LL1LM1LN1LO1LP1LQ1LR1LS1LT1LU1LV1LW1LX1MA1MB1MI1MJ1MK1ML1MM1MN1MO1MP1MQ1MR1MS1MT1MU1MV1MW1MX1NA1NB1NC1NI1NJ1NK1NL1NM1NN1NO1NP1NQ1NR1NS1NT1NU1NV1NW1NX1OA1OB1OC1OJ1OK1OL1OM1ON1OO1OP1OQ1OR1OS1OT1OU1OV1OW1OX1PA1PB1PC1PK1PL1PM1PN1PO1PP1PQ1PR1PS1PT1PU1PV1PW1PX1QA1QB1QC1QL1QM1QN1QO1QP1QQ1QR1QS1QT1QU1QV1QW1QX1RA1RB1RC1RD1RL1RM1RN1RO1RP1RQ1RR1RS1RT1RU1RV1RW1RX1SA1SB1SC1SD1SQ1SR1SS1ST1SU1SV1SW1SX1TA1TB1TC1TD1TR1TS1TT1TU1TV1TW1TX1UA1UB1UC1UD1UE1UR1US1UT1UU1UV1UW1UX1VA1VB1VC1VD1VE1VR1VS1VT1VU1VV1WA1WB1WC1WD1WE1WS1WT1XB1XC1XD1XE1XF2AA2AB2AC2AD2AE2AF2AG2AH2AI2AJ2AK2AL2AM2AN2AO2AP2AQ2AR2AS2AT2AU2AV2AW2BA2BB2BC2BD2BE2BF2BG2BH2BI2BJ2BK2BL2BM2BN2BO2BP2BQ2BR2BS2BT2BU2BV2BW2CA2CB2CC2CD2CE2CF2CG2CH2CI2CJ2CK2CL2CM2CN2CO2CP2CQ2CR2CS2CT2CU2CV2CW2DA2DB2DC2DD2DE2DF2DG2DH2DI2DJ2DK2DL2DM2DN2DO2DP2DQ2DR2DS2DT2DU2DV2DW2EA2EB2EC2ED2EE2EF2EG2EH2EI2EJ2EK2EL2EM2EN2EO2EP2EQ2ER2ES2ET2EU2EV2EW2FA2FB2FC2FD2FE2FF2FG2FH2FI2FJ2FK2FL2FM2FN2FO2FP2FQ2FR2FS2FT2FU2FV2FW2GA2GB2GC2GD2GE2GF2GG2GH2GI2GJ2GK2GL2GM2GN2GO2GP2GQ2GR2GS2GT2GU2GV2GW2HA2HB2HC2HD2HE2HF2HG2HH2HI2HJ2HK2HL2HM2HN2HO2HP2HQ2HR2HS2HW2IA2IB2IC2ID2IE2IF2IG2IH2II2IJ2IK2IL2IM2IN2IO2IP2IQ2IR2IS2IW2JA2JB2JC2JD2JE2JF2JG2JH2JI2JJ2JK2JL2JM2JN2JO2JP2JQ2JR2JS2JT2JU2JV2JW2KA2KB2KC2KD2KE2KF2KG2KH2KI2KJ2KK2KL2KM2KN2KO2KP2KQ2KR2KS2KT2KU2KV2KW2LA2LB2LC2LD2LE2LF2LG2LH2LI2LJ2LK2LL2LM2LN2LO2LP2LQ2LR2LS2LT2LU2LV2LW2MA2MB2MC2MD2ME2MF2MG2MH2MI2MJ2MK2ML2MM2MN2MO2MP2MQ2MR2MS2MT2MU2MV2MW2NA2NB2NC2ND2NE2NF2NG2NH2NM2NN2NO2NP2NQ2NR2NS2NT2NU2NV2NW2OA2OB2OC2OD2OE2OF2OG2OM2ON2OO2OP2OQ2OR2OS2OT2OU2OV2OW2PA2PB2PC2PD2PE2PF2PG2PL2PM2PN2PO2PP2PQ2PR2PS2PT2PU2PV2PW2PX2QA2QB2QC2QD2QE2QF2QG2QH2QI2QJ2QK2QL2QM2QN2QO2QP2QQ2QR2QS2QT2QU2QV2QW2QX2RA2RB2RC2RD2RE2RF2RG2RH2RI2RJ2RK2RL2RM2RN2RO2RP2RQ2RR2RS2RT2RU2RV2RW2RX2SA2SB2SC2SD2SE2SF2SG2SH2SI2SJ2SK2SL2SM2SN2SO2SP2SQ2SR2SS2TA2TB2TC2TD2TE2TF2TG2TH2TI2TJ2TK2TL2TM2TN2TO2TP2TQ2TR2TS2UA2UB2UC2UD2UE2UF2UG2UH2UI2UJ2UK2UL2UM2UN2UO2UP2UQ2UR2US2UT2VC2VD2VE2VF2VG2VH2VI2VJ2VK2VL2VM2VN2VO2VP2VQ2VR2VS2VT2VU2WD2WE2WF2WG2WH2WI2WJ2WK2WL2WM2WN2WO2WP2WQ2WR2WS2WT2WU2WV2WW2XF2XG2XH2XI2XJ2XK2XL2XM2XN2XO2XP2XQ2XR2XS2XT2XU2XV2XW3AB3AC3AD3AE3AF3AG3AH3BA3BB3BC3BD3BE3BF3BG3BH3BI3CB3CC3CD3CE3CF3CG3CH3CI3CJ3CK3CL3CM3DB3DC3DD3DE3DF3DG3DH3DI3DJ3DK3DL3DM3EC3ED3EE3EF3EG3EH3EI3EJ3EK3EL3EM3EN3EO3EP3FC3FD3FE3FF3FG3FH3FI3FJ3FK3FL3FM3FN3FO3FP3GC3GD3GE3GF3GG3GH3GI3GJ3GK3GL3GM3GN3GO3GP3HC3HD3HE3HF3HG3HH3HI3HJ3HK3HL3HM3HN3HO3HP3HQ3IC3ID3IE3IF3IG3IH3II3IJ3IK3IL3IM3IN3IO3IP3IQ3JC3JD3JE3JF3JG3JH3JI3JJ3JK3JL3JM3JN3JO3JP3JQ3KC3KD3KE3KF3KG3KH3KI3KJ3KK3KL3KM3KN3KO3KP3KQ3LC3LD3LE3LF3LG3LH3LI3LJ3LK3LL3LM3LN3LO3LP3LQ3MC3MD3ME3MF3MG3MH3MI3MJ3MK3ML3MM3MN3MO3MP3MQ3NC3ND3NE3NF3NG3NH3NI3NJ3NK3NL3NM3NN3NO3NP3NQ3OC3OD3OE3OF3OG3OH3OI3OJ3OK3OL3OM3ON3OO3OP3OQ3PC3PD3PE3PF3PG3PH3PI3PJ3PK3PL3PM3PN3PO3PP3PQ3PR3QC3QD3QE3QF3QG3QH3QI3QJ3QK3QL3QM3QN3QO3QP3QQ3QR3RC3RD3RE3RF3RG3RH3RI3RJ3RK3RL3RM3RN3RO3RP3RQ3RR3SC3SD3SE3SF3SG3SH3SI3SJ3SK3SL3SM3SN3SO3SP3SQ3SR3TC3TD3TE3TF3TG3TH3TI3TJ3TK3TL3TM3TN3TO3TP3TQ3TR3TS3UC3UD3UE3UF3UG3UH3UI3UJ3UK3UL3UM3UN3UO3UP3UQ3UR3US3VC3VD3VE3VF3VG3VH3VI3VJ3VK3VL3VM3VN3VO3VP3VQ3VR3VS3WC3WD3WE3WF3WG3WH3WI3WJ3WK3WL3WM3WN3WO3WP3WQ3WR3WS3WT3WU3WV3WW3XB3XC3XD3XE3XF3XG3XH3XI3XJ3XK3XL3XM3XN3XO3XP3XQ3XR3XS3XT3XU3XV3XW4AG4AH4AI4AJ4AK4AL4AM4AN4AO4AP4AQ4AR4AS4AT4AU4AV4AW4AX4BH4BI4BJ4BK4BL4BM4BN4BO4BP4BQ4BR4BS4BT4BU4BV4BW4BX4CH4CI4CJ4CK4CL4CM4CN4CO4CP4CQ4CR4CS4CT4CU4CV4CW4CX4DJ4DK4DL4DM4DN4DO4DP4DQ4DR4DS4DT4DU4DV4DW4DX4EL4EM4EN4EO4EP4EQ4ER4ES4ET4EU4EV4EW4EX4FP4FQ4FR4FS4FT4FU4FV4FW4FX4GS4GT4GU4GV4GW4GX4HL4HU4HV4HW4HX4IL4IM4IN4IO4IW4IX4JL4JM4JN4JO4JP4JQ4JR4KL4KM4KN4KO4KP4KQ4KR4KS4KT4KU4LJ4LK4LL4LM4LN4LO4LP4LQ4LR4LS4LT4LU4LV4LW4LX4MJ4MK4ML4MM4MN4MO4MP4MQ4MR4MS4MT4MU4MV4MW4MX4NJ4NK4NL4NM4NN4NO4NP4NQ4NR4NS4NT4NU4NV4NW4NX4OK4OL4OM4ON4OO4OP4OQ4OR4OS4OT4OU4OV4OW4OX4PJ4PK4PL4PM4PN4PO4PP4PQ4PR4PS4PT4PU4PV4PW4PX4QJ4QK4QL4QM4QN4QO4QP4QQ4QR4QS4QT4QU4QW4QX4RL4RM4RN4RO4RP4RQ4RR4RS4RT4RU4RX4SL4SM4SN4SO4SP4SQ4SR4SS4ST4SU4SV4TL4TM4TN4TO4TP4TQ4TR4TS4TT4TU4TV4TW4UL4UM4UN4UO4UP4UQ4UR4US4UT4UU4UV4UW4UX4VL4VM4VN4VO4VP4VQ4VR4VS4VT4VU4VV</Field33>
<Field34>1478</Field34>
<Field35>1QF1QG1RF1RG1SE1SF1SG1SJ1SK1SL1SM1SN1TE1TF1TG1TH1TK1TL1TM1TN1TO1UF1UG1UH1UI1UL1UM1UN1UO1UP1VF1VG1VH1VI1VL1VM1VN1VO1VP1WF1WG1WH1WI1WJ1WL1WM1WN1WO1WP1WQ1WR1XG1XH1XI1XK1XL1XM1XN1XO1XP1XQ1XR2HT2HU2HV2IT2IU2IV2NL2OH2OL2PH2PI2PJ2PK2VB2WC2XD2XE3AL3AM3AO3AP3AQ3AR3AS3AT3BN3BO3BP3BQ3BR3CO3CP3CQ3CR3DP3FW3FX3GQ3GR3GS3GT3GU3GV3GW3GX3HW3HX3IW3IX3JW3JX3KW3KX3LW3LX3MX3NS3NX3OT4AD4AE4AF4BD4BE4CD4CE4CF4DD4DE4EA4EB4EC4FB4FC4FD4FE4HI4HJ4IA4ID4II4JA4JB4JD4JE4JF4KA4KB4KC4KD4KE4LA4LB4LC4LD4LF4LG4LH4LI4MH4MI4NI4OD4OE4PD4PE4PF4QD</Field35>
<Field36>170</Field36>
<Field37>1BA1BB1BC1BD1BE1BF1BG1BH1BI1BJ1BK1BL1BM1CA1CB1CC1CD1CE1CF1CG1CH1CI1CJ1CK1CL1DA1DB1DC1DD1DE1DF1DG1DH1DI1DJ1EA1EB1EC1ED1EE1EF1EG1EH1EI1FA1FB1FC1FD1FE1FF1FG1FH1FI1GA1GB1GC1GD1GE1GF1GG1GH1HA1HB1HC1HD1HE1HF1HG1IA1IB1IC1ID1IE1IF1IG1JA1JB1JC1JD1JE1JF1JG1KA1KB1KC1KD1KE1KF1KG1LA1LC1LD1LE1LF1LG1LH1MC1MD1ME1MF1MG1MH1ND1NE1NF1NG1NH1OD1OE1OF1OG1OH1OI1PD1PE1PF1PG1PH1PI1PJ1QD1QE1QH1QI1QJ1QK1RE1RH1RI1RJ1RK1SH1SI1SO1SP1TI1TJ1TP1TQ1UJ1UK1UQ1VJ1VK1VQ1VW1VX1WK1WU1WV1WW1WX1XJ1XS1XT1XU1XV1XW1XX2NI2NJ2NK2OI2OJ2OK2ST2SU2SV2SW2TT2TU2TV2TW2UU2UV2UW2VA2VV2VW2WA2WB2XA2XB2XC3AJ3AK3AN3AU3AV3AW3AX3BJ3BK3BL3BM3BS3BT3BU3BV3BW3BX3CN3CS3CT3CU3CV3CW3CX3DN3DO3DQ3DR3DS3DT3DU3DV3DW3DX3EB3EQ3ER3ES3ET3EU3EV3EW3EX3FB3FQ3FR3FS3FT3FU3FV3GB3HB3IB3JB3KB3LB3LR3LS3MB3MR3MS3MT3NB3NR3NT3NU3OB3OR3OS3OU3OV3PB3PS3PT3PU3PV3QB3QS3QT3QU3QV3QW3RB3RS3RT3RU3RV3RW3RX3SB3SS3ST3SU3SV3SW3SX3TB3TT3TU3TV3TW3TX3UB3UT3UU3UV3UW3UX3VB3VT3VU3VV3VW3VX3WB3WX4AA4AB4AC4BA4BB4BC4BF4BG4CA4CB4CC4CG4DA4DB4DC4DF4DG4DH4DI4ED4EE4EF4EG4EH4EI4EJ4EK4FA4FF4FG4FH4FI4FJ4FK4FL4FM4FN4FO4GA4GB4GC4GD4GE4GH4GJ4GK4GL4GM4GN4GO4GP4GQ4GR4HA4HB4HC4HD4HE4HH4HK4HM4HN4HO4HP4HQ4HR4HS4HT4IB4IC4IE4IH4IJ4IK4IP4IQ4IR4IS4IT4IU4IV4JC4JH4JI4JK4JS4JT4JU4JV4JW4JX4KH4KI4KJ4KK4KV4KW4KX4LE4MA4MB4MC4MD4ME4MF4MG4NC4ND4NE4NF4NG4NH4OF4OG4OH4OI4OJ4PG4PH4PI4QE4QF4QG4QH4QI4QV4RA4RB4RC4RD4RE4RF4RG4RH4RI4RJ4RK4RV4RW4SA4SB4SC4SD4SE4SF4SG4SH4SI4SJ4SK4SW4SX4TA4TB4TC4TD4TE4TF4TG4TH4TI4TJ4TK4TX4UA4UB4UC4UD4UE4UF4UG4UH4UI4UJ4UK4VA4VB4VC4VD4VE4VF4VG4VH4VI4VJ4VK4VW4VX4WA4WB4WC4WD4WE4WF4WG4WH4WI4WJ4WK4WL4WM4WN4WO4WP4WQ4WR4WS4WT4WU4WV4WW4WX4XD</Field37>
<Field38>513</Field38>
<Field39>3AI3HR3HS3HT3HU3HV3IR3IS3IT3IU3IV3JR3JS3JT3JU3JV3KR3KS3KT3KU3KV3LT3LU3LV3MV3MW3NW3OX4GF4GG4HF4HG4IF4IG4JG4JJ4KG4OA4OB4PA4PB4PC4QA4QB</Field39>
<Field40>44</Field40>
</results>
<results>
<Field1>3EKZL9T8YAZR0D0I9FEKSTVPWF2HCL</Field1>
<Field2>3PUZG2R74TXVF7CR9RD94D92J8X45X</Field2>
<Field3>Participate in a land classification study (Bonuses for accuracy)</Field3>
<Field4>Classify an aerial image into four different types of land cover</Field4>
<Field5>image classification, land cover, photo interpretation</Field5>
<Field6>$0.50</Field6>
<Field7>Tue Jun 29 15:46:53 PDT 2021</Field7>
<Field8>6</Field8>
<Field9>BatchId:4491423;OriginalHitTemplateId:928390828;</Field9>
<Field10>3600</Field10>
<Field11>259200</Field11>
<Field12>Tue Jul 06 15:46:53 PDT 2021</Field12>
<Field15>3MD9PLUKKLRY5MVXUUY6XVPXK73NZJ</Field15>
<Field16>A3U2NKVFM0AMBN</Field16>
<Field17>Submitted</Field17>
<Field18>Tue Jun 29 19:40:46 PDT 2021</Field18>
<Field19>Tue Jun 29 20:10:30 PDT 2021</Field19>
<Field20>Fri Jul 02 20:10:30 PDT 2021</Field20>
<Field24>1784</Field24>
<Field25>0% (0/0)</Field25>
<Field26>0% (0/0)</Field26>
<Field27>0% (0/0)</Field27>
<Field28>25596</Field28>
<Field29>new</Field29>
<Field30>img25596_new.jpg</Field30>
<Field31>https://raw.githubusercontent.com/ROIHabitat/lcimages/master/img25596_new.jpg</Field31>
<Field32>2294</Field32>
<Field33>1MA1MB1NA1NB1OA1OB1PA1PB1PC1QA1QB1QC1RA1RB1RC1SA1SB1SC1SD1SE1SF1SG1TA1TB1TC1TD1TE1TF1TG1TH1UA1UB1UC1UD1UE1UF1UG1UH1UI1VA1VB1VC1VD1VE1VF1VG1VH1VI1WA1WB1WC1WD1WE1WF1WG1WH1WI1XA1XB1XC1XD1XE1XF1XG1XH2MI2MJ2NH2OH2PH2PI2PJ2PK</Field33>
<Field34>73</Field34>
<Field35>1AN1AO1AP1AQ1AR1AS1AT1AU1AV1AW1AX1BN1BO1BP1BQ1BR1BS1BT1BU1BV1BW1BX1CN1CO1CP1CQ1CR1CS1CT1CU1CV1CW1CX1DJ1DK1DL1DM1DN1DO1DP1DQ1DR1DS1DT1DU1DV1DW1DX1EJ1EK1EL1EM1EN1EO1EP1EQ1ER1ES1ET1EU1EV1EW1EX1FJ1FK1FL1FM1FN1FO1FP1FQ1FR1FS1FT1FU1FV1FW1FX1GI1GJ1GK1GL1GM1GN1GO1GP1GQ1GR1GS1GT1GU1GV1GW1GX1HH1HI1HJ1HK1HL1HM1HN1HO1HP1HQ1HR1HS1HT1HU1HV1HW1HX1IH1II1IJ1IK1IL1IM1IN1IO1IP1IQ1IR1IS1IT1IU1IV1IW1IX1JH1JI1JJ1JK1JL1JM1JN1JO1JP1JQ1JR1JS1JT1JU1JV1JW1JX1KI1KJ1KK1KL1KM1KN1KO1KP1KQ1KR1KS1KT1KU1KV1KW1KX1LI1LJ1LK1LL1LM1LN1LO1LP1LQ1LR1LS1LT1LU1LV1LW1LX1MJ1MK1ML1MM1MN1MO1MP1MQ1MR1MS1MT1MU1MV1MW1MX1NJ1NK1NL1NM1NN1NO1NP1NQ1NR1NS1NT1NU1NV1NW1NX1OJ1OK1OL1OM1ON1OO1OP1OQ1OR1OS1OT1OU1OV1OW1OX1PK1PL1PM1PN1PO1PP1PQ1PR1PS1PT1PU1PV1PW1PX1QL1QM1QN1QO1QP1QQ1QR1QS1QT1QU1QV1QW1QX1RL1RM1RN1RO1RP1RQ1RR1RS1RT1RU1RV1RW1RX1SJ1SK1SL1SM1SN1SQ1SR1SS1ST1SU1SV1SW1SX1TK1TL1TM1TN1TO1TR1TS1TT1TU1TV1TW1TX1UL1UM1UN1UO1UR1US1UT1UU1UV1UW1UX1VL1VM1VN1VO1VS1VT1VU1VV1WK1WL1WM1WN1WO1WP1WQ1WR1WS1WT1XK1XL1XM1XN1XO1XP1XQ1XR1XS2AA2AB2AC2AD2AE2AF2AG2AH2AI2AJ2AK2AL2AM2AN2AO2AP2AQ2AR2AS2AT2AU2AV2AW2AX2BA2BB2BC2BD2BE2BF2BG2BH2BI2BJ2BK2BL2BM2BN2BO2BP2BQ2BR2BS2BT2BU2BV2BW2BX2CA2CB2CC2CD2CE2CF2CG2CH2CI2CJ2CK2CL2CM2CN2CO2CP2CQ2CR2CS2CT2CU2CV2CW2CX2DA2DB2DC2DD2DE2DF2DG2DH2DI2DJ2DK2DL2DM2DN2DO2DP2DQ2DR2DS2DT2DU2DV2DW2DX2EA2EB2EC2ED2EE2EF2EG2EH2EI2EJ2EK2EL2EM2EN2EO2EP2EQ2ER2ES2ET2EU2EV2EW2EX2FA2FB2FC2FD2FE2FF2FG2FH2FI2FJ2FK2FL2FM2FN2FO2FP2FQ2FR2FS2FT2FU2FV2FW2FX2GA2GB2GC2GD2GE2GF2GG2GH2GI2GJ2GK2GL2GM2GN2GO2GP2GQ2GR2GS2GT2GU2GV2GW2GX2HA2HB2HC2HD2HE2HF2HG2HH2HI2HJ2HK2HL2HM2HN2HO2HP2HQ2HR2HS2HT2HU2HV2HW2HX2IA2IB2IC2ID2IE2IF2IG2IH2II2IJ2IK2IL2IM2IN2IO2IP2IQ2IR2IS2IT2IU2IV2IW2IX2JA2JB2JC2JD2JE2JF2JG2JH2JI2JJ2JK2JL2JM2JN2JO2JP2JQ2JR2JS2JT2JU2JV2JW2JX2KA2KB2KC2KD2KE2KF2KG2KH2KI2KJ2KK2KL2KM2KN2KO2KP2KQ2KR2KS2KT2KU2KV2KW2KX2LA2LB2LC2LD2LE2LF2LG2LH2LI2LJ2LK2LL2LM2LN2LO2LP2LQ2LR2LS2LT2LU2LV2LW2LX2MA2MB2MC2MD2ME2MF2MG2MH2MK2ML2MM2MN2MO2MP2MQ2MR2MS2MT2MU2MV2MW2MX2NA2NB2NC2ND2NE2NF2NG2NL2NM2NN2NO2NP2NQ2NR2NS2NT2NU2NV2NW2NX2OA2OB2OC2OD2OE2OF2OG2OL2OM2ON2OO2OP2OQ2OR2OS2OT2OU2OV2OW2OX2PA2PB2PC2PD2PE2PF2PG2PL2PM2PN2PO2PP2PQ2PR2PS2PT2PU2PV2PW2PX2QA2QB2QC2QD2QE2QF2QG2QH2QI2QJ2QK2QL2QM2QN2QO2QP2QQ2QR2QS2QT2QU2QV2QW2QX2RA2RB2RC2RD2RE2RF2RG2RH2RI2RJ2RK2RL2RM2RN2RO2RP2RQ2RR2RS2RT2RU2RV2RW2RX2SA2SB2SC2SD2SE2SF2SG2SH2SI2SJ2SK2SL2SM2SN2SO2SP2SQ2SR2SS2TA2TB2TC2TD2TE2TF2TG2TH2TI2TJ2TK2TL2TM2TN2TO2TP2TQ2TR2TS2UA2UB2UC2UD2UE2UF2UG2UH2UI2UJ2UK2UL2UM2UN2UO2UP2UQ2UR2US2VC2VD2VE2VF2VG2VH2VI2VJ2VK2VL2VM2VN2VO2VP2VQ2VR2VS2WC2WD2WE2WF2WG2WH2WI2WJ2WK2WL2WM2WN2WO2WP2WQ2WR2WS2WT2WU2WV2WW2WX2XD2XE2XF2XG2XH2XI2XJ2XK2XL2XM2XN2XO2XP2XQ2XR2XS2XT2XU2XV2XW2XX3AA3AB3AC3AD3AE3AF3AG3AH3AN3AO3AP3BA3BB3BC3BD3BE3BF3BG3BN3BO3BP3CA3CB3CC3CD3CE3CF3CG3CH3CI3CJ3CK3CL3CM3CO3CP3DA3DB3DC3DD3DE3DF3DG3DH3DI3DJ3DK3DL3DM3EA3EB3EC3ED3EE3EF3EG3EH3EI3EJ3EK3EL3EM3EN3EO3EP3FC3FD3FE3FF3FG3FH3FI3FJ3FK3FL3FM3FN3FO3FP3GC3GD3GE3GF3GG3GH3GI3GJ3GK3GL3GM3GN3GO3GP3HC3HD3HE3HF3HG3HH3HI3HJ3HK3HL3HM3HN3HO3HP3HQ3IC3ID3IE3IF3IG3IH3II3IJ3IK3IL3IM3IN3IO3IP3IQ3JC3JD3JE3JF3JG3JH3JI3JJ3JK3JL3JM3JN3JO3JP3JQ3KC3KD3KE3KF3KG3KH3KI3KJ3KK3KL3KM3KN3KO3KP3KQ3LC3LD3LE3LF3LG3LH3LI3LJ3LK3LL3LM3LN3LO3LP3LQ3MC3MD3ME3MF3MG3MH3MI3MJ3MK3ML3MM3MN3MO3MP3MQ3NC3ND3NE3NF3NG3NH3NI3NJ3NK3NL3NM3NN3NO3NP3NQ3OC3OD3OE3OF3OG3OH3OI3OJ3OK3OL3OM3ON3OO3OP3OQ3PC3PD3PE3PF3PG3PH3PI3PJ3PK3PL3PM3PN3PO3PP3PQ3QC3QD3QE3QF3QG3QH3QI3QJ3QK3QL3QM3QN3QO3QP3QQ3QR3RD3RE3RF3RG3RH3RI3RJ3RK3RL3RM3RN3RO3RP3RQ3RR3SD3SE3SF3SG3SH3SI3SJ3SK3SL3SM3SN3SO3SP3SQ3SR3TD3TE3TF3TG3TH3TI3TJ3TK3TL3TM3TN3TO3TP3TQ3TR3UD3UE3UF3UG3UH3UI3UJ3UK3UL3UM3UN3UO3UP3UQ3UR3US3VD3VE3VF3VG3VH3VI3VJ3VK3VL3VM3VN3VO3VP3VQ3VR3VS3WC3WD3WE3WF3WG3WH3WI3WJ3WK3WL3WM3WN3WO3WP3WQ3WR3WS3WT3XB3XC3XD3XE3XF3XG3XH3XI3XJ3XK3XL3XM3XN3XO3XP3XQ3XR3XS3XT4AD4AE4AF4AG4AH4AI4AJ4AK4AL4AM4AN4AO4AP4AQ4AR4AS4AT4AU4AV4AW4AX4BD4BE4BH4BI4BJ4BK4BL4BM4BN4BO4BP4BQ4BR4BS4BT4BU4BV4BW4BX4CD4CE4CH4CI4CJ4CK4CL4CM4CN4CO4CP4CQ4CR4CS4CT4CU4CV4CW4CX4DD4DE4DJ4DK4DL4DM4DN4DO4DP4DQ4DR4DS4DT4DU4DV4DW4DX4EB4EC4EG4EM4EN4EO4EP4EQ4ER4ES4ET4EU4EV4EW4EX4FB4FC4FP4FQ4FR4FS4FT4FU4FV4FW4FX4GF4GR4GS4GT4GU4GV4GW4GX4HF4HI4HL4HU4HV4HW4HX4IA4ID4IF4II4IL4IM4IN4IO4IW4IX4JA4JB4JD4JE4JF4JI4JJ4JL4JM4JN4JO4JP4JQ4JR4KA4KB4KC4KD4KE4KF4KG4KL4KM4KN4KO4KP4KQ4KR4KS4KT4KU4LA4LB4LC4LD4LE4LF4LG4LH4LK4LL4LM4LN4LO4LP4LQ4LR4LS4LT4LU4LV4LW4LX4MI4MJ4MK4ML4MM4MN4MO4MP4MQ4MR4MS4MT4MU4MV4MW4MX4NJ4NK4NL4NM4NN4NO4NP4NQ4NR4NS4NT4NU4NV4NW4NX4OJ4OK4OL4OM4ON4OO4OP4OQ4OR4OS4OT4OU4OV4OW4OX4PJ4PK4PL4PM4PN4PO4PP4PQ4PR4PS4PT4PU4PV4PW4PX4QJ4QK4QL4QM4QN4QO4QP4QQ4QR4QS4QT4QU4QW4QX4RL4RM4RN4RO4RP4RQ4RR4RS4RT4RU4RX4SL4SM4SN4SO4SP4SQ4SR4SS4ST4SU4SV4TL4TM4TN4TO4TP4TQ4TR4TS4TT4TU4TV4TW4UL4UM4UN4UO4UP4UQ4UR4US4UT4UU4UV4UW4UX4VL4VM4VN4WX4XK4XL4XM4XN4XO4XP4XQ4XR4XS4XT4XU4XV4XW4XX</Field35>
<Field36>1538</Field36>
<Field37>1AA1AB1AC1AD1AE1AF1AG1AH1AI1AJ1AK1AL1AM1BA1BB1BC1BD1BE1BF1BG1BH1BI1BJ1BK1BL1BM1CA1CB1CC1CD1CE1CF1CG1CH1CI1CJ1CK1CL1CM1DA1DB1DC1DD1DE1DF1DG1DH1DI1EA1EB1EC1ED1EE1EF1EG1EH1EI1FA1FB1FC1FD1FE1FF1FG1FH1FI1GA1GB1GC1GD1GE1GF1GG1GH1HA1HB1HC1HD1HE1HF1HG1IA1IB1IC1ID1IE1IF1IG1JA1JB1JC1JD1JE1JF1JG1KA1KB1KC1KD1KE1KF1KG1KH1LA1LB1LC1LD1LE1LF1LG1LH1MC1MD1ME1MF1MG1MH1MI1NC1ND1NE1NF1NG1NH1NI1OC1OD1OE1OF1OG1OH1OI1PD1PE1PF1PG1PH1PI1PJ1QD1QE1QF1QG1QH1QI1QJ1QK1RD1RE1RF1RG1RH1RI1RJ1RK1SH1SI1SO1SP1TI1TJ1TP1TQ1UJ1UK1UP1UQ1VJ1VK1VP1VR1VW1WJ1WU1WV1WW1WX1XI1XJ1XT1XU1XV1XW1XX2NI2NJ2OI2OJ2OK2ST2SU2SV2SW2SX2TT2TU2TV2TW2TX2UT2UU2UV2UW2UX2VA2VB2VT2VU2VV2VW2VX2WA2WB2XA2XB2XC3AI3AJ3AK3AL3AM3AQ3AR3AS3AT3AU3AV3AW3AX3BH3BI3BJ3BK3BL3BM3BQ3BR3BS3BT3BU3BV3BW3BX3CN3CQ3CR3CS3CT3CU3CV3CW3CX3DN3DO3DQ3DR3DS3DT3DU3DV3DW3DX3EQ3ER3ES3ET3EU3EV3EW3EX3FA3FB3FQ3FR3FS3FT3FU3FV3FW3FX3GA3GB3GR3GS3GT3GU3GV3GX3HA3HB3IA3IB3IX3JA3JB3KA3KB3LA3LB3LR3LS3LT3MA3MB3MR3MS3MT3MU3NA3NB3NR3NS3NT3OA3OB3OR3OS3OT3OV3PA3PB3PR3PS3PT3PU3PV3PW3PX3QA3QB3QS3QT3QU3QV3QW3QX3RA3RB3RC3RS3RT3RU3RV3RW3RX3SA3SB3SC3SS3ST3SU3SV3SW3SX3TA3TB3TC3TS3TT3TU3TV3TW3TX3UA3UB3UC3UT3UU3UV3UW3UX3VA3VB3VC3VT3VU3VV3VW3VX3WA3WB3WU3WV3WW3WX3XA4AA4AB4AC4BA4BB4BC4BF4BG4CA4CB4CC4CF4CG4DA4DB4DC4DF4DG4DH4DI4EA4ED4EE4EF4EH4EI4EJ4EK4EL4FA4FD4FE4FF4FG4FH4FI4FJ4FK4FL4FM4FN4FO4GA4GB4GC4GD4GE4GG4GH4GI4GJ4GK4GL4GM4GN4GO4GP4GQ4HA4HB4HC4HD4HE4HG4HH4HJ4HK4HM4HN4HO4HP4HQ4HR4HS4HT4IB4IC4IE4IG4IH4IJ4IK4IP4IQ4IR4IS4IT4IU4IV4JC4JG4JH4JK4JS4JT4JU4JV4JW4JX4KH4KI4KJ4KK4KV4KW4KX4LI4LJ4MA4MB4MC4MD4ME4MF4MG4MH4NB4NC4ND4NE4NF4NG4NH4NI4OE4OF4OG4OH4OI4PF4PG4PH4PI4QF4QG4QH4QI4QV4RA4RB4RC4RD4RE4RF4RG4RH4RI4RJ4RK4RV4RW4SA4SB4SC4SD4SE4SF4SG4SH4SI4SJ4SK4SW4SX4TA4TB4TC4TD4TE4TF4TG4TH4TI4TJ4TK4TX4UA4UB4UC4UD4UE4UF4UG4UH4UI4UJ4UK4VA4VB4VC4VD4VE4VF4VG4VH4VI4VJ4VK4VO4VP4VQ4VR4VS4VT4VU4VV4VW4VX4WA4WB4WC4WD4WE4WF4WG4WH4WI4WJ4WK4WL4WM4WN4WO4WP4WQ4WR4WS4WT4WU4WV4WW4XA4XB4XC4XD4XE4XF4XG4XH4XI4XJ</Field37>
<Field38>627</Field38>
<Field39>3GQ3GW3HS3HT3HU3HV3HW3IR3IS3IT3IU3IV3IW3JR3JS3JT3JU3JV3JW3JX3KR3KS3KT3KU3KV3KW3KX3LU3LV3LW3LX3MV3MW3MX3NU3NV3NW3NX3OU3OW3OX4NA4OA4OB4OC4OD4PA4PB4PC4PD4PE4QA4QB4QC4QD4QE</Field39>
<Field40>56</Field40>
</results>
<results>
<Field1>3EKZL9T8YAZR0D0I9FEKSTVPWF2HCL</Field1>
<Field2>3PUZG2R74TXVF7CR9RD94D92J8X45X</Field2>
<Field3>Participate in a land classification study (Bonuses for accuracy)</Field3>
<Field4>Classify an aerial image into four different types of land cover</Field4>
<Field5>image classification, land cover, photo interpretation</Field5>
<Field6>$0.50</Field6>
<Field7>Tue Jun 29 15:46:53 PDT 2021</Field7>
<Field8>6</Field8>
<Field9>BatchId:4491423;OriginalHitTemplateId:928390828;</Field9>
<Field10>3600</Field10>
<Field11>259200</Field11>
<Field12>Tue Jul 06 15:46:53 PDT 2021</Field12>
<Field15>3NG53N1RLYWJOB6N1JBLO0XOLDWP8B</Field15>
<Field16>A3MVUR7Q3KMD54</Field16>
<Field17>Submitted</Field17>
<Field18>Tue Jun 29 19:29:18 PDT 2021</Field18>
<Field19>Tue Jun 29 19:48:30 PDT 2021</Field19>
<Field20>Fri Jul 02 19:48:30 PDT 2021</Field20>
<Field24>1152</Field24>
<Field25>0% (0/0)</Field25>
<Field26>0% (0/0)</Field26>
<Field27>0% (0/0)</Field27>
<Field28>25596</Field28>
<Field29>new</Field29>
<Field30>img25596_new.jpg</Field30>
<Field31>https://raw.githubusercontent.com/ROIHabitat/lcimages/master/img25596_new.jpg</Field31>
<Field32>2260</Field32>
<Field33>2AH2BH2BL2BR2CL2CP2CQ2CR2DF2DL2DP2DQ2DR2EF2EP2EQ2ER2FB2FC2FD2FP2FQ2FR2GB2GC2GD2HB2HC2HD2IF2IG2IH2JF2JG2JH2JP2JQ2JR2KF2KG2KH2LJ2LK2LL2MH2MI2MJ2MK2ML2NA2NB2NC2NH2NI2OA2OB2OC2OH2OI2PA2PB2RS2RT2RU2RV2RW2SS2ST2SU2SV2SW2TS2TT2UT</Field33>
<Field34>74</Field34>
<Field35>1AA1AB1AC1AD1AE1AF1AG1AH1AI1AJ1AK1AL1AM1BA1BB1BC1BD1BE1BF1BG1BH1BI1BJ1BK1CA1CB1CC1CD1CE1CF1CG1CH1CI1CJ1CK1DA1DB1DC1DD1DE1DF1DG1DH1DI1DJ1DK1EA1EB1EC1ED1EE1EF1EG1EH1EI1FA1FB1FC1FD1FE1FF1FG1FH1FI1GA1GB1GC1GD1GE1GF1GG1HA1HB1HC1HD1HE1HF1HG1IA1IB1IC1ID1IE1IF1IG1JA1JB1JC1JD1JE1JF1JG1KA1KB1KC1KD1KE1KF1KG1LA1LB1LC1LD1LE1LF1LG1LH1MA1MB1MC1MD1ME1MF1MG1MH1ND1NE1NF1NG1NH1NI1OD1OE1OF1OG1OH1OI1PD1PE1PF1PG1PH1PI1PJ1QD1QE1QF1QH1QI1QJ1QK1QL1RG1RH1RI1RJ1RK1RL1RO1RP1RQ1SG1SH1SI1SJ1SK1SL1SO1SP1SQ1TG1TH1TI1TJ1TQ1TR1UH1UI1UJ1UQ1UR1VH1VI1VJ1VQ1VR1VT1VU1VV1VX1WI1WJ1WK1WR1WS1WT1WU1WV1WW1WX1XI1XJ1XK1XR1XS1XT1XU1XV1XW1XX2AI2AJ2AK2AM2AN2AR2AS2AT2AV2AW2AX2BI2BJ2BK2BM2BN2BS2BT2BX2CH2CK2CM2CN2CO2CS2CT2DA2DB2DG2DH2DJ2DK2DM2DN2DO2DS2DT2EA2EB2EG2EH2EJ2EK2EL2EM2EN2EO2ES2ET2FE2FI2FJ2FK2FL2FM2FN2FO2FS2FT2GE2GI2GJ2GK2GL2GM2GN2GO2GS2GT2GU2HE2HI2HJ2HK2HL2HM2HN2HO2HS2HT2HU2IA2IB2IL2IM2IN2IO2JA2JB2JL2JM2JN2JO2KA2KB2KK2KL2KM2KN2KO2KP2KQ2LC2LD2LE2LF2LG2LM2LN2LO2LP2LQ2LS2LT2MC2MD2ME2MF2MG2MP2MQ2MS2MT2ND2NE2NF2NG2NJ2NK2NL2NS2NT2NU2OJ2OK2OL2OP2OQ2PJ2PK2PL2PM2PN2PO2PP2PQ2QF2QJ2QK2QL2QM2QN2QO2QP2QQ2RF2RJ2RK2RL2RM2RN2SF2SG2SI2SJ2SK2TA2TU2TV2TW2UA2UU2UV2UW2VA2VE2VF2VG2VH2VI2VJ2VK2VL2VM2VV2VW2WA2WB2WC2WD2WE2WF2WG2WH2WI2WJ2WK2WL2WM2WN2WO2WP2XA2XB2XC2XD2XE2XF2XG2XH2XI2XJ2XK2XL2XM2XN2XO2XP2XQ3AA3AB3AI3AJ3AL3AM3AN3AO3AP3AU3AV3AW3AX3BA3BB3BI3BJ3BL3BM3BN3BO3BP3BQ3BR3BS3BT3BU3BV3BW3BX3CA3CB3CN3CO3CP3CQ3CR3CS3CT3CU3CV3CW3CX3DA3DB3DN3DO3DP3DQ3DR3DS3DT3DU3DV3DW3DX3EA3EB3EP3EQ3ER3ES3ET3EU3EV3EW3EX3FA3FB3FC3FP3FQ3FR3FS3FT3FU3FV3FW3FX3GA3GB3GC3GQ3GR3GS3GT3GU3GV3GW3GX3HA3HB3HC3HQ3HR3HS3HT3HU3HV3HW3HX3IA3IB3IC3IP3IQ3IR3IS3IT3IU3IV3IW3IX3JA3JB3JC3JP3JQ3JR3JS3JT3JU3JV3JW3JX3KA3KB3KC3KP3KQ3KR3KS3KT3KU3KV3KW3KX3LA3LB3LQ3LR3LS3LT3LU3LV3LW3LX3MA3MB3MR3MS3MT3MU3MV3MW3MX3NA3NB3NR3NS3NT3NU3NV3NW3NX3OA3OB3OC3OR3OS3OT3OU3OV3OW3OX3PA3PS3PT3PU3PV3PW3PX3QA3QS3QT3QU3QV3QW3QX3RA3RS3RT3RU3RV3RW3RX3SA3SB3SC3SS3ST3SU3SV3SW3SX3TA3TB3TC3TS3TT3TU3TV3TW3TX3UA3UB3UC3US3UT3UU3UV3UW3UX3VA3VB3VC3VS3VT3VU3VV3VW3VX3WA3WB3WC3WS3WT3WU3WV3WW3WX3XA3XB3XC3XS3XT3XU3XV3XW3XX4AA4AB4AC4AD4AE4AF4AG4AH4BA4BB4BC4BD4BE4BF4BG4BH4CA4CB4CC4CD4CE4CF4CG4CH4DA4DB4DC4DD4DE4DF4DG4DH4DI4DJ4DK4EA4EB4EC4ED4EE4EF4EG4EH4EI4EJ4EK4EL4EM4FA4FB4FC4FD4FE4FF4FG4FH4FI4FJ4FK4FL4FM4FN4FO4FP4GA4GB4GC4GD4GE4GF4GG4GH4GI4GJ4GK4GL4GM4GN4GO4GP4GQ4GR4HA4HB4HC4HD4HE4HF4HG4HH4HI4HJ4HK4HN4HO4HP4HQ4HR4HS4HT4HU4IA4IB4IC4ID4IE4IF4IG4IH4II4IJ4IK4IP4IQ4IR4IS4IT4IU4IV4IW4IX4JA4JB4JC4JD4JE4JF4JG4JH4JI4JJ4JK4JS4JT4JU4JV4JW4JX4KA4KB4KC4KD4KE4KF4KG4KH4KI4KJ4KK4KV4KW4KX4LA4LB4LC4LD4LE4LF4LG4LH4MA4MB4MC4MD4ME4MF4MG4MH4NA4NB4NC4ND4NE4NF4NG4NH4OA4OB4OC4OD4OE4OF4OG4OH4OI4OJ4PA4PB4PC4PD4PE4PF4PG4PH4PI4PJ4QA4QB4QC4QD4QE4QF4QG4QH4QI4QJ4QU4QV4QW4RA4RB4RC4RD4RE4RF4RG4RH4RI4RJ4RK4RU4RV4RW4RX4SA4SB4SC4SD4SE4SF4SG4SH4SI4SJ4SK4SU4SV4SW4SX4TA4TB4TC4TD4TE4TF4TG4TH4TI4TJ4TK4TL4TM4TN4TO4TW4TX4UA4UB4UC4UD4UE4UF4UG4UH4UI4UJ4UK4UL4UM4UN4UO4UP4UQ4UR4US4UT4UU4UV4UW4UX4VA4VB4VC4VD4VE4VF4VG4VH4VI4VJ4VK4VL4VM4VN4VO4VP4VQ4VR4VS4VT4VU4VV4VW4VX4WA4WB4WC4WD4WE4WF4WG4WH4WI4WJ4WK4WL4WM4WN4WO4WP4WQ4WR4WS4WT4WU4WV4WW4WX4XM4XN4XO</Field35>
<Field36>1000</Field36>
<Field37>1AN1AO1AP1AQ1AR1AS1AT1AU1AV1AW1AX1BL1BM1BN1BO1BP1BQ1BR1BS1BT1BU1BV1BW1BX1CL1CM1CN1CO1CP1CQ1CR1CS1CT1CU1CV1CW1CX1DL1DM1DN1DO1DP1DQ1DR1DS1DT1DU1DV1DW1DX1EJ1EK1EL1EM1EN1EO1EP1EQ1ER1ES1ET1EU1EV1EW1EX1FJ1FK1FL1FM1FN1FO1FP1FQ1FR1FS1FT1FU1FV1FW1FX1GH1GI1GJ1GK1GL1GM1GN1GO1GP1GQ1GR1GS1GT1GU1GV1GW1GX1HH1HI1HJ1HK1HL1HM1HN1HO1HP1HQ1HR1HS1HT1HU1HV1HW1HX1IH1II1IJ1IK1IL1IM1IN1IO1IP1IQ1IR1IS1IT1IU1IV1IW1IX1JH1JI1JJ1JK1JL1JM1JN1JO1JP1JQ1JR1JS1JT1JU1JV1JW1JX1KH1KI1KJ1KK1KL1KM1KN1KO1KP1KQ1KR1KS1KT1KU1KV1KW1KX1LI1LJ1LK1LL1LM1LN1LO1LP1LQ1LR1LS1LT1LU1LV1LW1LX1MI1MJ1MK1ML1MM1MN1MO1MP1MQ1MR1MS1MT1MU1MV1MW1MX1NA1NB1NC1NJ1NK1NL1NM1NN1NO1NP1NQ1NR1NS1NT1NU1NV1NW1NX1OA1OB1OC1OJ1OK1OL1OM1ON1OO1OP1OQ1OR1OS1OT1OU1OV1OW1OX1PA1PB1PC1PK1PL1PM1PN1PO1PP1PQ1PR1PS1PT1PU1PV1PW1PX1QA1QB1QC1QM1QN1QO1QP1QQ1QR1QS1QT1QU1QV1QW1QX1RA1RB1RC1RD1RE1RF1RM1RN1RR1RS1RT1RU1RV1RW1RX1SA1SB1SC1SD1SE1SF1SM1SN1SR1SS1ST1SU1SV1SW1SX1TA1TB1TC1TD1TE1TF1TK1TL1TM1TN1TO1TP1TS1TT1TU1TV1TW1TX1UA1UB1UC1UD1UE1UF1UG1UK1UL1UM1UN1UO1UP1US1UT1UU1UV1UW1UX1VA1VB1VC1VD1VE1VF1VG1VK1VL1VM1VN1VO1VP1VS1WA1WB1WC1WD1WE1WF1WG1WH1WL1WM1WN1WO1WP1WQ1XA1XB1XC1XD1XE1XF1XG1XH1XL1XM1XN1XO1XP1XQ2AA2AB2AC2AD2AE2AF2AG2AL2AO2AP2AQ2AU2BA2BB2BC2BD2BE2BF2BG2BO2BP2BQ2BU2BV2BW2CA2CB2CC2CD2CE2CF2CG2CI2CJ2CU2CV2CW2CX2DC2DD2DE2DI2DU2DV2DW2DX2EC2ED2EE2EI2EU2EV2EW2EX2FA2FF2FG2FH2FU2FV2FW2GA2GF2GG2GH2GP2GQ2GR2GV2GW2HA2HF2HG2HH2HP2HQ2HR2HV2HW2IC2ID2IE2II2IJ2IK2IP2IQ2IR2IS2IT2IU2IV2IW2JC2JD2JE2JI2JJ2JK2JS2JT2JU2JV2JW2KC2KD2KE2KI2KJ2KR2KS2KT2KU2KV2KW2LA2LB2LH2LI2LR2LU2LV2LW2MA2MB2MM2MN2MO2MR2MU2MV2MW2NM2NN2NO2NP2NQ2NR2NV2NW2OD2OE2OF2OG2OM2ON2OO2OR2OS2OT2OU2OV2OW2PC2PD2PE2PF2PG2PH2PI2PR2PS2PT2PU2PV2PW2PX2QA2QB2QC2QD2QE2QG2QH2QI2QR2QS2QT2QU2QV2QW2QX2RA2RB2RC2RD2RE2RG2RH2RI2RO2RP2RQ2RR2RX2SA2SB2SC2SD2SE2SH2SL2SM2SN2SO2SP2SQ2SR2TB2TC2TD2TE2TF2TG2TH2TI2TJ2TK2TL2TM2TN2TO2TP2TQ2TR2UB2UC2UD2UE2UF2UG2UH2UI2UJ2UK2UL2UM2UN2UO2UP2UQ2UR2US2VB2VC2VD2VN2VO2VP2VQ2VR2VS2VT2VU2VX2WQ2WR2WS2WT2WU2WV2WW2WX2XR2XS2XT2XU2XV2XW2XX4AI4AJ4AK4AL4AM4AN4AO4AP4AQ4AR4AS4AT4AU4AV4AW4AX4BI4BJ4BK4BL4BM4BN4BO4BP4BQ4BR4BS4BT4BU4BV4BW4BX4CI4CJ4CK4CL4CM4CN4CO4CP4CQ4CR4CS4CT4CU4CV4CW4CX4DL4DM4DN4DO4DP4DQ4DR4DS4DT4DU4DV4DW4DX4EN4EO4EP4EQ4ER4ES4ET4EU4EV4EW4EX4FQ4FR4FS4FT4FU4FV4FW4FX4GS4GT4GU4GV4GW4GX4HL4HM4HV4HW4HX4IL4IM4IN4IO4JL4JM4JN4JO4JP4JQ4JR4KL4KM4KN4KO4KP4KQ4KR4KS4KT4KU4LI4LJ4LK4LL4LM4LN4LO4LP4LQ4LR4LS4LT4LU4LV4LW4LX4MI4MJ4MK4ML4MM4MN4MO4MP4MQ4MR4MS4MT4MU4MV4MW4MX4NI4NJ4NK4NL4NM4NN4NO4NP4NQ4NR4NS4NT4NU4NV4NW4NX4OK4OL4OM4ON4OO4OP4OQ4OR4OS4OT4OU4OV4OW4OX4PK4PL4PM4PN4PO4PP4PQ4PR4PS4PT4PU4PV4PW4PX4QK4QL4QM4QN4QO4QP4QQ4QR4QS4QT4QX4RL4RM4RN4RO4RP4RQ4RR4RS4RT4SL4SM4SN4SO4SP4SQ4SR4SS4ST4TP4TQ4TR4TS4TT4TU4TV</Field37>
<Field38>868</Field38>
<Field39>3AC3AD3AE3AF3AG3AH3BC3BD3BE3BF3BG3BH3BK3CC3CD3CE3CF3CG3CH3CI3CJ3CK3CL3CM3DC3DD3DE3DF3DG3DH3DI3DJ3DK3DL3DM3EC3ED3EE3EF3EG3EH3EI3EJ3EK3EL3EM3EN3FD3FE3FF3FG3FH3FI3FJ3FK3FL3FM3FN3FO3GD3GE3GF3GG3GH3GI3GJ3GK3GL3GM3GN3GO3HD3HE3HF3HG3HH3HI3HJ3HK3HL3HM3HN3HO3ID3IE3IF3IG3IH3II3IJ3IK3IL3IM3IN3IO3JD3JE3JF3JG3JH3JI3JJ3JK3JL3JM3JN3JO3KD3KE3KF3KG3KH3KI3KJ3KK3KL3KM3KN3KO3LC3LD3LE3LF3LG3LH3LI3LJ3LK3LL3LM3LN3LO3LP3MC3MD3ME3MF3MG3MH3MI3MJ3MK3ML3MM3MN3MO3MP3MQ3NC3ND3NE3NF3NG3NH3NI3NJ3NK3NL3NM3NN3NO3NP3NQ3OD3OE3OF3OG3OH3OI3OJ3OK3OL3OM3ON3OO3OP3OQ3PB3PC3PD3PE3PF3PG3PH3PI3PJ3PK3PL3PM3PN3PO3PP3PQ3PR3QB3QC3QD3QE3QF3QG3QH3QI3QJ3QK3QL3QM3QN3QO3QP3QQ3QR3RB3RC3RD3RE3RF3RG3RH3RI3RJ3RK3RL3RM3RN3RO3RP3RQ3RR3SD3SE3SF3SG3SH3SI3SJ3SK3SL3SM3SN3SO3SP3SQ3SR3TD3TE3TF3TG3TH3TI3TJ3TK3TL3TM3TN3TO3TP3TQ3TR3UD3UE3UF3UG3UH3UI3UJ3UK3UL3UM3UN3UO3UP3UQ3UR3VD3VE3VF3VG3VH3VI3VJ3VK3VL3VM3VN3VO3VP3VQ3VR3WD3WE3WF3WG3WH3WI3WJ3WK3WL3WM3WN3WO3WP3WQ3WR3XD3XE3XF3XG3XH3XI3XJ3XK3XL3XM3XN3XO3XP3XQ3XR</Field39>
<Field40>318</Field40>
</results>
<results>
<Field1>3EKZL9T8YAZR0D0I9FEKSTVPWF2HCL</Field1>
<Field2>3PUZG2R74TXVF7CR9RD94D92J8X45X</Field2>
<Field3>Participate in a land classification study (Bonuses for accuracy)</Field3>
<Field4>Classify an aerial image into four different types of land cover</Field4>
<Field5>image classification, land cover, photo interpretation</Field5>
<Field6>$0.50</Field6>
<Field7>Tue Jun 29 15:46:53 PDT 2021</Field7>
<Field8>6</Field8>
<Field9>BatchId:4491423;OriginalHitTemplateId:928390828;</Field9>
<Field10>3600</Field10>
<Field11>259200</Field11>
<Field12>Tue Jul 06 15:46:53 PDT 2021</Field12>
<Field15>3NQL1CS15ULB81U10ZIET5A80FWVYA</Field15>
<Field16>A236VWVZMP2C7N</Field16>
<Field17>Submitted</Field17>
<Field18>Tue Jun 29 19:45:37 PDT 2021</Field18>
<Field19>Tue Jun 29 20:28:03 PDT 2021</Field19>
<Field20>Fri Jul 02 20:28:03 PDT 2021</Field20>
<Field24>2546</Field24>
<Field25>0% (0/0)</Field25>
<Field26>0% (0/0)</Field26>
<Field27>0% (0/0)</Field27>
<Field28>25596</Field28>
<Field29>new</Field29>
<Field30>img25596_new.jpg</Field30>
<Field31>https://raw.githubusercontent.com/ROIHabitat/lcimages/master/img25596_new.jpg</Field31>
<Field32>2293</Field32>
<Field33>1AL1AM1AN1AO1AP1AQ1AR1AS1AT1AU1AV1AW1AX1BN1BO1BP1BQ1BR1BS1BT1BU1BV1BW1BX1CM1CN1CO1CP1CQ1CR1CS1CT1CU1CV1CW1CX1DL1DM1DN1DO1DP1DQ1DR1DS1DT1DU1DV1DW1DX1EJ1EK1EL1EM1EN1EO1EP1EQ1ER1ES1ET1EU1EV1EW1EX1FJ1FK1FL1FM1FN1FO1FP1FQ1FR1FS1FT1FU1FV1FW1FX1GJ1GK1GL1GM1GN1GO1GP1GQ1GR1GS1GT1GU1GV1GW1GX1HI1HJ1HK1HL1HM1HN1HO1HP1HQ1HR1HS1HT1HU1HV1HW1HX1II1IJ1IK1IL1IM1IN1IO1IP1IQ1IR1IS1IT1IU1IV1IW1IX1JI1JJ1JK1JL1JM1JN1JO1JP1JQ1JR1JS1JT1JU1JV1JW1JX1KI1KJ1KK1KL1KM1KN1KO1KP1KQ1KR1KS1KT1KU1KV1KW1KX1LI1LJ1LK1LL1LM1LN1LO1LP1LQ1LR1LS1LT1LU1LV1LW1LX1MI1MJ1MK1ML1MM1MN1MO1MP1MQ1MR1MS1MT1MU1MV1MW1MX1NA1NB1NI1NJ1NK1NL1NM1NN1NO1NP1NQ1NR1NS1NT1NU1NV1NW1NX1OA1OB1OJ1OK1OL1OM1ON1OO1OP1OQ1OR1OS1OT1OU1OV1OW1OX1PA1PB1PK1PL1PM1PN1PO1PP1PQ1PR1PS1PT1PU1PV1PW1PX1QA1QB1QF1QG1QL1QM1QN1QO1QP1QQ1QR1QS1QT1QU1QV1QW1QX1RA1RB1RC1RF1RG1RL1RM1RO1RP1RQ1RR1RS1RT1RU1RV1RW1RX1SA1SB1SC1SD1SE1SF1SG1SK1SL1SM1SQ1SR1SS1ST1SU1SV1SW1SX1TA1TB1TC1TD1TE1TF1TG1TK1TL1TM1TN1TO1TR1TS1TT1TU1TV1TW1TX1UA1UB1UC1UD1UE1UF1UG1UH1UI1UL1UM1UN1UO1UP1UR1US1UT1UU1UV1UW1UX1VA1VB1VC1VD1VE1VF1VG1VH1VI1VL1VM1VN1VO1VP1VR1VS1VT1VU1VV1WA1WB1WC1WD1WE1WF1WG1WH1WI1WK1WL1WM1WN1WO1WP1WQ1WR1WS1WT1XA1XB1XC1XD1XE1XF1XG1XH1XK1XL1XM1XN1XO1XP1XQ1XR2AA2AB2AC2AD2AE2AF2AG2AH2AI2AJ2AK2AL2AM2AN2AO2AP2AQ2AR2AS2AT2AU2AV2AW2AX2BA2BB2BC2BD2BE2BF2BG2BH2BI2BJ2BK2BL2BM2BN2BO2BP2BQ2BR2BS2BT2BU2BV2BW2BX2CA2CB2CC2CD2CE2CF2CG2CH2CI2CJ2CK2CL2CM2CN2CO2CP2CQ2CR2CS2CT2CU2CV2CW2CX2DA2DB2DC2DD2DE2DF2DG2DH2DI2DJ2DK2DL2DM2DN2DO2DP2DQ2DR2DS2DT2DU2DV2DW2DX2EA2EB2EC2ED2EE2EF2EG2EH2EI2EJ2EK2EL2EM2EN2EO2EP2EQ2ER2ES2ET2EU2EV2EW2EX2FA2FB2FC2FD2FE2FF2FG2FH2FI2FJ2FK2FL2FM2FN2FO2FP2FQ2FR2FS2FT2FU2FV2FW2FX2GA2GB2GC2GD2GE2GF2GG2GH2GI2GJ2GK2GL2GM2GN2GO2GP2GQ2GR2GS2GT2GU2GV2GW2GX2HA2HB2HC2HD2HE2HF2HG2HH2HI2HJ2HK2HL2HM2HN2HO2HP2HQ2HR2HS2HT2HU2HV2HW2HX2IA2IB2IC2ID2IE2IF2IG2IH2II2IJ2IK2IL2IM2IN2IO2IP2IQ2IR2IS2IT2IU2IV2IW2IX2JA2JB2JC2JD2JE2JF2JG2JH2JI2JJ2JK2JL2JM2JN2JO2JP2JQ2JR2JS2JT2JU2JV2JW2JX2KA2KB2KC2KD2KE2KF2KG2KH2KI2KJ2KK2KL2KM2KN2KO2KP2KQ2KR2KS2KT2KU2KV2KW2KX2LA2LB2LC2LD2LE2LF2LG2LH2LI2LJ2LK2LL2LM2LN2LO2LP2LQ2LR2LS2LT2LU2LV2LW2LX2MA2MB2MC2MD2ME2MF2MG2MH2MI2MJ2MK2ML2MM2MN2MO2MP2MQ2MR2MS2MT2MU2MV2MW2MX2NA2NB2NC2ND2NE2NF2NG2NH2NK2NL2NM2NN2NO2NP2NQ2NR2NS2NT2NU2NV2NW2NX2OA2OB2OC2OD2OE2OF2OG2OH2OL2OM2ON2OO2OP2OQ2OR2OS2OT2OU2OV2OW2OX2PA2PB2PC2PD2PE2PF2PG2PH2PI2PJ2PK2PL2PM2PN2PO2PP2PQ2PR2PS2PT2PU2PV2PW2PX2QA2QB2QC2QD2QE2QF2QG2QH2QI2QJ2QK2QL2QM2QN2QO2QP2QQ2QR2QS2QT2QU2QV2QW2QX2RA2RB2RC2RD2RE2RF2RG2RH2RI2RJ2RK2RL2RM2RN2RO2RP2RQ2RR2RS2RT2RU2RV2RW2RX2SA2SB2SC2SD2SE2SF2SG2SH2SI2SJ2SK2SL2SM2SN2SO2SP2SQ2SR2SS2ST2SU2SV2SW2SX2TA2TB2TC2TD2TE2TF2TG2TH2TI2TJ2TK2TL2TM2TN2TO2TP2TQ2TR2TS2TT2TU2TV2TW2TX2UA2UB2UC2UD2UE2UF2UG2UH2UI2UJ2UK2UL2UM2UN2UO2UP2UQ2UR2US2UT2UU2UV2UW2UX2VC2VD2VE2VF2VG2VH2VI2VJ2VK2VL2VM2VN2VO2VP2VQ2VR2VS2VT2VU2VV2VX2WC2WD2WE2WF2WG2WH2WI2WJ2WK2WL2WM2WN2WO2WP2WQ2WR2WS2WT2WU2WV2WW2WX2XG2XH2XI2XJ2XK2XL2XM2XN2XO2XP2XQ2XR2XS2XT2XU2XV2XW2XX3XD4AD4AE4AF4AG4AH4AI4AJ4AK4AL4AM4AN4AO4AP4AQ4AR4AS4AT4AU4AV4AW4AX4BD4BH4BI4BJ4BK4BL4BM4BN4BO4BP4BQ4BR4BS4BT4BU4BV4BW4BX4CD4CE4CH4CI4CJ4CK4CL4CM4CN4CO4CP4CQ4CR4CS4CT4CU4CV4CW4CX4DD4DE4DK4DL4DM4DN4DO4DP4DQ4DR4DS4DT4DU4DV4DW4DX4EA4EB4EC4ED4EE4EN4EO4EP4EQ4ER4ES4ET4EU4EV4EW4EX4FB4FC4FD4FE4FP4FQ4FR4FS4FT4FU4FV4FW4FX4GF4GR4GS4GT4GU4GV4GW4GX4HF4HI4HJ4HK4HT4HU4HV4HW4HX4IA4ID4IF4IG4IL4IM4IN4IW4IX4JA4JB4JD4JE4JF4JG4JL4JM4JN4JO4JP4KA4KB4KC4KD4KE4KF4KG4KL4KM4KN4KO4KP4KQ4KR4KS4KT4LA4LB4LC4LF4LG4LH4LI4LJ4LK4LL4LM4LN4LO4LP4LQ4LR4LS4LT4LU4LV4LW4LX4MA4MH4MI4MJ4MK4ML4MM4MN4MO4MP4MQ4MR4MS4MT4MU4MV4MW4MX4NI4NJ4NK4NL4NM4NN4NO4NP4NQ4NR4NS4NT4NU4NV4NW4NX4OJ4OK4OL4OM4ON4OO4OP4OQ4OR4OS4OT4OU4OV4OW4OX4PC4PD4PJ4PK4PL4PM4PN4PO4PP4PQ4PR4PS4PT4PU4PV4PW4PX4QA4QB4QC4QJ4QK4QL4QM4QN4QO4QP4QQ4QR4QS4QT4QU4QV4QW4QX4RK4RL4RM4RN4RO4RP4RQ4RR4RS4RT4RU4RW4RX4SL4SM4SN4SO4SP4SQ4SR4SS4ST4SU4SV4TL4TM4TN4TO4TP4TQ4TR4TS4TT4TU4TV4TW4TX4UL4UM4UN4UO4UP4UQ4UR4US4UT4UU4UV4UW4UX4VL4XI4XQ4XR4XS4XT4XU4XV4XW</Field33>
<Field34>1269</Field34>
<Field35>3AA3AB3AC3AD3AE3AF3AG3AH3AK3AL3AO3AP3AQ3AR3AS3AT3BA3BB3BC3BD3BE3BF3BG3BH3BI3BJ3BM3BN3BO3BP3BQ3CA3CB3CC3CD3CE3CF3CG3CH3CI3CJ3CK3CL3CO3CP3DA3DB3DC3DD3DE3DF3DG3DH3DI3DJ3DK3DL3DM3EA3EC3ED3EE3EF3EG3EH3EI3EJ3EK3EL3EM3EN3EO3EP3FA3FC3FD3FE3FF3FG3FH3FI3FJ3FK3FL3FM3FN3FO3FP3FU3FV3FW3FX3GC3GD3GE3GF3GG3GH3GI3GJ3GK3GL3GM3GN3GO3GP3GQ3GR3GS3GT3GU3GV3GW3GX3HC3HD3HE3HF3HG3HH3HI3HJ3HK3HL3HM3HN3HO3HP3HQ3HR3HW3HX3IC3ID3IE3IF3IG3IH3II3IJ3IK3IL3IM3IN3IO3IP3IQ3IR3IW3IX3JC3JD3JE3JF3JG3JH3JI3JJ3JK3JL3JM3JN3JO3JP3JQ3JR3JW3JX3KD3KE3KF3KG3KH3KI3KJ3KK3KL3KM3KN3KO3KP3KQ3KR3KS3KW3KX3LD3LE3LF3LG3LH3LI3LJ3LK3LL3LM3LN3LO3LP3LQ3LW3LX3MD3ME3MF3MG3MH3MI3MJ3MK3ML3MM3MN3MO3MP3MQ3MR3MX3ND3NE3NF3NG3NH3NI3NJ3NK3NL3NM3NN3NO3NP3NQ3NX3OD3OE3OF3OG3OH3OI3OJ3OK3OL3OM3ON3OO3OP3OQ3OW3PD3PE3PF3PG3PH3PI3PJ3PK3PL3PM3PN3PO3PP3PQ3PR3PW3QD3QE3QF3QG3QH3QI3QJ3QK3QL3QM3QN3QO3QP3QQ3QR3QX3RD3RE3RF3RG3RH3RI3RJ3RK3RL3RM3RN3RO3RP3RQ3RR3SC3SD3SE3SF3SG3SH3SI3SJ3SK3SL3SM3SN3SO3SP3SQ3SR3TC3TD3TE3TF3TG3TH3TI3TJ3TK3TL3TM3TN3TO3TP3TQ3TR3UC3UD3UE3UF3UG3UH3UI3UJ3UK3UL3UM3UN3UO3UP3UQ3UR3VC3VD3VE3VF3VG3VH3VI3VJ3VK3VL3VM3VN3VO3VP3VQ3VR3VS3WC3WD3WE3WF3WG3WH3WI3WJ3WK3WL3WM3WN3WO3WP3WQ3WR3WS3WT3XC3XE3XF3XG3XH3XI3XJ3XK3XL3XM3XN3XO3XP3XQ3XR3XS3XT</Field35>
<Field36>395</Field36>
<Field37>1AC1AD1AF1AG1BA1BB1BC1BD1BE1BF1BG1BH1BI1BJ1BK1BL1BM1CA1CB1CC1CD1CE1CF1CG1CH1CI1CJ1CK1CL1DA1DB1DC1DD1DE1DF1DG1DH1DI1DJ1DK1EA1EB1EC1ED1EE1EF1EG1EH1EI1FA1FB1FC1FD1FE1FF1FG1FH1FI1GA1GB1GC1GD1GE1GF1GG1GH1GI1HA1HB1HC1HD1HE1HF1HG1HH1IA1IB1IC1ID1IE1IF1IG1IH1JA1JB1JC1JD1JE1JF1JG1JH1KA1KB1KC1KD1KE1KF1KG1KH1LA1LB1LC1LD1LE1LF1LG1LH1MA1MB1MC1MD1ME1MF1MG1MH1NC1ND1NE1NF1NG1NH1OC1OD1OE1OF1OG1OH1OI1PC1PD1PE1PF1PG1PH1PI1PJ1QC1QD1QE1QH1QI1QJ1QK1RD1RE1RH1RI1RJ1RK1RN1SH1SI1SJ1SN1SO1SP1TH1TI1TJ1TP1TQ1UJ1UK1UQ1VJ1VK1VQ1VW1VX1WJ1WU1WV1WW1WX1XI1XJ1XS1XT1XU1XV1XW1XX2NI2NJ2OI2OJ2OK2VA2VB2VW2WA2WB2XA2XB2XC2XD2XE2XF3AI3AJ3AM3AN3AU3AV3AW3AX3BK3BL3BR3BS3BT3BU3BV3BW3BX3CM3CN3CQ3CR3CS3CT3CU3CV3CW3CX3DN3DO3DP3DQ3DR3DS3DT3DU3DV3DW3DX3EB3EQ3ER3ES3ET3EU3EV3EW3EX3FB3FQ3FR3FS3FT3GA3GB3HA3HB3HS3IA3IB3JA3JB3KA3KB3KC3LA3LB3LC3LR3LS3MA3MB3MC3MS3MT3NA3NB3NC3NR3NS3NT3NU3OA3OB3OC3OR3OS3OT3OU3OV3PA3PB3PC3PS3PT3PU3PV3PX3QA3QB3QC3QS3QT3QU3QV3QW3RA3RB3RC3RS3RT3RU3RV3RW3RX3SA3SB3SS3ST3SU3SV3SW3SX3TA3TB3TS3TT3TU3TV3TW3TX3UA3UB3US3UT3UU3UV3UW3UX3VA3VB3VT3VU3VV3VW3VX3WA3WB3WU3WV3WW3WX3XA3XB3XU3XV3XW3XX4AA4AB4AC4BA4BB4BC4BE4BF4BG4CA4CB4CC4CF4CG4DA4DB4DC4DF4DG4DH4DI4DJ4EF4EG4EH4EI4EJ4EK4EL4EM4FA4FF4FG4FH4FI4FJ4FK4FL4FM4FN4FO4GA4GB4GC4GD4GE4GG4GH4GI4GJ4GK4GL4GM4GN4GO4GP4GQ4HA4HB4HC4HD4HE4HG4HH4HL4HM4HN4HO4HP4HQ4HR4HS4IB4IC4IE4IH4II4IJ4IK4IO4IP4IQ4IR4IS4IT4IU4IV4JC4JH4JI4JJ4JK4JQ4JR4JS4JT4JU4JV4JW4JX4KH4KI4KJ4KK4KU4KV4KW4KX4LD4LE4MB4MC4MD4ME4MF4MG4NA4NB4NC4ND4NE4NF4NG4NH4OC4OD4OE4OF4OG4OH4OI4PE4PF4PG4PH4PI4QD4QE4QF4QG4QH4QI4RA4RB4RC4RD4RE4RF4RG4RH4RI4RJ4RV4SA4SB4SC4SD4SE4SF4SG4SH4SI4SJ4SK4SW4SX4TA4TB4TC4TD4TE4TF4TG4TH4TI4TJ4TK4UA4UB4UC4UD4UE4UF4UG4UH4UI4UJ4UK4VA4VB4VC4VD4VE4VF4VG4VH4VI4VJ4VK4VM4VN4VO4VP4VQ4VR4VS4VT4VU4VV4VW4VX4WA4WB4WC4WD4WE4WF4WG4WH4WI4WJ4WK4WL4WM4WN4WO4WP4WQ4WR4WS4WT4WU4WV4WW4WX4XA4XB4XE4XF4XG4XJ4XK4XL4XM4XN4XO4XP</Field37>
<Field38>602</Field38>
<Field39>3HT3HU3HV3IS3IT3IU3IV3JS3JT3JU3JV3KT3KU3KV3LT3LU3LV3MU3MV3MW3NV3NW3OX4OA4OB4PA4PB</Field39>
<Field40>27</Field40>
</results>
<results>
<Field1>3EKZL9T8YAZR0D0I9FEKSTVPWF2HCL</Field1>
<Field2>3PUZG2R74TXVF7CR9RD94D92J8X45X</Field2>
<Field3>Participate in a land classification study (Bonuses for accuracy)</Field3>
<Field4>Classify an aerial image into four different types of land cover</Field4>
<Field5>image classification, land cover, photo interpretation</Field5>
<Field6>$0.50</Field6>
<Field7>Tue Jun 29 15:46:53 PDT 2021</Field7>
<Field8>6</Field8>
<Field9>BatchId:4491423;OriginalHitTemplateId:928390828;</Field9>
<Field10>3600</Field10>
<Field11>259200</Field11>
<Field12>Tue Jul 06 15:46:53 PDT 2021</Field12>
<Field15>3VNXK88KKFVW70MTSNQYUOHHR699VX</Field15>
<Field16>A1F2FZQXEXS1LG</Field16>
<Field17>Submitted</Field17>
<Field18>Tue Jun 29 17:52:26 PDT 2021</Field18>
<Field19>Tue Jun 29 18:10:09 PDT 2021</Field19>
<Field20>Fri Jul 02 18:10:09 PDT 2021</Field20>
<Field24>1063</Field24>
<Field25>0% (0/0)</Field25>
<Field26>0% (0/0)</Field26>
<Field27>0% (0/0)</Field27>
<Field28>25596</Field28>
<Field29>new</Field29>
<Field30>img25596_new.jpg</Field30>
<Field31>https://raw.githubusercontent.com/ROIHabitat/lcimages/master/img25596_new.jpg</Field31>
<Field32>2204</Field32>
<Field33>1AA1AF1AG1BD1BE1BF1BG1BH1BI1CE1CF1CI1DI1DJ1EG1EH1EJ1FH1FI1FJ1GH1GI1GJ1HH1HI1HJ1IH1IJ1IK1JH1JI1JJ1KH1KJ1KK1LH1LI1LJ1MH1MK1NA1NB1NC1ND1NF1NG1NH1NI1NJ1OA1OB1OC1OE1OG1OH1OJ1OK1PB1PC1PD1PE1PF1PG1PH1PI1PJ1PK1PL1QA1QB1QC1QD1QE1QF1QH1QI1QJ1QL1RA1RB1RD1RE1RF1RG1RH1RI1RJ1RK1RL1SA1SB1SC1SD1SF1SI1SJ1SK1SL1TA1TB1TC1TD1TE1TF1TG1TH1TI1TJ1TL1UA1UD1UF1UG1UH1UI1UJ1UL1VD1VK1VL3AA3AB3AC3AD3AE3AF3AG3AL3AM3BA3BB3BC3BD3BE3BF3BG3BH3BI3BN3CA3CB3CC3CD3CE3CF3CG3CH3CI3CJ3CK3CL3DC3DD3DE3DF3DG3DH3DI3DJ3DK3DL3DM3EC3ED3EE3EF3EG3EH3EI3EJ3EK3EL3EM3EN3FC3FD3FE3FF3FG3FH3FI3FJ3FK3FL3FM3FN3GC3GD3GE3GF3GG3GH3GI3GJ3GK3GL3GM3GN3GO3HC3HD3HE3HF3HG3HH3HI3HJ3HK3HL3HM3HN3HO3IC3ID3IE3IF3IG3IH3II3IJ3IK3IL3IM3IN3IO3JC3JD3JE3JF3JG3JH3JI3JJ3JK3JL3JM3JN3JO3KC3KD3KE3KF3KG3KH3KI3KJ3KK3KL3KM3KN3KO3KP3LC3LD3LE3LF3LG3LH3LI3LJ3LK3LL3LM3LN3LO3LP3MC3MD3ME3MF3MG3MH3MI3MJ3MK3ML3MM3MN3MO3MP3NC3ND3NE3NF3NG3NH3NI3NJ3NK3NL3NM3NN3NO3NP3OC3OD3OE3OF3OG3OH3OI3OJ3OK3OL3OM3ON3OO3OP3OQ3PC3PD3PE3PF3PG3PH3PI3PJ3PK3PL3PM3PN3PO3PP3PQ3QC3QD3QE3QF3QG3QH3QI3QJ3QK3QL3QM3QN3QO3QP3QQ3RC3RD3RE3RF3RG3RH3RI3RJ3RK3RL3RM3RN3RO3RP3RQ3SC3SD3SE3SF3SG3SH3SI3SJ3SK3SL3SM3SN3SO3SP3SQ3TD3TE3TF3TG3TH3TI3TJ3TK3TL3TM3TN3TO3TP3TQ3UD3UE3UF3UG3UH3UI3UJ3UK3UL3UM3UN3UO3UP3UQ3VE3VF3VG3VH3VI3VJ3VK3VL3VM3VN3VO3VP3WE3WF3WG3WH3WI3WJ3WK3WL3WM3WN3WO3WP3XF3XG3XH3XI3XJ3XK3XL3XM4AD4AE4AF4AG4AJ4AK4BB4BC4BF4BH4BI4BJ4BK4CA4CG4CH4CI4CJ4CK4DB4DC4DJ4DK4EE4EG4EH4EI4EJ4EK4FF4FI4FJ4FK4GC4GD4GI4GJ4GK4HD4HJ4HK4IB4IC4II4IK4JB4JH4JI4JK4KC4KI4LI4LJ4LK4MD4MI4NB4NK4OC4OD4OE4PB4PD4PE4QD4QE4RD4SB4SD4SE4SH4TE4TF4UB4UG4UH4UI4VF4VG4VH4VI4WD4WE4WF4WG4WH4WI</Field33>
<Field34>516</Field34>
<Field35>1AN1AO1AP1AQ1AR1AS1AT1AU1AV1AW1AX1BL1BM1BN1BO1BP1BQ1BR1BS1BT1BU1BV1BW1BX1CK1CL1CM1CN1CO1CP1CQ1CR1CS1CT1CU1CV1CW1CX1DK1DL1DM1DN1DO1DP1DQ1DR1DS1DT1DU1DV1DW1DX1EK1EL1EM1EN1EO1EP1EQ1ER1ES1EU1EV1EW1EX1FK1FL1FM1FN1FO1FP1FQ1FR1FS1FT1FU1FV1FW1FX1GK1GL1GM1GN1GO1GP1GQ1GR1GS1GT1GU1GV1GW1GX1HK1HL1HM1HN1HO1HP1HQ1HR1HS1HT1HU1HV1HW1HX1II1IL1IM1IN1IO1IP1IQ1IR1IS1IT1IU1IV1IW1IX1JK1JL1JM1JN1JO1JP1JQ1JR1JS1JT1JU1JV1JW1JX1KI1KL1KM1KN1KO1KP1KQ1KR1KS1KT1KU1KV1KW1KX1LK1LL1LM1LN1LO1LP1LQ1LR1LS1LT1LU1LV1LW1LX1MA1MI1MJ1ML1MM1MN1MO1MP1MQ1MR1MS1MT1MU1MV1MW1MX1NK1NL1NM1NN1NO1NP1NQ1NR1NS1NT1NU1NV1NW1NX1OL1OM1ON1OO1OP1OQ1OR1OS1OT1OU1OV1OW1OX1PM1PN1PO1PP1PQ1PR1PS1PT1PU1PV1PW1PX1QM1QN1QO1QP1QQ1QR1QS1QT1QU1QV1QW1QX1RM1RN1RO1RP1RQ1RR1RS1RT1RU1RV1RW1RX1SM1SN1SR1SS1ST1SU1SV1SW1SX1TM1TN1TO1TS1TT1TU1TV1TW1TX1UB1UC1UM1UN1UO1UP1US1UT1UU1UV1UW1VA1VB1VC1VE1VF1VG1VH1VI1VM1VN1VO1VP1VR1WA1WB1WC1WD1WE1WF1WG1WH1WI1WL1WM1WN1WO1WP1WQ1WR1XA1XB1XC1XD1XE1XF1XG1XH1XI1XL1XM1XN1XO1XP1XQ1XR2AA2AB2AC2AD2AE2AF2AG2AH2AI2AM2AN2AO2AP2AQ2AR2AS2AT2AU2AV2AW2BA2BB2BC2BD2BE2BF2BG2BH2BI2BM2BN2BO2BP2BQ2BR2BS2BT2BU2BV2BW2CA2CB2CC2CD2CE2CF2CG2CH2CI2CJ2CK2CL2CM2CN2CO2CP2CQ2CR2CS2CT2CU2CV2CW2DA2DB2DC2DD2DE2DF2DG2DH2DI2DJ2DK2DL2DM2DN2DO2DP2DQ2DR2DS2DT2DU2DV2DW2EA2EB2EC2ED2EE2EF2EG2EH2EI2EJ2EK2EL2EM2EN2EO2EP2EQ2ER2ES2ET2EU2EV2EW2FA2FB2FC2FD2FE2FF2FG2FH2FI2FJ2FK2FL2FM2FN2FO2FP2FQ2FR2FS2FT2FU2FV2FW2GA2GB2GC2GD2GE2GF2GG2GH2GI2GJ2GK2GL2GM2GN2GO2GP2GQ2GR2GS2GT2GU2GV2GW2HA2HB2HC2HD2HE2HF2HG2HH2HI2HJ2HK2HL2HM2HN2HO2HP2HQ2HR2HS2HT2HU2HV2HW2IA2IB2IC2ID2IE2IF2IG2IH2II2IJ2IK2IL2IM2IN2IO2IP2IQ2IR2IS2IT2IU2IV2IW2JA2JB2JC2JD2JE2JF2JG2JH2JI2JJ2JK2JL2JM2JN2JO2JP2JQ2JR2JS2JT2JU2JV2JW2KA2KB2KC2KD2KE2KF2KG2KH2KI2KJ2KK2KL2KM2KN2KO2KP2KQ2KR2KS2KT2KU2KV2KW2LA2LB2LC2LD2LE2LF2LG2LH2LI2LJ2LK2LL2LM2LN2LO2LP2LQ2LR2LS2LT2LU2LV2LW2MA2MB2MC2MD2ME2MF2MG2MM2MN2MO2MP2MQ2MR2MS2MT2MU2MV2MW2NA2NB2NC2ND2NE2NF2NG2NM2NN2NO2NP2NQ2NR2NS2NT2NU2NV2NW2OA2OB2OC2OD2OE2OF2OG2OM2ON2OO2OP2OQ2OR2OS2OT2OU2OV2OW2OX2PA2PB2PC2PD2PE2PF2PM2PN2PO2PP2PQ2PR2PS2PT2PU2PV2PW2PX2QA2QB2QC2QD2QE2QF2QL2QM2QN2QO2QP2QQ2QR2QS2QT2QU2QV2QW2QX2RA2RB2RC2RD2RE2RF2RK2RL2RM2RN2RO2RP2RQ2RR2RX2SA2SB2SC2SD2SE2SF2SG2SH2SI2SJ2SK2SL2SM2SN2SO2SP2SQ2SR2TA2TB2TC2TD2TE2TF2TG2TH2TI2TJ2TK2TL2TM2TN2TO2TP2TQ2TR2UA2UB2UC2UD2UE2UF2UG2UH2UI2UJ2UK2UL2UM2UN2UO2UP2UQ2UR2US2VC2VD2VE2VF2VG2VH2VI2VJ2VK2VL2VM2VN2VO2VP2VQ2VR2VS2WC2WD2WE2WF2WG2WH2WI2WJ2WK2WL2WM2WN2WO2WP2WQ2WR2WS2WT2WU2WV2WW2XD2XE2XF2XG2XH2XI2XJ2XK2XL2XM2XN2XO2XP2XQ2XR2XS2XT2XU2XV2XW3AN3AO3AP3AQ3AR3BO3BP3BQ3CO3CP3EO3EP3FO3FP3GP3IP3IQ3JP3JQ3KQ3QR3RR3SR3TR3UR3VQ3VR3VS3WD3WQ3WR3WS3WT3WU3WV3WW3WX3XC3XD3XE3XN3XO3XP3XQ3XR3XS3XT3XU3XV3XW3XX4AH4AI4AL4AM4AN4AO4AP4AQ4AR4AS4AT4AU4AV4AW4AX4BD4BE4BG4BL4BM4BN4BO4BP4BQ4BR4BS4BT4BU4BV4BW4BX4CC4CD4CE4CL4CM4CN4CO4CP4CQ4CR4CS4CT4CU4CV4CW4CX4DD4DL4DM4DN4DO4DP4DQ4DR4DS4DT4DU4DV4DW4DX4EA4EB4EC4ED4EL4EM4EN4EO4EP4EQ4ER4ES4ET4EU4EV4EW4EX4FA4FB4FC4FD4FQ4FR4FS4FT4FU4FV4FW4FX4GA4GB4GT4GU4GV4GW4GX4HT4HU4HV4HW4HX4IL4IM4IV4IW4IX4JA4JC4JL4JM4JN4JO4KA4KB4KL4KM4KN4KO4KP4LB4LL4LM4LN4LO4LP4LQ4LR4MB4MJ4MK4ML4MM4MN4MO4MP4MQ4MR4MS4MT4MU4MV4MW4MX4NI4NJ4NL4NM4NN4NO4NP4NQ4NR4NS4NT4NU4NV4NW4NX4OB4OI4OJ4OK4OL4OM4ON4OO4OP4OQ4OR4OS4OT4OU4OV4OW4OX4PC4PI4PJ4PK4PL4PM4PN4PO4PP4PQ4PR4PS4PT4PU4PV4PW4PX4QB4QC4QI4QJ4QK4QL4QM4QN4QO4QP4QQ4QR4QS4QT4QU4QV4QW4QX4RA4RB4RC4RK4RL4RM4RN4RO4RP4RQ4RR4RS4RT4RU4RV4RW4RX4SA4SC4SL4SM4SN4SO4SP4SQ4SR4SS4ST4SU4SV4SW4SX4TA4TB4TC4TD4TL4TM4TN4TO4TP4TQ4TR4TS4TT4TU4TV4TW4TX4UC4UD4UE4UF4UM4UN4VB4VC4VD4VE</Field35>
<Field36>1127</Field36>
<Field37>1AB1AC1AD1BA1BB1BC1BJ1BK1CA1CB1CC1CD1CG1CH1CJ1DA1DB1DC1DD1DE1DF1DG1DH1EA1EB1EC1ED1EE1EF1EI1FA1FB1FC1FD1FE1FF1FG1GA1GB1GC1GD1GE1GF1GG1HA1HB1HC1HD1HE1HF1HG1IA1IB1IC1ID1IE1IF1IG1JA1JB1JC1JD1JE1JF1JG1KA1KB1KC1KD1KE1KF1KG1LA1LB1LC1LD1LE1LF1LG1MB1MC1MD1ME1MF1MG1NE1OD1OF1OI1QK1SO1SP1SQ1TP1TQ1UQ1VJ1VQ1VW1VX1WJ1WS1WT1WU1WV1WW1WX1XJ1XS1XT1XU1XV1XW1XX2RS2RT2RU2RV2RW2SS2ST2SU2SV2SW2SX2TS2TT2TU2TV2TW2TX2UT2UU2UV2UW2UX2VA2VB2VT2VU2VV2VW2WA2WB2XA2XB2XC3AI3AJ3AK3AS3AT3AU3AV3AW3AX3BK3BL3BM3BR3BS3BT3BU3BV3BW3BX3CM3CN3CQ3CR3CS3CT3CU3CV3CW3CX3DN3DO3DQ3DR3DS3DT3DU3DV3DW3DX3EB3EQ3ER3ES3ET3EU3EV3EW3EX3FB3FQ3FR3FS3FT3FU3FV3FW3FX3GB3GQ3GR3GS3GT3GU3GV3GW3GX3HB3HQ3HR3HS3HW3HX3IB3IR3IV3IW3IX3JB3JR3JV3JW3JX3KB3KR3KS3KV3KW3KX3LB3LR3LS3LT3LW3LX3MB3MR3MS3MT3MU3MX3NB3NR3NS3NT3NU3NV3NX3OB3OR3OS3OT3OU3OV3PB3PR3PS3PT3PU3PV3PW3PX3QB3QS3QT3QU3QV3QW3QX3RB3RS3RT3RU3RV3RW3SB3SS3ST3SU3SV3SW3SX3TB3TS3TT3TU3TV3TW3TX3UB3UC3US3UT3UU3UV3UW3UX3VB3VC3VT3VU3VV3VW3VX3WB3WC4AA4AB4AC4BA4CB4CF4DA4DE4DF4DG4DH4DI4EF4FE4FG4FH4FL4FM4FN4FO4FP4GE4GF4GG4GH4GL4GM4GN4GO4GP4GQ4GR4GS4HB4HC4HE4HF4HG4HH4HI4HL4HM4HN4HO4HP4HQ4HR4HS4IE4IG4IH4IJ4IN4IO4IP4IQ4IR4IS4IT4IU4JG4JJ4JP4JQ4JR4JS4JT4JU4JV4JW4JX4KE4KF4KG4KH4KJ4KK4KQ4KR4KS4KT4KU4KV4KW4KX4LA4LC4LD4LF4LH4LS4LT4LU4LV4LW4LX4MA4MC4ME4MF4MG4MH4NA4NC4ND4NE4NF4NG4NH4OA4OF4OG4OH4PA4PF4PG4PH4QA4QF4QG4QH4RE4RF4RG4RH4RI4RJ4SF4SG4SI4SJ4SK4TG4TH4TI4TJ4TK4UA4UJ4UK4UL4UO4UP4UQ4UR4US4UT4UU4UV4UW4UX4VA4VJ4VK4VL4VM4VN4VO4VP4VQ4VR4VS4VT4VU4VV4VW4VX4WA4WB4WC4WJ4WK4WL4WM4WN4WO4WP4WQ4WR4WS4WT4WU4WV4WW4WX4XA4XB4XC4XD4XE4XF4XG4XH4XI4XJ4XK4XL4XM4XN4XO4XP4XQ</Field37>
<Field38>514</Field38>
<Field39>2MH2MI2MJ2MK2ML2NH2NI2NJ2NK2NL2OH2OI2OJ2OK2OL2PG2PH2PI2PJ2PK2PL2QG2QH2QI2QJ2QK2RG2RH2RI2RJ3HT3HU3IS3IT3IU3JS3JT3JU3KT3KU3LU3LV3MV3MW3NW3OW3OX</Field39>
<Field40>47</Field40>
</results>
<results>
<Field1>3T2HW4QDUXKYL7IZB3QSFCX1D2U9CN</Field1>
<Field2>3PUZG2R74TXVF7CR9RD94D92J8X45X</Field2>
<Field3>Participate in a land classification study (Bonuses for accuracy)</Field3>
<Field4>Classify an aerial image into four different types of land cover</Field4>
<Field5>image classification, land cover, photo interpretation</Field5>
<Field6>$0.50</Field6>
<Field7>Tue Jun 29 15:46:53 PDT 2021</Field7>
<Field8>6</Field8>
<Field9>BatchId:4491423;OriginalHitTemplateId:928390828;</Field9>
<Field10>3600</Field10>
<Field11>259200</Field11>
<Field12>Tue Jul 06 15:46:53 PDT 2021</Field12>
<Field15>3B2X28YI3ZSUG3MPPZWM92W8YGDB6G</Field15>
<Field16>A2G44A4ZPWRPXU</Field16>
<Field17>Submitted</Field17>
<Field18>Wed Jun 30 01:32:51 PDT 2021</Field18>
<Field19>Wed Jun 30 01:45:40 PDT 2021</Field19>
<Field20>Sat Jul 03 01:45:40 PDT 2021</Field20>
<Field24>769</Field24>
<Field25>0% (0/0)</Field25>
<Field26>0% (0/0)</Field26>
<Field27>0% (0/0)</Field27>
<Field28>25596</Field28>
<Field29>old</Field29>
<Field30>img25596_old.jpg</Field30>
<Field31>https://raw.githubusercontent.com/ROIHabitat/lcimages/master/img25596_old.jpg</Field31>
<Field32>2293</Field32>
<Field33>1AA1AB1AC1AD1AE1AF1AG1AH1AI1AJ1AK1AL1AM1AN1AO1AP1AQ1AR1AS1AT1AU1AV1BA1BB1BC1BD1BE1BF1BG1BH1BI1BJ1BK1BL1BM1BN1BO1BP1BQ1BR1BS1BT1BU1BV1BW1CA1CB1CC1CD1CF1CG1CH1CI1CJ1CK1CN1CO1CP1CQ1CR1CS1CT1CU1CV1CW1DA1DB1DC1DD1DU1DV1DW1EA1EB1EC1ED1EU1EV1EW1FA1FB1FC1FD1FU1FV1FW1GA1GB1GC1GD1GU1GV1GW1HA1HB1HC1HD1IA1IB1IC1ID1JA1JB1JC1JD1KA1KB1KC1KD1LA1LB1LC1LD1MA1MB1MC1MD1NA1NB1NC1ND1OA1OB1OC1OD1PA1PB1PC1PD1QA1QB1QC1QD1QE1RA1RB1RC1RD1RE1SA1SB1SC1SD1SE1TA1TB1TC1TD1TE1UA1UB1UC1UD1UE1UU1UV1UW1VA1VB1VC1VD1VE1VF1VG1VR1VS1VT1VU1VV1VW1WA1WB1WC1WD1WE1WF1WG1WH1WI1WJ1WK1WL1WM1WN1WO1WP1WQ1WR1WS1WT1WU1WV1WW1XA1XB1XC1XD1XE1XF1XG1XH1XI1XJ1XK1XL1XM1XN1XO1XP1XQ1XR1XS1XT1XU1XV1XW2AG2AH2AI2AJ2AK2AL2AM2AN2AO2AP2AQ2AR2AS2AT2AU2AV2AW2AX2BG2BH2BI2BJ2BK2BL2BM2BN2BO2BP2BQ2BR2BS2BT2BU2BV2BW2BX2CG2CH2CI2CJ2CK2CL2CN2CO2CP2CQ2CR2CS2CT2CU2CV2CW2CX2DO2DP2DQ2DR2DS2DT2DU2DV2DW2DX2EO2EP2EQ2ER2ES2ET2EU2EV2EW2EX2FO2FP2FQ2FR2FS2FT2FU2FV2FW2FX2GN2GO2GP2GQ2GR2GS2GT2GU2GV2GW2GX2HN2HO2HP2HQ2HR2HS2HT2HU2HV2HW2HX2IN2IO2IP2IQ2IR2IS2IT2IU2IV2IW2IX2JN2JO2JP2JQ2JR2JS2JT2JU2JV2JW2JX2KM2KN2KO2KP2KQ2KR2KS2KT2KU2KV2KW2KX2LM2LN2LO2LP2LQ2LR2LS2LT2LU2LV2LW2LX2MM2MN2MO2MP2MQ2MR2MS2MT2MU2MV2MW2MX2NM2NN2NO2NP2NQ2NR2NS2NT2NU2NV2NW2NX2OM2ON2OO2OP2OQ2OR2OS2OT2OU2OV2OW2OX2PM2PN2PO2PP2PQ2PR2PS2PT2PU2PV2PW2PX2QM2QN2QO2QP2QQ2QR2QS2QT2QU2QV2QW2QX2RN2RO2RP2RQ2RR2RS2RT2RU2RV2RW2RX2SN2SO2SP2SQ2SR2SS2ST2SU2SV2SW2SX2TN2TO2TP2TQ2TR2TS2TT2TU2TV2TW2TX2UN2UO2UP2UR2US2UT2UU2UV2UW2UX2VR2VS2VT2VU2VV2VW2VX2WN2WO2WP2WQ2WR2WS2WT2WU2WV2WW2WX2XN2XO2XP2XQ2XR2XS2XT2XU2XV2XW2XX3AA3AB3AC3AD3AE3AF3AG3AH3AI3AJ3BA3BB3BC3BD3BE3BF3BG3BH3BI3BJ3CA3CB3CC3CD3CE3CF3CG3CH3CI3CJ3CK3DA3DB3DC3DD3DE3DF3DG3DH3DI3DJ3DK3EA3EB3EC3ED3EE3EF3EG3EH3EI3EJ3EK3FA3FB3FC3FD3FE3FF3FG3FH3FI3FJ3FK3GA3GB3GC3GD3GE3GF3GG3GH3GI3GJ3GK3HA3HB3HC3HD3HE3HF3HG3HH3HI3HJ3HK3IA3IB3IC3ID3IE3IF3IG3IH3II3IJ3IK3JA3JB3JC3JD3JE3JF3JG3JH3JI3JJ3JK3JL3KA3KB3KC3KD3KE3KF3KG3KH3KI3KJ3KK3KL3LA3LB3LC3LD3LE3LF3LG3LH3LI3LJ3LK3LL3MA3MB3MC3MD3ME3MF3MG3MH3MI3MJ3MK3ML3NA3NB3NC3ND3NE3NF3NG3NH3NI3NJ3NK3NL3OA3OB3OC3OD3OE3OF3OG3OH3OI3OJ3OK3OL3PA3PB3PC3PD3PE3PF3PG3PH3PI3PJ3PK3PL3QA3QB3QC3QD3QE3QF3QG3QH3QI3QJ3QK3QL3RA3RB3RC3RD3RE3RF3RG3RH3RI3RJ3RK3RL3RM3SA3SB3SC3SD3SE3SF3SG3SH3SI3SJ3SK3SL3SM3TA3TB3TC3TD3TE3TF3TG3TH3TI3TJ3TK3TL3TM3UA3UB3UC3UD3UE3UF3UG3UH3UI3UJ3UK3UL3UM3VA3VB3VC3VD3VE3VF3VG3VH3VI3VJ3VK3VL3VM3WA3WB3WC3WD3WE3WF3WG3WH3WI3WJ3WK3WL3WM3XA3XB3XC3XD3XE3XF3XG3XH3XI3XJ3XK3XL4AA4AB4AC4AD4AE4BA4BB4BC4BD4CA4CB4CC4CD4DA4DB4DC4DD4EA4EB4EC4ED4FA4FB4FC4FD4GA4GB4GC4GD4HA4HB4HC4HD4IA4IB4IC4ID4JA4JB4JC4JD4KA4KB4KC4KD4LA4LB4LC4LD4LE4MA4MB4MC4MD4ME4NA4NB4NC4ND4NE4OA4OB4OC4OD4OE4PA4PB4PC4PD4PE4QA4QB4QC4QD4QE4RA4RB4RC4RD4RE4SA4SB4SC4SD4SE4TA4TB4TC4TD4TE4UA4UB4UC4UD4UE4VA4VB4VC4VD4VE4WA4WB4WC4WD4WE4WF4XA4XB4XC4XD4XE4XF4XG</Field33>
<Field34>895</Field34>
<Field35>1CE1CL1CM1DE1DF1DG1DH1DI1DJ1DK1DL1DM1EE1EF1EG1EH1EI1EJ1EK1EL1EM1FE1FF1FG1FH1FI1FJ1FK1FL1FM1GE1GF1GG1GH1GI1GJ1GK1GL1GM1HE1HF1HG1HH1HI1HJ1HK1HL1HM1IE1IF1IG1IH1II1IJ1IK1IL1IM1JE1JF1JG1JH1JI1JJ1JK1JL1JM1KE1KF1KG1KH1KI1KJ1KK1KL1KM1LE1LF1LG1LH1LI1LJ1LK1LL1LM1ME1MF1MG1MH1MI1MJ1MK1ML1MM1NE1NF1NG1NH1NI1NJ1NK1NL1NM1OE1OF1OG1OH1OI1OJ1OK1OL1OM1PE1PF1PG1PH1PI1PJ1PK1PL1PM1QF1QG1QH1QI1QJ1QK1QL1QM1RF1RG1RH1RI1RJ1RK1RL1RM1SF1SG1SH1SI1SJ1SK1SL1SM1TF1TG1TH1TI1TJ1TK1TL1TM1UF1UG1UH1UI1UJ1UK1UL1UM1VH1VI1VJ1VK1VL1VM2CM2DJ2DK2DL2DM2DN2EI2EJ2EK2EL2EM2EN2FH2FI2FJ2FK2FL2FM2FN2GG2GH2GI2GJ2GK2GL2GM2HF2HG2HH2HI2HJ2HK2HL2HM2IF2IG2IH2II2IJ2IK2IL2IM2JE2JF2JG2JH2JI2JJ2JK2JL2JM2KE2KF2KG2KH2KI2KJ2KK2KL2LD2LE2LF2LG2LH2LI2LJ2LK2LL2MD2ME2MF2MK2ML2NC2ND2NE2NF2NK2NL2OC2OD2OE2OF2OK2OL2PB2PC2PD2PE2PJ2PK2PL2QB2QC2QK2QL2RB2RC2RK2RL2RM2SB2SC2SK2SL2SM2TB2TC2TK2TL2TM2UB2UC2UD2UK2UL2UM2UQ2VB2VC2VD2VK2VL2VM2VN2VO2VP2VQ2WB2WC2WD2WI2WJ2WK2WL2WM2XB2XC2XD2XE2XF2XG2XH2XI2XJ2XK2XL2XM3AK3AL3AM3AN3AO3AP3AQ3AR3AS3BK3BL3BM3BN3BO3BP3BQ3BR3BS3CL3CM3CN3CO3CP3CQ3CR3CS3CT3DL3DM3DN3DO3DP3DQ3DR3DS3DT3EL3EM3EN3EO3EP3EQ3ER3ES3ET3FL3FM3FN3FO3FP3FQ3FR3FS3FT3GL3GM3GN3GO3GP3GQ3GR3GS3GT3HL3HM3HN3HO3HP3HQ3HR3HS3HT3HU3IL3IM3IN3IO3IP3IQ3IR3IS3IT3IU3JM3JN3JO3JP3JQ3JR3JS3JT3JU3KM3KN3KO3KP3KQ3KR3KS3KT3KU3LM3LN3LO3LP3LQ3LR3LS3LT3LU3MM3MN3MO3MP3MQ3MR3MS3MT3MU3NM3NN3NO3NP3NQ3NR3NS3NT3NU3OM3ON3OO3OP3OQ3OR3OS3OT3OU3PM3PN3PO3PP3PQ3PR3PS3PT3PU3QM3QN3QO3QP3QQ3QR3QS3QT3QU3RN3RO3RP3RQ3RR3RS3RT3RU3SN3SO3SP3SQ3SR3SS3ST3SU3TN3TO3TP3TQ3TR3TS3TT3TU3UN3UO3UP3UQ3UR3US3UT3UU3VN3VO3VP3VQ3VR3VS3VT3WN3WO3WP3WQ3WR3WS3WT3XM3XN3XO3XP3XQ3XR3XS4AF4AG4AH4AI4AJ4AK4AL4AM4AN4BE4BF4BG4BH4BI4BJ4BK4BL4BM4BN4CE4CF4CG4CH4CI4CJ4CK4CL4CM4CN4DE4DF4DG4DH4DI4DJ4DK4DL4DM4DN4EE4EF4EG4EH4EI4EJ4EK4EL4EM4EN4FE4FF4FG4FH4FI4FJ4FK4FL4FM4FN4GE4GF4GG4GH4GI4GJ4GK4GL4GM4GN4HE4HF4HG4HH4HI4HJ4HK4HL4HM4HN4IE4IF4IG4IH4II4IJ4IK4IL4IM4IN4JE4JF4JG4JH4JI4JJ4JK4JL4JM4JN4KE4KF4KG4KH4KI4KJ4KK4KL4KM4KN4LF4LG4LH4LI4LJ4LK4LL4LM4LN4MF4MG4MH4MI4MJ4MK4ML4MM4MN4NF4NG4NH4NI4NJ4NK4NL4NM4NN4OF4OG4OH4OI4OJ4OK4OL4OM4ON4PF4PG4PH4PI4PJ4PK4PL4PM4PN4QF4QG4QH4QI4QJ4QK4QL4QM4QN4RF4RG4RH4RI4RJ4RK4RL4RM4RN4SF4SG4SH4SI4SJ4SK4SL4SM4SN4TF4TG4TH4TI4TJ4TK4TL4TM4TN4UF4UG4UH4UI4UJ4UK4UL4UM4UN4VF4VG4VH4VI4VJ4VK4VL4VM4VN4WG4WH4WI4WJ4WK4WL4WM4WN</Field35>
<Field36>738</Field36>
<Field37>1BX1CX1DN1DO1DP1DQ1DR1DS1DT1DX1EN1EO1EP1EQ1ER1ES1ET1EX1FN1FO1FP1FQ1FR1FS1FT1FX1GN1GO1GP1GQ1GR1GS1GT1GX1HN1HO1HP1HQ1HR1HS1HT1HU1HV1HW1HX1IN1IO1IP1IQ1IR1IS1IT1IU1IV1IW1IX1JN1JO1JP1JQ1JR1JS1JT1JU1JV1JW1JX1KN1KO1KP1KQ1KR1KS1KT1KU1KV1KW1KX1LN1LO1LP1LQ1LR1LS1LT1LU1LV1LW1LX1MN1MO1MP1MQ1MR1MS1MT1MU1MV1MW1MX1NN1NO1NP1NQ1NR1NS1NT1NU1NV1NW1NX1ON1OO1OP1OQ1OR1OS1OT1OU1OV1OW1OX1PN1PO1PP1PQ1PR1PS1PT1PU1PV1PW1PX1QN1QO1QP1QQ1QR1QS1QT1QU1QV1QW1QX1RN1RO1RP1RQ1RR1RS1RT1RU1RV1RW1RX1SN1SO1SP1SQ1SR1SS1ST1SU1SV1SW1SX1TN1TO1TP1TQ1TR1TS1TT1TU1TV1TW1TX1UN1UO1UP1UQ1UR1US1UT1UX1VN1VO1VP1VQ1VX1WX1XX2AA2AB2AC2AD2AE2AF2BA2BB2BC2BD2BE2BF2CA2CB2CC2CD2CE2CF2DA2DB2DC2DD2DE2DF2DG2DH2DI2EA2EB2EC2ED2EE2EF2EG2EH2FA2FB2FC2FD2FE2FF2FG2GA2GB2GC2GD2GE2GF2HA2HB2HC2HD2HE2IA2IB2IC2ID2IE2JA2JB2JC2JD2KA2KB2KC2KD2LA2LB2LC2MA2MB2MC2MG2MH2MI2MJ2NA2NB2NG2NH2NI2NJ2OA2OB2OG2OH2OI2OJ2PA2PF2PG2PH2PI2QA2QD2QE2QF2QG2QH2QI2QJ2RA2RD2RE2RF2RG2RH2RI2RJ2SA2SD2SE2SF2SG2SH2SI2SJ2TA2TD2TE2TF2TG2TH2TI2TJ2UA2UE2UF2UG2UH2UI2UJ2VA2VE2VF2VG2VH2VI2VJ2WA2WE2WF2WG2WH2XA3AT3AU3AV3AW3AX3BT3BU3BV3BW3BX3CU3CV3CW3CX3DU3DV3DW3DX3EU3EV3EW3EX3FU3FV3FW3FX3GU3GV3GW3GX3HV3HW3HX3IV3IW3IX3JV3JW3JX3KV3KW3KX3LV3LW3LX3MV3MW3MX3NV3NW3NX3OV3OW3OX3PV3PW3PX3QV3QW3QX3RV3RW3RX3SV3SW3SX3TV3TW3TX3UV3UW3UX3VU3VV3VW3VX3WU3WV3WW3WX3XT3XU3XV3XW3XX4AO4AP4AQ4AR4AS4AT4AU4AV4AW4AX4BO4BP4BQ4BR4BS4BT4BU4BV4BW4BX4CO4CP4CQ4CR4CS4CT4CU4CV4CW4CX4DO4DP4DQ4DR4DS4DT4DU4DV4DW4DX4EO4EP4EQ4ER4ES4ET4EU4EV4EW4EX4FO4FP4FQ4FR4FS4FT4FU4FV4FW4FX4GO4GP4GQ4GR4GS4GT4GU4GV4GW4GX4HO4HP4HQ4HR4HS4HT4HU4HV4HW4HX4IO4IP4IQ4IR4IS4IT4IU4IV4IW4IX4JO4JP4JQ4JR4JS4JT4JU4JV4JW4JX4KO4KP4KQ4KR4KS4KT4KU4KV4KW4KX4LO4LP4LQ4LR4LS4LT4LU4LV4LW4LX4MO4MP4MQ4MR4MS4MT4MU4MV4MW4MX4NO4NP4NQ4NR4NS4NT4NU4NV4NW4NX4OO4OP4OQ4OR4OS4OT4OU4OV4OW4OX4PO4PP4PQ4PR4PS4PT4PU4PV4PW4PX4QO4QP4QQ4QR4QS4QT4QU4QV4QW4QX4RO4RP4RQ4RR4RS4RT4RU4RV4RW4RX4SO4SP4SQ4SR4SS4ST4SU4SV4SW4SX4TO4TP4TQ4TR4TS4TT4TU4TV4TW4TX4UO4UP4UQ4UR4US4UT4UU4UV4UW4UX4VO4VP4VQ4VR4VS4VT4VU4VV4VW4VX4WO4WP4WQ4WR4WS4WT4WU4WV4WW4WX4XQ4XR4XS4XT4XU4XV4XW4XX</Field37>
<Field38>660</Field38>
<Field40>0</Field40>
</results>
<results>
<Field1>3T2HW4QDUXKYL7IZB3QSFCX1D2U9CN</Field1>
<Field2>3PUZG2R74TXVF7CR9RD94D92J8X45X</Field2>
<Field3>Participate in a land classification study (Bonuses for accuracy)</Field3>
<Field4>Classify an aerial image into four different types of land cover</Field4>
<Field5>image classification, land cover, photo interpretation</Field5>
<Field6>$0.50</Field6>
<Field7>Tue Jun 29 15:46:53 PDT 2021</Field7>
<Field8>6</Field8>
<Field9>BatchId:4491423;OriginalHitTemplateId:928390828;</Field9>
<Field10>3600</Field10>
<Field11>259200</Field11>
<Field12>Tue Jul 06 15:46:53 PDT 2021</Field12>
<Field15>3DYGAII7POLPUF6JNDSLARIOFIZPQ1</Field15>
<Field16>A3TVWXASQ5RCU</Field16>
<Field17>Submitted</Field17>
<Field18>Tue Jun 29 16:14:00 PDT 2021</Field18>
<Field19>Tue Jun 29 16:40:21 PDT 2021</Field19>
<Field20>Fri Jul 02 16:40:21 PDT 2021</Field20>
<Field24>1581</Field24>
<Field25>0% (0/0)</Field25>
<Field26>0% (0/0)</Field26>
<Field27>0% (0/0)</Field27>
<Field28>25596</Field28>
<Field29>old</Field29>
<Field30>img25596_old.jpg</Field30>
<Field31>https://raw.githubusercontent.com/ROIHabitat/lcimages/master/img25596_old.jpg</Field31>
<Field32>2253</Field32>
<Field33>2AG2AH2AI2AJ2AK2AL2AM2AN2AO2AP2AQ2AR2AS2AT2AU2AV2AW2AX2BG2BH2BI2BJ2BK2BL2BM2BN2BO2BP2BQ2BR2BS2BT2BU2BV2BW2BX2CG2CH2CI2CJ2CK2CL2CM2CN2CO2CP2CQ2CR2CS2CT2CU2CV2CW2CX2DG2DH2DI2DJ2DK2DL2DM2DN2DO2DP2DQ2DR2DS2DT2DU2DV2DW2DX2EG2EH2EI2EJ2EK2EL2EM2EN2EO2EP2EQ2ER2ES2ET2EU2EV2EW2EX2FG2FH2FI2FJ2FK2FL2FM2FN2FO2FP2FQ2FR2FS2FT2FU2FV2FW2FX2GG2GH2GI2GJ2GK2GL2GM2GN2GO2GP2GQ2GR2GS2GT2GU2GV2GW2GX2HG2HH2HI2HJ2HK2HL2HM2HN2HO2HP2HQ2HR2HS2HT2HU2HV2HW2IG2IH2II2IJ2IK2IL2IM2IN2IO2IP2IQ2IR2IS2IT2IU2IV2IW2JG2JH2JI2JJ2JK2JL2JM2JN2JO2JP2JQ2JR2JS2JT2JU2JV2JW2KG2KH2KI2KJ2KM2KN2KO2KP2KQ2KR2KS2KT2KU2KV2KW2LG2LH2LI2LJ2LM2LN2LO2LP2LQ2LR2LS2LT2LU2LV2LW2MG2MH2MI2MJ2MK2ML2MM2MN2MO2MP2MQ2MR2MS2MT2MU2MV2MW2MX2NG2NH2NI2NJ2NK2NL2NM2NN2NO2NP2NQ2NR2NS2NT2NU2NV2NW2NX2OG2OH2OI2OJ2OK2OL2OM2ON2OO2OP2OQ2OR2OS2OT2OU2OV2OW2OX2PG2PH2PI2PJ2PK2PL2PM2PN2PO2PP2PQ2PR2PS2PT2PU2PV2PW2PX2QG2QH2QI2QJ2QK2QL2QM2QN2QO2QP2QQ2QR2QS2QT2QU2QV2QW2QX2RG2RH2RI2RJ2RK2RL2RM2RN2RO2RP2RQ2RR2RS2RT2RU2RV2RW2RX2SG2SH2SI2SJ2SK2SL2SM2SN2SO2SP2SQ2SR2SS2ST2SU2SV2SW2SX2TG2TH2TI2TJ2TK2TL2TM2TN2TO2TP2TQ2TR2TS2TT2TU2TV2TW2TX2UG2UH2UI2UJ2UK2UL2UM2UN2UO2UP2UQ2UR2US2UT2UU2UV2UW2UX2VG2VH2VI2VJ2VK2VL2VM2VN2VO2VP2VQ2VR2VS2VT2VU2VV2VW2VX2WH2WI2WJ2WK2WL2WM2WN2WO2WP2WQ2WR2WS2WT2WU2WV2WX2XJ2XK2XL2XM2XN2XO2XP2XQ2XR2XS2XT2XU2XV2XW2XX4AJ4AK4AL4AM4AN4AO4AP4AQ4AR4AS4AT4AU4AV4AW4AX4BK4BL4BM4BN4BO4BP</Field33>
<Field34>439</Field34>
<Field35>1AN1AO1AP1AQ1AR1AS1AT1AU1AV1AW1AX1BN1BO1BP1BQ1BR1BS1BT1BU1BV1BW1BX1CN1CO1CP1CQ1CR1CS1CT1CU1CV1CW1CX1DN1DO1DP1DQ1DR1DS1DT1DU1DV1DW1DX1EJ1EK1EL1EM1EN1EO1EP1EQ1ER1ES1ET1EU1EV1EW1EX1FJ1FK1FL1FM1FN1FO1FP1FQ1FR1FS1FT1FU1FV1FW1FX1GJ1GK1GL1GM1GN1GO1GP1GQ1GR1GS1GT1GU1GV1GW1GX1HI1HJ1HK1HL1HM1HN1HO1HP1HQ1HR1HS1HT1HU1HV1HW1HX1II1IJ1IK1IL1IM1IN1IO1IP1IQ1IR1IS1IT1IU1IV1IW1IX1JI1JJ1JK1JL1JM1JN1JO1JP1JQ1JR1JS1JT1JU1JV1JW1JX1KA1KI1KJ1KK1KL1KM1KN1KO1KP1KQ1KR1KS1KT1KU1KV1KW1KX1LA1LI1LJ1LK1LL1LM1LN1LO1LP1LQ1LR1LS1LT1LU1LV1LW1LX1MA1MI1MJ1MK1ML1MM1MN1MO1MP1MQ1MR1MS1MT1MU1MV1MW1MX1NA1NB1NI1NJ1NK1NL1NM1NN1NO1NP1NQ1NR1NS1NT1NU1NV1NW1NX1OA1OB1OJ1OK1OL1OM1ON1OO1OP1OQ1OR1OS1OT1OU1OV1OW1OX1PA1PB1PK1PL1PM1PN1PO1PP1PQ1PR1PS1PT1PU1PV1PW1PX1QA1QB1QG1QL1QM1QN1QO1QP1QQ1QR1QS1QT1QU1QV1QW1QX1RA1RB1RC1RG1RM1RN1RO1RP1RQ1RR1RS1RT1RU1RV1RW1RX1SA1SB1SC1SG1SL1SM1SR1SS1ST1SU1SV1SW1SX1TA1TB1TC1TD1TG1TL1TM1TN1TO1TS1TT1TU1TV1TW1TX1UA1UB1UC1UD1UE1UF1UG1UH1UM1UN1UO1US1UT1UU1UV1UW1UX1VA1VB1VC1VD1VE1VF1VG1VH1VI1VM1VN1VO1VS1VT1VU1VV1VW1WA1WB1WC1WD1WE1WF1WG1WH1WI1WL1WM1WN1WO1WP1WQ1WR1WS1WT1WU1WV1XA1XB1XC1XD1XE1XF1XG1XH1XI1XK1XL1XM1XN1XO1XP1XQ1XR1XS2AA2AB2AC2AD2AE2AF2BA2BB2BC2BD2BE2BF2CA2CB2CC2CD2CE2CF2DA2DB2DC2DD2DE2DF2EA2EB2EC2ED2EE2EF2FA2FB2FC2FD2FE2FF2GA2GB2GC2GD2GE2GF2HA2HB2HC2HD2HE2HF2IA2IB2IC2ID2IE2IF2JA2JB2JC2JD2JE2JF2KA2KB2KC2KD2KE2KF2LA2LB2LC2LD2LE2LF2MA2MB2MC2MD2ME2MF2NA2NB2NC2ND2NE2NF2OA2OB2OC2OD2OE2OF2PA2PB2PC2PD2PE2PF2QA2QB2QC2QD2QE2QF2RA2RB2RC2RD2RE2RF2SA2SB2SC2SD2SE2SF2TA2TB2TC2TD2TE2TF2UA2UB2UC2UD2UE2UF2VA2VB2VC2VD2VE2VF2WA2WB2WC2WD2WE2WF2WG2XA2XB2XC2XD2XE2XF2XG2XH2XI3AA3AB3AC3AD3AE3AF3AG3AH3AK3AL3AM3AN3AQ3AR3BA3BB3BC3BD3BE3BF3BG3BH3BL3BQ3BR3BS3CA3CB3CC3CD3CE3CF3CG3CH3CI3CL3CM3CQ3CR3DA3DB3DC3DD3DE3DF3DG3DH3DI3DJ3DK3DL3DM3DN3DP3EC3ED3EE3EF3EG3EH3EI3EJ3EK3EL3EM3EN3EO3EP3FC3FD3FE3FF3FG3FH3FI3FJ3FK3FL3FM3FN3FO3GC3GD3GE3GF3GG3GH3GI3GJ3GK3GL3GM3GN3GQ3GS3GT3GW3GX3HC3HD3HE3HF3HG3HH3HI3HJ3HK3HL3HM3HN3HO3HQ3HR3HW3HX3IC3ID3IE3IF3IG3IH3II3IJ3IK3IL3IM3IN3IO3IQ3IR3IV3IW3IX3JC3JD3JE3JF3JG3JH3JI3JJ3JK3JL3JM3JN3JO3JQ3JR3JV3JW3JX3KC3KD3KE3KF3KG3KH3KI3KJ3KK3KL3KM3KN3KO3KQ3KR3KS3KW3KX3LC3LD3LE3LF3LG3LH3LI3LJ3LK3LL3LM3LN3LO3LQ3LR3LS3LT3LW3LX3MC3MD3ME3MF3MG3MH3MI3MJ3MK3ML3MM3MN3MO3MT3MU3MX3NC3ND3NE3NF3NG3NH3NI3NJ3NK3NL3NM3NN3NO3NP3NR3NU3NV3NX3OC3OD3OE3OF3OG3OH3OI3OJ3OK3OL3OM3ON3OO3OP3OS3OU3OV3PC3PD3PE3PF3PG3PH3PI3PJ3PK3PL3PM3PN3PO3PP3PQ3PT3PV3PW3PX3QD3QE3QF3QG3QH3QI3QJ3QK3QL3QM3QN3QO3QP3QQ3QR3QW3QX3RD3RE3RF3RG3RH3RI3RJ3RK3RL3RM3RN3RO3RP3RQ3RR3RT3RU3RX3SD3SE3SF3SG3SH3SI3SJ3SK3SL3SM3SN3SO3SP3SQ3ST3SU3SV3TD3TE3TF3TG3TH3TI3TJ3TK3TL3TM3TN3TO3TP3TQ3TT3TU3TV3TW3TX3UD3UE3UF3UG3UH3UI3UJ3UK3UL3UM3UN3UO3UP3UQ3UU3UV3UW3UX3VD3VE3VF3VG3VH3VI3VJ3VK3VL3VM3VN3VO3VP3VQ3VR4AD4AE4AF4AG4AH4AI4BD4BE4BF4BG4BH4BI4BJ4BQ4BR4BS4BT4BU4BV4BW4BX4CD4CE4CF4CG4CH4CI4CJ4CK4CL4CM4CN4CO4CP4CQ4CR4CS4CT4CU4CV4CW4CX4DD4DE4DF4DH4DI4DJ4DK4DL4DM4DN4DO4DP4DQ4DR4DS4DT4DU4DV4DW4DX4ED4EE4EF4EK4EL4EM4EN4EO4EP4EQ4ER4ES4ET4EU4EV4EW4EX4FB4FC4FD4FE4FO4FP4FQ4FR4FS4FT4FU4FV4FW4FX4GB4GC4GD4GE4GF4GQ4GR4GS4GT4GU4GV4GW4GX4HB4HC4HF4HI4HJ4HU4HV4HW4HX4IF4II4IJ4IK4IL4IM4IN4IW4IX4JA4JB4JC4JD4JE4JF4JI4JJ4JK4JL4JM4JN4JO4JP4JQ4KA4KB4KD4KE4KF4KG4KI4KJ4KK4KL4KM4KN4KO4KP4KQ4KR4KS4KT4LA4LB4LE4LF4LG4LJ4LK4LL4LM4LN4LO4LP4LQ4LR4LS4LT4LU4LV4LW4LX4MA4MB4MC4MG4MH4MI4MJ4MK4ML4MM4MN4MO4MP4MQ4MR4MS4MT4MU4MV4MW4MX4NA4NJ4NK4NL4NM4NN4NO4NP4NQ4NR4NS4NT4NU4NV4NW4NX4OC4OJ4OK4OL4OM4ON4OO4OP4OQ4OR4OS4OT4OU4OV4OW4OX4PC4PD4PJ4PK4PL4PM4PN4PO4PP4PQ4PR4PS4PT4PU4PV4PW4PX4QC4QD4QE4QK4QL4QM4QN4QO4QP4QQ4QR4QS4QT4QW4QX4RA4RB4RC4RD4RE4RL4RM4RN4RO4RP4RQ4RR4RS4RT4SL4SM4SN4SO4SP4SQ4SR4SS4ST4SU4TL4TM4TN4TO4TP4TQ4TR4TS4TT4TU4TV4UL4UM4UN4UO4UP4UQ4UR4US4UT4UU4UV4UW4VM4VN4VO4VP4VQ4VR4VS4VT4VU4VV4VW</Field35>
<Field36>1201</Field36>
<Field37>1BA1BB1BC1BD1BE1BF1BG1BH1BI1BJ1BK1BL1BM1CA1CB1CC1CD1CE1CF1CG1CH1CI1CJ1CK1CL1CM1DA1DB1DC1DD1DE1DF1DG1DH1DI1DJ1DK1DL1DM1EA1EB1EC1ED1EE1EF1EG1EH1EI1FA1FB1FC1FD1FE1FF1FG1FH1FI1GA1GB1GC1GD1GE1GF1GG1GH1GI1HA1HB1HC1HD1HE1HF1HG1HH1IA1IB1IC1ID1IE1IF1IG1IH1JA1JB1JC1JD1JE1JF1JG1JH1KB1KC1KD1KE1KF1KG1KH1LB1LC1LD1LE1LF1LG1LH1MB1MC1MD1ME1MF1MG1MH1NC1ND1NE1NF1NG1NH1OC1OD1OE1OF1OG1OH1OI1PC1PD1PE1PF1PG1PH1PI1PJ1QC1QD1QE1QF1QH1QI1QJ1QK1RD1RE1RF1RH1RI1RJ1RK1SD1SE1SF1SH1SI1SK1SN1SO1SP1SQ1TE1TF1TH1TI1TJ1TK1TP1TQ1TR1UI1UJ1UK1UP1UQ1UR1VJ1VK1VP1VQ1VR1VX1WJ1WK1WW1WX1XJ1XT1XU1XV1XW1XX3AI3AJ3AS3AT3AU3AV3AW3AX3BI3BJ3BK3BT3BU3BV3BW3BX3CJ3CS3CT3CU3CV3CW3CX3DQ3DR3DS3DT3DU3DV3DW3DX3EA3EB3EQ3ER3ES3ET3EU3EV3EW3EX3FA3FB3FP3FQ3FR3FS3FT3FU3FV3FW3FX3GA3GB3GO3GP3GR3GU3GV3HB3HP3HS3HT3HU3HV3IB3IP3IS3IT3IU3JB3JP3JS3JT3JU3KB3KP3KT3KU3KV3LB3LP3LU3LV3MB3MP3MQ3MR3MS3MV3MW3NB3NQ3NS3NT3NW3OB3OQ3OR3OT3OW3OX3PB3PR3PS3PU3QB3QC3QS3QT3QU3QV3RB3RC3RS3RV3RW3SB3SC3SR3SS3SW3SX3TB3TC3TR3TS3UB3UC3UR3US3UT3VB3VC3VS3VT3VU3VV3VW3VX3WB3WC3WD3WE3WF3WG3WH3WI3WJ3WK3WL3WM3WN3WO3WP3WQ3WR3WS3WT3WU3WV3WW3WX3XB3XC3XD3XE3XF3XG3XH3XI3XJ3XK3XL3XM3XN3XO3XP3XQ3XR3XS3XT3XU3XV3XW3XX4AA4AB4AC4BA4BB4BC4CA4CB4CC4DA4DB4DC4DG4EA4EB4EC4EG4EH4EI4EJ4FA4FF4FG4FH4FI4FJ4FK4FL4FM4FN4GA4GG4GH4GI4GJ4GK4GL4GM4GN4GO4GP4HA4HD4HE4HG4HH4HK4HL4HM4HN4HO4HP4HQ4HR4HS4HT4IA4IB4IC4ID4IE4IG4IH4IO4IP4IQ4IR4IS4IT4IU4IV4JG4JH4JR4JS4JT4JU4JV4JW4JX4KC4KH4KU4KV4KW4KX4LC4LD4LH4LI4MD4ME4MF4NB4NC4ND4NE4NF4NG4NH4NI4OD4OE4OF4OG4OH4OI4PE4PF4PG4PH4PI4QF4QG4QH4QI4QJ4QU4QV4RF4RG4RH4RI4RJ4RK4RU4RV4RW4RX4SA4SB4SC4SD4SE4SF4SG4SH4SI4SJ4SK4SV4SW4SX4TA4TB4TC4TD4TE4TF4TG4TH4TI4TJ4TK4TW4TX4UA4UB4UC4UD4UE4UF4UG4UH4UI4UJ4UK4UX4VA4VB4VC4VD4VE4VF4VG4VH4VI4VJ4VK4VL4WA4WB4WC4WD4WE4WF4WG4WH4WI4WJ4WK4WL4WM4WN4WO4WP4WQ4WR4WS4WT4WU4WV4WW4WX4XA4XB4XC4XD4XE4XF4XG4XH4XI4XJ4XK4XL</Field37>
<Field38>590</Field38>
<Field39>2HX2IX2JX2KK2KL2KX2LK2LL2LX2WW3AO3AP3BN3BO3BP3CN3CO4OA4OB4PA4PB4QA4QB</Field39>
<Field40>23</Field40>
</results>
<results>
<Field1>3T2HW4QDUXKYL7IZB3QSFCX1D2U9CN</Field1>
<Field2>3PUZG2R74TXVF7CR9RD94D92J8X45X</Field2>
<Field3>Participate in a land classification study (Bonuses for accuracy)</Field3>
<Field4>Classify an aerial image into four different types of land cover</Field4>
<Field5>image classification, land cover, photo interpretation</Field5>
<Field6>$0.50</Field6>
<Field7>Tue Jun 29 15:46:53 PDT 2021</Field7>
<Field8>6</Field8>
<Field9>BatchId:4491423;OriginalHitTemplateId:928390828;</Field9>
<Field10>3600</Field10>
<Field11>259200</Field11>
<Field12>Tue Jul 06 15:46:53 PDT 2021</Field12>
<Field15>3FQ5JJ512O13GRWBUTVWAG1KGYTNK0</Field15>
<Field16>A14FP8KKGO2NLZ</Field16>
<Field17>Submitted</Field17>
<Field18>Tue Jun 29 23:35:08 PDT 2021</Field18>
<Field19>Tue Jun 29 23:58:29 PDT 2021</Field19>
<Field20>Fri Jul 02 23:58:29 PDT 2021</Field20>
<Field24>1401</Field24>
<Field25>0% (0/0)</Field25>
<Field26>0% (0/0)</Field26>
<Field27>0% (0/0)</Field27>
<Field28>25596</Field28>
<Field29>old</Field29>
<Field30>img25596_old.jpg</Field30>
<Field31>https://raw.githubusercontent.com/ROIHabitat/lcimages/master/img25596_old.jpg</Field31>
<Field32>2220</Field32>
<Field33>1AO1AP1AQ1AV1AW1AX1BO1BP1BQ1BR1BS1BT1BU1BV1BW1BX1CO1CP1CQ1CR1CS1CT1CU1CV1CW1CX1DL1DM1DN1DO1DP1DQ1DR1DS1DT1DU1DV1DW1DX1ED1EJ1EK1EL1EM1EN1EO1EP1EQ1ER1ES1ET1EU1EV1EW1EX1FJ1FK1FL1FM1FN1FO1FP1FQ1FR1FS1FT1FU1FV1FW1FX1GJ1GK1GL1GM1GN1GO1GP1GQ1GR1GS1GT1GU1GV1GW1GX1HJ1HK1HL1HM1HN1HO1HP1HQ1HR1HS1HT1HU1HV1HW1HX1IJ1IK1IL1IM1IN1IO1IP1IQ1IR1IS1IT1IU1IV1IW1IX1JJ1JK1JL1JM1JN1JO1JP1JQ1JR1JS1JT1JU1JV1JW1JX1KI1KJ1KK1KL1KM1KN1KO1KP1KQ1KR1KS1KT1KU1KV1KW1KX1LI1LJ1LK1LL1LM1LN1LO1LP1LQ1LR1LS1LT1LU1LV1LW1LX1MI1MJ1MK1ML1MM1MN1MO1MP1MQ1MR1MS1MT1MU1MV1MW1MX1NK1NL1NM1NN1NO1NP1NQ1NR1NS1NT1NU1NV1NW1NX1OK1OL1OM1ON1OO1OP1OQ1OR1OS1OT1OU1OV1OW1OX1PL1PM1PN1PO1PP1PQ1PR1PS1PT1PU1PV1PW1PX1QF1QL1QM1QN1QO1QP1QQ1QR1QS1QT1QU1QV1QW1QX1RD1RM1RN1RQ1RR1RS1RT1RU1RV1RW1RX1SM1SQ1SR1SS1ST1SU1SV1SW1SX1TM1TS1TT1TU1TV1TW1TX1UL1UM1UN1UO1US1UT1UU1UV1UW1UX1VL1VM1VN1VO1VS1VT1VU1VV1VW1VX1WL1WM1WN1WO1WP1WQ1WR1WS1WT1WU1WV1WW1WX1XL1XM1XN1XO1XP1XQ1XR1XS1XT1XU1XV1XW1XX2AA2AB2AC2AE2AF2AG2BA2BB2BC2BD2BE2BF2BG2CA2CB2CC2CD2CE2CF2CG2DA2DB2DC2DD2DE2DF2DG2EA2EB2EC2ED2EE2EF2EG2FA2FB2FC2FD2FE2FF2GA2GB2GC2GD2GE2GF2HA2HB2HC2HD2HE2HF2IA2IB2IC2ID2IE2IF2JA2JB2JC2JD2JE2JF2KA2KB2KC2KD2KE2LA2LB2LC2LD2LE2MA2OA2PA2PB2PC2PD2PE2PO2QA2QB2QC2QD2QE2RA2RB2RC2RD2RE2RF2SA2SB2SC2VC2VD2VE2WD2WE2WG2XD2XE2XF2XG3AB3AC3AD3AE3AF3AG3AH3AK3AL3AM3AN3AO3AP3AQ3AR3BB3BD3BE3BF3BG3BH3BL3BM3BN3BO3BP3BQ3BR3BS3CE3CF3CG3CH3CI3CK3CL3CM3CN3CO3CP3CQ3CR3CS3DD3DE3DF3DG3DH3DI3DK3DL3DM3DO3DP3DQ3DR3DS3ED3EE3EF3EG3EH3EI3EJ3EK3EL3EM3FD3FE3FF3FG3FH3FI3FJ3FK3FL3FM3GF3GG3GH3GI3GJ3GK3GL3HC3HD3HE3HF3HG3HH3HI3HJ3HK3HL3HM3HN3IC3ID3IE3IF3IG3IH3IJ3IK3IL3IM3IN3JC3JD3JE3JF3JG3JH3JI3JJ3JK3JL3JM3JN3JU3KC3KD3KE3KG3KH3KJ3KK3KL3KM3KN3KO3LC3LD3LE3LG3LH3LM3LN3LO3MI3MJ3MK3MM3MN3ND3NE3NF3NH3NI3NJ3NK3NM3NN3NO3OD3OE3OF3OH3OI3OJ3OK3OL3OM3ON3OO3PD3PE3PF3PG3PH3PI3PJ3PK3PL3PM3PN3PO3PP3PQ3PR3QD3QE3QG3QH3QI3QJ3QK3QL3QM3QN3QO3QP3QQ3QR3RD3RE3RG3RH3RI3RJ3RK3RL3RM3RN3RO3RP3RQ3RR3SD3SE3SG3SH3SI3SM3SN3SO3SP3SQ3TD3TE3TG3TI3TK3TM3TN3TO3TP3TQ3UD3UE3UF3UG3UI3UK3UM3UN3UO3UP3UQ3VE3VF3VG3VI3VK3VN3VO3VP3VQ4CD4CT4RS4RT4SS4ST4SU4TQ4TR4TS4TT4TU4UD4UQ4UR4US4UT4VQ4VR4VS</Field33>
<Field34>680</Field34>
<Field35>1BA1BB1CA1CB1GA1HA1IA1JA1KA1LA1MA1NA1OA1PA1PB1QA1QB1RA1RB1RC1SA1SB1SC1TA1TB1TC1UA1UB1UC1UD1UE1UF1UG1UH1VA1VB1VC1VD1VE1VF1VG1VH1WA1WB1WC1WD1WE1WF1WG1WH1XA1XB1XC1XD1XE1XF1XG1XH2AD2AM2AN2AP2AS2AU2AW2BH2BI2BM2BQ2BT2BU2BV2BW2CH2CI2CR2CS2CT2CU2DH2DI2DK2DR2DS2EI2EJ2EK2EL2EM2EN2EO2FG2FI2FV2GG2GI2HG2IG2IH2II2IJ2JG2JH2JI2JJ2KG2KH2KI2KK2KL2LI2LK2LL2MB2MC2MD2ME2MI2NA2NB2NC2ND2NE2NF2NG2NH2NU2OB2OC2OD2OE2OF2OG2OH2OI2OU2PF2PG2PH2PI2PS2PT2PU2PV2PW2QF2QG2QH2QI2QS2QT2QU2QV2QW2RG2RH2RI2RJ2RK2RL2RM2RU2RV2RW2SD2SE2SF2TA2TB2TC2TD2TE2TF2UA2UB2UC2UD2UE2UF2VA2VB2VF2VG2WF2XH2XI2XJ2XK2XL2XV2XW3BC3CB3CC3CD3DB3DC3DJ3DN3EC3EN3EO3EP3FC3FN3FO3FP3GC3GD3GE3GM3GN3II3IO3JO3KF3KI3LF3LI3LJ3LK3LL3MC3MD3ME3MF3MG3MH3ML3MO3MP3NG3NL3NP3OG3OP3QF3RF3SF3SJ3SK3SL3TF3TH3TJ3TL3TR3UH3UJ3UL3UR3VD3VH3VJ3VL3VM3VR3XQ4BX4FT4FW4FX4GW4HU4HV4HW4HX4IO4IP4IQ4IV4IW4IX4JO4JP4JQ4JV4JW4JX4KM4KN4KO4KP4KQ4KR4KS4KT4LM4LQ4LR4LS4LT4LU4LV4LW4LX4MM4MN4MO4MP4MQ4MR4MS4MT4MU4MV4MW4MX4NM4NN4NO4NP4NQ4NR4NS4NT4NU4NV4NW4NX4OM4ON4OO4OP4OQ4OR4OS4OT4OU4OV4OW4OX4PQ4PR4PS4PT4PU4PV4PW4PX4QL4QM4QP4QQ4QR4QT4QU4QV4QW4QX4RQ4RR4SO4SR4TL4TM4TN4TV4UK4UL4UM4UN4UO4UP4UU4UV4UW4VK4VL4VM4VN4VO4VP4VT4VV4VW4WK4WL4WM4WN4WO4WP4XK4XL4XM4XN4XO4XP</Field35>
<Field36>388</Field36>
<Field37>1AL1AM1AN1BC1BD1BE1BF1BG1BH1BI1BJ1BK1BL1BM1BN1CC1CD1CE1CF1CG1CH1CI1CJ1CK1CL1CM1CN1DA1DB1DC1DD1DE1DF1DG1DH1DI1DJ1DK1EA1EB1EC1EE1EF1EG1EH1EI1FA1FB1FC1FD1FE1FF1FG1FH1FI1GB1GC1GD1GE1GF1GG1GH1GI1HB1HC1HD1HE1HF1HG1HH1HI1IB1IC1ID1IE1IF1IG1IH1II1JB1JC1JD1JE1JF1JG1JH1JI1KB1KC1KD1KE1KF1KG1KH1LB1LC1LD1LE1LF1LG1LH1MB1MC1MD1ME1MF1MG1MH1NB1NC1ND1NE1NF1NG1NH1NI1NJ1OB1OC1OD1OE1OF1OG1OH1OI1OJ1PC1PD1PE1PF1PG1PH1PI1PJ1PK1QC1QD1QE1QG1QH1QI1QJ1QK1RE1RF1RG1RH1RI1RJ1RK1RL1RO1RP1SD1SE1SF1SG1SH1SI1SJ1SK1SL1SN1SO1SP1TD1TE1TF1TG1TH1TI1TJ1TK1TL1TN1TO1TP1TQ1TR1UI1UJ1UK1UP1UQ1UR1VI1VJ1VK1VP1VQ1VR1WI1WJ1WK1XI1XJ1XK2CV2CW2CX2DV2DW2DX2EV2EW2EX2FW2FX2GW2GX2HW2HX2KV2KW2KX2LV2LW2LX2MV2MW2MX2NV2NW2NX2OV2OW2OX2SV2SW2SX2TV2TW2TX2UV2UW2UX2VV2VW2VX2WA2WB2WC2WV2WW2WX2XA2XB2XC3AI3AJ3AS3AT3AU3AV3AW3AX3BI3BJ3BK3BT3BU3BV3BW3BX3CJ3CT3CU3CV3CW3CX3DT3DU3DV3DW3DX3EB3EQ3ER3ES3ET3EU3EV3EW3EX3FA3FB3FQ3FR3FS3FT3FU3FV3FW3FX3GB3GO3GP3GQ3GR3GS3GT3GU3GV3GW3GX3HB3HO3HP3HQ3HR3HS3HT3HU3HV3HW3HX3IB3IP3IQ3IR3IS3IT3IU3IV3IW3IX3JB3JP3JQ3JR3JS3JT3JV3JW3JX3KB3KP3KQ3KR3KS3KT3KU3KV3KW3KX3LB3LP3LQ3LR3LS3LT3LU3LV3LW3LX3MB3MQ3MR3MS3MT3MU3MV3MW3MX3NB3NC3NQ3NR3NS3NT3NU3NV3NW3NX3OB3OC3OQ3OR3OS3OT3OU3OV3OW3OX3PB3PC3PS3PT3PU3PV3PW3PX3QB3QC3QS3QT3QU3QV3QW3QX3RB3RC3RS3RT3RU3RV3RW3RX3SB3SC3SR3SS3ST3SU3SV3SW3SX3TB3TC3TS3TT3TU3TV3TW3TX3UB3UC3US3UT3UU3UV3UW3UX3VB3VC3VS3VT3VU3VV3VW3VX3WB3WC3WD3WE3WF3WG3WH3WI3WJ3WK3WL3WM3WN3WO3WP3WQ3WR3WS3WT3WU3WV3WW3WX3XB3XC3XD3XE3XF3XG3XH3XI3XJ3XK3XL3XM3XN3XO3XP3XR3XS3XT3XU3XV3XW3XX4AA4AB4AC4AD4AE4AF4BA4BB4BC4BD4BE4BF4CA4CB4CC4CE4CF4DA4DB4DC4DD4DE4DF4DG4DH4DI4EA4EB4EC4ED4EE4EF4EG4EH4EI4EJ4EK4FA4FB4FC4FD4FE4FF4FG4FH4FI4FJ4FK4FL4FM4FN4FO4GA4GB4GC4GD4GE4GF4GG4GH4GI4GJ4GK4GL4GM4GN4GO4GP4GQ4HA4HB4HC4HD4HE4HF4HG4HH4HI4HJ4HK4HL4HM4HN4HO4HP4HQ4HR4HS4HT4IA4IB4IC4ID4IE4IF4IG4IH4II4IJ4IK4IL4IM4IN4IR4IS4IT4IU4JA4JB4JC4JD4JE4JF4JG4JH4JI4JJ4JK4JL4JM4JN4JR4JS4JT4JU4KA4KB4KC4KD4KE4KF4KG4KH4KI4KJ4KK4KL4KU4KV4KW4KX4LA4LB4LC4LD4LE4LF4LG4LH4LI4LJ4LK4LL4MA4MB4MC4MD4ME4MF4MG4MH4MI4MJ4MK4ML4NA4NB4NC4ND4NE4NF4NG4NH4NI4NJ4NK4NL4OA4OB4OC4OD4OE4OF4OG4OH4OI4OJ4OL4PA4PB4PC4PD4PE4PF4PG4PH4PI4PJ4QA4QB4QC4QD4QE4QF4QG4QH4QI4QJ4QK4RA4RB4RC4RD4RE4RF4RG4RH4RI4RJ4RK4RU4RV4RW4RX4SA4SB4SC4SD4SE4SF4SG4SH4SI4SJ4SK4SV4SW4SX4TA4TB4TC4TD4TE4TF4TG4TH4TI4TJ4TK4TW4TX4UA4UB4UC4UE4UF4UG4UH4UI4UJ4UX4VA4VB4VC4VD4VE4VF4VG4VH4VI4VJ4VU4VX4WA4WB4WC4WD4WE4WF4WG4WH4WI4WJ4WQ4WR4WS4WT4WU4WV4WW4WX4XA4XB4XC4XD</Field37>
<Field38>781</Field38>
<Field39>2AJ2AK2AL2BJ2BK2BL2BN2BO2BP2CJ2CK2CL2CM2CN2CO2CP2CQ2DJ2DL2DM2DN2DO2DP2DQ2EH2EP2EQ2ER2ES2ET2FH2FJ2FK2FL2FM2FN2FO2FP2FQ2FR2FS2FT2GH2GJ2GK2GL2GM2GN2GO2GP2GQ2GR2GS2GT2GU2GV2HI2HJ2HK2HL2HM2HN2HO2HP2HQ2HR2HS2HT2HU2HV2IK2IL2IM2IN2IO2IP2IQ2IR2IS2IT2IU2IV2IW2JK2JL2JM2JN2JO2JP2JQ2JR2JS2JT2JU2JV2JW2KF2KJ2KM2KN2KO2KP2KQ2KR2KS2KT2KU2LF2LG2LH2LJ2LM2LN2LO2LP2LQ2LR2LS2LT2LU2MF2MG2MH2MJ2MK2ML2MM2MN2MO2MP2MQ2MR2MS2MT2MU2NI2NJ2NK2NL2NM2NN2NO2NP2NQ2NR2NS2NT2OJ2OK2OL2OM2ON2OO2OP2OQ2OR2OS2OT2PJ2PK2PL2PM2PN2PP2PQ2PR2QJ2QK2QL2QM2QN2QO2QP2QQ2QR2RN2RO2RP2RQ2RR2RS2SG2SH2SI2SJ2SK2SL2SM2SN2SO2SP2SQ2SR2SS2ST2SU2TG2TH2TI2TJ2TK2TL2TM2TN2TO2TP2TQ2TR2TS2TU2UG2UH2UI2UJ2UK2UL2UM2UN2UO2UP2UQ2UR2US2UU2VH2VI2VJ2VK2VL2VM2VN2VO2VP2VQ2VR2VS2VT2VU2WH2WI2WJ2WK2WL2WM2WN2WO2WP2WQ2WR2WS2WT2WU2XM2XN2XO2XQ2XR2XS2XT2XU4AG4AH4AI4AJ4AK4AL4AM4AN4AO4AP4AQ4AR4AS4AT4AU4AV4AW4BG4BH4BI4BJ4BK4BL4BM4BN4BO4BP4BQ4BR4BS4BT4BU4BV4BW4CG4CH4CI4CJ4CK4CL4CM4CN4CO4CP4CQ4CR4CS4CU4CV4CW4CX4DJ4DK4DL4DM4DN4DO4DP4DQ4DR4DS4DT4DU4DV4DW4DX4EL4EM4EN4EO4EP4EQ4ER4ES4ET4EU4EV4EW4EX4FP4FQ4FR4FS4FU4FV4GR4GS4GT4GU4GV4LN4LO4LP4OK4PK4PL4PM4PN4PO4PP4QN4QO4RL4RM4RN4RO4SL4SM4SN4TO4TP</Field39>
<Field40>371</Field40>
</results>
<results>
<Field1>3T2HW4QDUXKYL7IZB3QSFCX1D2U9CN</Field1>
<Field2>3PUZG2R74TXVF7CR9RD94D92J8X45X</Field2>
<Field3>Participate in a land classification study (Bonuses for accuracy)</Field3>
<Field4>Classify an aerial image into four different types of land cover</Field4>
<Field5>image classification, land cover, photo interpretation</Field5>
<Field6>$0.50</Field6>
<Field7>Tue Jun 29 15:46:53 PDT 2021</Field7>
<Field8>6</Field8>
<Field9>BatchId:4491423;OriginalHitTemplateId:928390828;</Field9>
<Field10>3600</Field10>
<Field11>259200</Field11>
<Field12>Tue Jul 06 15:46:53 PDT 2021</Field12>
<Field15>3GM6G9ZBKQAW1S1YC1UOYSZGUKXMTQ</Field15>
<Field16>AO2WNSGOXAX52</Field16>
<Field17>Submitted</Field17>
<Field18>Tue Jun 29 17:13:54 PDT 2021</Field18>
<Field19>Tue Jun 29 17:20:50 PDT 2021</Field19>
<Field20>Fri Jul 02 17:20:50 PDT 2021</Field20>
<Field24>416</Field24>
<Field25>0% (0/0)</Field25>
<Field26>0% (0/0)</Field26>
<Field27>0% (0/0)</Field27>
<Field28>25596</Field28>
<Field29>old</Field29>
<Field30>img25596_old.jpg</Field30>
<Field31>https://raw.githubusercontent.com/ROIHabitat/lcimages/master/img25596_old.jpg</Field31>
<Field32>2298</Field32>
<Field34>0</Field34>
<Field36>0</Field36>
<Field37>1AA1AB1AC1AD1AE1AF1AG1AH1AI1AJ1AK1AL1AM1AN1AO1AP1AQ1AR1AS1AT1AU1AV1AW1AX1BA1BB1BC1BD1BE1BF1BG1BH1BI1BJ1BK1BL1BM1BN1BO1BP1BQ1BR1BS1BT1BU1BV1BW1BX1CA1CB1CC1CD1CE1CF1CG1CH1CI1CJ1CK1CL1CM1CN1CO1CP1CQ1CR1CS1CT1CU1CV1CW1CX1DA1DB1DC1DD1DE1DF1DG1DH1DI1DJ1DK1DL1DM1DN1DO1DP1DQ1DR1DS1DT1DU1DV1DW1DX1EA1EB1EC1ED1EE1EF1EG1EH1EI1EJ1EK1EL1EM1EN1EO1EP1EQ1ER1ES1ET1EU1EV1EW1EX1FA1FB1FC1FD1FE1FF1FG1FH1FI1FJ1FK1FL1FM1FN1FO1FP1FQ1FR1FS1FT1FU1FV1FW1FX1GA1GB1GC1GD1GE1GF1GG1GH1GI1GJ1GK1GL1GM1GN1GO1GP1GQ1GR1GS1GT1GU1GV1GW1GX1HA1HB1HC1HD1HE1HF1HG1HH1HI1HJ1HK1HL1HM1HN1HO1HP1HQ1HR1HS1HT1HU1HV1HW1HX1IA1IB1IC1ID1IE1IF1IG1IH1II1IJ1IK1IL1IM1IN1IO1IP1IQ1IR1IS1IT1IU1IV1IW1IX1JA1JB1JC1JD1JE1JF1JG1JH1JI1JJ1JK1JL1JM1JN1JO1JP1JQ1JR1JS1JT1JU1JV1JW1JX1KA1KB1KC1KD1KE1KF1KG1KH1KI1KJ1KK1KL1KM1KN1KO1KP1KQ1KR1KS1KT1KU1KV1KW1KX1LA1LB1LC1LD1LE1LF1LG1LH1LI1LJ1LK1LL1LM1LN1LO1LP1LQ1LR1LS1LT1LU1LV1LW1LX1MA1MB1MC1MD1ME1MF1MG1MH1MI1MJ1MK1ML1MM1MN1MO1MP1MQ1MR1MS1MT1MU1MV1MW1MX1NA1NB1NC1ND1NE1NF1NG1NH1NI1NJ1NK1NL1NM1NN1NO1NP1NQ1NR1NS1NT1NU1NV1NW1NX1OA1OB1OC1OD1OE1OF1OG1OH1OI1OJ1OK1OL1OM1ON1OO1OP1OQ1OR1OS1OT1OU1OV1OW1OX1PA1PB1PC1PD1PE1PF1PG1PH1PI1PJ1PK1PL1PM1PN1PO1PP1PQ1PR1PS1PT1PU1PV1PW1PX1QA1QB1QC1QD1QE1QF1QG1QH1QI1QJ1QK1QL1QM1QN1QO1QP1QQ1QR1QS1QT1QU1QV1QW1QX1RA1RB1RC1RD1RE1RF1RG1RH1RI1RJ1RK1RL1RM1RN1RO1RP1RQ1RR1RS1RT1RU1RV1RW1RX1SA1SB1SC1SD1SE1SF1SG1SH1SI1SJ1SK1SL1SM1SN1SO1SP1SQ1SR1SS1ST1SU1SV1SW1SX1TA1TB1TC1TD1TE1TF1TG1TH1TI1TJ1TK1TL1TM1TN1TO1TP1TQ1TR1TS1TT1TU1TV1TW1TX1UA1UB1UC1UD1UE1UF1UG1UH1UI1UJ1UK1UL1UM1UN1UO1UP1UQ1UR1US1UT1UU1UV1UW1UX1VA1VB1VC1VD1VE1VF1VG1VH1VI1VJ1VK1VL1VM1VN1VO1VP1VQ1VR1VS1VT1VU1VV1VW1VX1WA1WB1WC1WD1WE1WF1WG1WH1WI1WJ1WK1WL1WM1WN1WO1WP1WQ1WR1WS1WT1WU1WV1WW1WX1XA1XB1XC1XD1XE1XF1XG1XH1XI1XJ1XK1XL1XM1XN1XO1XP1XQ1XR1XS1XT1XU1XV1XW1XX2AA2AB2AC2AD2AE2AF2AG2AH2AI2AJ2AK2AL2AM2AN2AO2AP2AQ2AR2AS2AT2AU2AV2AW2AX2BA2BB2BC2BD2BE2BF2BG2BH2BI2BJ2BK2BL2BM2BN2BO2BP2BQ2BR2BS2BT2BU2BV2BW2BX2CA2CB2CC2CD2CE2CF2CG2CH2CI2CJ2CK2CL2CM2CN2CO2CP2CQ2CR2CS2CT2CU2CV2CW2CX2DA2DB2DC2DD2DE2DF2DG2DH2DI2DJ2DK2DL2DM2DN2DO2DP2DQ2DR2DS2DT2DU2DV2DW2DX2EA2EB2EC2ED2EE2EF2EG2EH2EI2EJ2EK2EL2EM2EN2EO2EP2EQ2ER2ES2ET2EU2EV2EW2EX2FA2FB2FC2FD2FE2FF2FG2FH2FI2FJ2FK2FL2FM2FN2FO2FP2FQ2FR2FS2FT2FU2FV2FW2FX2GA2GB2GC2GD2GE2GF2GG2GH2GI2GJ2GK2GL2GM2GN2GO2GP2GQ2GR2GS2GT2GU2GV2GW2GX2HA2HB2HC2HD2HE2HF2HG2HH2HI2HJ2HK2HL2HM2HN2HO2HP2HQ2HR2HS2HT2HU2HV2HW2HX2IA2IB2IC2ID2IE2IF2IG2IH2II2IJ2IK2IL2IM2IN2IO2IP2IQ2IR2IS2IT2IU2IV2IW2IX2JA2JB2JC2JD2JE2JF2JG2JH2JI2JJ2JK2JL2JM2JN2JO2JP2JQ2JR2JS2JT2JU2JV2JW2JX2KA2KB2KC2KD2KE2KF2KG2KH2KI2KJ2KK2KL2KM2KN2KO2KP2KQ2KR2KS2KT2KU2KV2KW2KX2LA2LB2LC2LD2LE2LF2LG2LH2LI2LJ2LK2LL2LM2LN2LO2LP2LQ2LR2LS2LT2LU2LV2LW2LX2MA2MB2MC2MD2ME2MF2MG2MH2MI2MJ2MK2ML2MM2MN2MO2MP2MQ2MR2MS2MT2MU2MV2MW2MX2NA2NB2NC2ND2NE2NF2NG2NH2NI2NJ2NK2NL2NM2NN2NO2NP2NQ2NR2NS2NT2NU2NV2NW2NX2OA2OB2OC2OD2OE2OF2OG2OH2OI2OJ2OK2OL2OM2ON2OO2OP2OQ2OR2OS2OT2OU2OV2OW2OX2PA2PB2PC2PD2PE2PF2PG2PH2PI2PJ2PK2PL2PM2PN2PO2PP2PQ2PR2PS2PT2PU2PV2PW2PX2QA2QB2QC2QD2QE2QF2QG2QH2QI2QJ2QK2QL2QM2QN2QO2QP2QQ2QR2QS2QT2QU2QV2QW2QX2RA2RB2RC2RD2RE2RF2RG2RH2RI2RJ2RK2RL2RM2RN2RO2RP2RQ2RR2RS2RT2RU2RV2RW2RX2SA2SB2SC2SD2SE2SF2SG2SH2SI2SJ2SK2SL2SM2SN2SO2SP2SQ2SR2SS2ST2SU2SV2SW2SX2TA2TB2TC2TD2TE2TF2TG2TH2TI2TJ2TK2TL2TM2TN2TO2TP2TQ2TR2TS2TT2TU2TV2TW2TX2UA2UB2UC2UD2UE2UF2UG2UH2UI2UJ2UK2UL2UM2UN2UO2UP2UQ2UR2US2UT2UU2UV2UW2UX2VA2VB2VC2VD2VE2VF2VG2VH2VI2VJ2VK2VL2VM2VN2VO2VP2VQ2VR2VS2VT2VU2VV2VW2VX2WA2WB2WC2WD2WE2WF2WG2WH2WI2WJ2WK2WL2WM2WN2WO2WP2WQ2WR2WS2WT2WU2WV2WW2WX2XA2XB2XC2XD2XE2XF2XG2XH2XI2XJ2XK2XL2XM2XN2XO2XP2XQ2XR2XS2XT2XU2XV2XW2XX3AA3AB3AC3AD3AE3AF3AG3AH3AI3AJ3AK3AL3AM3AN3AO3AP3AQ3AR3AS3AT3AU3AV3AW3AX3BA3BB3BC3BD3BE3BF3BG3BH3BI3BJ3BK3BL3BM3BN3BO3BP3BQ3BR3BS3BT3BU3BV3BW3BX3CA3CB3CC3CD3CE3CF3CG3CH3CI3CJ3CK3CL3CM3CN3CO3CP3CQ3CR3CS3CT3CU3CV3CW3CX3DA3DB3DC3DD3DE3DF3DG3DH3DI3DJ3DK3DL3DM3DN3DO3DP3DQ3DR3DS3DT3DU3DV3DW3DX3EA3EB3EC3ED3EE3EF3EG3EH3EI3EJ3EK3EL3EM3EN3EO3EP3EQ3ER3ES3ET3EU3EV3EW3EX3FA3FB3FC3FD3FE3FF3FG3FH3FI3FJ3FK3FL3FM3FN3FO3FP3FQ3FR3FS3FT3FU3FV3FW3FX3GA3GB3GC3GD3GE3GF3GG3GH3GI3GJ3GK3GL3GM3GN3GO3GP3GQ3GR3GS3GT3GU3GV3GW3GX3HA3HB3HC3HD3HE3HF3HG3HH3HI3HJ3HK3HL3HM3HN3HO3HP3HQ3HR3HS3HT3HU3HV3HW3HX3IA3IB3IC3ID3IE3IF3IG3IH3II3IJ3IK3IL3IM3IN3IO3IP3IQ3IR3IS3IT3IU3IV3IW3IX3JA3JB3JC3JD3JE3JF3JG3JH3JI3JJ3JK3JL3JM3JN3JO3JP3JQ3JR3JS3JT3JU3JV3JW3JX3KA3KB3KC3KD3KE3KF3KG3KH3KI3KJ3KK3KL3KM3KN3KO3KP3KQ3KR3KS3KT3KU3KV3KW3KX3LA3LB3LC3LD3LE3LF3LG3LH3LI3LJ3LK3LL3LM3LN3LO3LP3LQ3LR3LS3LT3LU3LV3LW3LX3MA3MB3MC3MD3ME3MF3MG3MH3MI3MJ3MK3ML3MM3MN3MO3MP3MQ3MR3MS3MT3MU3MV3MW3MX3NA3NB3NC3ND3NE3NF3NG3NH3NI3NJ3NK3NL3NM3NN3NO3NP3NQ3NR3NS3NT3NU3NV3NW3NX3OA3OB3OC3OD3OE3OF3OG3OH3OI3OJ3OK3OL3OM3ON3OO3OP3OQ3OR3OS3OT3OU3OV3OW3OX3PA3PB3PC3PD3PE3PF3PG3PH3PI3PJ3PK3PL3PM3PN3PO3PP3PQ3PR3PS3PT3PU3PV3PW3PX3QA3QB3QC3QD3QE3QF3QG3QH3QI3QJ3QK3QL3QM3QN3QO3QP3QQ3QR3QS3QT3QU3QV3QW3QX3RA3RB3RC3RD3RE3RF3RG3RH3RI3RJ3RK3RL3RM3RN3RO3RP3RQ3RR3RS3RT3RU3RV3RW3RX3SA3SB3SC3SD3SE3SF3SG3SH3SI3SJ3SK3SL3SM3SN3SO3SP3SQ3SR3SS3ST3SU3SV3SW3SX3TA3TB3TC3TD3TE3TF3TG3TH3TI3TJ3TK3TL3TM3TN3TO3TP3TQ3TR3TS3TT3TU3TV3TW3TX3UA3UB3UC3UD3UE3UF3UG3UH3UI3UJ3UK3UL3UM3UN3UO3UP3UQ3UR3US3UT3UU3UV3UW3UX3VA3VB3VC3VD3VE3VF3VG3VH3VI3VJ3VK3VL3VM3VN3VO3VP3VQ3VR3VS3VT3VU3VV3VW3VX3WA3WB3WC3WD3WE3WF3WG3WH3WI3WJ3WK3WL3WM3WN3WO3WP3WQ3WR3WS3WT3WU3WV3WW3WX3XA3XB3XC3XD3XE3XF3XG3XH3XI3XJ3XK3XL3XM3XN3XO3XP3XQ3XR4AA4AB4AC4AD4AE4AF4AG4AH4AI4AJ4AK4AL4AM4AN4AO4AP4AQ4AR4AS4AT4AU4AV4AW4AX4BA4BB4BC4BD4BE4BF4BG4BH4BI4BJ4BK4BL4BM4BN4BO4BP4BQ4BR4BS4BT4BU4BV4BW4BX4CA4CB4CC4CD4CE4CF4CG4CH4CI4CJ4CK4CL4CM4CN4CO4CP4CQ4CR4CS4CT4CU4CV4CW4CX4DA4DB4DC4DD4DE4DF4DG4DH4DI4DJ4DK4DL4DM4DN4DO4DP4DQ4DR4DS4DT4DU4DV4DW4DX4EA4EB4EC4ED4EE4EF4EG4EH4EI4EJ4EK4EL4EM4EN4EO4EP4EQ4ER4ES4ET4EU4EV4EW4EX4FA4FB4FC4FD4FE4FF4FG4FH4FI4FJ4FK4FL4FM4FN4FO4FP4FQ4FR4FS4FT4FU4FV4FW4FX4GA4GB4GC4GD4GE4GF4GG4GH4GI4GJ4GK4GL4GM4GN4GO4GP4GQ4GR4GS4GT4GU4GV4GW4GX4HA4HB4HC4HD4HE4HF4HG4HH4HI4HJ4HK4HL4HM4HN4HO4HP4HQ4HR4HS4HT4HU4HV4HW4HX4IA4IB4IC4ID4IE4IF4IG4IH4II4IJ4IK4IL4IM4IN4IO4IP4IQ4IR4IS4IT4IU4IV4IW4IX4JA4JB4JC4JD4JE4JF4JG4JH4JI4JJ4JK4JL4JM4JN4JO4JP4JQ4JR4JS4JT4JU4JV4JW4JX4KA4KB4KC4KD4KE4KF4KG4KH4KI4KJ4KK4KL4KM4KN4KO4KP4KQ4KR4KS4KT4KU4KV4KW4KX4LA4LB4LC4LD4LE4LF4LG4LH4LI4LJ4LK4LL4LM4LN4LO4LP4LQ4LR4LS4LT4LU4LV4LW4LX4MA4MB4MC4MD4ME4MF4MG4MH4MI4MJ4MK4ML4MM4MN4MO4MP4MQ4MR4MS4MT4MU4MV4MW4MX4NA4NB4NC4ND4NE4NF4NG4NH4NI4NJ4NK4NL4NM4NN4NO4NP4NQ4NR4NS4NT4NU4NV4NW4NX4OA4OB4OC4OD4OE4OF4OG4OH4OI4OJ4OK4OL4OM4ON4OO4OP4OQ4OR4OS4OT4OU4OV4OW4OX4PA4PB4PC4PD4PE4PF4PG4PH4PI4PJ4PK4PL4PM4PN4PO4PP4PQ4PR4PS4PT4PU4PV4PW4PX4QA4QB4QC4QD4QE4QF4QG4QH4QI4QJ4QK4QL4QM4QN4QO4QP4QQ4QR4QS4QT4QU4QV4QW4QX4RA4RB4RC4RD4RE4RF4RG4RH4RI4RJ4RK4RL4RM4RN4RO4RP4RQ4RR4RS4RT4RU4RV4RW4RX4SA4SB4SC4SD4SE4SF4SG4SH4SI4SJ4SK4SL4SM4SN4SO4SP4SQ4SR4SS4ST4SU4SV4SW4SX4TA4TB4TC4TD4TE4TF4TG4TH4TI4TJ4TK4TL4TM4TN4TO4TP4TQ4TR4TS4TT4TU4TV4TW4TX4UA4UB4UC4UD4UE4UF4UG4UH4UI4UJ4UK4UL4UM4UN4UO4UP4UQ4UR4US4UT4UU4UV4UW4UX4VA4VB4VC4VD4VE4VF4VG4VH4VI4VJ4VK4VL4VM4VN4VO4VP4VQ4VR4VS4VT4VU4VV4VW4VX4WA4WB4WC4WD4WE4WF4WG4WH4WI4WJ4WK4WL4WM4WN4WO4WP4WQ4WR4WS4WT4WU4WV4WW4WX4XA4XB4XC4XD4XE4XF4XG4XH4XI4XJ4XK4XL4XM4XN4XO4XP4XQ4XR4XS4XT4XU4XV4XW4XX</Field37>
<Field38>2298</Field38>
<Field40>0</Field40>
</results>
<results>
<Field1>3T2HW4QDUXKYL7IZB3QSFCX1D2U9CN</Field1>
<Field2>3PUZG2R74TXVF7CR9RD94D92J8X45X</Field2>
<Field3>Participate in a land classification study (Bonuses for accuracy)</Field3>
<Field4>Classify an aerial image into four different types of land cover</Field4>
<Field5>image classification, land cover, photo interpretation</Field5>
<Field6>$0.50</Field6>
<Field7>Tue Jun 29 15:46:53 PDT 2021</Field7>
<Field8>6</Field8>
<Field9>BatchId:4491423;OriginalHitTemplateId:928390828;</Field9>
<Field10>3600</Field10>
<Field11>259200</Field11>
<Field12>Tue Jul 06 15:46:53 PDT 2021</Field12>
<Field15>3KGTPGBS60YLU1CU2O1EOF7K7UYU2B</Field15>
<Field16>A3U2NKVFM0AMBN</Field16>
<Field17>Submitted</Field17>
<Field18>Tue Jun 29 19:51:00 PDT 2021</Field18>
<Field19>Tue Jun 29 20:19:01 PDT 2021</Field19>
<Field20>Fri Jul 02 20:19:01 PDT 2021</Field20>
<Field24>1681</Field24>
<Field25>0% (0/0)</Field25>
<Field26>0% (0/0)</Field26>
<Field27>0% (0/0)</Field27>
<Field28>25596</Field28>
<Field29>old</Field29>
<Field30>img25596_old.jpg</Field30>
<Field31>https://raw.githubusercontent.com/ROIHabitat/lcimages/master/img25596_old.jpg</Field31>
<Field32>2304</Field32>
<Field34>0</Field34>
<Field35>1AA1AB1AC1AD1AE1AF1AG1AH1AI1AJ1AK1AL1AM1AN1AO1AP1AQ1AR1AS1AT1AU1AX1BA1BN1BO1BP1BQ1BR1BS1BT1BU1BV1BX1CN1CO1CP1CQ1CR1CS1CT1CU1CV1CW1CX1DA1DK1DL1DM1DN1DO1DP1DQ1DR1DS1DT1DU1DV1DW1DX1EJ1EK1EL1EM1EN1EO1EP1EQ1ER1ES1ET1EU1EV1EW1EX1FI1FJ1FK1FL1FM1FN1FO1FP1FQ1FR1FS1FT1FU1FV1FW1FX1GI1GJ1GK1GL1GM1GN1GO1GP1GQ1GR1GS1GT1GU1GV1GW1GX1HI1HJ1HK1HL1HM1HN1HO1HP1HQ1HR1HS1HT1HU1HV1HW1HX1IH1II1IJ1IK1IL1IM1IN1IO1IP1IQ1IR1IS1IT1IU1IV1IW1IX1JA1JH1JI1JJ1JK1JL1JM1JN1JO1JP1JQ1JR1JS1JT1JU1JV1JW1JX1KA1KB1KC1KH1KI1KJ1KK1KL1KM1KN1KO1KP1KQ1KR1KS1KT1KU1KV1KW1KX1LA1LI1LJ1LK1LL1LM1LN1LO1LP1LQ1LR1LS1LT1LU1LV1LW1LX1MA1MB1MI1MJ1MK1ML1MM1MN1MO1MP1MQ1MR1MS1MT1MU1MV1MW1MX1NA1NB1NI1NJ1NK1NL1NM1NN1NO1NP1NQ1NR1NS1NT1NU1NV1NW1NX1OA1OB1OF1OJ1OK1OL1OM1ON1OO1OP1OQ1OR1OS1OT1OU1OV1OW1OX1PA1PB1PK1PL1PM1PN1PO1PP1PQ1PR1PS1PT1PU1PV1PW1PX1QA1QB1QF1QG1QL1QM1QN1QO1QP1QQ1QR1QS1QT1QU1QV1QW1QX1RA1RB1RG1RL1RM1RN1RO1RP1RQ1RR1RS1RT1RU1RV1RW1RX1SA1SB1SC1SG1SL1SM1SR1SS1ST1SU1SV1SW1SX1TA1TB1TC1TD1TG1TL1TM1TN1TO1TR1TS1TT1TU1TV1TW1TX1UA1UB1UC1UD1UE1UF1UG1UH1UL1UM1UN1UO1US1UT1UU1UV1UW1UX1VA1VB1VC1VD1VE1VF1VG1VH1VI1VL1VM1VN1VO1VS1VT1VU1VV1VW1WA1WB1WC1WD1WE1WF1WG1WH1WI1WL1WM1WN1WO1WP1WR1WS1WT1WU1WV1XA1XB1XC1XD1XE1XF1XG1XH1XI1XL1XM1XN1XO1XP1XQ1XR1XS2AA2AB2AC2AD2AE2AF2BA2BB2BC2BD2BE2BF2CA2CB2CC2CD2CE2CF2DA2DB2DC2DD2DE2DF2EA2EB2EC2ED2EE2EF2FA2FB2FC2FD2FE2FF2GA2GB2GC2GD2GE2GF2HA2HB2HC2HD2HE2HF2IA2IB2IC2ID2IE2IF2JA2JB2JC2JD2JE2JF2KA2KB2KC2KD2KE2KF2LA2LB2LC2LD2LE2LF2MA2MB2MC2MD2ME2NA2NB2NC2ND2NE2OA2OB2OC2OD2OE2PA2PB2PC2PD2PE2QA2QB2QC2QD2QE2RA2RB2RC2RD2RE2SA2SB2SC2SD2SE2SF2TA2TB2TC2TD2TE2TF2UA2UB2UC2UD2UE2UF2VB2VC2VD2VE2VF2VG2WD2WE2WF2WG2XD2XE2XF2XG2XH3AA3AB3AC3AD3AE3AF3AG3AH3AK3AL3AM3AQ3AR3AS3BA3BB3BC3BD3BE3BF3BG3BH3BL3BM3BQ3BR3BS3CA3CB3CC3CD3CE3CF3CG3CH3CI3CJ3CK3CL3CM3CQ3CR3DA3DB3DC3DD3DE3DF3DG3DH3DI3DJ3DK3DL3DM3DN3DO3DP3DQ3EA3EC3ED3EE3EF3EG3EH3EI3EJ3EK3EL3EM3EN3EO3FA3FC3FD3FE3FF3FG3FH3FI3FJ3FK3FL3FM3FN3FO3GA3GC3GD3GE3GF3GG3GH3GI3GJ3GK3GL3GM3GN3GO3HA3HC3HD3HE3HF3HG3HH3HI3HJ3HK3HL3HM3HN3HO3HV3HW3HX3IA3IC3ID3IE3IF3IG3IH3II3IJ3IK3IL3IM3IN3IO3IV3IW3IX3JA3JC3JD3JE3JF3JG3JH3JI3JJ3JK3JL3JM3JN3JO3JV3JW3JX3KA3KC3KD3KE3KF3KG3KH3KI3KJ3KK3KL3KM3KN3KO3KV3KW3KX3LA3LC3LD3LE3LF3LG3LH3LI3LJ3LK3LL3LM3LN3LO3LW3LX3MA3MC3MD3ME3MF3MG3MH3MI3MJ3MK3ML3MM3MN3MO3MP3MU3MW3MX3NA3NC3ND3NE3NF3NG3NH3NI3NJ3NK3NL3NM3NN3NO3NP3NX3OA3OC3OD3OE3OF3OG3OH3OI3OJ3OK3OL3OM3ON3OO3OP3PA3PC3PD3PE3PF3PG3PH3PI3PJ3PK3PL3PM3PN3PO3PP3PQ3QA3QC3QD3QE3QF3QG3QH3QI3QJ3QK3QL3QM3QN3QO3QP3QQ3QR3RA3RC3RD3RE3RF3RG3RH3RI3RJ3RK3RL3RM3RN3RO3RP3RQ3RR3SA3SC3SD3SE3SF3SG3SH3SI3SJ3SK3SL3SM3SN3SO3SP3SQ3SR3TA3TC3TD3TE3TF3TG3TH3TI3TJ3TK3TL3TM3TN3TO3TP3TQ3TR3UA3UC3UD3UE3UF3UG3UH3UI3UJ3UK3UL3UM3UN3UO3UP3UQ3UR3VA3VD3VE3VF3VG3VH3VI3VJ3VK3VL3VM3VN3VO3VP3VQ3VR3WA3WD3WE3WF3XA3XH3XN3XO3XT3XU3XV3XW3XX4AD4AE4AF4AG4AH4AI4BD4BE4BF4BG4BH4BI4BJ4BO4BR4BS4BT4BU4BV4BW4CD4CE4CF4CG4CH4CI4CJ4CK4CL4CM4CN4CO4CP4CQ4CR4CS4CT4CU4CV4CW4DD4DE4DF4DJ4DK4DL4DM4DN4DO4DP4DQ4DR4DS4DT4DU4DV4DW4ED4EE4EF4EG4EH4EM4EN4EO4EP4EQ4ER4ES4ET4EU4EV4EW4FD4FE4FF4FH4FI4FJ4FK4FL4FM4FN4FO4FP4FQ4FR4FS4FT4FU4FV4FW4GA4GB4GC4GD4GE4GF4GH4GI4GQ4GR4GS4GT4GU4GV4GW4HF4HG4HJ4HK4HL4HQ4HR4HS4HT4HU4HV4HW4IF4IG4II4IK4IL4IM4IS4IV4IW4JA4JB4JD4JE4JF4JG4JI4JL4JM4JN4JO4JP4JQ4JR4JW4KA4KB4KD4KE4KF4KG4KI4KL4KM4KN4KO4KP4KQ4KR4KS4LA4LE4LF4LG4LK4LL4LM4LN4LO4LP4LQ4LR4LS4LT4LU4LV4LW4MH4MI4MJ4MK4ML4MM4MN4MO4MP4MQ4MR4MS4MT4MU4MV4MW4NB4NJ4NK4NL4NM4NN4NO4NP4NQ4NR4NS4NT4NU4NV4NW4OA4OJ4OK4OL4OM4ON4OO4OP4OQ4OR4OS4OT4OU4OV4OW4PA4PB4PC4PD4PK4PL4PM4PN4PO4PP4PQ4PT4PU4PV4PW4QA4QB4QC4QD4QE4QF4QK4QL4QM4QN4QO4QP4QT4QU4RA4RB4RK4RL4RM4RN4RO4RP4RR4RS4RT4RU4SL4SM4SN4SO4SP4SQ4SR4SS4ST4SU4SV4TL4TM4TN4TO4TP4TQ4TR4TS4TT4TU4TV4UL4UM4UN4UO4UP4UQ4UR4US4UT4UU4UV4UW4VL4VM4VN4VO4VP4VQ4VR4VS4VT4VU4VV4VW4VX4WL4WM4WX4XA4XB4XK4XL4XM4XN4XO4XP4XQ4XR4XS4XT4XU4XV4XW4XX</Field35>
<Field36>1225</Field36>
<Field37>1AV1AW1BB1BC1BD1BE1BF1BG1BH1BI1BJ1BK1BL1BM1BW1CA1CB1CC1CD1CE1CF1CG1CH1CI1CJ1CK1CL1CM1DB1DC1DD1DE1DF1DG1DH1DI1DJ1EA1EB1EC1ED1EE1EF1EG1EH1EI1FA1FB1FC1FD1FE1FF1FG1FH1GA1GB1GC1GD1GE1GF1GG1GH1HA1HB1HC1HD1HE1HF1HG1HH1IA1IB1IC1ID1IE1IF1IG1JB1JC1JD1JE1JF1JG1KD1KE1KF1KG1LB1LC1LD1LE1LF1LG1LH1MC1MD1ME1MF1MG1MH1NC1ND1NE1NF1NG1NH1OC1OD1OE1OG1OH1OI1PC1PD1PE1PF1PG1PH1PI1PJ1QC1QD1QE1QH1QI1QJ1QK1RC1RD1RE1RF1RH1RI1RJ1RK1SD1SE1SF1SH1SI1SJ1SK1SN1SO1SP1SQ1TE1TF1TH1TI1TJ1TK1TP1TQ1UI1UJ1UK1UP1UQ1UR1VJ1VK1VP1VQ1VR1VX1WJ1WK1WQ1WW1WX1XJ1XK1XT1XU1XV1XW1XX2VA2WA2WB2WC2XA2XB2XC3AI3AJ3AT3AU3AV3AW3AX3BI3BJ3BK3BT3BU3BV3BW3BX3CS3CT3CU3CV3CW3CX3DR3DS3DT3DU3DV3DW3DX3EB3EP3EQ3ER3ES3ET3EU3EV3EW3EX3FB3FP3FQ3FR3FS3FT3FU3FV3FW3FX3GB3GP3GQ3GR3GS3GV3GW3GX3HB3HP3HQ3HR3IB3IP3IQ3IR3JB3JP3JQ3JR3JS3KB3KP3KQ3KR3KS3KT3LB3LP3LQ3LR3LS3LT3MB3MQ3MR3MS3MT3NB3NQ3NR3NS3NT3NU3OB3OQ3OR3OS3OT3OU3PB3PR3PS3PT3PU3PV3QB3QS3QT3QU3QV3QW3RB3RS3RT3RU3RV3RW3SB3SS3ST3SU3SV3SW3TB3TS3TT3TU3TV3TW3TX3UB3US3UT3UU3UV3UW3UX3VB3VC3VS3VT3VU3VV3VW3VX3WB3WC3WG3WH3WI3WJ3WK3WL3WM3WN3WO3WP3WQ3WR3WS3WT3WU3WV3WW3WX3XB3XC3XD3XE3XF3XG3XI3XJ3XK3XL3XM3XP3XQ3XR3XS4AA4AB4AC4BA4BB4BC4CA4CB4CC4DA4DB4DC4DG4DH4DI4EA4EB4EC4EI4EJ4EK4EL4FA4FB4FC4FG4GG4GJ4GK4GL4GM4GN4GO4GP4HA4HB4HC4HD4HE4HH4HI4HM4HN4HO4HP4IA4IB4IC4ID4IE4IH4IJ4IN4IO4IP4IQ4IR4IT4IU4JC4JH4JJ4JK4JS4JT4JU4JV4KC4KH4KJ4KK4KT4KU4KV4KW4LB4LC4LD4LH4LI4LJ4MA4MB4MC4MD4ME4MF4MG4NA4NC4ND4NE4NF4NG4NH4NI4OB4OC4OD4OE4OF4OG4OH4OI4PE4PF4PG4PH4PI4PJ4PR4PS4QG4QH4QI4QJ4QQ4QR4QS4QV4QW4QX4RC4RD4RE4RF4RG4RH4RI4RJ4RQ4RV4RW4RX4SA4SB4SC4SD4SE4SF4SG4SH4SI4SJ4SK4SW4SX4TA4TB4TC4TD4TE4TF4TG4TH4TI4TJ4TK4TW4TX4UA4UB4UC4UD4UE4UF4UG4UH4UI4UJ4UK4UX4VA4VB4VC4VD4VE4VF4VG4VH4VI4VJ4VK4WA4WB4WC4WD4WE4WF4WG4WH4WI4WJ4WK4WN4WO4WP4WQ4WR4WS4WT4WU4WV4WW4XC4XD4XE4XF4XG4XH4XI4XJ</Field37>
<Field38>576</Field38>
<Field39>2AG2AH2AI2AJ2AK2AL2AM2AN2AO2AP2AQ2AR2AS2AT2AU2AV2AW2AX2BG2BH2BI2BJ2BK2BL2BM2BN2BO2BP2BQ2BR2BS2BT2BU2BV2BW2BX2CG2CH2CI2CJ2CK2CL2CM2CN2CO2CP2CQ2CR2CS2CT2CU2CV2CW2CX2DG2DH2DI2DJ2DK2DL2DM2DN2DO2DP2DQ2DR2DS2DT2DU2DV2DW2DX2EG2EH2EI2EJ2EK2EL2EM2EN2EO2EP2EQ2ER2ES2ET2EU2EV2EW2EX2FG2FH2FI2FJ2FK2FL2FM2FN2FO2FP2FQ2FR2FS2FT2FU2FV2FW2FX2GG2GH2GI2GJ2GK2GL2GM2GN2GO2GP2GQ2GR2GS2GT2GU2GV2GW2GX2HG2HH2HI2HJ2HK2HL2HM2HN2HO2HP2HQ2HR2HS2HT2HU2HV2HW2HX2IG2IH2II2IJ2IK2IL2IM2IN2IO2IP2IQ2IR2IS2IT2IU2IV2IW2IX2JG2JH2JI2JJ2JK2JL2JM2JN2JO2JP2JQ2JR2JS2JT2JU2JV2JW2JX2KG2KH2KI2KJ2KK2KL2KM2KN2KO2KP2KQ2KR2KS2KT2KU2KV2KW2KX2LG2LH2LI2LJ2LK2LL2LM2LN2LO2LP2LQ2LR2LS2LT2LU2LV2LW2LX2MF2MG2MH2MI2MJ2MK2ML2MM2MN2MO2MP2MQ2MR2MS2MT2MU2MV2MW2MX2NF2NG2NH2NI2NJ2NK2NL2NM2NN2NO2NP2NQ2NR2NS2NT2NU2NV2NW2NX2OF2OG2OH2OI2OJ2OK2OL2OM2ON2OO2OP2OQ2OR2OS2OT2OU2OV2OW2OX2PF2PG2PH2PI2PJ2PK2PL2PM2PN2PO2PP2PQ2PR2PS2PT2PU2PV2PW2PX2QF2QG2QH2QI2QJ2QK2QL2QM2QN2QO2QP2QQ2QR2QS2QT2QU2QV2QW2QX2RF2RG2RH2RI2RJ2RK2RL2RM2RN2RO2RP2RQ2RR2RS2RT2RU2RV2RW2RX2SG2SH2SI2SJ2SK2SL2SM2SN2SO2SP2SQ2SR2SS2ST2SU2SV2SW2SX2TG2TH2TI2TJ2TK2TL2TM2TN2TO2TP2TQ2TR2TS2TT2TU2TV2TW2TX2UG2UH2UI2UJ2UK2UL2UM2UN2UO2UP2UQ2UR2US2UT2UU2UV2UW2UX2VH2VI2VJ2VK2VL2VM2VN2VO2VP2VQ2VR2VS2VT2VU2VV2VW2VX2WH2WI2WJ2WK2WL2WM2WN2WO2WP2WQ2WR2WS2WT2WU2WV2WW2WX2XI2XJ2XK2XL2XM2XN2XO2XP2XQ2XR2XS2XT2XU2XV2XW2XX3AN3AO3AP3BN3BO3BP3CN3CO3CP3GT3GU3HS3HT3HU3IS3IT3IU3JT3JU3KU3LU3LV3MV3NV3NW3OV3OW3OX3PW3PX3QX3RX3SX4AJ4AK4AL4AM4AN4AO4AP4AQ4AR4AS4AT4AU4AV4AW4AX4BK4BL4BM4BN4BP4BQ4BX4CX4DX4EX4FX4GX4HX4IX4JX4KX4LX4MX4NX4OX4PX</Field39>
<Field40>503</Field40>
</results>
<results>
<Field1>3T2HW4QDUXKYL7IZB3QSFCX1D2U9CN</Field1>
<Field2>3PUZG2R74TXVF7CR9RD94D92J8X45X</Field2>
<Field3>Participate in a land classification study (Bonuses for accuracy)</Field3>
<Field4>Classify an aerial image into four different types of land cover</Field4>
<Field5>image classification, land cover, photo interpretation</Field5>
<Field6>$0.50</Field6>
<Field7>Tue Jun 29 15:46:53 PDT 2021</Field7>
<Field8>6</Field8>
<Field9>BatchId:4491423;OriginalHitTemplateId:928390828;</Field9>
<Field10>3600</Field10>
<Field11>259200</Field11>
<Field12>Tue Jul 06 15:46:53 PDT 2021</Field12>
<Field15>3PMBY0YE2AG08RGT16VT4WTS6ZU9CZ</Field15>
<Field16>A1ZIPZPV4RFAYV</Field16>
<Field17>Submitted</Field17>
<Field18>Tue Jun 29 18:06:36 PDT 2021</Field18>
<Field19>Tue Jun 29 18:21:09 PDT 2021</Field19>
<Field20>Fri Jul 02 18:21:09 PDT 2021</Field20>
<Field24>873</Field24>
<Field25>0% (0/0)</Field25>
<Field26>0% (0/0)</Field26>
<Field27>0% (0/0)</Field27>
<Field28>25596</Field28>
<Field29>old</Field29>
<Field30>img25596_old.jpg</Field30>
<Field31>https://raw.githubusercontent.com/ROIHabitat/lcimages/master/img25596_old.jpg</Field31>
<Field32>2257</Field32>
<Field33>1IJ1KA1KB1KC1KD1KE1KF1LA1LB1LC1LD1LE1MA1MB1MC1MD1ME1NB1NC1ND1NE1NF1OB1OC1OD1OE1OF1OG1PB1PC1PD1PE1PF1PG1PH1QA1QB1QC1QD1RA1RB1RC1RD1RE1SA1SB1SC1SD1SE1TA1TB1TC1TD1TE1TF1TG1TH1TI1TK1UA1UB1UC1UD1UE1UF1UG1UH1VA1VB1VC1VD1VE1VF1VH1WD1WE1WF1WH1XD1XE1XF1XG1XH3AH3AI3AJ3AK3AL3AM3AN3BH3BI3BJ3BK3BL3BM3BR3BV3BW3BX3CH3CI3CJ3CK3CL3CM3CP3CQ3CR3CV3CW3CX3DH3DI3DJ3DK3DL3DM3DN3DO3DP3DQ3DR3DX3EH3EI3EJ3EK3EL3EM3EN3EO3EP3EQ3ER3FH3FI3FJ3FK3FL3FP3FQ3GA3GB3GH3GI3GJ3GK3GP3GQ3HA3HB3HH3HI3HJ3HK3HQ3IA3IB3IH3II3IJ3IK3IQ3JA3JB3JH3JI3JJ3JK3JQ3KA3KB3KH3KI3KJ3KK3KQ3LA3LB3LH3LI3LJ3LK3LL3LQ3MA3MB3MH3MI3MJ3MK3ML3NA3NH3NI3NJ3NK3NL3NM3NN3NO3NP3OA3OH3OI3OJ3OK3OL3OM3ON3OO3OP3PA3PH3PI3PJ3PK3PL3PM3PN3PO3PP3QA3QH3QI3QJ3QK3QL3QM3QN3QO3QP3RA3RH3RI3RJ3RK3RL3RM3RN3RO3RP3SA3SH3SI3SJ3SK3SL3SM3SN3SO3SP3TA3TH3TI3TJ3TK3TL3TM3TN3TO3TP3TQ3TR3UA3UH3UI3UJ3UK3UL3UM3UN3UO3UP3UQ3UR3VA3VH3VI3VJ3VK3VL3VM3VN3VO3VP3VQ3VR3WA3WH3WI3WJ3WK3WL3WM3WN3WO3WP3WQ3WR3XA3XH3XI3XJ3XK3XL3XM3XN3XO3XS3XT</Field33>
<Field34>312</Field34>
<Field35>1AP1AQ1AR1BM1BP1BQ1BR1CK1CL1CM1CN1CO1CP1CQ1CR1DK1DM1DN1DO1DP1DQ1DR1EK1EM1EQ1ER1FJ1FK1FP1FQ1FR1GJ1GK1GM1GN1GP1GQ1GR1HJ1HK1HN1HP1HQ1HR1II1IK1IM1IP1IQ1IR1JI1JJ1JK1JN1JO1JP1JQ1JR1KG1KH1KI1KJ1KK1KP1KQ1KR1LF1LG1LH1LI1LK1LN1LP1LQ1LR1MF1MG1MH1MI1MO1MP1MQ1MR1NG1NH1NO1NP1NQ1NR1OH1OM1OO1OP1OQ1OR1PI1PJ1PR1QI1QJ1QK1QL1QM1QO1QP1QQ1QR1RI1RJ1RK1RL1RM1RO1RP1RQ1RR1SI1SJ1SK1SL1SM1SN1SO1SP1SQ1SR1TJ1TL1TM1TO1TP1TQ1TR1UI1UJ1UK1UL1UM1UO1UP1UQ1UR1VG1VI1VJ1VK1VL1VM1VN1VO1VP1VQ1VR1WG1WI1WJ1WK1WL1WM1WN1WO1WP1WQ1WR1XI1XJ1XK1XL1XM1XN1XO1XP1XQ1XR2AA2AB2AI2AJ2AK2AL2AM2AN2AO2AP2AQ2AR2AS2AT2AU2BA2BB2BI2BJ2BK2BL2BM2BN2BO2BP2BQ2BR2BS2BT2BU2CA2CB2CI2CJ2CK2CL2CM2CN2CO2CP2CQ2CR2CS2CT2CU2DA2DB2DI2DJ2DK2DL2DM2DN2DO2DP2DQ2DR2DS2DT2DU2EA2EB2EJ2EK2EL2EM2EN2EO2EP2EQ2ER2ES2ET2EU2FA2FB2FJ2FK2FL2FM2FN2FO2FP2FQ2FR2FS2FT2FU2GA2GB2GJ2GK2GL2GM2GN2GO2GP2GQ2GR2GS2GT2GU2HA2HB2HJ2HK2HL2HM2HN2HO2HP2HQ2HR2HS2HT2HU2IA2IB2IJ2IK2IL2IM2IN2IO2IP2IQ2IR2IS2IT2IU2IV2JA2JB2JJ2JK2JL2JM2JN2JO2JP2JQ2JR2JS2JT2JU2JV2KA2KB2KJ2KK2KL2KM2KN2KO2KP2KQ2KR2KS2KT2KU2KV2LA2LB2LJ2LK2LL2LM2LN2LO2LP2LQ2LR2LS2LT2LU2LV2MA2MB2MJ2MK2ML2MM2MN2MO2MP2MQ2MR2MS2MT2MU2MV2NA2NB2NJ2NK2NL2NM2NN2NO2NP2NQ2NR2NS2NT2NU2NV2OA2OB2OJ2OK2OL2OM2ON2OO2OP2OQ2OR2OS2OT2OU2OV2PA2PB2PJ2PK2PL2PM2PN2PO2PP2PQ2PR2PS2PT2PU2PV2QA2QB2QJ2QK2QL2QM2QN2QO2QP2QQ2QR2QS2QT2QU2QV2QW2QX2RA2RB2RJ2RK2RL2RM2RN2RO2RP2RQ2RR2RS2RT2RU2RV2RW2RX2SA2SB2SJ2SK2SL2SM2SN2SO2SP2SQ2SR2SS2ST2SU2SV2SW2SX2TA2TB2TJ2TK2TL2TM2TN2TO2TP2TQ2TR2TS2TT2TU2TV2TW2TX2UA2UB2UJ2UK2UL2UM2UN2UO2UP2UQ2UR2US2UT2UU2UV2UW2UX2VA2VB2VJ2VK2VL2VM2VN2VO2VP2VQ2VR2VS2VT2VU2VV2VW2VX2WA2WB2WJ2WK2WL2WM2WN2WO2WP2WQ2WR2WS2WT2WU2WV2WW2WX2XA2XB2XJ2XK2XL2XM2XN2XO2XP2XQ2XR2XS2XT2XU2XV2XW2XX3AA3AB3AC3AD3AE3AF3AG3BA3BB3BC3BD3BE3BF3BG3CA3CB3CC3CD3CE3CF3CG3DA3DB3DC3DD3DE3DF3DG3EA3EB3EC3ED3EE3EF3EG3FA3FB3FC3FD3FE3FF3FG3GC3GD3GE3GF3GG3GO3HC3HD3HE3HF3HG3HL3HO3HP3IC3ID3IE3IF3IG3IO3IP3JC3JD3JE3JF3JG3JO3JP3KC3KD3KE3KF3KG3KO3KP3LC3LD3LE3LF3LG3LO3LP3MC3MD3ME3MF3MG3MO3MP3NB3NC3ND3NE3NF3NG3OB3OC3OD3OE3OF3OG3PB3PC3PD3PE3PF3PG3QB3QC3QD3QE3QF3QG3RB3RC3RD3RE3RF3RG3SB3SC3SD3SE3SF3SG3TB3TC3TD3TE3TF3TG3UB3UC3UD3UE3UF3UG3VB3VC3VD3VE3VF3VG3WB3WC3WD3WE3WF3WG3XB3XC3XD3XE3XF3XG4AU4AV4BU4BV4CU4CV4CW4CX4DV4DW4DX4EW4EX4FW4FX4GW4GX4HT4HU4HV4HW4HX4IV4IW4IX4JR4JS4JT4JU4JV4JW4JX4KR4KS4KT4KU4KV4KW4KX4LR4LS4LT4LU4LV4MR4MS4MT4MU4MV4MW4MX4NR4NS4NT4NU4NW4NX4OR4OS4OT4OU4OV4OX4PR4PS4PT4PU4QR4QS4RS4SS4TS4TT4US4UT4VS4VT4WS4WT4WU</Field35>
<Field36>783</Field36>
<Field37>1AA1AB1AC1AD1AE1AF1AG1AH1AI1AJ1AK1AL1AM1BA1BB1BC1BD1BE1BF1BG1BH1BI1BJ1BK1BL1CA1CB1CC1CD1CE1CF1CG1CH1DA1DB1DC1DD1DE1DF1DG1DH1EA1EB1EC1ED1EE1EF1EG1EH1FA1FB1FC1FD1FE1FF1FG1FH1GA1GB1GC1GD1GE1GF1GG1GH1HA1HB1HC1HD1HE1HF1HG1HH1IA1IB1IC1ID1IE1IF1IG1IH1JA1JB1JC1JD1JE1JF1JG1JH2AC2AD2AE2AF2AG2AH2BC2BD2BE2BF2BG2BH2CC2CD2CE2CF2CG2CH2DC2DD2DE2DF2DG2DH2EC2ED2EE2EF2EG2EH2EI2FC2FD2FE2FF2FG2FH2FI2GC2GD2GE2GF2GG2GH2GI2HC2HD2HE2HF2HG2HH2HI2IC2ID2IE2IF2IG2IH2II2JC2JD2JE2JF2JG2JH2JI2KC2KD2KE2KF2KG2KH2KI2LC2LD2LE2LF2LG2LH2LI2MC2MD2ME2MF2MG2MH2MI2NC2ND2NE2NF2NG2NH2NI2OC2OD2OE2OF2OG2OH2OI2PC2PD2PE2PF2PG2PH2PI2QC2QD2QE2QF2QG2QH2QI2RC2RD2RE2RF2RG2RH2RI2SC2SD2SE2SF2SG2SH2SI2TC2TD2TE2TF2TG2TH2TI2UC2UD2UE2UF2UG2UH2UI2VC2VD2VE2VF2VG2VH2VI2WC2WD2WE2WF2WG2WH2WI2XC2XD2XE2XF2XG2XH2XI3CS3CT3CU3DS3DT3DU3DV3DW3ES3ET3EU3EV3EW3EX3FM3FN3FO3FR3FS3FT3FU3FV3FW3FX3GR3GS3GT3GU3GV3GW3GX3HR3HS3HT3HU3HV3HW3HX3IR3IS3IT3IU3IV3IW3IX3JR3JS3JT3JU3JV3JW3JX3KR3KS3KT3KU3KV3KW3KX3LR3LS3LT3LU3LV3LW3LX3MQ3MR3MS3MT3MU3MV3MW3MX3NQ3NR3NS3NT3NU3NV3NW3NX3OQ3OR3OS3OT3OU3OV3OW3OX3PQ3PR3PS3PT3PU3PV3PW3PX3QQ3QR3QS3QT3QU3QV3QW3QX3RQ3RR3RS3RT3RU3RV3RW3RX3SQ3SR3SS3ST3SU3SV3SW3SX3TS3TT3TU3TV3TW3TX3US3UT3UU3UV3UW3UX3VS3VT3VU3VV3VW3VX3WT3WU3WV3WW3WX3XU3XV3XW3XX4AA4AB4AC4AD4AE4AF4AG4AH4AI4AJ4AK4AL4AM4AN4AO4AP4BA4BB4BC4BD4BE4BF4BG4BH4BI4BJ4BK4BL4BM4BN4BO4BP4BQ4CA4CB4CC4CD4CE4CF4CG4CH4CI4CJ4CK4CL4CM4CN4CO4CP4CQ4DA4DB4DC4DD4DE4DF4DG4DH4DI4DJ4DK4DL4DM4DN4DO4DP4DQ4DU4EA4EB4EC4ED4EE4EF4EG4EH4EI4EJ4EK4EL4EM4EN4EO4EP4EQ4ET4EU4EV4FA4FB4FC4FD4FE4FF4FG4FH4FI4FJ4FK4FL4FM4FN4FO4FP4FQ4FT4FU4FV4GA4GB4GC4GD4GE4GF4GG4GH4GI4GJ4GK4GL4GM4GN4GO4GP4GQ4GT4GU4GV4HA4HB4HC4HD4HE4HF4HG4HH4HI4HJ4HK4HL4HM4HN4HO4HP4HQ4IA4IB4IC4ID4IE4IF4IG4IH4II4IJ4IK4IL4IM4IN4IO4IP4IQ4JA4JB4JC4JD4JE4JF4JG4JH4JI4JJ4JK4JL4JM4JN4JO4JP4JQ4KA4KB4KC4KD4KE4KF4KG4KH4KI4KJ4KK4KL4KM4KN4KO4KP4KQ4LA4LB4LC4LD4LE4LF4LG4LH4LI4LJ4LK4LL4LM4LN4LO4LP4LQ4MA4MB4MC4MD4ME4MF4MG4MH4MI4MJ4MK4ML4MM4MN4MO4MP4MQ4NA4NB4NC4ND4NE4NF4NG4NH4NI4NJ4NK4NL4NM4NN4NO4NP4NQ4OA4OB4OC4OD4OE4OF4OG4OH4OI4OJ4OK4OL4OM4ON4OO4OP4OQ4PA4PB4PC4PD4PE4PF4PG4PH4PI4PJ4PK4PL4PM4PN4PO4PP4PQ4QA4QB4QC4QD4QE4QF4QG4QH4QI4QJ4QK4QL4QM4QN4QO4QP4QQ4RA4RB4RC4RD4RE4RF4RG4RH4RI4RJ4RK4RL4RM4RN4RO4RP4RQ4RR4SA4SB4SC4SD4SE4SF4SG4SH4SI4SJ4SK4SL4SM4SN4SO4SP4SQ4SR4TA4TB4TC4TD4TE4TF4TG4TH4TI4TJ4TK4TL4TM4TN4TO4TP4TQ4TR4UA4UB4UC4UD4UE4UG4UH4UI4UJ4UK4UL4UM4UN4UO4UP4UQ4UR4VA4VB4VC4VD4VE4VF4VG4VH4VI4VJ4VK4VL4VM4VN4VO4VP4VQ4VR4WA4WB4WC4WD4WE4WF4WG4WH4WI4WJ4WK4WL4WM4WN4WO4WP4WQ4WR4XA4XB4XC4XD4XE4XF4XG4XH4XI4XJ4XK4XL4XM4XN4XO4XP4XQ4XR4XS4XT4XU4XV4XW4XX</Field37>
<Field38>831</Field38>
<Field39>1AN1AO1AS1AT1AU1AV1AW1AX1BN1BO1BS1BT1BU1BV1BW1BX1CI1CJ1CS1CT1CU1CV1CW1CX1DI1DJ1DS1DT1DU1DV1DW1DX1EI1EJ1EL1EN1EO1EP1ES1ET1EU1EV1EW1EX1FI1FL1FM1FN1FO1FS1FT1FU1FV1FW1FX1GI1GL1GO1GS1GT1GU1GV1GW1GX1HI1HL1HM1HO1HS1HT1HU1HV1HW1HX1IL1IN1IO1IS1IT1IU1IV1IW1IX1JL1JM1JS1JT1JU1JV1JW1JX1KL1KM1KN1KO1KS1KT1KU1KV1KW1KX1LJ1LL1LM1LO1LS1LT1LU1LV1LW1LX1MJ1MK1ML1MM1MN1MS1MT1MU1MV1MW1MX1NA1NI1NJ1NK1NL1NM1NN1NS1NT1NU1NV1NW1NX1OA1OI1OJ1OK1OL1ON1OS1OT1OU1OV1OW1OX1PA1PK1PL1PM1PN1PO1PP1PQ1PS1PT1PU1PV1PW1PX1QE1QF1QG1QH1QN1QS1QT1QU1QV1QW1QX1RF1RG1RH1RN1RS1RT1RU1RV1RW1RX1SF1SG1SH1SS1ST1SU1SV1SW1SX1TN1TS1TT1TU1TV1TW1TX1UN1US1UT1UU1UV1UW1UX1VS1VT1VU1VV1VW1VX1WB1WC1WS1WT1WU1WV1WW1WX1XB1XC1XS1XT1XU1XV1XW1XX2BV2BW2BX2CV2CW2CX2DV2DW2DX2EV2EW2EX2FV2FW2FX2GW2GX2HW2HX2IW2IX2JW2JX2KW2KX2LW2LX2MW2MX2NW2NX2OW2OX2PW2PX3AO3AP3AQ3AR3AS3AT3AU3AV3AW3BS3BT3BU3CN3CO3GL3HM3IM3KM3MN4DR4DS4DT4ER4ES4FR4FS4GR4GS4HR4HS4IR4IS4IT4IU4NV4OW4PV4PW4PX4QT4QU4QV4QW4QX4RT4RU4RV4RW4RX4ST4SU4SV4SW4SX4TU4TV4TW4TX4UU4UV4UW4UX4VU4VV4VW4VX4WV4WW4WX</Field39>
<Field40>331</Field40>
</results>
<results>
<Field1>3CRWSLD91MHE1GYWQH3OFYX22FKOMY</Field1>
<Field2>3PUZG2R74TXVF7CR9RD94D92J8X45X</Field2>
<Field3>Participate in a land classification study (Bonuses for accuracy)</Field3>
<Field4>Classify an aerial image into four different types of land cover</Field4>
<Field5>image classification, land cover, photo interpretation</Field5>
<Field6>$0.50</Field6>
<Field7>Tue Jun 29 15:46:53 PDT 2021</Field7>
<Field8>6</Field8>
<Field9>BatchId:4491423;OriginalHitTemplateId:928390828;</Field9>
<Field10>3600</Field10>
<Field11>259200</Field11>
<Field12>Tue Jul 06 15:46:53 PDT 2021</Field12>
<Field15>34T446B1C3RICXSG1AC0BLSZ3VN0C1</Field15>
<Field16>A3M81P9BEVE1GD</Field16>
<Field17>Submitted</Field17>
<Field18>Tue Jun 29 15:56:28 PDT 2021</Field18>
<Field19>Tue Jun 29 16:53:38 PDT 2021</Field19>
<Field20>Fri Jul 02 16:53:38 PDT 2021</Field20>
<Field24>3430</Field24>
<Field25>0% (0/0)</Field25>
<Field26>0% (0/0)</Field26>
<Field27>0% (0/0)</Field27>
<Field28>25889</Field28>
<Field29>new</Field29>
<Field30>img25889_new.jpg</Field30>
<Field31>https://raw.githubusercontent.com/ROIHabitat/lcimages/master/img25889_new.jpg</Field31>
<Field32>2205</Field32>
<Field33>1DM1DN1FO1FP1HI1HJ1HR1II1IJ1JI1JJ1JK1KI1KJ1KK1LK1LT1NN1NV1ON1OV1OW1PO1PP1QO1QP1QQ1QR1RO1UM1VS1VT1WS1XL1XT2HB2HC2HD2HE2IA2IB2IC2ID2IE2JA2JB2JC2JD2JE2JF2KA2KB2KC2KD2KE2KF2LE2LF2NE2NF2OE2OF3AO3AP3AQ3AR3AS3AT3AU3AV3BO3BP3BQ3BR3BS3BT3BU3BV3CO3CP3CQ3CR3CS3CT3CU3CV3DO3DP3DQ3DR3DV3EP3EQ3ER3ES3FP3FQ3FR3GP3GQ3GR3NC3NP3OC3OE3RH3SB3SC3XS3XT3XU3XV3XW3XX4AC4AD4AE4AF4AV4AW4BC4BE4BF4BV4BW4BX4CF4CU4CV4CW4DD4DE4DF4DG4DH4DI4DJ4DK4DL4DV4DW4EA4ED4EE4EF4EG4EH4EW4EX4FA4FD4FE4FF4FW4FX4GN4GX4IP4KM4KX4LG4LH4LI4LJ4LK4LL4LU4LV4LW4LX4MG4MH4MI4MJ4MK4ML4MU4MV4MW4MX4NE4NF4NG4NH4NI4NJ4NK4NL4NM4NR4NU4NV4NW4NX4OD4OE4OF4OG4OH4OI4OJ4OK4OL4OM4ON4OR4OU4OV4OW4OX4PD4PE4PF4PG4PH4PI4PJ4PK4PL4PM4PN4PU4PV4PW4PX4QA4QC4QD4QE4QF4QG4QH4QI4QJ4QK4QL4QM4QN4QO4QP4QQ4QV4QW4QX4RC4RD4RE4RF4RG4RH4RI4RJ4RK4RL4RM4RN4RO4RP4RQ4RR4RW4RX4SD4SE4SF4SG4SH4SI4SJ4SK4SL4SM4SN4SO4SP4SQ4SR4SS4TD4TE4TF4TG4TH4TI4TJ4TK4TL4TM4TN4TO4TP4TQ4TR4TS4UE4UF4UG4UH4UI4UJ4UK4UL4UM4UN4UO4UP4UQ4UR4US4UT4UU4UV4VE4VF4VG4VH4VI4VJ4VK4VL4VM4VN4VO4VP4VQ4VR4VS4VT4VU4VV4VW4VX4WF4WG4WH4WI4WJ4WK4WL4WM4WN4WO4WP4WQ4WR4WS4WT4WU4WV4WW4WX</Field33>
<Field34>351</Field34>
<Field35>1BA1BB1BC1BD1BE1BF1BG1BH1BI1BJ1BK1BL1CA1CB1CC1CD1CE1CF1CG1CH1CI1CJ1CK1CL1DA1DB1DC1DD1DE1DF1DG1DH1DI1DJ1DK1DL1EA1EB1EC1ED1EE1EF1EG1EH1EI1EJ1EK1EL1EM1EN1FA1FB1FC1FD1FE1FF1FG1FH1FI1FJ1FK1FL1FM1FN1GA1GB1GC1GD1GE1GF1GG1GH1GI1GJ1GK1GL1GM1GN1GO1GP1GQ1HA1HB1HC1HD1HE1HF1HG1HH1HK1HL1HM1HN1HO1HP1HQ1IA1IB1IC1ID1IE1IF1IG1IH1IK1IL1IM1IN1IO1IP1IQ1IR1IS1JA1JB1JC1JD1JE1JF1JG1JH1JL1JM1JN1JO1JP1JQ1JR1JS1JT1KA1KB1KC1KD1KE1KF1KG1KH1KL1KM1KN1KO1KP1KQ1KR1KS1KT1LA1LB1LC1LD1LE1LF1LG1LH1LI1LJ1LL1LM1LN1LO1LP1LQ1LR1LS1MA1MB1MC1MD1ME1MF1MG1MH1MI1MJ1MK1ML1MM1MN1MO1MP1MQ1MR1MS1MT1MU1NA1NB1NC1ND1NE1NF1NG1NH1NI1NJ1NK1NL1NM1NO1NP1NQ1NR1NS1NT1NU1OA1OB1OC1OD1OE1OF1OG1OH1OI1OJ1OK1OL1OM1OO1OP1OQ1OR1OS1OT1OU1PA1PB1PC1PD1PE1PF1PG1PH1PI1PJ1PK1PL1PM1PN1PQ1PR1PS1PT1PU1PV1PW1PX1QA1QB1QC1QD1QE1QG1QH1QI1QJ1QK1QL1QM1QN1QS1QT1QU1QV1QW1QX1RA1RB1RC1RD1RE1RI1RJ1RK1RL1RM1RN1RP1RQ1RR1RS1RT1RU1RV1RW1RX1SA1SB1SC1SD1SE1SI1SJ1SK1SL1SM1SN1SO1SP1SQ1SR1SS1ST1SU1SV1SW1SX1TA1TB1TC1TD1TE1TJ1TK1TL1TM1TN1TO1TP1TQ1TR1TS1TT1TU1TV1TW1TX1UA1UB1UC1UD1UE1UJ1UK1UL1UN1UO1UP1UQ1UR1US1UT1UU1UV1UW1UX1VA1VB1VC1VD1VE1VK1VL1VM1VN1VO1VP1VQ1VR1VU1VV1VW1VX1WA1WB1WC1WD1WE1WK1WL1WM1WN1WO1WP1WQ1WR1WT1WU1WV1WW1WX1XA1XB1XC1XD1XE1XM1XN1XO1XP1XQ1XR1XS1XU1XV1XW1XX2AD2AE2AF2AG2AH2AI2AJ2AK2AL2AM2AN2AO2AP2AQ2AR2AS2AT2AU2AV2AW2BA2BB2BC2BD2BE2BF2BG2BW2CA2CB2CC2CD2CE2CF2CG2DA2DB2DC2DD2DE2DF2DG2QA2RA2RB2SC3AW3AX3BW3BX3CW3CX3DW3DX3EU3EV3EW3EX3FU3FV3FW3FX3GW3GX3HW3HX3IW3IX3JX3KX3LX3MG3MH3MI3MJ3MK3ML3MM3MN3MW3MX3NG3NH3NI3NJ3NK3NL3NM3NN3NO3NQ3NR3NS3NW3NX3OF3OG3OH3OI3OJ3OK3OL3OM3ON3OO3OP3OQ3OR3OS3OT3OU3OV3OW3OX3PC3PD3PF3PG3PH3PK3PL3PM3PN3PO3PP3PQ3PR3PS3PT3PU3PV3PW3PX3QC3QD3QG3QH3QL3QM3QN3QO3QP3QQ3QR3QS3QT3QU3QV3QW3QX3RB3RC3RD3RK3RL3RM3RN3RO3RP3RQ3RR3RS3RT3RU3RV3RW3RX3SH3SI3SJ3SK3SL3SM3SN3SO3SP3SQ3SR3SS3ST3SU3SV3SW3SX3TD3TE3TF3TG3TH3TI3TJ3TK3TL3TM3TN3TO3TP3TQ3TR3TS3TT3TU3TV3TW3TX3UD3UE3UF3UG3UH3UI3UJ3UK3UL3UM3UN3UO3UP3UQ3UR3US3UT3UU3UV3UW3UX3VE3VF3VG3VH3VI3VJ3VK3VL3VM3VN3VO3VP3VQ3VR3VS3VT3VU3VV3VW3VX3WE3WF3WG3WH3WI3WJ3WK3WL3WM3WN3WO3WP3WQ3WR3WS3WT3WU3WV3WW3WX3XE3XF3XG3XH3XI3XJ3XK3XL3XM3XN3XO3XP3XQ3XR4AG4AH4AI4AJ4AK4AL4AM4AN4AO4AP4AQ4AR4AS4AT4AU4BB4BG4BH4BI4BJ4BK4BL4BM4BN4BO4BP4BQ4BR4BS4BT4BU4CA4CB4CC4CG4CH4CI4CJ4CK4CL4CM4CN4CO4CP4CQ4CR4CS4CT4DA4DB4DC4DM4DN4DO4DP4DQ4DR4DS4DT4DU4EB4EC4EM4EN4EO4EP4EQ4ER4ES4ET4EU4EV4FB4FC4FG4FN4FO4FP4FQ4FR4FS4FT4FU4FV4GA4GB4GC4GD4GE4GF4GG4GH4GI4GO4GP4GQ4GR4GS4GT4GU4GV4GW4HA4HB4HC4HD4HE4HF4HG4HH4HI4HJ4HK4HP4HQ4HR4HS4HT4HU4HV4HW4HX4IA4IB4IC4ID4IE4IF4IG4IH4II4IJ4IK4IL4IQ4IR4IS4IT4IU4IV4IW4IX4JC4JD4JE4JF4JG4JH4JI4JJ4JK4JL4JR4JS4JT4JU4JV4JW4JX4KC4KD4KE4KF4KG4KH4KI4KJ4KK4KL4KR4KS4KT4KU4KV4KW4LA4LB4LC4LD4LE4LF4LM4LN4LO4LS4LT4MA4MB4MC4MD4ME4MF4MM4MN4MO4MT4NA4NB4NC4ND4NN4NO4NP4NQ4NT4OA4OB4OO4OP4OQ4OT4PA4PB4PO4PP4PQ4PR4PS4PT4QR4QS4QT4QU4RA4RB4RS4RT4RU4RV4SA4SB4SC4ST4SU4SV4SW4SX4TA4TB4TC4TT4TU4TV4TW4TX4UA4UB4UC4UW4UX4VA4VB4VC4VD4WA4WB4WC4WD4WE4XA4XB4XC4XD4XE</Field35>
<Field36>942</Field36>
<Field37>1BU1BV1BW1BX1CU1CV1CW1CX1FV1FW1FX1GV1GW1GX1JX1QF1RF1RG1RH1SF1SG1SH1TF1TG1TH1TI1UF1UG1UH1UI1VF1VG1VH1VI1VJ1WF1WG1WH1WI1WJ1XF1XG1XH1XI1XJ1XK2SA2SB2TA2TB2TC2TD2UA2UB2UC2UD2UE2UL2UM2UN2UO2UP2UQ2UR2US2UT2UU2UV2UW2VA2VB2VC2VD2VE2VF2VG2VH2VI2VJ2VK2VL2VM2VN2VO2VP2VQ2VR2VS2VT2VU2VV2VW2WA2WB2WC2WD2WE2WF2WG2WH2WI2WJ2WK2WL2WM2WN2WO2WP2WQ2WR2WS2WT2WU2WV2WW2XA2XB2XC2XD2XE2XF2XG2XH2XI2XJ2XK2XL2XM2XN2XO2XP2XQ2XR2XS2XT2XU2XV2XW3AA3AB3AC3AD3AE3AF3AG3AH3AI3AJ3AK3AL3AM3AN3BA3BB3BC3BD3BE3BF3BG3BH3BI3BJ3BK3BL3BM3BN3CA3CB3CC3CD3CE3CF3CG3CH3CI3CJ3CK3CL3CM3CN3DB3DC3DD3DE3DF3DG3DH3DI3DJ3DK3DL3DM3DN3EB3EC3ED3EE3EF3EG3EH3EI3EJ3EK3EL3EM3EN3EO3FB3FC3FD3FE3FF3FG3FH3FI3FJ3FK3FL3FM3FN3FO3GB3GC3GD3GE3GF3GG3GH3GI3GJ3GK3GL3GM3GN3GO3GU3GV3HB3HC3HD3HE3HF3HG3HH3HI3HJ3HK3HL3HM3HN3HO3HP3HQ3HR3HT3HU3HV3ID3IE3IF3IG3IH3II3IJ3IK3IL3IM3IN3IO3IP3IQ3IR3IT3IU3IV3JE3JF3JG3JH3JI3JJ3JK3JL3JM3JN3JO3JP3JQ3JS3JT3JU3JV3JW3KF3KG3KH3KI3KJ3KK3KL3KM3KN3KO3KP3KQ3KS3KT3KU3KV3KW3LG3LH3LI3LJ3LK3LL3LM3LN3LO3LP3LQ3LR3LS3LT3LU3LV3LW3MO3MP3MQ3MR3MS3MT3MU3MV3NT3NU3NV4OC4PC4QB4UD</Field37>
<Field38>342</Field38>
<Field39>1BM1BN1BO1BP1BQ1BR1BS1BT1CM1CN1CO1CP1CQ1CR1CS1CT1DO1DP1DQ1DR1DS1DT1DU1DV1DW1DX1EO1EP1EQ1ER1ES1ET1EU1EV1EW1EX1FQ1FR1FS1FT1FU1GR1GS1GT1GU1HS1HT1HU1HV1HW1HX1IT1IU1IV1IW1IX1JU1JV1JW1KU1KV1KW1KX1LU1LV1LW1LX1MV1MW1MX1NW1NX1OX2BH2BI2BJ2BK2BL2BM2BN2BO2BP2BQ2BR2BS2BT2BU2BV2CH2CI2CJ2CK2CL2CM2CN2CO2CP2CQ2CR2CS2CT2CU2CV2DH2DI2DJ2DK2DL2DM2DN2DO2DP2DQ2DR2DS2DT2DU2DV2EA2EB2EC2ED2EE2EF2EG2EH2EI2EJ2EK2EL2EM2EN2EO2EP2EQ2ER2ES2ET2EU2EV2FA2FB2FC2FD2FE2FF2FG2FH2FI2FJ2FK2FL2FM2FN2FO2FP2FQ2FR2FS2FT2FU2FV2GA2GB2GC2GD2GE2GF2GG2GH2GI2GJ2GK2GL2GM2GN2GO2GP2GQ2GR2GS2GT2GU2GV2HA2HF2HG2HH2HI2HJ2HK2HL2HM2HN2HO2HP2HQ2HR2HS2HT2HU2HV2IF2IG2IH2II2IJ2IK2IL2IM2IN2IO2IP2IQ2IR2IS2IT2IU2IV2IW2IX2JG2JH2JI2JJ2JK2JL2JM2JN2JO2JP2JQ2JR2JS2JT2JU2JV2JW2JX2KG2KH2KI2KJ2KK2KL2KM2KN2KO2KP2KQ2KR2KS2KT2KU2KV2KW2KX2LA2LB2LC2LD2LG2LH2LI2LJ2LK2LL2LM2LN2LO2LP2LQ2LR2LS2LT2LU2LV2LW2MA2MB2MC2MD2ME2MF2MG2MH2MI2MJ2MK2ML2MM2MN2MO2MP2MQ2MR2MS2MT2MU2MV2MW2NA2NB2NC2ND2NG2NH2NI2NJ2NK2NL2NM2NN2NO2NP2NQ2NR2NS2NT2NU2NV2NW2OA2OB2OC2OD2OG2OH2OI2OJ2OK2OL2OM2ON2OO2OP2OQ2OR2OS2OT2OU2OV2OW2PA2PB2PC2PD2PE2PF2PG2PH2PI2PJ2PK2PL2PM2PN2PO2PP2PQ2PR2PS2PT2PU2PV2PW2QB2QC2QD2QE2QF2QG2QH2QI2QJ2QK2QL2QM2QN2QO2QP2QQ2QR2QS2QT2QU2QV2QW2RC2RD2RE2RF2RG2RH2RI2RJ2RK2RL2RM2RN2RO2RP2RQ2RR2RS2RT2RU2RV2RW2SD2SE2SF2SG2SH2SI2SJ2SK2SL2SM2SN2SO2SP2SQ2SR2SS2ST2SU2SV2SW2TE2TF2TG2TH2TI2TJ2TK2TL2TM2TN2TO2TP2TQ2TR2TS2TT2TU2TV2TW2UF2UG2UH2UI2UJ2UK3DS3DT3DU3ET3FS3FT3GS3GT3HS3IB3IC3IS3JB3JC3JD3JR3KB3KC3KD3KE3KR3LB3LC3LD3LE3LF3MB3MC3MD3ME3MF3NB3ND3NE3NF3OB3OD3PB3PE3PI3PJ3QB3QE3QF3QI3QJ3QK3RE3RF3RG3RI3RJ3SD3SE3SF3SG3TB3TC3UB3UC3VB3VC3VD3WB3WC3WD3XB3XC3XD4AA4AB4BA4BD4CD4CE4EI4EJ4EK4EL4FH4FI4FJ4FK4FL4FM4GJ4GK4GL4GM4HL4HM4HN4HO4IM4IN4IO4JA4JB4JM4JN4JO4JP4JQ4KA4KB4KN4KO4KP4KQ4LP4LQ4MP4MQ4MS4NS4OS</Field39>
<Field40>570</Field40>
</results>
<results>
<Field1>3CRWSLD91MHE1GYWQH3OFYX22FKOMY</Field1>
<Field2>3PUZG2R74TXVF7CR9RD94D92J8X45X</Field2>
<Field3>Participate in a land classification study (Bonuses for accuracy)</Field3>
<Field4>Classify an aerial image into four different types of land cover</Field4>
<Field5>image classification, land cover, photo interpretation</Field5>
<Field6>$0.50</Field6>
<Field7>Tue Jun 29 15:46:53 PDT 2021</Field7>
<Field8>6</Field8>
<Field9>BatchId:4491423;OriginalHitTemplateId:928390828;</Field9>
<Field10>3600</Field10>
<Field11>259200</Field11>
<Field12>Tue Jul 06 15:46:53 PDT 2021</Field12>
<Field15>3DR23U6WE8RYP49LV365LKU7LJDET2</Field15>
<Field16>A2SD2N74VU4DE7</Field16>
<Field17>Submitted</Field17>
<Field18>Tue Jun 29 19:47:42 PDT 2021</Field18>
<Field19>Tue Jun 29 20:04:05 PDT 2021</Field19>
<Field20>Fri Jul 02 20:04:05 PDT 2021</Field20>
<Field24>983</Field24>
<Field25>0% (0/0)</Field25>
<Field26>0% (0/0)</Field26>
<Field27>0% (0/0)</Field27>
<Field28>25889</Field28>
<Field29>new</Field29>
<Field30>img25889_new.jpg</Field30>
<Field31>https://raw.githubusercontent.com/ROIHabitat/lcimages/master/img25889_new.jpg</Field31>
<Field32>2303</Field32>
<Field33>2BI2BJ2BK2BL2BM2BN2BO2BP2BQ2BR2BS2BT2BU2BV2BW2CH2CI2CJ2CK2CL2CM2CN2CO2CP2CQ2CR2CS2CT2CU2CV2CW2DH2DI2DJ2DK2DL2DM2DN2DO2DP2DQ2DR2DS2DT2DU2DV2DW2EA2EB2EC2ED2EE2EF2EG2EH2EI2EJ2EK2EL2EM2EN2EO2EP2EQ2ER2ES2ET2EU2EV2EW2FA2FB2FC2FD2FE2FF2FG2FH2FI2FJ2FK2FL2FM2FN2FO2FP2FQ2FR2FS2FT2FU2FV2FW2GA2GB2GC2GD2GE2GF2GG2GH2GI2GJ2GK2GL2GM2GN2GO2GP2GQ2GR2GS2GT2GU2GV2GW2HE2HF2HG2HH2HI2HJ2HK2HL2HM2HN2HO2HP2HQ2HR2HS2HT2HU2HV2HW2IG2IH2II2IJ2IK2IL2IM2IN2IO2IP2IQ2IR2IS2IT2IU2IV2IW2JG2JH2JI2JJ2JK2JL2JM2JN2JO2JP2JQ2JR2JS2JT2JU2JV2JW2KF2KG2KH2KI2KJ2KK2KL2KM2KN2KO2KP2KQ2KR2KS2KT2KU2KV2KW2LF2LG2LH2LI2LJ2LK2LL2LM2LN2LO2LP2LQ2LR2LS2LT2LU2LV2LW2LX2MA2MB2MC2MF2MG2MH2MI2MJ2MK2ML2MM2MN2MO2MP2MQ2MR2MS2MT2MU2MV2MW2MX2NA2NB2NC2ND2NE2NF2NG2NH2NI2NJ2NK2NL2NM2NN2NO2NP2NQ2NR2NS2NT2NU2NV2NW2NX2OA2OB2OC2OD2OE2OF2OG2OH2OI2OJ2OK2OL2OM2ON2OO2OP2OQ2OR2OS2OT2OU2OV2OW2OX2PB2PC2PD2PE2PF2PG2PH2PI2PJ2PK2PL2PM2PN2PO2PP2PQ2PR2PS2PT2PU2PV2PW2PX2QB2QC2QD2QE2QF2QG2QH2QI2QJ2QK2QL2QM2QN2QO2QP2QQ2QR2QS2QT2QU2QV2QW2QX2RD2RE2RF2RG2RH2RI2RJ2RK2RL2RM2RN2RO2RP2RQ2RR2RS2RT2RU2RV2RW2RX2SD2SE2SF2SG2SH2SI2SJ2SK2SL2SM2SN2SO2SP2SQ2SR2SS2ST2SU2SV2SW2SX2TE2TF2TG2TH2TI2TJ2TK2TL2TM2TN2TO2TP2TQ2TR2TS2TT2TU2TV2TW2TX2UH2UI2UJ2UK2UL</Field33>
<Field34>389</Field34>
<Field35>1BN1BO1BP1CN1CO1CP1CQ1CR1CS1CT1CU1DN1DO1DP1DQ1DR1DS1DT1DU1DV1DW1DX1EO1EP1EQ1ER1ES1ET1EU1EV1EW1EX1FQ1FR1FS1FT1FU1FV1FW1FX1GR1GS1GT1GU1GV1GW1GX1HS1HT1HU1HV1HW1HX1IT1IU1IV1IW1IX1JT1JU1JV1JW1JX1KU1KV1KW1KX1LU1LV1LW1LX1MV1MW1MX1NW1NX1OW1OX2AH2AI2AJ2AK2AL2AM2AN2AO2AP2AQ2AR2AS2AT2AU2AV2AW2AX2BH2BX2CF2CG2CX2DX2EX2FX2GX2HX2IX2JX2KX2LA2LB2LE2MD2ME2PA2QA2RA2RB2RC2SA2SB2SC2TA2TB2TC2TD2UA2UB2UC2UD2UE2UF2UG2UM2UN2UO2UP2UQ2UR2US2UT2UU2UV2UW2UX2VA2VB2VC2VD2VE2VF2VG2VH2VI2VJ2VK2VL2VM2VN2VO2VP2VQ2VR2VS2VT2VU2VV2VW2VX2WA2WB2WC2WD2WE2WF2WG2WH2WI2WJ2WK2WL2WM2WN2WO2WP2WQ2WR2WS2WT2WU2WV2XA2XB2XC2XD2XE2XF2XG2XH2XI2XJ2XK2XL2XM2XN2XO2XP2XQ2XR2XS2XT2XU2XX4AA4AB4AC4AD4AE4AF4AG4AH4AI4AJ4AK4AL4AM4AN4AO4AP4AQ4AR4AS4AT4BA4BB4BC4BD4BE4BF4BG4BH4BI4BJ4BK4BL4BM4BN4BO4BP4BQ4BR4BS4BT4CA4CB4CC4CD4CE4CF4CG4CH4CI4CJ4CK4CL4CM4CN4CO4CP4CQ4CR4CS4CT4DA4DB4DC4DD4DE4DF4DG4DH4DI4DJ4DK4DL4DM4DN4DO4DP4DQ4DR4DS4DT4EB4EC4ED4EE4EF4EG4EH4EI4EJ4EK4EL4EM4EN4EO4EP4EQ4ER4ES4ET4EU4FC4FD4FE4FF4FG4FH4FI4FJ4FK4FL4FM4FN4FO4FP4FQ4FR4FS4FT4FU4FV4GA4GB4GE4GF4GG4GH4GI4GJ4GK4GL4GM4GN4GO4GP4GQ4GR4GS4GT4GU4GV4GW4GX4HA4HB4HC4HG4HH4HI4HJ4HK4HL4HM4HN4HO4HP4HQ4HR4HS4HT4HU4HV4HW4HX4IA4IB4IC4ID4IE4IG4IH4II4IJ4IK4IL4IM4IN4IO4IP4IQ4IR4IS4IT4IU4IV4IW4IX4JA4JB4JC4JD4JE4JH4JI4JJ4JK4JL4JM4JN4JO4JP4JQ4JR4JS4JT4JU4JV4JW4JX4KA4KB4KC4KD4KE4KF4KK4KL4KM4KN4KO4KP4KQ4KR4KS4KT4LA4LB4LC4LD4LE4LN4LO4MA4MB4MC4MD4MO4NA4NB4NC4NO4OA4OB4OO4PA4PB4QA4QB4RA4RB4SA4SB4TA4TB4UA4UB4UC4UD4VA4VB4VC4WA4XA</Field35>
<Field36>474</Field36>
<Field37>1AU1AV1AW1BQ1BR1BS1BT1BU1BV1BW1BX1CV1CW1CX1IB1IC1OB1PB1PC1QC1RC1SC1TC2AB2AC2AD2AE2AF2AG2BA2BB2BC2BD2BE2BF2BG2CA2CB2CC2CD2CE2DA2DB2DC2DD2DE2DF2DG2HA2HB2HC2HD2IA2IB2IC2ID2IE2IF2JA2JB2JC2JD2JE2JF2KA2KB2KC2KD2KE2LC2LD2WW2WX2XV2XW3DW3DX3EV3EW3EX3JB3JC3JD3KD3KE3LD3LE3MC3MD3RV3RW3SV3SW3TW3UW3VB3VC3WB3WC3XC3XD4AU4AV4AW4AX4BU4BV4BW4BX4CU4CV4CW4CX4DU4DV4DW4DX4EV4EW4EX4FW4FX</Field37>
<Field38>122</Field38>
<Field39>1AA1AB1AC1AD1AE1AF1AG1AH1AI1AJ1AK1AL1AM1AN1AO1AP1AQ1AR1AS1AT1AX1BA1BB1BC1BD1BE1BF1BG1BH1BI1BJ1BK1BL1BM1CA1CB1CC1CD1CE1CF1CG1CH1CI1CJ1CK1CL1CM1DA1DB1DC1DD1DE1DF1DG1DH1DI1DJ1DK1DL1DM1EA1EB1EC1ED1EE1EF1EG1EH1EI1EJ1EK1EL1EM1EN1FA1FB1FC1FD1FE1FF1FG1FH1FI1FJ1FK1FL1FM1FN1FO1FP1GA1GB1GC1GD1GE1GF1GG1GH1GI1GJ1GK1GL1GM1GN1GO1GP1GQ1HA1HB1HC1HD1HE1HF1HG1HH1HI1HJ1HK1HL1HM1HN1HO1HP1HQ1HR1IA1ID1IE1IF1IG1IH1II1IJ1IK1IL1IM1IN1IO1IP1IQ1IR1IS1JA1JB1JC1JD1JE1JF1JG1JH1JI1JJ1JK1JL1JM1JN1JO1JP1JQ1JR1JS1KA1KB1KC1KD1KE1KF1KG1KH1KI1KJ1KK1KL1KM1KN1KO1KP1KQ1KR1KS1KT1LA1LB1LC1LD1LE1LF1LG1LH1LI1LJ1LK1LL1LM1LN1LO1LP1LQ1LR1LS1LT1MA1MB1MC1MD1ME1MF1MG1MH1MI1MJ1MK1ML1MM1MN1MO1MP1MQ1MR1MS1MT1MU1NA1NB1NC1ND1NE1NF1NG1NH1NI1NJ1NK1NL1NM1NN1NO1NP1NQ1NR1NS1NT1NU1NV1OA1OC1OD1OE1OF1OG1OH1OI1OJ1OK1OL1OM1ON1OO1OP1OQ1OR1OS1OT1OU1OV1PA1PD1PE1PF1PG1PH1PI1PJ1PK1PL1PM1PN1PO1PP1PQ1PR1PS1PT1PU1PV1PW1PX1QA1QB1QD1QE1QF1QG1QH1QI1QJ1QK1QL1QM1QN1QO1QP1QQ1QR1QS1QT1QU1QV1QW1QX1RA1RB1RD1RE1RF1RG1RH1RI1RJ1RK1RL1RM1RN1RO1RP1RQ1RR1RS1RT1RU1RV1RW1RX1SA1SB1SD1SE1SF1SG1SH1SI1SJ1SK1SL1SM1SN1SO1SP1SQ1SR1SS1ST1SU1SV1SW1SX1TA1TB1TD1TE1TF1TG1TH1TI1TJ1TK1TL1TM1TN1TO1TP1TQ1TR1TS1TT1TU1TV1TW1TX1UA1UB1UC1UD1UE1UF1UG1UH1UI1UJ1UK1UL1UM1UN1UO1UP1UQ1UR1US1UT1UU1UV1UW1UX1VA1VB1VC1VD1VE1VF1VG1VH1VI1VJ1VK1VL1VM1VN1VO1VP1VQ1VR1VS1VT1VU1VV1VW1VX1WA1WB1WC1WD1WE1WF1WG1WH1WI1WJ1WK1WL1WM1WN1WO1WP1WQ1WR1WS1WT1WU1WV1WW1WX1XA1XB1XC1XD1XE1XF1XG1XH1XI1XJ1XK1XL1XM1XN1XO1XP1XQ1XR1XS1XT1XU1XV1XW1XX3AA3AB3AC3AD3AE3AF3AG3AH3AI3AJ3AK3AL3AM3AN3AO3AP3AQ3AR3AS3AT3AU3AV3AW3AX3BA3BB3BC3BD3BE3BF3BG3BH3BI3BJ3BK3BL3BM3BN3BO3BP3BQ3BR3BS3BT3BU3BV3BW3BX3CA3CB3CC3CD3CE3CF3CG3CH3CI3CJ3CK3CL3CM3CN3CO3CP3CQ3CR3CS3CT3CU3CV3CW3CX3DA3DB3DC3DD3DE3DF3DG3DH3DI3DJ3DK3DL3DM3DN3DO3DP3DQ3DR3DS3DT3DU3DV3EA3EB3EC3ED3EE3EF3EG3EH3EI3EJ3EK3EL3EM3EN3EO3EP3EQ3ER3ES3ET3EU3FA3FB3FC3FD3FE3FF3FG3FH3FI3FJ3FK3FL3FM3FN3FO3FP3FQ3FR3FS3FT3FU3FV3FW3FX3GA3GB3GC3GD3GE3GF3GG3GH3GI3GJ3GK3GL3GM3GN3GO3GP3GQ3GR3GS3GT3GU3GV3GW3GX3HA3HB3HC3HD3HE3HF3HG3HH3HI3HJ3HK3HL3HM3HN3HO3HP3HQ3HR3HS3HT3HU3HV3HW3HX3IA3IB3IC3ID3IE3IF3IG3IH3II3IJ3IK3IL3IM3IN3IO3IP3IQ3IR3IS3IT3IU3IV3IW3IX3JA3JE3JF3JG3JH3JI3JJ3JK3JL3JM3JN3JO3JP3JQ3JR3JS3JT3JU3JV3JW3JX3KA3KB3KC3KF3KG3KH3KI3KJ3KK3KL3KM3KN3KO3KP3KQ3KR3KS3KT3KU3KV3KW3KX3LA3LB3LC3LF3LG3LH3LI3LJ3LK3LL3LM3LN3LO3LP3LQ3LR3LS3LT3LU3LV3LW3LX3MA3MB3ME3MF3MG3MH3MI3MJ3MK3ML3MM3MN3MO3MP3MQ3MR3MS3MT3MU3MV3MW3MX3NA3NB3NC3ND3NE3NF3NG3NH3NI3NJ3NK3NL3NM3NN3NO3NP3NQ3NR3NS3NT3NU3NV3NW3NX3OA3OB3OC3OD3OE3OF3OG3OH3OI3OJ3OK3OL3OM3ON3OO3OP3OQ3OR3OS3OT3OU3OV3OW3OX3PA3PB3PC3PD3PE3PF3PG3PH3PI3PJ3PK3PL3PM3PN3PO3PP3PQ3PR3PS3PT3PU3PV3PW3PX3QA3QB3QC3QD3QE3QF3QG3QH3QI3QJ3QK3QL3QM3QN3QO3QP3QQ3QR3QS3QT3QU3QV3QW3QX3RA3RB3RC3RD3RE3RF3RG3RH3RI3RJ3RK3RL3RM3RN3RO3RP3RQ3RR3RS3RT3RU3RX3SA3SB3SC3SD3SE3SF3SG3SH3SI3SJ3SK3SL3SM3SN3SO3SP3SQ3SR3SS3ST3SU3SX3TA3TB3TC3TD3TE3TF3TG3TH3TI3TJ3TK3TL3TM3TN3TO3TP3TQ3TR3TS3TT3TU3TV3TX3UA3UB3UC3UD3UE3UF3UG3UH3UI3UJ3UK3UL3UM3UN3UO3UP3UQ3UR3US3UT3UU3UV3UX3VA3VD3VE3VF3VG3VH3VI3VJ3VK3VL3VM3VN3VO3VP3VQ3VR3VS3VT3VU3VV3VW3VX3WA3WD3WE3WF3WG3WH3WI3WJ3WK3WL3WM3WN3WO3WP3WQ3WR3WS3WT3WU3WV3WW3WX3XA3XB3XE3XF3XG3XH3XI3XJ3XK3XL3XM3XN3XO3XP3XQ3XR3XS3XT3XU3XV3XW3XX4EA4FA4FB4GC4GD4HD4HE4HF4IF4JF4JG4KG4KH4KI4KJ4KU4KV4KW4KX4LF4LG4LH4LI4LJ4LK4LL4LM4LP4LQ4LR4LS4LT4LU4LV4LW4LX4ME4MF4MG4MH4MI4MJ4MK4ML4MM4MN4MP4MQ4MR4MS4MT4MU4MV4MW4MX4ND4NE4NF4NG4NH4NI4NJ4NK4NL4NM4NN4NP4NQ4NR4NS4NT4NU4NV4NW4NX4OC4OD4OE4OF4OG4OH4OI4OJ4OK4OL4OM4ON4OP4OQ4OR4OS4OT4OU4OV4OW4OX4PC4PD4PE4PF4PG4PH4PI4PJ4PK4PL4PM4PN4PO4PP4PQ4PR4PS4PT4PU4PV4PW4PX4QC4QD4QE4QF4QG4QH4QI4QJ4QK4QL4QM4QN4QO4QP4QQ4QR4QS4QT4QU4QV4QW4QX4RC4RD4RE4RF4RG4RH4RI4RJ4RK4RL4RM4RN4RO4RP4RQ4RR4RS4RT4RU4RV4RW4RX4SC4SD4SE4SF4SG4SH4SI4SJ4SK4SL4SM4SN4SO4SP4SQ4SR4SS4ST4SU4SV4SW4SX4TC4TD4TE4TF4TG4TH4TI4TJ4TK4TL4TM4TN4TO4TP4TQ4TR4TS4TT4TU4TV4TW4TX4UE4UF4UG4UH4UI4UJ4UK4UL4UM4UN4UO4UP4UQ4UR4US4UT4UU4UV4UW4UX4VD4VE4VF4VG4VH4VI4VJ4VK4VL4VM4VN4VO4VP4VQ4VR4VS4VT4VU4VV4VW4VX4WB4WC4WD4WE4WF4WG4WH4WI4WJ4WK4WL4WM4WN4WO4WP4WQ4WR4WS4WT4WU4WV4WW4WX4XB4XC4XD4XE4XF4XG4XH4XI4XJ4XK4XL4XM4XN4XO4XP4XQ4XR4XS4XT4XU4XV4XW4XX</Field39>
<Field40>1318</Field40>
</results>
<results>
<Field1>3CRWSLD91MHE1GYWQH3OFYX22FKOMY</Field1>
<Field2>3PUZG2R74TXVF7CR9RD94D92J8X45X</Field2>
<Field3>Participate in a land classification study (Bonuses for accuracy)</Field3>
<Field4>Classify an aerial image into four different types of land cover</Field4>
<Field5>image classification, land cover, photo interpretation</Field5>
<Field6>$0.50</Field6>
<Field7>Tue Jun 29 15:46:53 PDT 2021</Field7>
<Field8>6</Field8>
<Field9>BatchId:4491423;OriginalHitTemplateId:928390828;</Field9>
<Field10>3600</Field10>
<Field11>259200</Field11>
<Field12>Tue Jul 06 15:46:53 PDT 2021</Field12>
<Field15>3M0NZ3JDP4BUFXPRQU2K3EPBTM2Z54</Field15>
<Field16>A2KJCBDSJGEBBD</Field16>
<Field17>Submitted</Field17>
<Field18>Tue Jun 29 19:47:43 PDT 2021</Field18>
<Field19>Tue Jun 29 20:15:38 PDT 2021</Field19>
<Field20>Fri Jul 02 20:15:38 PDT 2021</Field20>
<Field24>1675</Field24>
<Field25>0% (0/0)</Field25>
<Field26>0% (0/0)</Field26>
<Field27>0% (0/0)</Field27>
<Field28>25889</Field28>
<Field29>new</Field29>
<Field30>img25889_new.jpg</Field30>
<Field31>https://raw.githubusercontent.com/ROIHabitat/lcimages/master/img25889_new.jpg</Field31>
<Field32>2299</Field32>
<Field33>1CL1CM1CN1CO1CP1CQ1CR1CS1CT1DN1DO1DP1DQ1DR1DS1DT1DU1DV1EO1EP1EQ1ER1ES1ET1EU1EV1EW1EX1FP1FQ1FR1FS1FT1FU1FV1FW1FX1GQ1GR1GS1GT1GU1GV1GW1GX1HR1HS1HT1HU1HV1HW1HX1IS1IT1IU1IV1IW1IX1JT1JU1JV1JW1JX1KU1KV1KW1KX1LU1LV1LW1LX1MV1MW1MX1NX1OX2AH2AI2AJ2AK2AL2AM2AN2AO2AP2AQ2AR2AS2AT2AU2AV2BH2BI2BJ2BK2BL2BM2BN2BO2BP2BQ2BR2BS2BT2BU2BV2HA2HB2HC2HD2HE2IA2IB2IC2ID2IE2IF2JA2JB2JC2JD2JE2JF2KA2KB2KC2KD2KE2KF2LC2LD2LE2LF2PA2PB2QA2QB2QC2RA2RB2RC2SA2SB2SC2TA2TB2TC2UA2UB2UC2UD2UE2UF2UI2UJ2UK2UL2UM2UN2UO2UP2UQ2UR2US2UT2UU2UV2UW2VA2VB2VC2VD2VE2VF2VG2VH2VI2VJ2VK2VL2VM2VN2VO2VP2VQ2VR2VS2VT2VU2VV2VW2WA2WB2WC2WD2WE2WF2WG2WH2WI2WJ2WK2WL2WM2WN2WO2WP2WQ2WR2WS2WT2WU2WV2WW2XA2XB2XC2XD2XE2XF2XG2XH2XI2XJ2XK2XL2XM2XN2XO2XP2XQ2XR2XS2XT2XU2XV2XW3AA3AB3AC3AD3AE3AF3AG3AH3AI3AJ3AK3AL3AM3AN3AO3AP3AQ3AR3AX3BA3BB3BC3BD3BE3BF3BG3BH3BI3BJ3BK3BL3BM3BN3BO3BP3BQ3BR3BT3BX3CA3CB3CC3CD3CE3CF3CG3CH3CI3CJ3CK3CL3CM3CN3CO3CP3CQ3CR3CS3CV3CW3CX3DA3DB3DC3DD3DE3DF3DG3DH3DI3DJ3DK3DL3DM3DN3DO3DP3DQ3DR3DS3DT3DU3DV3EA3EB3EC3ED3EE3EF3EG3EH3EI3EJ3EK3EL3EM3EN3EO3EP3EQ3ER3ES3ET3EU3EW3EX3FA3FB3FC3FD3FE3FF3FG3FH3FI3FJ3FK3FL3FM3FN3FO3FP3FQ3FR3FS3FT3FU3FV3FW3FX3GA3GB3GC3GD3GE3GF3GG3GH3GI3GJ3GK3GL3GM3GN3GO3GP3GQ3GR3GS3GT3GU3GV3GW3GX3HA3HB3HC3HD3HE3HF3HG3HH3HI3HJ3HK3HL3HM3HN3HO3HP3HQ3HR3HS3HT3HU3HV3HW3HX3IA3IB3IC3ID3IE3IF3IG3IH3II3IJ3IK3IL3IM3IN3IO3IP3IQ3IR3IS3IT3IU3IV3IW3IX3JA3JE3JF3JG3JH3JI3JJ3JK3JL3JM3JN3JO3JP3JQ3JR3JS3JT3JU3JV3JW3JX3KA3KB3KC3KF3KG3KH3KI3KJ3KK3KL3KM3KN3KO3KP3KQ3KR3KS3KT3KU3KV3KW3KX3LA3LB3LC3LF3LG3LH3LI3LJ3LK3LL3LM3LN3LO3LP3LQ3LR3LS3LT3LU3LV3LW3LX3MA3ME3MF3MG3MH3MI3MJ3MK3ML3MM3MN3MO3MP3MQ3MR3MS3MT3MU3MV3MW3MX3NA3NB3NC3ND3NE3NF3NG3NH3NI3NJ3NK3NL3NM3NN3NO3NP3NQ3NR3NS3NT3NU3NV3NW3NX3OA3OB3OC3OD3OE3OF3OG3OH3OI3OJ3OK3OL3OM3ON3OO3OP3OQ3OR3OS3OT3OU3OV3OW3OX3PA3PB3PC3PD3PE3PF3PG3PH3PI3PJ3PK3PL3PM3PN3PO3PP3PQ3PR3PS3PT3PU3PV3PW3PX3QA3QB3QC3QD3QE3QF3QG3QH3QI3QJ3QK3QL3QM3QN3QO3QP3QQ3QR3QS3QT3QU3QV3QW3QX3RA3RB3RC3RD3RE3RF3RG3RH3RI3RJ3RK3RL3RM3RN3RO3RP3RQ3RR3RS3RT3RU3RV3RW3RX3SA3SB3SC3SD3SE3SF3SG3SH3SI3SJ3SK3SL3SM3SN3SO3SP3SQ3SR3SS3ST3SU3SV3SW3SX3TA3TB3TC3TD3TE3TF3TG3TH3TI3TJ3TK3TL3TM3TN3TO3TP3TQ3TR3TS3TT3TU3TV3TW3TX3UA3UB3UC3UD3UE3UF3UG3UH3UI3UJ3UK3UL3UM3UN3UO3UP3UQ3UR3US3UT3UU3UV3UW3UX3VA3VC3VD3VE3VF3VG3VH3VI3VJ3VK3VL3VM3VN3VO3VP3VQ3VR3VS3VT3VU3VV3VW3VX3WD3WE3WF3WG3WH3WI3WJ3WK3WL3WM3WN3WO3WP3WQ3WR3WS3WT3WU3WV3WW3WX3XE3XF3XG3XH3XI3XJ3XK3XL3XM3XN3XO3XP3XQ3XR3XS3XT3XU3XV3XW3XX4AA4AB4AC4AD4AE4AF4AG4AH4AI4AJ4AK4AL4AM4AN4AO4AP4AQ4AR4AS4BA4BB4BC4BD4BE4BF4BG4BH4BI4BJ4BK4BL4BM4BN4BO4BP4BQ4BR4BS4CA4CB4CC4CD4CE4CF4CG4CH4CI4CJ4CK4CL4CM4CN4CO4CP4CQ4CR4CS4DA4DB4DC4DD4DE4DF4DG4DH4DI4DJ4DK4DL4DM4DN4DO4DP4DQ4DR4DS4EA4EB4EC4ED4EE4EF4EG4EH4EI4EJ4EK4EL4EM4EN4EO4EP4EQ4ER4ES4ET4FA4FB4FC4FD4FE4FF4FG4FH4FI4FJ4FK4FL4FM4FN4FO4FP4FQ4FR4FS4FT4FU4FV4GA4GB4GC4GD4GE4GF4GG4GH4GI4GJ4GK4GL4GM4GN4GO4GP4GQ4GR4GS4GT4GU4GV4GW4GX4HA4HB4HC4HD4HI4HJ4HK4HL4HM4HN4HO4HP4HQ4HR4HS4HT4HU4HV4HW4HX4IA4IB4IC4ID4IK4IL4IM4IN4IO4IP4IQ4IR4IS4IT4IU4IV4IW4IX4JA4JB4JC4JD4JL4JM4JN4JO4JP4JQ4JR4JS4JT4JU4JV4JW4JX4KA4KB4KC4KD4KM4KN4KO4KP4KQ4KR4KS4KT4KU4KV4KW4KX4LA4LB4LC4LD4LN4LO4LP4LQ4LR4LS4LT4LX4MA4MB4MC4MO4MP4MQ4MR4MS4MT4NA4NB4NC4NP4NQ4NR4NS4NT4OA4OB4OC4OQ4OR4OS4OT4PA4PB4PC4PR4PS4PT4PU4QA4QB4QR4QS4QT4QU4RA4RB4RR4RS4RT4RU4RV4SA4SB4ST4SU4SV4TA4TB4TC4TU4TV4TW4TX4UA4UB4UC4UV4UW4UX4VA4VB4VC4VD4VE4VW4VX4WA4WB4WC4WD4WE4WW4WX4XA4XB4XC4XD4XE4XW4XX</Field33>
<Field34>1089</Field34>
<Field35>1AA1AB1AC1AD1AE1AF1AG1AH1AI1AJ1AK1BA1BB1BC1BD1BE1BF1BG1BH1BI1BJ1CA1CB1CC1CD1CE1CG1CH1CI1CJ1CK1DA1DB1DC1DD1DH1DI1DJ1DK1DL1DM1EA1EB1EC1ED1EH1EI1EJ1EK1EL1EM1EN1FA1FB1FC1FD1FI1FJ1FK1FL1FM1FN1FO1GA1GB1GC1GI1GJ1GK1GL1GM1GN1GO1GP1HC1HD1HE1HF1HG1HK1HL1HM1HN1HO1HP1HQ1IC1ID1IE1IF1IG1IL1IM1IN1IO1IP1IQ1IR1JA1JB1JC1JD1JE1JF1JG1JH1JL1JM1JN1JO1JP1JQ1JR1JS1KA1KB1KC1KD1KE1KF1KG1KH1KL1KM1KN1KO1KP1KQ1KR1KS1KT1LA1LB1LC1LD1LE1LF1LG1LH1LI1LM1LN1LO1LP1LQ1LR1LS1LT1MA1MB1MC1MD1ME1MF1MG1MH1MI1MJ1MN1MO1MP1MQ1MR1MS1MT1MU1NA1NB1NC1ND1NE1NF1NG1NH1NI1NJ1NK1NN1NO1NP1NQ1NR1NS1NT1NU1NV1NW1OA1OB1OC1OD1OE1OF1OG1OH1OI1OJ1OK1OL1OM1ON1OO1OP1OQ1OR1OS1OT1OU1OV1OW1PA1PB1PC1PD1PE1PF1PG1PH1PI1PJ1PK1PL1PM1PN1PO1PP1PQ1PR1PS1PT1PU1PV1PW1PX1QA1QB1QC1QD1QE1QF1QG1QH1QI1QJ1QK1QL1QM1QN1QO1QP1QS1QT1QU1QV1QW1QX1RA1RB1RC1RD1RE1RF1RG1RH1RI1RJ1RK1RL1RM1RN1RO1RP1RQ1RT1RU1RV1RW1RX1SA1SB1SC1SD1SE1SF1SG1SH1SI1SJ1SK1SL1SM1SN1SO1SP1SQ1SU1SV1SW1SX1TA1TB1TC1TD1TE1TF1TG1TH1TI1TJ1TK1TL1TM1TN1TO1TP1TQ1TU1TV1TW1TX1UA1UB1UC1UD1UE1UF1UG1UH1UI1UJ1UK1UL1UM1UN1UO1UP1UQ1UU1UV1UW1UX1VA1VB1VC1VD1VE1VF1VG1VH1VI1VJ1VK1VL1VM1VN1VO1VP1VQ1VR1VU1VV1VW1VX1WA1WB1WC1WD1WE1WF1WG1WH1WI1WJ1WK1WL1WM1WN1WO1WP1WQ1WR1WT1WU1WV1WW1WX1XA1XB1XC1XD1XE1XF1XG1XH1XI1XJ1XK1XL1XM1XN1XO1XP1XQ1XR1XU1XV1XW1XX2AX2BX2CH2CI2CJ2CK2CL2CM2CN2CO2CP2CQ2CR2CS2CT2CU2CV2CX2DH2DI2DJ2DK2DL2DM2DN2DO2DP2DQ2DR2DS2DT2DU2DV2EA2EB2EC2ED2EE2EF2EG2EH2EI2EJ2EK2EL2EM2EN2EO2EP2EQ2ER2ES2ET2EU2EV2FA2FB2FC2FD2FE2FF2FG2FH2FI2FJ2FK2FL2FM2FN2FO2FP2FQ2FR2FS2FT2FU2FV2FX2GA2GB2GC2GD2GE2GF2GG2GH2GI2GJ2GK2GL2GM2GN2GO2GP2GQ2GR2GS2GT2GU2GV2GX2HF2HG2HH2HI2HJ2HK2HL2HM2HN2HO2HP2HQ2HR2HS2HT2HU2HV2HX2IG2IH2II2IJ2IK2IL2IM2IN2IO2IP2IQ2IR2IS2IT2IU2IV2IX2JG2JH2JI2JJ2JK2JL2JM2JN2JO2JP2JQ2JR2JS2JT2JU2JV2KG2KH2KI2KJ2KK2KL2KM2KN2KO2KP2KQ2KR2KS2KT2KU2KV2KW2LA2LB2LG2LH2LI2LJ2LK2LL2LM2LN2LO2LP2LQ2LR2LS2LT2LU2LV2LW2MA2MB2MC2MD2ME2MF2MG2MH2MI2MJ2MK2ML2MM2MN2MO2MP2MQ2MR2MS2MT2MU2MV2MW2NA2NB2NC2ND2NE2NF2NG2NH2NI2NJ2NK2NL2NM2NN2NO2NP2NQ2NR2NS2NT2NU2NV2NW2OA2OB2OC2OD2OE2OF2OG2OH2OI2OJ2OK2OL2OM2ON2OO2OP2OQ2OR2OS2OT2OU2OV2OW2PC2PD2PE2PF2PG2PH2PI2PJ2PK2PL2PM2PN2PO2PP2PQ2PR2PS2PT2PU2PV2PW2QD2QE2QF2QG2QH2QI2QJ2QK2QL2QM2QN2QO2QP2QQ2QR2QS2QT2QU2QV2QW2RD2RE2RF2RG2RH2RI2RJ2RK2RL2RM2RN2RO2RP2RQ2RR2RS2RT2RU2RV2RW2SD2SE2SF2SG2SH2SI2SJ2SK2SL2SM2SN2SO2SP2SQ2SR2SS2ST2SU2SV2SW2TD2TE2TF2TG2TH2TI2TJ2TK2TL2TM2TN2TO2TP2TQ2TR2TS2TT2TU2TV2TW2UG2UH</Field35>
<Field36>768</Field36>
<Field37>1AL1AM1AN1AO1AP1AQ1AR1AS1AT1AU1AV1AW1AX1BK1BL1BM1BN1BO1BP1BQ1BR1BS1BT1BU1BV1BW1BX1CF1CU1CV1CW1CX1DE1DF1DG1DW1DX1EE1EF1EG1FE1FF1FG1FH1GD1GE1GF1GG1GH1HA1HB1HH1HI1HJ1IA1IB1IH1II1IJ1IK1JI1JJ1JK1KI1KJ1KK1LJ1LK1LL1MK1ML1MM1NL1NM1QQ1QR1RR1RS1SR1SS1ST1TR1TS1TT1UR1US1UT1VS1VT1WS1XS1XT2AA2AB2AC2AD2AE2AF2AG2AW2BA2BB2BC2BD2BE2BF2BG2BW2CA2CB2CC2CD2CE2CF2CG2CW2DA2DB2DC2DD2DE2DF2DG2DW2EW2FW2GW2HW2IW2JW2JX2KX2LX2MX2NX2OX2PX2QX2RX2SX2TX2UX2VX2WX2XX3AS3AT3AU3BS3DW3DX3EV3JB3JC3JD3KD3KE3LD3LE3MB3MC3MD3VB3WA3WB3WC3XA3XB3XC3XD4AT4AU4AV4AW4BT4BU4BV4BW4BX4CT4CU4CV4CW4CX4DT4DU4DV4DW4DX4EU4EV4EW4EX4FW4FX</Field37>
<Field38>195</Field38>
<Field39>3AV3AW3BU3BV3BW3CT3CU4HE4HF4HG4HH4IE4IF4IG4IH4II4IJ4JE4JF4JG4JH4JI4JJ4JK4KE4KF4KG4KH4KI4KJ4KK4KL4LE4LF4LG4LH4LI4LJ4LK4LL4LM4LU4LV4LW4MD4ME4MF4MG4MH4MI4MJ4MK4ML4MM4MN4MU4MV4MW4MX4ND4NE4NF4NG4NH4NI4NJ4NK4NL4NM4NN4NO4NU4NV4NW4NX4OD4OE4OF4OG4OH4OI4OJ4OK4OL4OM4ON4OO4OP4OU4OV4OW4OX4PD4PE4PF4PG4PH4PI4PJ4PK4PL4PM4PN4PO4PP4PQ4PV4PW4PX4QC4QD4QE4QF4QG4QH4QI4QJ4QK4QL4QM4QN4QO4QP4QQ4QV4QW4QX4RC4RD4RE4RF4RG4RH4RI4RJ4RK4RL4RM4RN4RO4RP4RQ4RW4RX4SC4SD4SE4SF4SG4SH4SI4SJ4SK4SL4SM4SN4SO4SP4SQ4SR4SS4SW4SX4TD4TE4TF4TG4TH4TI4TJ4TK4TL4TM4TN4TO4TP4TQ4TR4TS4TT4UD4UE4UF4UG4UH4UI4UJ4UK4UL4UM4UN4UO4UP4UQ4UR4US4UT4UU4VF4VG4VH4VI4VJ4VK4VL4VM4VN4VO4VP4VQ4VR4VS4VT4VU4VV4WF4WG4WH4WI4WJ4WK4WL4WM4WN4WO4WP4WQ4WR4WS4WT4WU4WV4XF4XG4XH4XI4XL4XM4XN4XO4XP4XQ4XR4XS4XT4XU4XV</Field39>
<Field40>247</Field40>
</results>
<results>
<Field1>3CRWSLD91MHE1GYWQH3OFYX22FKOMY</Field1>
<Field2>3PUZG2R74TXVF7CR9RD94D92J8X45X</Field2>
<Field3>Participate in a land classification study (Bonuses for accuracy)</Field3>
<Field4>Classify an aerial image into four different types of land cover</Field4>
<Field5>image classification, land cover, photo interpretation</Field5>
<Field6>$0.50</Field6>
<Field7>Tue Jun 29 15:46:53 PDT 2021</Field7>
<Field8>6</Field8>
<Field9>BatchId:4491423;OriginalHitTemplateId:928390828;</Field9>
<Field10>3600</Field10>
<Field11>259200</Field11>
<Field12>Tue Jul 06 15:46:53 PDT 2021</Field12>
<Field15>3OB0CAO74K26Q0ZHVA1AE4JZS1NYHR</Field15>
<Field16>A1EK8YNHZHTW1J</Field16>
<Field17>Submitted</Field17>
<Field18>Tue Jun 29 18:59:25 PDT 2021</Field18>
<Field19>Tue Jun 29 19:31:47 PDT 2021</Field19>
<Field20>Fri Jul 02 19:31:47 PDT 2021</Field20>
<Field24>1942</Field24>
<Field25>100% (1/1)</Field25>
<Field26>0% (0/0)</Field26>
<Field27>0% (0/0)</Field27>
<Field28>25889</Field28>
<Field29>new</Field29>
<Field30>img25889_new.jpg</Field30>
<Field31>https://raw.githubusercontent.com/ROIHabitat/lcimages/master/img25889_new.jpg</Field31>
<Field32>2294</Field32>
<Field33>1BN1BO1BP1BQ1BR1BS1BT1BU1CM1CN1CO1CP1CQ1CR1CS1CT1CU1DN1DO1DP1DQ1DR1DS1DT1DU1DV1DW1DX1EO1EP1EQ1ER1ES1ET1EU1EV1EW1EX1FP1FR1FS1FT1FU1FX1GP1GQ1GS1GT1GU1GX1HR1HS1HT1HU1HV1HW1HX1IS1IT1IU1IV1IW1IX1JT1JU1JV1JW1JX1KT1KU1KV1KW1KX1LU1LV1LW1LX1MU1MV1MW1MX1NV1NW1NX1OV1OW1OX1PW1PX2AI2AJ2AK2AL2AM2AN2AO2AP2AQ2AR2AS2AT2AU2AV2AW2AX2BI2BJ2BK2BL2BM2BN2BO2BP2BQ2BR2BS2BT2BU2BV2BW2BX2CI2CJ2CK2CL2CM2CN2CO2CP2CQ2CR2CS2CT2CU2CV2CW2CX2DH2DI2DJ2DK2DL2DM2DN2DO2DP2DQ2DR2DS2DT2DU2DV2DW2DX2EA2EB2EH2EI2EJ2EK2EL2EM2EN2EO2EP2EQ2ER2ES2ET2EU2EV2EW2EX2FA2FB2FC2FD2FE2FF2FG2FH2FI2FJ2FK2FL2FM2FN2FO2FP2FQ2FR2FS2FT2FU2FV2FW2FX2GA2GF2GG2GH2GI2GJ2GK2GL2GM2GN2GO2GP2GQ2GR2GS2GT2GU2GV2GW2GX2HG2HH2HI2HJ2HK2HL2HM2HN2HO2HP2HQ2HR2HS2HT2HU2HV2HW2HX2IG2IH2II2IJ2IK2IL2IM2IN2IO2IP2IQ2IR2IS2IT2IU2IV2IW2IX2JG2JH2JI2JJ2JK2JL2JM2JN2JO2JP2JQ2JR2JS2JT2JU2JV2JW2JX2KG2KH2KI2KJ2KK2KL2KM2KN2KO2KP2KQ2KR2KS2KT2KU2KV2KW2KX2LG2LH2LI2LJ2LK2LL2LM2LN2LO2LP2LQ2LR2LS2LT2LU2LV2LW2LX2MA2MB2MC2MD2ME2MF2MG2MH2MI2MJ2MK2ML2MM2MN2MO2MP2MQ2MR2MS2MT2MU2MV2MW2MX2NA2NB2NC2ND2NE2NF2NG2NH2NI2NJ2NK2NL2NM2NN2NO2NP2NQ2NR2NS2NT2NU2NV2NW2NX2OA2OB2OC2OD2OE2OF2OG2OH2OI2OJ2OK2OL2OM2ON2OO2OP2OQ2OR2OS2OT2OU2OV2OW2OX2PC2PD2PE2PF2PG2PH2PI2PJ2PK2PL2PM2PN2PO2PP2PQ2PR2PS2PT2PU2PV2PW2PX2QC2QD2QE2QF2QG2QH2QI2QJ2QK2QL2QM2QN2QO2QP2QQ2QR2QS2QT2QU2QV2QW2QX2RC2RD2RE2RF2RG2RH2RI2RJ2RK2RL2RM2RN2RO2RP2RQ2RR2RS2RT2RU2RV2RW2RX2SF2SG2SH2SI2SJ2SK2SL2SM2SN2SO2SP2SQ2SR2SS2ST2SU2SV2SW2SX2TF2TG2TH2TI2TJ2TK2TL2TM2TN2TO2TP2TQ2TU2TV2TW2TX2UF2UG2UH2UI2UJ2UK2UX2VX2WX2XX3AA3AB3AC3AD3AE3AF3AG3AH3AI3AJ3AK3AL3AM3AN3AO3AP3AQ3AR3AS3AT3AX3BA3BB3BC3BD3BE3BF3BG3BH3BI3BJ3BK3BL3BM3BN3BO3BP3BQ3BR3BX3CA3CB3CC3CD3CE3CF3CG3CH3CI3CJ3CK3CL3CM3CN3CO3CP3CQ3CR3CW3CX3DA3DB3DC3DD3DE3DF3DG3DH3DI3DJ3DK3DL3DM3DN3DO3DP3DQ3DR3DS3DV3EA3EB3EC3ED3EE3EF3EG3EH3EI3EJ3EK3EL3EM3EN3EO3EP3EQ3ER3ES3ET3EU3EV3FA3FB3FC3FD3FE3FF3FG3FH3FI3FJ3FK3FL3FM3FN3FO3FP3FQ3FR3FS3FT3FU3FV3GA3GB3GC3GD3GE3GF3GG3GH3GI3GJ3GK3GL3GM3GN3GO3GP3GQ3GR3GS3GT3GU3GV3HA3HB3HC3HD3HE3HF3HG3HH3HI3HJ3HK3HL3HM3HN3HO3HP3HQ3HR3HS3HT3HU3ID3IE3IF3IG3IH3II3IJ3IK3IL3IM3IN3IO3IP3IQ3IR3IS3IT3JF3JG3JH3JI3JJ3JK3JL3JM3JN3JO3JP3JQ3JR3JS3KH3KI3KJ3KK3KL3KM3KN3KO3KP3KQ3KR3LH3LI3LJ3LK3LL3LM3LN3LO3LP3LQ3LR3MH3MI3MJ3MK3ML3MM3MN3MO3MP3MQ3MR3ND3NH3NI3NJ3NK3NL3NM3NN3NO3NP3NQ3NR3OD3OE3OF3OG3OH3OI3OJ3OK3OL3OM3ON3OO3OP3OQ3OR3PD3PE3PF3PL3PM3PN3PO3PP3PQ3PR3QD3QL3QM3QN3QO3QP3QQ3QR3RD3RL3RM3RN3RO3RP3RQ3RR3SD3SJ3SK3SL3SM3SN3SO3SP3SQ3SR3TD3TE3TF3TG3TH3TI3TJ3TK3TL3TM3TN3TO3TP3TQ3TR3TS3UF3UG3UH3UI3UJ3UK3UL3UM3UN3UO3UP3UQ3UR3US3VF3VG3VH3VI3VJ3VK3VL3VM3VN3VO3VP3VQ3VR3VS3VT3WG3WH3WI3WJ3WK3WL3WM3WN3WO3WP3WQ3WR3WS3WT3WU3XG3XH3XI3XJ3XK3XL3XM3XN3XO3XP3XQ3XR3XS3XT3XU4EI4EJ4EK4EL4FI4FJ4FK4FL4FM4FN4GJ4GK4GL4GM4GN4GO4HK4HL4HM4HN4HO4IL4IM4IN4IO4IP4JM4JN4JO4JP4JQ4KN4KO4KP4KQ4LO4LP4LQ</Field33>
<Field34>897</Field34>
<Field36>0</Field36>
<Field37>1AA1AB1AC1AD1AE1AF1AG1AH1AI1AJ1AK1AL1AV1AW1AX1BA1BB1BC1BD1BE1BF1BG1BH1BI1BJ1BK1BL1BM1BV1BW1BX1CA1CB1CC1CD1CE1CF1CG1CH1CI1CJ1CK1CL1CV1CW1CX1DA1DB1DC1DD1DE1DF1DG1DH1DI1DJ1DK1DL1DM1EA1EB1EC1ED1EE1EF1EH1EI1EJ1EK1EL1EM1EN1FA1FB1FC1FD1FE1FF1FI1FJ1FK1FL1FM1FN1FO1FQ1FV1FW1GA1GB1GC1GD1GE1GF1GG1GI1GJ1GK1GL1GM1GN1GO1GR1GV1GW1HB1HC1HD1HE1HF1HG1HK1HL1HM1HN1HO1HP1HQ1ID1IE1IF1IG1IH1IK1IL1IM1IN1IO1IP1IQ1IR1JA1JB1JC1JD1JE1JF1JG1JH1JL1JM1JN1JO1JP1JQ1JR1JS1KA1KB1KC1KD1KE1KF1KG1KH1KI1KK1KL1KM1KN1KO1KP1KQ1KR1KS1LA1LB1LC1LD1LE1LF1LG1LH1LI1LK1LL1LM1LN1LO1LP1LQ1LR1LS1LT1MA1MB1MC1MD1ME1MF1MG1MH1MI1MJ1MN1MO1MP1MQ1MR1MS1MT1NA1NB1NC1ND1NE1NF1NG1NH1NI1NJ1NK1NN1NO1NP1NQ1NR1NS1NT1NU1OA1OB1OC1OD1OE1OF1OG1OH1OI1OJ1OK1OL1ON1OP1OQ1OR1OS1OT1OU1PA1PB1PC1PD1PE1PF1PG1PH1PI1PJ1PK1PL1PM1PN1PQ1PR1PS1PT1PU1PV1QA1QB1QC1QD1QE1QF1QG1QH1QI1QJ1QK1QL1QM1QN1QO1QS1QU1QV1QW1QX1RA1RB1RC1RD1RE1RF1RG1RH1RI1RJ1RK1RL1RM1RN1RO1RP1RQ1RU1RV1RW1RX1SA1SB1SC1SD1SE1SF1SG1SH1SI1SJ1SK1SL1SM1SN1SO1SP1SQ1SU1SV1SW1SX1TA1TB1TC1TD1TE1TF1TG1TH1TI1TJ1TK1TL1TM1TN1TO1TP1TQ1TR1TT1TU1TV1TW1TX1UA1UB1UC1UD1UE1UF1UG1UH1UI1UJ1UK1UL1UM1UN1UO1UP1UQ1UR1UU1UV1UW1UX1VA1VB1VC1VD1VE1VF1VG1VH1VI1VJ1VK1VL1VM1VN1VO1VP1VQ1VR1VU1VV1VW1VX1WA1WB1WC1WD1WE1WF1WG1WH1WI1WJ1WK1WL1WM1WN1WO1WP1WQ1WR1WU1WV1WW1WX1XA1XB1XC1XD1XE1XF1XG1XH1XI1XJ1XK1XL1XM1XN1XO1XP1XQ1XR1XS1XV1XW1XX2AA2AB2AC2AD2AE2AF2AG2AH2BA2BB2BC2BD2BE2BF2BG2BH2CA2CB2CC2CD2CE2CF2CG2CH2DA2DB2DC2DD2DE2DF2DG2EC2ED2EE2EF2EG2GB2GC2GD2GE2HA2HB2HC2HD2HE2HF2IA2IB2IC2ID2IE2IF2JA2JB2JC2JD2JE2JF2KA2KB2KC2KD2KE2KF2LA2LB2LC2LD2LE2LF2PA2PB2QA2QB2RA2RB2SA2SB2SC2SD2SE2TA2TB2TC2TD2TE2TR2TS2TT2UA2UB2UC2UD2UE2UL2UM2UN2UO2UP2UQ2UR2US2UT2UU2UV2UW2VA2VB2VC2VD2VE2VF2VG2VH2VI2VJ2VK2VL2VM2VN2VO2VP2VQ2VR2VS2VT2VU2VV2VW2WA2WB2WC2WD2WE2WF2WG2WH2WI2WJ2WK2WL2WM2WN2WO2WP2WQ2WR2WS2WT2WU2WV2WW2XA2XB2XC2XD2XE2XF2XG2XH2XI2XJ2XK2XL2XM2XN2XO2XP2XQ2XR2XS2XT2XU2XV2XW3DW3DX3EW3EX3FW3FX3GW3GX3HV3HW3HX3IA3IB3IC3IU3IV3IW3IX3JA3JB3JC3JD3JE3JT3JU3JV3JW3JX3KA3KB3KC3KD3KE3KF3KG3KS3KT3KU3KV3KW3KX3LA3LB3LC3LD3LE3LF3LG3LS3LT3LU3LV3LW3LX3MA3MB3MC3MD3ME3MF3MG3MS3MT3MU3MV3MW3MX3NA3NB3NC3NE3NF3NG3NS3NT3NU3NV3NW3NX3OA3OB3OC3OS3OT3OU3OV3OW3OX3PA3PB3PC3PG3PH3PI3PJ3PK3PS3PT3PU3PV3PW3PX3QA3QB3QC3QE3QF3QG3QH3QI3QJ3QK3QS3QT3QU3QV3QW3QX3RA3RB3RC3RE3RF3RG3RH3RI3RJ3RK3RS3RT3RU3RV3RW3RX3SA3SB3SC3SE3SF3SG3SH3SI3SS3ST3SU3SV3SW3SX3TA3TB3TC3TT3TU3TV3TW3TX3UA3UB3UC3UD3UE3UT3UU3UV3UW3UX3VA3VB3VC3VD3VE3VU3VV3VW3VX3WA3WB3WC3WD3WE3WF3WV3WW3WX3XA3XB3XC3XD3XE3XF3XV3XW3XX4AA4AB4AC4AD4AE4AF4AG4AH4AI4AJ4AK4AL4AM4AN4AO4AP4AQ4AR4AS4AT4AU4AV4AW4BA4BB4BC4BD4BE4BF4BG4BH4BI4BJ4BK4BL4BM4BN4BO4BP4BQ4BR4BS4BT4BU4BV4BW4BX4CA4CB4CC4CD4CE4CF4CG4CH4CI4CJ4CK4CL4CM4CN4CO4CP4CQ4CR4CS4CT4CU4CV4CW4CX4DA4DB4DC4DD4DE4DF4DG4DH4DI4DJ4DK4DL4DM4DN4DO4DP4DQ4DR4DS4DT4DU4DV4DW4DX4EB4EC4ED4EE4EF4EG4EH4EM4EN4EO4EP4EQ4ER4ES4ET4EU4EV4EW4EX4FE4FF4FG4FH4FO4FP4FQ4FR4FS4FT4FU4FV4FW4FX4GA4GB4GC4GF4GG4GH4GI4GP4GQ4GR4GS4GT4GU4GV4GW4GX4HA4HB4HC4HD4HG4HH4HI4HJ4HP4HQ4HR4HS4HT4HU4HV4HW4HX4IA4IB4IC4ID4IE4IH4II4IJ4IK4IQ4IR4IS4IT4IU4IV4IW4IX4JA4JB4JC4JD4JE4JF4JH4JI4JJ4JK4JL4JR4JS4JT4JU4JV4JW4JX4KA4KB4KC4KD4KE4KK4KL4KM4KR4KS4KT4KU4KV4KW4KX4LA4LB4LC4LD4LE4LF4LM4LN4LR4LS4LT4LX4MA4MB4MC4MD4ME4MF4MN4MO4MP4MQ4MR4MS4MT4MX4NA4NB4NC4NN4NO4NP4NQ4NR4NS4NT4NX4OA4OB4OC4OO4OP4OQ4OX4PA4PB4PC4PP4PQ4PX4QA4QB4QC4QX4RA4RB4RC4RX4SA4SB4SC4SW4SX4TA4TB4TC4TW4TX4UA4UB4UC4UD4UW4UX4VA4VB4VC4VD4VX4WA4WB4WC4WD4WE4WX4XA4XB4XC4XD4XE4XX</Field37>
<Field38>1102</Field38>
<Field39>1EG1FG1FH1GH1HA1HH1HI1HJ1IA1IB1IC1II1IJ1JI1JJ1JK1KJ1LJ1MK1ML1MM1NL1NM1OM1OO1PO1PP1QP1QQ1QR1QT1RR1RS1RT1SR1SS1ST1TS1US1UT1VS1VT1WS1WT1XT1XU3AU3AV3AW3BS3BT3BU3BV3BW3CS3CT3CU3CV3DT3DU4EA4FA4FB4FC4FD4GD4GE4HE4HF4IF4IG4JG4KF4KG4KH4KI4KJ4LG4LH4LI4LJ4LK4LL4LU4LV4LW4MG4MH4MI4MJ4MK4ML4MM4MU4MV4MW4ND4NE4NF4NG4NH4NI4NJ4NK4NL4NM4NU4NV4NW4OD4OE4OF4OG4OH4OI4OJ4OK4OL4OM4ON4OR4OS4OT4OU4OV4OW4PD4PE4PF4PG4PH4PI4PJ4PK4PL4PM4PN4PO4PR4PS4PT4PU4PV4PW4QD4QE4QF4QG4QH4QI4QJ4QK4QL4QM4QN4QO4QP4QQ4QR4QS4QT4QU4QV4QW4RD4RE4RF4RG4RH4RI4RJ4RK4RL4RM4RN4RO4RP4RQ4RR4RS4RT4RU4RV4RW4SD4SE4SF4SG4SH4SI4SJ4SK4SL4SM4SN4SO4SP4SQ4SR4SS4ST4SU4SV4TD4TE4TF4TG4TH4TI4TJ4TK4TL4TM4TN4TO4TP4TQ4TR4TS4TT4TU4TV4UE4UF4UG4UH4UI4UJ4UK4UL4UM4UN4UO4UP4UQ4UR4US4UT4UU4UV4VE4VF4VG4VH4VI4VJ4VK4VL4VM4VN4VO4VP4VQ4VR4VS4VT4VU4VV4VW4WF4WG4WH4WI4WJ4WK4WL4WM4WN4WO4WP4WQ4WR4WS4WT4WU4WV4WW4XF4XG4XH4XI4XJ4XK4XL4XM4XN4XO4XP4XQ4XR4XS4XT4XU4XV4XW</Field39>
<Field40>295</Field40>
</results>
<results>
<Field1>3CRWSLD91MHE1GYWQH3OFYX22FKOMY</Field1>
<Field2>3PUZG2R74TXVF7CR9RD94D92J8X45X</Field2>
<Field3>Participate in a land classification study (Bonuses for accuracy)</Field3>
<Field4>Classify an aerial image into four different types of land cover</Field4>
<Field5>image classification, land cover, photo interpretation</Field5>
<Field6>$0.50</Field6>
<Field7>Tue Jun 29 15:46:53 PDT 2021</Field7>
<Field8>6</Field8>
<Field9>BatchId:4491423;OriginalHitTemplateId:928390828;</Field9>
<Field10>3600</Field10>
<Field11>259200</Field11>
<Field12>Tue Jul 06 15:46:53 PDT 2021</Field12>
<Field15>3QJOXOW4XM4UC9J1M65TZ6ZFRBIMEA</Field15>
<Field16>A3UBN46W1BWFHV</Field16>
<Field17>Submitted</Field17>
<Field18>Tue Jun 29 20:14:42 PDT 2021</Field18>
<Field19>Tue Jun 29 20:23:21 PDT 2021</Field19>
<Field20>Fri Jul 02 20:23:21 PDT 2021</Field20>
<Field24>519</Field24>
<Field25>0% (0/0)</Field25>
<Field26>0% (0/0)</Field26>
<Field27>0% (0/0)</Field27>
<Field28>25889</Field28>
<Field29>new</Field29>
<Field30>img25889_new.jpg</Field30>
<Field31>https://raw.githubusercontent.com/ROIHabitat/lcimages/master/img25889_new.jpg</Field31>
<Field32>2303</Field32>
<Field33>1CN1CO1CP1CQ1CR1CS1DN1DO1DP1DQ1DR1DS1DT1DU1EN1EO1EP1EQ1ER1ES1ET1EU1EV1EW1EX1FQ1FR1FS1FT1FU1FV1FW1FX1GQ1GR1GS1GT1GU1GV1GW1GX1HQ1HR1HS1HT1HU1HV1HW1HX1IR1IS1IT1IU1IV1IW1IX1JT1JU1JV1JW1JX1KU1KV1KW1KX1LU1LV1LW1LX1MV1MW1MX1NW1NX2BH2BI2BJ2BK2BL2BM2BN2BO2BP2BQ2BR2BS2BT2BU2BV2CH2CI2CJ2CK2CL2CM2CN2CO2CP2CQ2CR2CS2CT2CU2CV2DA2DB2DC2DD2DE2DH2DI2DJ2DK2DL2DM2DN2DO2DP2DQ2DR2DS2DT2DU2DV2EA2EB2EC2ED2EE2EF2EG2EH2EI2EJ2EK2EL2EM2EN2EO2EP2EQ2ER2ES2ET2EU2EV2EW2FA2FB2FC2FD2FE2FF2FG2FH2FI2FJ2FK2FL2FM2FN2FO2FP2FQ2FR2FS2FT2FU2FV2FW2GA2GB2GC2GD2GE2GF2GG2GH2GI2GJ2GK2GL2GM2GN2GO2GP2GQ2GR2GS2GT2GU2GV2GX2HA2HB2HD2HE2HF2HG2HH2HI2HJ2HK2HL2HM2HN2HO2HP2HQ2HR2HS2HT2HU2HV2HX2IF2IG2IH2II2IJ2IK2IL2IM2IN2IO2IP2IQ2IR2IS2IT2IU2IV2IX2JF2JG2JH2JI2JJ2JK2JL2JM2JN2JO2JP2JQ2JR2JS2JT2JU2JV2JW2JX2KF2KG2KH2KI2KJ2KK2KL2KM2KN2KO2KP2KQ2KR2KS2KT2KU2KV2KW2KX2LA2LB2LC2LD2LE2LF2LG2LH2LI2LJ2LK2LL2LM2LN2LO2LP2LQ2LR2LS2LT2LU2LV2LW2LX2MA2MB2MC2MD2ME2MF2MG2MH2MI2MJ2MK2ML2MM2MN2MO2MP2MQ2MR2MS2MT2MU2MV2MW2MX2NA2NB2NC2ND2NE2NF2NG2NH2NI2NJ2NK2NL2NM2NN2NO2NP2NQ2NR2NS2NT2NU2NV2NW2NX2OA2OB2OC2OD2OE2OF2OG2OH2OI2OJ2OK2OL2OM2ON2OO2OP2OQ2OR2OS2OT2OU2OV2OW2OX2PA2PB2PC2PD2PE2PF2PG2PH2PI2PJ2PK2PL2PM2PN2PO2PP2PQ2PR2PS2PT2PU2PV2PW2PX2QB2QC2QD2QE2QF2QG2QH2QI2QJ2QK2QL2QM2QN2QO2QP2QQ2QR2QS2QT2QU2QV2QW2QX2RC2RD2RE2RF2RG2RH2RI2RJ2RK2RL2RM2RN2RO2RP2RQ2RR2RS2RT2RU2RV2RW2RX2SD2SE2SF2SG2SH2SI2SJ2SK2SL2SM2SN2SO2SP2SQ2SR2SS2ST2SU2SV2SW2SX2TD2TE2TF2TG2TH2TI2TJ2TK2TL2TM2TN2TO2TP2TQ2TR2TS2TT2TU2TV2TW2TX2UF2UG2UH2UI2UJ2UK2UL2UM2UN2UO2UP2UQ</Field33>
<Field34>490</Field34>
<Field35>1AA1AB1AC1AD1AE1AF1AG1AH1AI1AJ1AK1AL1AM1AN1AO1BA1BB1BC1BD1BE1BF1BG1BH1BI1BJ1BK1BL1BM1CA1CB1CC1CD1CE1CF1CG1CH1CI1CJ1CK1CL1CM1DA1DB1DC1DD1DE1DF1DG1DH1DI1DJ1DK1DL1DM1EA1EB1EC1ED1EE1EF1EG1EH1EI1EJ1EK1EL1EM1FA1FB1FC1FD1FE1FF1FG1FH1FI1FJ1FK1FL1FM1FN1FO1FP1GA1GB1GC1GD1GE1GF1GG1GH1GI1GJ1GK1GL1GM1GN1GO1GP1HA1HB1HC1HD1HE1HF1HG1HH1HI1HJ1HK1HL1HM1HN1HO1HP1IA1IB1IC1ID1IE1IF1IG1IH1II1IJ1IK1IL1IM1IN1IO1IP1IQ1JA1JB1JC1JD1JE1JF1JG1JH1JI1JJ1JK1JL1JM1JN1JO1JP1JQ1JR1JS1KA1KB1KC1KD1KE1KF1KG1KH1KI1KJ1KK1KL1KM1KN1KO1KP1KQ1KR1KS1KT1LA1LB1LC1LD1LE1LF1LG1LH1LI1LJ1LK1LL1LM1LN1LO1LP1LQ1LR1LS1LT1MA1MB1MC1MD1ME1MF1MG1MH1MI1MJ1MK1ML1MM1MN1MO1MP1MQ1MR1MS1MT1MU1NA1NB1NC1ND1NE1NF1NG1NH1NI1NJ1NK1NL1NM1NN1NO1NP1NQ1NR1NS1NT1NU1NV1OA1OB1OC1OD1OE1OF1OG1OH1OI1OJ1OK1OL1OM1ON1OO1OP1OQ1OR1OS1OT1OU1OV1OW1OX1PA1PC1PD1PE1PF1PG1PH1PI1PJ1PK1PL1PM1PN1PO1PP1PQ1PR1PS1PT1PU1PV1PW1PX1QA1QD1QE1QF1QG1QH1QI1QJ1QK1QL1QM1QN1QO1QP1QQ1QR1QS1QT1QU1QV1QW1QX1RA1RB1RD1RE1RF1RG1RH1RI1RJ1RK1RL1RM1RN1RO1RP1RQ1RR1RS1RT1RU1RV1RW1RX1SA1SB1SF1SG1SH1SI1SJ1SK1SL1SM1SN1SO1SP1SQ1SR1SS1ST1SU1SV1SW1SX1TA1TE1TF1TG1TH1TI1TJ1TK1TL1TM1TN1TO1TP1TQ1TR1TS1TT1TU1TV1TW1TX1UA1UB1UC1UD1UE1UF1UG1UH1UI1UJ1UK1UL1UM1UN1UO1UP1UQ1UR1US1UT1UU1UV1UW1UX1VA1VB1VC1VD1VE1VF1VG1VH1VI1VJ1VK1VL1VM1VN1VO1VP1VQ1VR1VS1VT1VU1VV1VW1VX1WA1WB1WC1WD1WE1WF1WG1WH1WI1WJ1WK1WL1WM1WN1WO1WP1WQ1WR1WS1WT1WU1WV1WW1WX1XA1XB1XC1XD1XE1XF1XG1XH1XI1XJ1XK1XL1XM1XN1XO1XP1XQ1XR1XS1XT1XU1XV1XW1XX2AA2AH2AI2AJ2AK2AL2AM2AN2AO2AP2AQ2AR2AS2AT2AU2AV2AX2BX2CX2DX2EX2FX2QA2RA2RB2SA2SB2SC2TA2TB2TC2UA2UB2UC2UD2UE2UR2US2UT2UU2UV2UX2VA2VB2VC2VD2VE2VF2VG2VH2VI2VJ2VK2VL2VM2VN2VO2VP2VQ2VR2VS2VT2VU2VV2WA2WB2WC2WD2WE2WF2WG2WH2WI2WJ2WK2WL2WM2WN2WO2WP2WQ2WR2WS2WT2WU2WV2XA2XB2XC2XD2XE2XF2XG2XH2XI2XJ2XK2XL2XM2XN2XO2XP2XQ2XR2XS2XT2XX3AA3AB3AC3AD3AE3AF3AG3AH3AI3AJ3AK3AL3AM3AN3AO3AP3AQ3AR3AS3AX3BA3BB3BC3BD3BE3BF3BG3BH3BI3BJ3BK3BL3BM3BN3BO3BP3BQ3BR3BX3CA3CB3CC3CD3CE3CF3CG3CH3CI3CJ3CK3CL3CM3CN3CO3CP3CQ3CX3DA3DB3DC3DD3DE3DF3DG3DH3DI3DJ3DK3DL3DM3DN3DX3EA3EB3EC3ED3EE3EF3EG3EH3EI3EJ3EK3EL3EM3EN3EX3FA3FB3FC3FD3FE3FF3FG3FH3FI3FJ3FK3FL3FM3FN3FV3FX3GA3GB3GC3GD3GE3GF3GG3GH3GI3GJ3GK3GL3GM3GN3GO3GP3GV3GX3HA3HB3HC3HD3HE3HF3HG3HH3HI3HJ3HK3HL3HM3HN3HO3HP3HQ3HU3HX3IA3IC3ID3IE3IF3IG3IH3II3IJ3IK3IL3IM3IN3IO3IP3IQ3IU3IX3JA3JD3JE3JF3JG3JH3JI3JJ3JK3JL3JM3JN3JO3JP3JQ3JR3JS3JT3JU3JX3KA3KB3KF3KG3KH3KI3KJ3KK3KL3KM3KN3KO3KP3KQ3KR3KS3KT3KU3KX3LA3LB3LC3LF3LG3LH3LI3LJ3LK3LL3LM3LN3LO3LP3LQ3LR3LS3LT3LX3MA3MB3ME3MF3MG3MH3MI3MJ3MK3ML3MM3MN3MO3MP3MQ3MR3MS3MX3NA3NB3NC3ND3NE3NF3NG3NH3NI3NJ3NK3NL3NM3NN3NO3NP3NQ3NR3NS3NX3OA3OB3OC3OD3OE3OF3OG3OH3OI3OJ3OK3OL3OM3ON3OO3OP3OQ3OR3OS3OX3PA3PB3PC3PD3PE3PF3PG3PH3PI3PJ3PK3PL3PM3PN3PO3PP3PQ3PR3PS3PT3PX3QA3QB3QC3QD3QE3QF3QG3QH3QI3QJ3QK3QL3QM3QN3QO3QP3QQ3QR3QS3QT3QU3QX3RA3RB3RC3RD3RE3RF3RG3RH3RI3RJ3RK3RL3RM3RN3RO3RP3RQ3RR3RS3RT3RU3RX3SA3SB3SC3SD3SE3SF3SG3SH3SI3SJ3SK3SL3SM3SN3SO3SP3SQ3SR3SS3ST3SU3SX3TA3TB3TC3TD3TE3TF3TG3TH3TJ3TK3TL3TM3TN3TO3TP3TQ3TR3TS3TT3TU3TX3UA3UD3UE3UF3UG3UH3UI3UJ3UK3UL3UM3UN3UO3UP3UQ3UR3US3UT3UU3UX3VA3VD3VE3VF3VG3VH3VI3VJ3VK3VL3VM3VN3VO3VP3VQ3VR3VS3VT3VU3VV3VX3WA3WD3WE3WF3WG3WH3WI3WJ3WK3WL3WM3WN3WO3WP3WQ3WR3WS3WT3WU3WV3WX3XA3XD3XE3XF3XG3XH3XI3XJ3XK3XL3XM3XN3XO3XP3XQ3XR3XS3XT3XU3XV3XW3XX4AA4AC4AD4AE4AF4AG4AH4AI4AJ4AK4AL4AM4AN4AO4AP4AQ4AR4AS4AT4AX4BC4BF4BG4BH4BI4BJ4BK4BL4BM4BN4BO4BP4BQ4BR4BS4BT4BX4CB4CC4CF4CG4CH4CI4CJ4CK4CL4CM4CN4CO4CP4CQ4CR4CS4CT4CX4DA4DB4DC4DD4DF4DG4DH4DI4DJ4DK4DL4DM4DN4DO4DP4DQ4DR4DS4DT4EA4EB4EC4ED4EE4EF4EG4EH4EI4EJ4EK4EL4EM4EN4EO4EP4EQ4ER4ES4ET4EU4EV4FC4FD4FE4FF4FG4FH4FI4FJ4FK4FL4FM4FN4FO4FP4FQ4FR4FS4FT4FU4FV4GA4GB4GE4GF4GG4GH4GI4GJ4GK4GL4GM4GN4GO4GP4GQ4GR4GS4GT4GU4GV4GW4GX4HA4HB4HC4HF4HG4HH4HI4HJ4HK4HL4HM4HN4HO4HP4HQ4HR4HS4HT4HU4HV4HW4HX4IA4IC4ID4IG4IH4II4IJ4IK4IL4IM4IN4IO4IP4IQ4IR4IS4IT4IU4IV4IW4IX4JA4JC4JD4JE4JH4JI4JJ4JK4JL4JM4JN4JO4JP4JQ4JR4JS4JT4JU4JV4JW4JX4KA4KC4KD4KE4KF4KH4KL4KM4KN4KO4KP4KQ4KR4KS4KT4KU4LA4LB4LC4LD4LE4LM4LN4LO4LP4LQ4LR4LS4LT4MA4MB4MC4MD4MN4MO4MP4NA4NB4OA4PA4QA4QB4RA4RB4SA4SB4SC4TA4TB4TC4UA4UB4UC4VA4VB4VC4VD4WA4WB4WC4WD4XA4XB4XC4XD4XN4XO4XP4XQ4XR4XS4XT4XU4XV4XW4XX</Field35>
<Field36>1315</Field36>
<Field37>1AP1AQ1AR1AS1AT1AU1AV1AW1AX1BN1BO1BP1BQ1BR1BS1BT1BU1BV1BW1BX1CT1CU1CV1CW1CX1DV1DW1DX1PB1QB1QC1RC1SC1SD1SE1TB1TC1TD2AB2AC2AD2AE2AF2AG2AW2BA2BB2BC2BD2BE2BF2BG2BW2CA2CB2CC2CD2CE2CF2CG2CW2DF2DG2DW2GW2HC2HW2IA2IB2IC2ID2IE2IW2JA2JB2JC2JD2JE2KA2KB2KC2KD2KE2UW2VW2VX2WW2WX2XU2XV2XW3DV3DW3EV3EW3FW3GW3HV3HW3IB3IV3IW3JB3JC3JV3JW3KC3KD3KE3KV3KW3LD3LE3LU3LV3LW3MC3MD3MT3MU3MV3MW3NT3NU3NV3NW3OT3OU3OV3OW3PU3PV3PW3QV3QW3RV3RW3SV3SW3TV3TW3UB3UC3UV3UW3VB3VC3VW3WB3WC3WW3XB3XC4AU4AV4AW4BU4BV4BW4CU4CV4CW4DU4DV4DW4DX4EW4EX4FW4FX</Field37>
<Field38>170</Field38>
<Field39>3AT3AU3AV3AW3BS3BT3BU3BV3BW3CR3CS3CT3CU3CV3CW3DO3DP3DQ3DR3DS3DT3DU3EO3EP3EQ3ER3ES3ET3EU3FO3FP3FQ3FR3FS3FT3FU3GQ3GR3GS3GT3GU3HR3HS3HT3IR3IS3IT4AB4BA4BB4BD4BE4CA4CD4CE4DE4FA4FB4GC4GD4HD4HE4IB4IE4IF4JB4JF4JG4KB4KG4KI4KJ4KK4KV4KW4KX4LF4LG4LH4LI4LJ4LK4LL4LU4LV4LW4LX4ME4MF4MG4MH4MI4MJ4MK4ML4MM4MQ4MR4MS4MT4MU4MV4MW4MX4NC4ND4NE4NF4NG4NH4NI4NJ4NK4NL4NM4NN4NO4NP4NQ4NR4NS4NT4NU4NV4NW4NX4OB4OC4OD4OE4OF4OG4OH4OI4OJ4OK4OL4OM4ON4OO4OP4OQ4OR4OS4OT4OU4OV4OW4OX4PB4PC4PD4PE4PF4PG4PH4PI4PJ4PK4PL4PM4PN4PO4PP4PQ4PR4PS4PT4PU4PV4PW4PX4QC4QD4QE4QF4QG4QH4QI4QJ4QK4QL4QM4QN4QO4QP4QQ4QR4QS4QT4QU4QV4QW4QX4RC4RD4RE4RF4RG4RH4RI4RJ4RK4RL4RM4RN4RO4RP4RQ4RR4RS4RT4RU4RV4RW4RX4SD4SE4SF4SG4SH4SI4SJ4SK4SL4SM4SN4SO4SP4SQ4SR4SS4ST4SU4SV4SW4SX4TD4TE4TF4TG4TH4TI4TJ4TK4TL4TM4TN4TO4TP4TQ4TR4TS4TT4TU4TV4TW4TX4UD4UE4UF4UG4UH4UI4UJ4UK4UL4UM4UN4UO4UP4UQ4UR4US4UT4UU4UV4UW4UX4VE4VF4VG4VH4VI4VJ4VK4VL4VM4VN4VO4VP4VQ4VR4VS4VT4VU4VV4VW4VX4WE4WF4WG4WH4WI4WJ4WK4WL4WM4WN4WO4WP4WQ4WR4WS4WT4WU4WV4WW4WX4XE4XF4XG4XH4XI4XJ4XK4XL4XM</Field39>
<Field40>328</Field40>
</results>
<results>
<Field1>3CRWSLD91MHE1GYWQH3OFYX22FKOMY</Field1>
<Field2>3PUZG2R74TXVF7CR9RD94D92J8X45X</Field2>
<Field3>Participate in a land classification study (Bonuses for accuracy)</Field3>
<Field4>Classify an aerial image into four different types of land cover</Field4>
<Field5>image classification, land cover, photo interpretation</Field5>
<Field6>$0.50</Field6>
<Field7>Tue Jun 29 15:46:53 PDT 2021</Field7>
<Field8>6</Field8>
<Field9>BatchId:4491423;OriginalHitTemplateId:928390828;</Field9>
<Field10>3600</Field10>
<Field11>259200</Field11>
<Field12>Tue Jul 06 15:46:53 PDT 2021</Field12>
<Field15>3VZLGYJEYON3HG91W0LFVXGVMK0ZX0</Field15>
<Field16>A39R12FWV5MEI4</Field16>
<Field17>Submitted</Field17>
<Field18>Tue Jun 29 16:48:10 PDT 2021</Field18>
<Field19>Tue Jun 29 16:58:01 PDT 2021</Field19>
<Field20>Fri Jul 02 16:58:01 PDT 2021</Field20>
<Field24>591</Field24>
<Field25>0% (0/0)</Field25>
<Field26>0% (0/0)</Field26>
<Field27>0% (0/0)</Field27>
<Field28>25889</Field28>
<Field29>new</Field29>
<Field30>img25889_new.jpg</Field30>
<Field31>https://raw.githubusercontent.com/ROIHabitat/lcimages/master/img25889_new.jpg</Field31>
<Field32>2304</Field32>
<Field33>1AA1AB1AC1AD1AE1AF1AG1AH1AI1AJ1AK1AL1AM1AN1AO1AP1AQ1AR1AS1AT1AU1AV1AW1AX1BA1BB1BC1BD1BE1BF1BG1BH1BI1BJ1BK1BL1BM1BN1BO1BP1BQ1BR1BS1BT1BU1BV1BW1BX1CA1CB1CC1CD1CE1CF1CG1CH1CI1CJ1CK1CL1CM1CN1CO1CP1CQ1CR1CS1CT1CU1CV1CW1CX1DA1DB1DC1DD1DE1DF1DG1DH1DI1DJ1DK1DL1DM1DN1DO1DP1DQ1DR1DS1DT1DU1DV1DW1DX1EA1EB1EC1ED1EE1EF1EG1EH1EI1EJ1EK1EL1EM1EN1EO1EP1EQ1ER1ES1ET1EU1EV1EW1EX1FA1FB1FC1FD1FE1FF1FG1FH1FI1FJ1FK1FL1FM1FN1FO1FP1FQ1FR1FS1FT1FU1FV1FW1FX1GA1GB1GC1GD1GE1GF1GG1GH1GI1GJ1GK1GL1GM1GN1GO1GP1GQ1GR1GS1GT1GU1GV1GW1GX1HA1HB1HC1HD1HE1HF1HG1HH1HI1HJ1HK1HL1HM1HN1HO1HP1HQ1HR1HS1HT1HU1HV1HW1HX1IA1IB1IC1ID1IE1IF1IG1IH1II1IJ1IK1IL1IM1IN1IO1IP1IQ1IR1IS1IT1IU1IV1IW1IX1JA1JB1JC1JD1JE1JF1JG1JH1JI1JJ1JK1JL1JM1JN1JO1JP1JQ1JR1JS1JT1JU1JV1JW1JX1KA1KB1KC1KD1KE1KF1KG1KH1KI1KJ1KK1KL1KM1KN1KO1KP1KQ1KR1KS1KT1KU1KV1KW1KX1LA1LB1LC1LD1LE1LF1LG1LH1LI1LJ1LK1LL1LM1LN1LO1LP1LQ1LR1LS1LT1LU1LV1LW1LX1MA1MB1MC1MD1ME1MF1MG1MH1MI1MJ1MK1ML1MM1MN1MO1MP1MQ1MR1MS1MT1MU1MV1MW1MX1NA1NB1NC1ND1NE1NF1NG1NH1NI1NJ1NK1NL1NM1NN1NO1NP1NQ1NR1NS1NT1NU1NV1NW1NX1OA1OB1OC1OD1OE1OF1OG1OH1OI1OJ1OK1OL1OM1ON1OO1OP1OQ1OR1OS1OT1OU1OV1OW1OX1PA1PB1PC1PD1PE1PF1PG1PH1PI1PJ1PK1PL1PM1PN1PO1PP1PQ1PR1PS1PT1PU1PV1PW1PX1QA1QB1QC1QD1QE1QF1QG1QH1QI1QJ1QK1QL1QM1QN1QO1QP1QQ1QR1QS1QT1QU1QV1QW1QX1RA1RB1RC1RD1RE1RF1RG1RH1RI1RJ1RK1RL1RM1RN1RO1RP1RQ1RR1RS1RT1RU1RV1RW1RX1SA1SB1SC1SD1SE1SF1SG1SH1SI1SJ1SK1SL1SM1SN1SO1SP1SQ1SR1SS1ST1SU1SV1SW1SX1TA1TB1TC1TD1TE1TF1TG1TH1TI1TJ1TK1TL1TM1TN1TO1TP1TQ1TR1TS1TT1TU1TV1TW1TX1UA1UB1UC1UD1UE1UF1UG1UH1UI1UJ1UK1UL1UM1UN1UO1UP1UQ1UR1US1UT1UU1UV1UW1UX1VA1VB1VC1VD1VE1VF1VG1VH1VI1VJ1VK1VL1VM1VN1VO1VP1VQ1VR1VS1VT1VU1VV1VW1VX1WA1WB1WC1WD1WE1WF1WG1WH1WI1WJ1WK1WL1WM1WN1WO1WP1WQ1WR1WS1WT1WU1WV1WW1WX1XA1XB1XC1XD1XE1XF1XG1XH1XI1XJ1XK1XL1XM1XN1XO1XP1XQ1XR1XS1XT1XU1XV1XW1XX2AA2AB2AC2AD2AE2AF2AG2AH2AI2AJ2AK2AL2AM2AN2AO2AP2AQ2AR2AS2AT2AU2AV2AW2AX2BA2BB2BC2BD2BE2BF2BG2BH2BI2BJ2BK2BL2BM2BN2BO2BP2BQ2BR2BS2BT2BU2BV2BW2BX2CA2CB2CC2CD2CE2CF2CG2CH2CI2CJ2CK2CL2CM2CN2CO2CP2CQ2CR2CS2CT2CU2CV2CW2CX2DA2DB2DC2DD2DE2DF2DG2DH2DI2DJ2DK2DL2DM2DN2DO2DP2DQ2DR2DS2DT2DU2DV2DW2DX2EA2EB2EC2ED2EE2EF2EG2EH2EI2EJ2EK2EL2EM2EN2EO2EP2EQ2ER2ES2ET2EU2EV2EW2EX2FA2FB2FC2FD2FE2FF2FG2FH2FI2FJ2FK2FL2FM2FN2FO2FP2FQ2FR2FS2FT2FU2FV2FW2FX2GA2GB2GC2GD2GE2GF2GG2GH2GI2GJ2GK2GL2GM2GN2GO2GP2GQ2GR2GS2GT2GU2GV2GW2GX2HA2HB2HC2HD2HE2HF2HG2HH2HI2HJ2HK2HL2HM2HN2HO2HP2HQ2HR2HS2HT2HU2HV2HW2HX2IA2IB2IC2ID2IE2IF2IG2IH2II2IJ2IK2IL2IM2IN2IO2IP2IQ2IR2IS2IT2IU2IV2IW2IX2JA2JB2JC2JD2JE2JF2JG2JH2JI2JJ2JK2JL2JM2JN2JO2JP2JQ2JR2JS2JT2JU2JV2JW2JX2KA2KB2KC2KD2KE2KF2KG2KH2KI2KJ2KK2KL2KM2KN2KO2KP2KQ2KR2KS2KT2KU2KV2KW2KX2LA2LB2LC2LD2LE2LF2LG2LH2LI2LJ2LK2LL2LM2LN2LO2LP2LQ2LR2LS2LT2LU2LV2LW2LX2MA2MB2MC2MD2ME2MF2MG2MH2MI2MJ2MK2ML2MM2MN2MO2MP2MQ2MR2MS2MT2MU2MV2MW2MX2NA2NB2NC2ND2NE2NF2NG2NH2NI2NJ2NK2NL2NM2NN2NO2NP2NQ2NR2NS2NT2NU2NV2NW2NX2OA2OB2OC2OD2OE2OF2OG2OH2OI2OJ2OK2OL2OM2ON2OO2OP2OQ2OR2OS2OT2OU2OV2OW2OX2PA2PB2PC2PD2PE2PF2PG2PH2PI2PJ2PK2PL2PM2PN2PO2PP2PQ2PR2PS2PT2PU2PV2PW2PX2QA2QB2QC2QD2QE2QF2QG2QH2QI2QJ2QK2QL2QM2QN2QO2QP2QQ2QR2QS2QT2QU2QV2QW2QX2RA2RB2RC2RD2RE2RF2RG2RH2RI2RJ2RK2RL2RM2RN2RO2RP2RQ2RR2RS2RT2RU2RV2RW2RX2SA2SB2SC2SD2SE2SF2SG2SH2SI2SJ2SK2SL2SM2SN2SO2SP2SQ2SR2SS2ST2SU2SV2SW2SX2TA2TB2TC2TD2TE2TF2TG2TH2TI2TJ2TK2TL2TM2TN2TO2TP2TQ2TR2TS2TT2TU2TV2TW2TX2UA2UB2UC2UD2UE2UF2UG2UH2UI2UJ2UK2UL2UM2UN2UO2UP2UQ2UR2US2UT2UU2UV2UW2UX2VA2VB2VC2VD2VE2VF2VG2VH2VI2VJ2VK2VL2VM2VN2VO2VP2VQ2VR2VS2VT2VU2VV2VW2VX2WA2WB2WC2WD2WE2WF2WG2WH2WI2WJ2WK2WL2WM2WN2WO2WP2WQ2WR2WS2WT2WU2WV2WW2WX2XA2XB2XC2XD2XE2XF2XG2XH2XI2XJ2XK2XL2XM2XN2XO2XP2XQ2XR2XS2XT2XU2XV2XW2XX3AA3AB3AC3AD3AE3AF3AG3AH3AI3AJ3AK3AL3AM3AN3AO3AP3AQ3AR3AS3AT3AU3AV3AW3AX3BA3BB3BC3BD3BE3BF3BG3BH3BI3BJ3BK3BL3BM3BN3BO3BP3BQ3BR3BS3BT3BU3BV3BW3BX3CA3CB3CC3CD3CE3CF3CG3CH3CI3CJ3CK3CL3CM3CN3CO3CP3CQ3CR3CS3CT3CU3CV3CW3CX3DA3DB3DC3DD3DE3DF3DG3DH3DI3DJ3DK3DL3DM3DN3DO3DP3DQ3DR3DS3DT3DU3DV3DW3DX3EA3EB3EC3ED3EE3EF3EG3EH3EI3EJ3EK3EL3EM3EN3EO3EP3EQ3ER3ES3ET3EU3EV3EW3EX3FA3FB3FC3FD3FE3FF3FG3FH3FI3FJ3FK3FL3FM3FN3FO3FP3FQ3FR3FS3FT3FU3FV3FW3FX3GA3GB3GC3GD3GE3GF3GG3GH3GI3GJ3GK3GL3GM3GN3GO3GP3GQ3GR3GS3GT3GU3GV3GW3GX3HA3HB3HC3HD3HE3HF3HG3HH3HI3HJ3HK3HL3HM3HN3HO3HP3HQ3HR3HS3HT3HU3HV3HW3HX3IA3IB3IC3ID3IE3IF3IG3IH3II3IJ3IK3IL3IM3IN3IO3IP3IQ3IR3IS3IT3IU3IV3IW3IX3JA3JB3JC3JD3JE3JF3JG3JH3JI3JJ3JK3JL3JM3JN3JO3JP3JQ3JR3JS3JT3JU3JV3JW3JX3KA3KB3KC3KD3KE3KF3KG3KH3KI3KJ3KK3KL3KM3KN3KO3KP3KQ3KR3KS3KT3KU3KV3KW3KX3LA3LB3LC3LD3LE3LF3LG3LH3LI3LJ3LK3LL3LM3LN3LO3LP3LQ3LR3LS3LT3LU3LV3LW3LX3MA3MB3MC3MD3ME3MF3MG3MH3MI3MJ3MK3ML3MM3MN3MO3MP3MQ3MR3MS3MT3MU3MV3MW3MX3NA3NB3NC3ND3NE3NF3NG3NH3NI3NJ3NK3NL3NM3NN3NO3NP3NQ3NR3NS3NT3NU3NV3NW3NX3OA3OB3OC3OD3OE3OF3OG3OH3OI3OJ3OK3OL3OM3ON3OO3OP3OQ3OR3OS3OT3OU3OV3OW3OX3PA3PB3PC3PD3PE3PF3PG3PH3PI3PJ3PK3PL3PM3PN3PO3PP3PQ3PR3PS3PT3PU3PV3PW3PX3QA3QB3QC3QD3QE3QF3QG3QH3QI3QJ3QK3QL3QM3QN3QO3QP3QQ3QR3QS3QT3QU3QV3QW3QX3RA3RB3RC3RD3RE3RF3RG3RH3RI3RJ3RK3RL3RM3RN3RO3RP3RQ3RR3RS3RT3RU3RV3RW3RX3SA3SB3SC3SD3SE3SF3SG3SH3SI3SJ3SK3SL3SM3SN3SO3SP3SQ3SR3SS3ST3SU3SV3SW3SX3TA3TB3TC3TD3TE3TF3TG3TH3TI3TJ3TK3TL3TM3TN3TO3TP3TQ3TR3TS3TT3TU3TV3TW3TX3UA3UB3UC3UD3UE3UF3UG3UH3UI3UJ3UK3UL3UM3UN3UO3UP3UQ3UR3US3UT3UU3UV3UW3UX3VA3VB3VC3VD3VE3VF3VG3VH3VI3VJ3VK3VL3VM3VN3VO3VP3VQ3VR3VS3VT3VU3VV3VW3VX3WA3WB3WC3WD3WE3WF3WG3WH3WI3WJ3WK3WL3WM3WN3WO3WP3WQ3WR3WS3WT3WU3WV3WW3WX3XA3XB3XC3XD3XE3XF3XG3XH3XI3XJ3XK3XL3XM3XN3XO3XP3XQ3XR3XS3XT3XU3XV3XW3XX4AA4AB4AC4AD4AE4AF4AG4AH4AI4AJ4AK4AL4AM4AN4AO4AP4AQ4AR4AS4AT4AU4AV4AW4AX4BA4BB4BC4BD4BE4BF4BG4BH4BI4BJ4BK4BL4BM4BN4BO4BP4BQ4BR4BS4BT4BU4BV4BW4BX4CA4CB4CC4CD4CE4CF4CG4CH4CI4CJ4CK4CL4CM4CN4CO4CP4CQ4CR4CS4CT4CU4CV4CW4CX4DA4DB4DC4DD4DE4DF4DG4DH4DI4DJ4DK4DL4DM4DN4DO4DP4DQ4DR4DS4DT4DU4DV4DW4DX4EA4EB4EC4ED4EE4EF4EG4EH4EI4EJ4EK4EL4EM4EN4EO4EP4EQ4ER4ES4ET4EU4EV4EW4EX4FA4FB4FC4FD4FE4FF4FG4FH4FI4FJ4FK4FL4FM4FN4FO4FP4FQ4FR4FS4FT4FU4FV4FW4FX4GA4GB4GC4GD4GE4GF4GG4GH4GI4GJ4GK4GL4GM4GN4GO4GP4GQ4GR4GS4GT4GU4GV4GW4GX4HA4HB4HC4HD4HE4HF4HG4HH4HI4HJ4HK4HL4HM4HN4HO4HP4HQ4HR4HS4HT4HU4HV4HW4HX4IA4IB4IC4ID4IE4IF4IG4IH4II4IJ4IK4IL4IM4IN4IO4IP4IQ4IR4IS4IT4IU4IV4IW4IX4JA4JB4JC4JD4JE4JF4JG4JH4JI4JJ4JK4JL4JM4JN4JO4JP4JQ4JR4JS4JT4JU4JV4JW4JX4KA4KB4KC4KD4KE4KF4KG4KH4KI4KJ4KK4KL4KM4KN4KO4KP4KQ4KR4KS4KT4KU4KV4KW4KX4LA4LB4LC4LD4LE4LF4LG4LH4LI4LJ4LK4LL4LM4LN4LO4LP4LQ4LR4LS4LT4LU4LV4LW4LX4MA4MB4MC4MD4ME4MF4MG4MH4MI4MJ4MK4ML4MM4MN4MO4MP4MQ4MR4MS4MT4MU4MV4MW4MX4NA4NB4NC4ND4NE4NF4NG4NH4NI4NJ4NK4NL4NM4NN4NO4NP4NQ4NR4NS4NT4NU4NV4NW4NX4OA4OB4OC4OD4OE4OF4OG4OH4OI4OJ4OK4OL4OM4ON4OO4OP4OQ4OR4OS4OT4OU4OV4OW4OX4PA4PB4PC4PD4PE4PF4PG4PH4PI4PJ4PK4PL4PM4PN4PO4PP4PQ4PR4PS4PT4PU4PV4PW4PX4QA4QB4QC4QD4QE4QF4QG4QH4QI4QJ4QK4QL4QM4QN4QO4QP4QQ4QR4QS4QT4QU4QV4QW4QX4RA4RB4RC4RD4RE4RF4RG4RH4RI4RJ4RK4RL4RM4RN4RO4RP4RQ4RR4RS4RT4RU4RV4RW4RX4SA4SB4SC4SD4SE4SF4SG4SH4SI4SJ4SK4SL4SM4SN4SO4SP4SQ4SR4SS4ST4SU4SV4SW4SX4TA4TB4TC4TD4TE4TF4TG4TH4TI4TJ4TK4TL4TM4TN4TO4TP4TQ4TR4TS4TT4TU4TV4TW4TX4UA4UB4UC4UD4UE4UF4UG4UH4UI4UJ4UK4UL4UM4UN4UO4UP4UQ4UR4US4UT4UU4UV4UW4UX4VA4VB4VC4VD4VE4VF4VG4VH4VI4VJ4VK4VL4VM4VN4VO4VP4VQ4VR4VS4VT4VU4VV4VW4VX4WA4WB4WC4WD4WE4WF4WG4WH4WI4WJ4WK4WL4WM4WN4WO4WP4WQ4WR4WS4WT4WU4WV4WW4WX4XA4XB4XC4XD4XE4XF4XG4XH4XI4XJ4XK4XL4XM4XN4XO4XP4XQ4XR4XS4XT4XU4XV4XW4XX</Field33>
<Field34>2304</Field34>
<Field36>0</Field36>
<Field38>0</Field38>
<Field40>0</Field40>
</results>
<results>
<Field1>3INZSNUD8238QZODBZL3ZIFJY269DN</Field1>
<Field2>3PUZG2R74TXVF7CR9RD94D92J8X45X</Field2>
<Field3>Participate in a land classification study (Bonuses for accuracy)</Field3>
<Field4>Classify an aerial image into four different types of land cover</Field4>
<Field5>image classification, land cover, photo interpretation</Field5>
<Field6>$0.50</Field6>
<Field7>Tue Jun 29 15:46:53 PDT 2021</Field7>
<Field8>6</Field8>
<Field9>BatchId:4491423;OriginalHitTemplateId:928390828;</Field9>
<Field10>3600</Field10>
<Field11>259200</Field11>
<Field12>Tue Jul 06 15:46:53 PDT 2021</Field12>
<Field15>33FOTY3KEPYIJMDYXTG0PQB98N5C1S</Field15>
<Field16>A3UBN46W1BWFHV</Field16>
<Field17>Submitted</Field17>
<Field18>Tue Jun 29 19:52:02 PDT 2021</Field18>
<Field19>Tue Jun 29 19:57:58 PDT 2021</Field19>
<Field20>Fri Jul 02 19:57:58 PDT 2021</Field20>
<Field24>356</Field24>
<Field25>0% (0/0)</Field25>
<Field26>0% (0/0)</Field26>
<Field27>0% (0/0)</Field27>
<Field28>25889</Field28>
<Field29>old</Field29>
<Field30>img25889_old.jpg</Field30>
<Field31>https://raw.githubusercontent.com/ROIHabitat/lcimages/master/img25889_old.jpg</Field31>
<Field32>2304</Field32>
<Field34>0</Field34>
<Field36>0</Field36>
<Field37>1BP1BQ1BR1BS1BT1BU1BV1BW1BX1CU1CV1CW1CX1DW1DX1OA1PA1PB1QA1QB1RA1RB1RC1SA1SB1SC1TA1TB2AC2AD2AE2AF2BA2BB2BC2BD2BE2BF2CA2CB2CC2CD2CE2CF2CG2DA2DB2DC2DD2DE2DG2ED2EE2EF2EG2UU2UV2VU2XU2XV2XW3JB3JC3JD3KE3LB3LC3LD3LE3MB3MC3MD3ME3VB3WB3WC3XB3XC4AU4AV4AW4BU4BV4BW4CU4CV4CW4DU4DV4DW4DX4EW4EX4FW4FX4RM4RN4SN4SO4SP4TQ4TR4UR4VR4VS4WS4XS</Field37>
<Field38>107</Field38>
<Field39>1AA1AB1AC1AD1AE1AF1AG1AH1AI1AJ1AK1AL1AM1AN1AO1AP1AQ1AR1AS1AT1AU1AV1AW1AX1BA1BB1BC1BD1BE1BF1BG1BH1BI1BJ1BK1BL1BM1BN1BO1CA1CB1CC1CD1CE1CF1CG1CH1CI1CJ1CK1CL1CM1CN1CO1CP1CQ1CR1CS1CT1DA1DB1DC1DD1DE1DF1DG1DH1DI1DJ1DK1DL1DM1DN1DO1DP1DQ1DR1DS1DT1DU1DV1EA1EB1EC1ED1EE1EF1EG1EH1EI1EJ1EK1EL1EM1EN1EO1EP1EQ1ER1ES1ET1EU1EV1EW1EX1FA1FB1FC1FD1FE1FF1FG1FH1FI1FJ1FK1FL1FM1FN1FO1FP1FQ1FR1FS1FT1FU1FV1FW1FX1GA1GB1GC1GD1GE1GF1GG1GH1GI1GJ1GK1GL1GM1GN1GO1GP1GQ1GR1GS1GT1GU1GV1GW1GX1HA1HB1HC1HD1HE1HF1HG1HH1HI1HJ1HK1HL1HM1HN1HO1HP1HQ1HR1HS1HT1HU1HV1HW1HX1IA1IB1IC1ID1IE1IF1IG1IH1II1IJ1IK1IL1IM1IN1IO1IP1IQ1IR1IS1IT1IU1IV1IW1IX1JA1JB1JC1JD1JE1JF1JG1JH1JI1JJ1JK1JL1JM1JN1JO1JP1JQ1JR1JS1JT1JU1JV1JW1JX1KA1KB1KC1KD1KE1KF1KG1KH1KI1KJ1KK1KL1KM1KN1KO1KP1KQ1KR1KS1KT1KU1KV1KW1KX1LA1LB1LC1LD1LE1LF1LG1LH1LI1LJ1LK1LL1LM1LN1LO1LP1LQ1LR1LS1LT1LU1LV1LW1LX1MA1MB1MC1MD1ME1MF1MG1MH1MI1MJ1MK1ML1MM1MN1MO1MP1MQ1MR1MS1MT1MU1MV1MW1MX1NA1NB1NC1ND1NE1NF1NG1NH1NI1NJ1NK1NL1NM1NN1NO1NP1NQ1NR1NS1NT1NU1NV1NW1NX1OB1OC1OD1OE1OF1OG1OH1OI1OJ1OK1OL1OM1ON1OO1OP1OQ1OR1OS1OT1OU1OV1OW1OX1PC1PD1PE1PF1PG1PH1PI1PJ1PK1PL1PM1PN1PO1PP1PQ1PR1PS1PT1PU1PV1PW1PX1QC1QD1QE1QF1QG1QH1QI1QJ1QK1QL1QM1QN1QO1QP1QQ1QR1QS1QT1QU1QV1QW1QX1RD1RE1RF1RG1RH1RI1RJ1RK1RL1RM1RN1RO1RP1RQ1RR1RS1RT1RU1RV1RW1RX1SD1SE1SF1SG1SH1SI1SJ1SK1SL1SM1SN1SO1SP1SQ1SR1SS1ST1SU1SV1SW1SX1TC1TD1TE1TF1TG1TH1TI1TJ1TK1TL1TM1TN1TO1TP1TQ1TR1TS1TT1TU1TV1TW1TX1UA1UB1UC1UD1UE1UF1UG1UH1UI1UJ1UK1UL1UM1UN1UO1UP1UQ1UR1US1UT1UU1UV1UW1UX1VA1VB1VC1VD1VE1VF1VG1VH1VI1VJ1VK1VL1VM1VN1VO1VP1VQ1VR1VS1VT1VU1VV1VW1VX1WA1WB1WC1WD1WE1WF1WG1WH1WI1WJ1WK1WL1WM1WN1WO1WP1WQ1WR1WS1WT1WU1WV1WW1WX1XA1XB1XC1XD1XE1XF1XG1XH1XI1XJ1XK1XL1XM1XN1XO1XP1XQ1XR1XS1XT1XU1XV1XW1XX2AA2AB2AG2AH2AI2AJ2AK2AL2AM2AN2AO2AP2AQ2AR2AS2AT2AU2AV2AW2AX2BG2BH2BI2BJ2BK2BL2BM2BN2BO2BP2BQ2BR2BS2BT2BU2BV2BW2BX2CH2CI2CJ2CK2CL2CM2CN2CO2CP2CQ2CR2CS2CT2CU2CV2CW2CX2DF2DH2DI2DJ2DK2DL2DM2DN2DO2DP2DQ2DR2DS2DT2DU2DV2DW2DX2EA2EB2EC2EH2EI2EJ2EK2EL2EM2EN2EO2EP2EQ2ER2ES2ET2EU2EV2EW2EX2FA2FB2FC2FD2FE2FF2FG2FH2FI2FJ2FK2FL2FM2FN2FO2FP2FQ2FR2FS2FT2FU2FV2FW2FX2GA2GB2GC2GD2GE2GF2GG2GH2GI2GJ2GK2GL2GM2GN2GO2GP2GQ2GR2GS2GT2GU2GV2GW2GX2HA2HB2HC2HD2HE2HF2HG2HH2HI2HJ2HK2HL2HM2HN2HO2HP2HQ2HR2HS2HT2HU2HV2HW2HX2IA2IB2IC2ID2IE2IF2IG2IH2II2IJ2IK2IL2IM2IN2IO2IP2IQ2IR2IS2IT2IU2IV2IW2IX2JA2JB2JC2JD2JE2JF2JG2JH2JI2JJ2JK2JL2JM2JN2JO2JP2JQ2JR2JS2JT2JU2JV2JW2JX2KA2KB2KC2KD2KE2KF2KG2KH2KI2KJ2KK2KL2KM2KN2KO2KP2KQ2KR2KS2KT2KU2KV2KW2KX2LA2LB2LC2LD2LE2LF2LG2LH2LI2LJ2LK2LL2LM2LN2LO2LP2LQ2LR2LS2LT2LU2LV2LW2LX2MA2MB2MC2MD2ME2MF2MG2MH2MI2MJ2MK2ML2MM2MN2MO2MP2MQ2MR2MS2MT2MU2MV2MW2MX2NA2NB2NC2ND2NE2NF2NG2NH2NI2NJ2NK2NL2NM2NN2NO2NP2NQ2NR2NS2NT2NU2NV2NW2NX2OA2OB2OC2OD2OE2OF2OG2OH2OI2OJ2OK2OL2OM2ON2OO2OP2OQ2OR2OS2OT2OU2OV2OW2OX2PA2PB2PC2PD2PE2PF2PG2PH2PI2PJ2PK2PL2PM2PN2PO2PP2PQ2PR2PS2PT2PU2PV2PW2PX2QA2QB2QC2QD2QE2QF2QG2QH2QI2QJ2QK2QL2QM2QN2QO2QP2QQ2QR2QS2QT2QU2QV2QW2QX2RA2RB2RC2RD2RE2RF2RG2RH2RI2RJ2RK2RL2RM2RN2RO2RP2RQ2RR2RS2RT2RU2RV2RW2RX2SA2SB2SC2SD2SE2SF2SG2SH2SI2SJ2SK2SL2SM2SN2SO2SP2SQ2SR2SS2ST2SU2SV2SW2SX2TA2TB2TC2TD2TE2TF2TG2TH2TI2TJ2TK2TL2TM2TN2TO2TP2TQ2TR2TS2TT2TU2TV2TW2TX2UA2UB2UC2UD2UE2UF2UG2UH2UI2UJ2UK2UL2UM2UN2UO2UP2UQ2UR2US2UT2UW2UX2VA2VB2VC2VD2VE2VF2VG2VH2VI2VJ2VK2VL2VM2VN2VO2VP2VQ2VR2VS2VT2VV2VW2VX2WA2WB2WC2WD2WE2WF2WG2WH2WI2WJ2WK2WL2WM2WN2WO2WP2WQ2WR2WS2WT2WU2WV2WW2WX2XA2XB2XC2XD2XE2XF2XG2XH2XI2XJ2XK2XL2XM2XN2XO2XP2XQ2XR2XS2XT2XX3AA3AB3AC3AD3AE3AF3AG3AH3AI3AJ3AK3AL3AM3AN3AO3AP3AQ3AR3AS3AT3AU3AV3AW3AX3BA3BB3BC3BD3BE3BF3BG3BH3BI3BJ3BK3BL3BM3BN3BO3BP3BQ3BR3BS3BT3BU3BV3BW3BX3CA3CB3CC3CD3CE3CF3CG3CH3CI3CJ3CK3CL3CM3CN3CO3CP3CQ3CR3CS3CT3CU3CV3CW3CX3DA3DB3DC3DD3DE3DF3DG3DH3DI3DJ3DK3DL3DM3DN3DO3DP3DQ3DR3DS3DT3DU3DV3DW3DX3EA3EB3EC3ED3EE3EF3EG3EH3EI3EJ3EK3EL3EM3EN3EO3EP3EQ3ER3ES3ET3EU3EV3EW3EX3FA3FB3FC3FD3FE3FF3FG3FH3FI3FJ3FK3FL3FM3FN3FO3FP3FQ3FR3FS3FT3FU3FV3FW3FX3GA3GB3GC3GD3GE3GF3GG3GH3GI3GJ3GK3GL3GM3GN3GO3GP3GQ3GR3GS3GT3GU3GV3GW3GX3HA3HB3HC3HD3HE3HF3HG3HH3HI3HJ3HK3HL3HM3HN3HO3HP3HQ3HR3HS3HT3HU3HV3HW3HX3IA3IB3IC3ID3IE3IF3IG3IH3II3IJ3IK3IL3IM3IN3IO3IP3IQ3IR3IS3IT3IU3IV3IW3IX3JA3JE3JF3JG3JH3JI3JJ3JK3JL3JM3JN3JO3JP3JQ3JR3JS3JT3JU3JV3JW3JX3KA3KB3KC3KD3KF3KG3KH3KI3KJ3KK3KL3KM3KN3KO3KP3KQ3KR3KS3KT3KU3KV3KW3KX3LA3LF3LG3LH3LI3LJ3LK3LL3LM3LN3LO3LP3LQ3LR3LS3LT3LU3LV3LW3LX3MA3MF3MG3MH3MI3MJ3MK3ML3MM3MN3MO3MP3MQ3MR3MS3MT3MU3MV3MW3MX3NA3NB3NC3ND3NE3NF3NG3NH3NI3NJ3NK3NL3NM3NN3NO3NP3NQ3NR3NS3NT3NU3NV3NW3NX3OA3OB3OC3OD3OE3OF3OG3OH3OI3OJ3OK3OL3OM3ON3OO3OP3OQ3OR3OS3OT3OU3OV3OW3OX3PA3PB3PC3PD3PE3PF3PG3PH3PI3PJ3PK3PL3PM3PN3PO3PP3PQ3PR3PS3PT3PU3PV3PW3PX3QA3QB3QC3QD3QE3QF3QG3QH3QI3QJ3QK3QL3QM3QN3QO3QP3QQ3QR3QS3QT3QU3QV3QW3QX3RA3RB3RC3RD3RE3RF3RG3RH3RI3RJ3RK3RL3RM3RN3RO3RP3RQ3RR3RS3RT3RU3RV3RW3RX3SA3SB3SC3SD3SE3SF3SG3SH3SI3SJ3SK3SL3SM3SN3SO3SP3SQ3SR3SS3ST3SU3SV3SW3SX3TA3TB3TC3TD3TE3TF3TG3TH3TI3TJ3TK3TL3TM3TN3TO3TP3TQ3TR3TS3TT3TU3TV3TW3TX3UA3UB3UC3UD3UE3UF3UG3UH3UI3UJ3UK3UL3UM3UN3UO3UP3UQ3UR3US3UT3UU3UV3UW3UX3VA3VC3VD3VE3VF3VG3VH3VI3VJ3VK3VL3VM3VN3VO3VP3VQ3VR3VS3VT3VU3VV3VW3VX3WA3WD3WE3WF3WG3WH3WI3WJ3WK3WL3WM3WN3WO3WP3WQ3WR3WS3WT3WU3WV3WW3WX3XA3XD3XE3XF3XG3XH3XI3XJ3XK3XL3XM3XN3XO3XP3XQ3XR3XS3XT3XU3XV3XW3XX4AA4AB4AC4AD4AE4AF4AG4AH4AI4AJ4AK4AL4AM4AN4AO4AP4AQ4AR4AS4AT4AX4BA4BB4BC4BD4BE4BF4BG4BH4BI4BJ4BK4BL4BM4BN4BO4BP4BQ4BR4BS4BT4BX4CA4CB4CC4CD4CE4CF4CG4CH4CI4CJ4CK4CL4CM4CN4CO4CP4CQ4CR4CS4CT4CX4DA4DB4DC4DD4DE4DF4DG4DH4DI4DJ4DK4DL4DM4DN4DO4DP4DQ4DR4DS4DT4EA4EB4EC4ED4EE4EF4EG4EH4EI4EJ4EK4EL4EM4EN4EO4EP4EQ4ER4ES4ET4EU4EV4FA4FB4FC4FD4FE4FF4FG4FH4FI4FJ4FK4FL4FM4FN4FO4FP4FQ4FR4FS4FT4FU4FV4GA4GB4GC4GD4GE4GF4GG4GH4GI4GJ4GK4GL4GM4GN4GO4GP4GQ4GR4GS4GT4GU4GV4GW4GX4HA4HB4HC4HD4HE4HF4HG4HH4HI4HJ4HK4HL4HM4HN4HO4HP4HQ4HR4HS4HT4HU4HV4HW4HX4IA4IB4IC4ID4IE4IF4IG4IH4II4IJ4IK4IL4IM4IN4IO4IP4IQ4IR4IS4IT4IU4IV4IW4IX4JA4JB4JC4JD4JE4JF4JG4JH4JI4JJ4JK4JL4JM4JN4JO4JP4JQ4JR4JS4JT4JU4JV4JW4JX4KA4KB4KC4KD4KE4KF4KG4KH4KI4KJ4KK4KL4KM4KN4KO4KP4KQ4KR4KS4KT4KU4KV4KW4KX4LA4LB4LC4LD4LE4LF4LG4LH4LI4LJ4LK4LL4LM4LN4LO4LP4LQ4LR4LS4LT4LU4LV4LW4LX4MA4MB4MC4MD4ME4MF4MG4MH4MI4MJ4MK4ML4MM4MN4MO4MP4MQ4MR4MS4MT4MU4MV4MW4MX4NA4NB4NC4ND4NE4NF4NG4NH4NI4NJ4NK4NL4NM4NN4NO4NP4NQ4NR4NS4NT4NU4NV4NW4NX4OA4OB4OC4OD4OE4OF4OG4OH4OI4OJ4OK4OL4OM4ON4OO4OP4OQ4OR4OS4OT4OU4OV4OW4OX4PA4PB4PC4PD4PE4PF4PG4PH4PI4PJ4PK4PL4PM4PN4PO4PP4PQ4PR4PS4PT4PU4PV4PW4PX4QA4QB4QC4QD4QE4QF4QG4QH4QI4QJ4QK4QL4QM4QN4QO4QP4QQ4QR4QS4QT4QU4QV4QW4QX4RA4RB4RC4RD4RE4RF4RG4RH4RI4RJ4RK4RL4RO4RP4RQ4RR4RS4RT4RU4RV4RW4RX4SA4SB4SC4SD4SE4SF4SG4SH4SI4SJ4SK4SL4SM4SQ4SR4SS4ST4SU4SV4SW4SX4TA4TB4TC4TD4TE4TF4TG4TH4TI4TJ4TK4TL4TM4TN4TO4TP4TS4TT4TU4TV4TW4TX4UA4UB4UC4UD4UE4UF4UG4UH4UI4UJ4UK4UL4UM4UN4UO4UP4UQ4US4UT4UU4UV4UW4UX4VA4VB4VC4VD4VE4VF4VG4VH4VI4VJ4VK4VL4VM4VN4VO4VP4VQ4VT4VU4VV4VW4VX4WA4WB4WC4WD4WE4WF4WG4WH4WI4WJ4WK4WL4WM4WN4WO4WP4WQ4WR4WT4WU4WV4WW4WX4XA4XB4XC4XD4XE4XF4XG4XH4XI4XJ4XK4XL4XM4XN4XO4XP4XQ4XR4XT4XU4XV4XW4XX</Field39>
<Field40>2197</Field40>
</results>
<results>
<Field1>3INZSNUD8238QZODBZL3ZIFJY269DN</Field1>
<Field2>3PUZG2R74TXVF7CR9RD94D92J8X45X</Field2>
<Field3>Participate in a land classification study (Bonuses for accuracy)</Field3>
<Field4>Classify an aerial image into four different types of land cover</Field4>
<Field5>image classification, land cover, photo interpretation</Field5>
<Field6>$0.50</Field6>
<Field7>Tue Jun 29 15:46:53 PDT 2021</Field7>
<Field8>6</Field8>
<Field9>BatchId:4491423;OriginalHitTemplateId:928390828;</Field9>
<Field10>3600</Field10>
<Field11>259200</Field11>
<Field12>Tue Jul 06 15:46:53 PDT 2021</Field12>
<Field15>34FNN24DCPMUA7FMU801P7G9NRUY56</Field15>
<Field16>A3JYC7C2BS2MXQ</Field16>
<Field17>Submitted</Field17>
<Field18>Tue Jun 29 18:26:39 PDT 2021</Field18>
<Field19>Tue Jun 29 18:35:31 PDT 2021</Field19>
<Field20>Fri Jul 02 18:35:31 PDT 2021</Field20>
<Field24>532</Field24>
<Field25>0% (0/0)</Field25>
<Field26>0% (0/0)</Field26>
<Field27>0% (0/0)</Field27>
<Field28>25889</Field28>
<Field29>old</Field29>
<Field30>img25889_old.jpg</Field30>
<Field31>https://raw.githubusercontent.com/ROIHabitat/lcimages/master/img25889_old.jpg</Field31>
<Field32>2234</Field32>
<Field33>2AH2AI2AJ2AK2AL2AM2AN2AO2AP2AQ2AR2AS2AT2AU2AV2AW2BH2BI2BJ2BK2BL2BM2BN2BO2BP2BQ2BR2BS2BT2BU2BV2BW2CH2CI2CJ2CK2CL2CM2CN2CO2CP2CQ2CR2CS2CT2CU2CV2CW2DH2DI2DJ2DK2DL2DM2DN2DO2DP2DQ2DR2DS2DT2DU2DV2DW2EH2EI2EJ2EK2EL2EM2EN2EO2EP2EQ2ER2ES2ET2EU2EV2EW2FH2FI2FJ2FK2FL2FM2FN2FO2FP2FQ2FR2FS2FT2FU2FV2FW2GH2GI2GJ2GK2GL2GM2GN2GO2GP2GQ2GR2GS2GT2GU2GV2GW2HH2HI2HJ2HK2HL2HM2HN2HO2HP2HQ2HR2HS2HT2HU2HV2HW2IH2II2IJ2IK2IL2IM2IN2IO2IP2IQ2IR2IS2IT2IU2IV2IW2JH2JI2JJ2JK2JL2JM2JN2JO2JP2JQ2JR2JS2JT2JU2JV2JW2KH2KI2KJ2KK2KL2KM2KN2KO2KP2KQ2KR2KS2KT2KU2KV2KW2LA2LB2LC2LD2LE2LF2LG2LH2LI2LJ2LK2LL2LM2LN2LO2LP2LQ2LR2LS2LT2LU2LV2LW2MA2MB2MC2MD2ME2MF2MG2MH2MI2MJ2MK2ML2MM2MN2MO2MP2MQ2MR2MS2MT2MU2MV2MW2NA2NB2NC2ND2NE2NF2NG2NH2NI2NJ2NK2NL2NM2NN2NO2NP2NQ2NR2NS2NT2NU2NV2NW2OA2OB2OC2OD2OE2OF2OG2OH2OI2OJ2OK2OL2OM2ON2OO2OP2OQ2OR2OS2OT2OU2OV2OW2PA2PB2PC2PD2PE2PF2PG2PH2PI2PJ2PK2PL2PM2PN2PO2PP2PQ2PR2PS2PT2PU2PV2PW2QB2QC2QD2QE2QF2QG2QH2QI2QJ2QK2QL2QM2QN2QO2QP2QQ2QR2QS2QT2QU2QV2QW2RC2RD2RE2RF2RG2RH2RI2RJ2RK2RL2RM2RN2RO2RP2RQ2RR2RS2RT2RU2RV2RW2SD2SE2SF2SG2SH2SI2SJ2SK2SL2SM2SN2SO2SP2SQ2SR2SS2ST2SU2SV2SW2TE2TF2TG2TH2TI2TJ2TK2TL2TM2TN2TO2TP2TQ2TR2TS2TT2TU2TV2TW2UE2UF2UG2UH2UI2UJ2UK2UL2UM</Field33>
<Field34>382</Field34>
<Field35>1AE1AF1AG1AH1AI1AJ1AS1BA1BB1BC1BD1BE1BF1BG1BH1BI1BJ1BK1BL1BM1BN1BO1BP1BQ1BR1BS1BT1CA1CB1CC1CD1CE1CF1CG1CH1CI1CJ1CK1CL1CM1CN1CO1CP1CQ1CR1CS1CT1DA1DB1DC1DD1DE1DF1DG1DH1DI1DJ1DK1DL1DM1DN1DO1DP1DQ1DR1DS1DT1EA1EB1EC1ED1EE1EF1EG1EH1EI1EJ1EK1EL1EM1EN1EO1EP1EQ1ER1ES1ET1EU1EV1EW1EX1FA1FB1FC1FD1FE1FF1FG1FH1FI1FJ1FK1FL1FM1FN1FO1FP1FQ1FR1FS1FT1FU1FV1FW1FX1GA1GB1GC1GD1GE1GF1GG1GH1GI1GJ1GK1GL1GM1GN1GO1GP1GQ1GR1GS1GT1GU1GV1GW1GX1HA1HB1HC1HD1HE1HF1HG1HH1HI1HJ1HK1HL1HM1HN1HO1HP1HQ1HR1HS1HT1HU1HV1HW1HX1IA1IB1IC1ID1IE1IF1IG1IH1II1IJ1IK1IL1IM1IN1IO1IP1IQ1IR1IS1IT1IU1IV1IW1IX1JA1JB1JC1JD1JE1JF1JG1JH1JI1JJ1JK1JL1JM1JN1JO1JP1JQ1JR1JS1JT1JU1JV1JW1JX1KA1KB1KC1KD1KE1KF1KG1KH1KI1KJ1KK1KL1KM1KN1KO1KP1KQ1KR1KS1KT1KU1KV1KW1KX1LA1LB1LC1LD1LE1LF1LG1LH1LI1LJ1LK1LL1LM1LN1LO1LP1LQ1LR1LS1LT1LU1LV1LW1LX1MA1MB1MC1MD1ME1MF1MG1MH1MI1MJ1MK1ML1MM1MN1MO1MP1MQ1MR1MS1MT1MU1MV1MW1MX1NA1NB1NC1ND1NE1NF1NG1NH1NI1NJ1NK1NL1NM1NN1NO1NP1NQ1NR1NS1NT1NU1NV1NW1NX1OA1OB1OC1OD1OE1OF1OG1OH1OI1OJ1OK1OL1OM1ON1OO1OP1OQ1OR1OS1OT1OU1OV1OW1OX1PC1PD1PE1PF1PG1PH1PI1PJ1PK1PL1PM1PN1PO1PP1PQ1PR1PS1PT1PU1PV1PW1PX1QC1QD1QE1QF1QG1QH1QI1QJ1QK1QL1QM1QN1QO1QP1QQ1QR1QS1QT1QU1QV1QW1QX1RD1RE1RF1RG1RH1RI1RJ1RK1RL1RM1RN1RO1RP1RQ1RR1RS1RT1RU1RV1RW1RX1SC1SD1SE1SF1SG1SH1SI1SJ1SK1SL1SM1SN1SO1SP1SQ1SR1SS1ST1SU1SV1SW1SX1TB1TC1TD1TE1TF1TG1TH1TI1TJ1TK1TL1TM1TN1TO1TP1TQ1TR1TS1TT1TU1TV1TW1TX1UA1UB1UC1UD1UE1UF1UG1UH1UI1UJ1UK1UL1UM1UN1UO1UP1UQ1UR1US1UT1UU1UV1UW1UX1VA1VB1VC1VD1VE1VF1VG1VH1VI1VJ1VK1VL1VM1VN1VO1VP1VQ1VR1VS1VT1VU1VV1VW1VX1WA1WB1WC1WD1WE1WF1WG1WH1WI1WJ1WK1WL1WM1WN1WO1WP1WQ1WR1WS1WT1WU1WV1WW1WX1XA1XB1XC1XD1XE1XF1XG1XH1XI1XJ1XK1XL1XM1XN1XO1XP1XQ1XR1XS1XT1XU1XV1XW1XX2EA2EB2EC2ED2EF2FA2FB2FC2FD2FE2FF2FG2GA2GB2GC2GD2GE2GF2GG2HA2HB2HC2HD2HE2HF2HG2IA2IB2IC2ID2IE2IF2IG2JA2JB2JC2JD2JE2JF2JG2KA2KB2KC2KD2KE2KF2KG2QA2RA2RB2RX2SA2SB2SC2SX2TA2TB2TC2TD2TX2UA2UB2UC2UD2UN2UO2UP2UQ2UR2US2UT2UU2UV2UW2UX2VA2VB2VC2VD2VE2VF2VG2VH2VI2VJ2VK2VL2VM2VN2VO2VP2VQ2VR2VS2VT2VU2VV2VW2VX2WA2WB2WC2WD2WE2WF2WG2WH2WI2WJ2WK2WL2WM2WN2WO2WP2WQ2WR2WS2WT2WU2WV2WW2WX2XA2XB2XC2XD2XE2XF2XG2XH2XI2XJ2XK2XL2XM2XN2XO2XP2XQ2XR2XS2XT2XU2XV2XW2XX3AA3AB3AC3AD3AE3AF3AG3AH3AI3AJ3AK3AL3AM3AN3AO3AP3AQ3AR3AW3AX3BA3BB3BC3BD3BE3BF3BG3BH3BI3BJ3BK3BL3BM3BN3BO3BP3BQ3BR3BS3BU3BV3BW3BX3CA3CB3CC3CD3CE3CF3CG3CH3CI3CJ3CK3CL3CM3CN3CO3CP3CQ3CR3CS3CT3CU3CV3CW3CX3DB3DC3DD3DE3DF3DG3DH3DI3DJ3DK3DL3DM3DN3DO3DP3DQ3DR3DS3DT3DU3DX3EB3EC3ED3EE3EF3EG3EH3EI3EJ3EK3EL3EM3EN3EO3EP3EQ3ER3ES3ET3EU3EV3FB3FC3FD3FE3FF3FG3FH3FI3FJ3FK3FL3FM3FN3FO3FP3FQ3FR3FS3FT3FU3FV3FW3FX3GA3GB3GC3GD3GE3GF3GG3GH3GI3GJ3GK3GL3GM3GN3GO3GP3GQ3GR3GS3GT3GU3GV3GW3GX3HA3HB3HC3HD3HE3HF3HG3HH3HI3HJ3HK3HL3HM3HN3HO3HP3HQ3HR3HS3HT3HU3HV3HW3HX3IA3IC3ID3IE3IF3IG3IH3II3IJ3IK3IL3IM3IN3IO3IP3IQ3IR3IS3IT3IU3IV3IW3IX3JA3JE3JF3JG3JH3JI3JJ3JK3JL3JM3JN3JO3JP3JQ3JR3JS3JT3JU3JV3JW3JX3KA3KB3KC3KF3KG3KH3KI3KJ3KK3KL3KM3KN3KO3KP3KQ3KR3KS3KT3KU3KV3KW3KX3LA3LB3LF3LG3LH3LI3LJ3LK3LL3LM3LN3LO3LP3LQ3LR3LS3LT3LU3LV3LW3LX3MF3MG3MH3MI3MJ3MK3ML3MM3MN3MO3MP3MQ3MR3MS3MT3MU3MV3MW3MX3NB3NC3ND3NE3NF3NG3NH3NI3NJ3NK3NL3NM3NN3NO3NP3NQ3NR3NS3NT3NU3NV3NW3NX3OB3OC3OD3OE3OF3OG3OH3OI3OJ3OK3OL3OM3ON3OO3OP3OQ3OR3OS3OT3OU3OV3OW3OX3PB3PC3PD3PE3PF3PG3PH3PI3PJ3PK3PL3PM3PN3PO3PP3PQ3PR3PS3PT3PU3PV3PW3PX3QB3QC3QD3QE3QF3QG3QH3QI3QJ3QK3QL3QM3QN3QO3QP3QQ3QR3QS3QT3QU3QV3QW3QX3RB3RC3RD3RE3RF3RG3RH3RI3RJ3RK3RL3RM3RN3RO3RP3RQ3RR3RS3RT3RU3RV3RW3RX3SB3SC3SD3SE3SF3SG3SH3SI3SJ3SK3SL3SM3SN3SO3SP3SQ3SR3SS3ST3SU3SV3SW3SX3TB3TC3TD3TE3TF3TG3TH3TI3TJ3TK3TL3TM3TN3TO3TP3TQ3TR3TS3TT3TU3TV3TW3TX3UC3UD3UE3UF3UG3UH3UI3UJ3UK3UL3UM3UN3UO3UP3UQ3UR3US3UT3UU3UV3UW3UX3VD3VE3VF3VG3VH3VI3VJ3VK3VL3VM3VN3VO3VP3VQ3VR3VS3VT3VU3VV3VW3VX3WE3WF3WG3WH3WI3WJ3WK3WL3WM3WN3WO3WP3WQ3WR3WS3WT3WU3WV3WW3WX3XE3XF3XG3XH3XI3XJ3XK3XL3XM3XN3XO3XP3XQ3XR3XS3XT3XU3XV3XW3XX4AA4AB4AC4AD4AE4AF4AG4AH4AI4AJ4AK4AL4AM4AN4AO4AP4AQ4AR4AS4AT4BA4BB4BC4BD4BE4BF4BG4BH4BI4BJ4BK4BL4BM4BN4BO4BP4BQ4BR4BS4BT4CA4CB4CC4CD4CE4CF4CG4CH4CI4CJ4CK4CL4CM4CN4CO4CP4CQ4CR4CS4CT4DA4DB4DC4DD4DE4DF4DG4DH4DI4DJ4DK4DL4DM4DN4DO4DP4DQ4DR4DS4DT4EA4EB4EC4ED4EE4EF4EG4EH4EI4EJ4EK4EL4EM4EN4EO4EP4EQ4ER4ES4ET4EU4FA4FB4FC4FD4FE4FF4FG4FH4FI4FJ4FK4FL4FM4FN4FO4FP4FQ4FR4FS4FT4FU4FV4GA4GB4GC4GD4GE4GF4GG4GH4GI4GJ4GK4GL4GM4GN4GO4GP4GQ4GR4GS4GT4GU4GV4GW4GX4HA4HB4HC4HD4HE4HF4HG4HH4HI4HJ4HK4HL4HM4HN4HO4HP4HQ4HR4HS4HT4HU4HV4HW4HX4IA4IB4IC4ID4IE4IF4IG4IH4II4IJ4IK4IL4IM4IN4IO4IP4IQ4IR4IS4IT4IU4IV4IW4IX4JA4JB4JC4JD4JE4JF4JG4JH4JI4JJ4JK4JL4JM4JN4JO4JP4JQ4JR4JS4JT4JU4JV4JW4JX4KA4KB4KC4KD4KE4KF4KG4KH4KI4KJ4KK4KL4KM4KN4KO4KP4KQ4KR4KS4KT4KU4KV4KW4KX4LA4LB4LC4LD4LE4LF4LG4LH4LI4LJ4LK4LL4LM4LN4LO4LP4LQ4LR4LS4LT4LU4LV4LW4LX4MA4MB4MC4MD4ME4MF4MG4MH4MI4MJ4MK4ML4MM4MN4MO4MP4MQ4MR4MS4MT4MU4MV4MW4MX4NA4NB4NC4ND4NE4NF4NG4NH4NI4NJ4NK4NL4NM4NN4NO4NP4NQ4NR4NS4NT4NU4NV4NW4NX4OA4OB4OC4OD4OE4OF4OG4OH4OI4OL4OM4ON4OO4OP4OQ4OR4OS4OT4OU4OV4OW4OX4PA4PB4PC4PD4PE4PF4PG4PM4PN4PO4PP4PQ4PR4PS4PT4PU4PV4PW4PX4QA4QB4QC4QD4QE4QF4QN4QO4QP4QQ4QR4QS4QT4QU4QV4QW4QX4RA4RB4RC4RD4RE4RF4RO4RP4RQ4RR4RS4RT4RU4RV4RW4RX4SA4SB4SC4SD4SE4SF4SP4SQ4SR4SS4ST4SU4SV4SW4SX4TD4TE4TF4TQ4TR4TS4TT4TU4TV4TW4TX4UD4UE4UF4US4UT4UU4UV4UW4UX4VE4VF4VG4VT4VU4VV4VW4VX4WC4WE4WF4WG4WH4WU4WV4WW4WX</Field35>
<Field36>1655</Field36>
<Field37>1BU1BV1BW1BX1CU1CV1CW1CX1DU1DV1DW1DX1PA1PB1QA1QB1RA1RB1RC1SA1SB1TA2AA2AB2AC2AD2AE2AF2AG2BA2BB2BC2BD2BE2BF2BG2CA2CB2CC2CD2CE2CF2CG2DA2DB2DC2DD2DE2DF2DG2EE2EG3AS3AT3AU3AV3BT3DV3DW3EW3EX3IB3JB3JC3JD3KD3KE3LC3LD3LE3MB3MC3MD3ME3UB3VB3VC3WB3WC3WD3XB3XC3XD4AU4AV4AW4AX4BU4BV4BW4BX4CU4CV4CW4CX4DU4DV4DW4DX4EV4EW4EX4FW4FX4OJ4OK4PH4PI4PJ4PK4PL4QG4QH4QI4QJ4QK4QL4QM4RG4RH4RI4RJ4RK4RL4RM4RN4SG4SH4SI4SJ4SK4SL4SM4SN4SO4TA4TB4TC4TG4TH4TI4TJ4TK4TL4TM4TN4TO4TP4UA4UB4UC4UG4UH4UI4UJ4UK4UL4UM4UN4UO4UP4UQ4UR4VA4VB4VC4VD4VH4VI4VJ4VK4VL4VM4VN4VO4VP4VQ4VR4VS4WA4WB4WD4WI4WJ4WK4WL4WM4WN4WO4WP4WQ4WR4WS4WT4XA4XS4XT</Field37>
<Field38>197</Field38>
<Field40>0</Field40>
</results>
<results>
<Field1>3INZSNUD8238QZODBZL3ZIFJY269DN</Field1>
<Field2>3PUZG2R74TXVF7CR9RD94D92J8X45X</Field2>
<Field3>Participate in a land classification study (Bonuses for accuracy)</Field3>
<Field4>Classify an aerial image into four different types of land cover</Field4>
<Field5>image classification, land cover, photo interpretation</Field5>
<Field6>$0.50</Field6>
<Field7>Tue Jun 29 15:46:53 PDT 2021</Field7>
<Field8>6</Field8>
<Field9>BatchId:4491423;OriginalHitTemplateId:928390828;</Field9>
<Field10>3600</Field10>
<Field11>259200</Field11>
<Field12>Tue Jul 06 15:46:53 PDT 2021</Field12>
<Field15>39OWYR0EPN4MC48B0KDABJ7MCL3FY1</Field15>
<Field16>AO2WNSGOXAX52</Field16>
<Field17>Submitted</Field17>
<Field18>Tue Jun 29 17:17:55 PDT 2021</Field18>
<Field19>Tue Jun 29 17:44:20 PDT 2021</Field19>
<Field20>Fri Jul 02 17:44:20 PDT 2021</Field20>
<Field24>1585</Field24>
<Field25>0% (0/0)</Field25>
<Field26>0% (0/0)</Field26>
<Field27>0% (0/0)</Field27>
<Field28>25889</Field28>
<Field29>old</Field29>
<Field30>img25889_old.jpg</Field30>
<Field31>https://raw.githubusercontent.com/ROIHabitat/lcimages/master/img25889_old.jpg</Field31>
<Field32>2304</Field32>
<Field34>0</Field34>
<Field36>0</Field36>
<Field37>1AA1AB1AC1AD1AE1AF1AG1AH1AI1AJ1AK1AL1AM1AN1AO1AP1AQ1AR1AS1AT1AU1AV1AW1AX1BA1BB1BC1BD1BE1BF1BG1BH1BI1BJ1BK1BL1BM1BN1BO1BP1BQ1BR1BS1BT1BU1BV1BW1BX1CA1CB1CC1CD1CE1CF1CG1CH1CI1CJ1CK1CL1CM1CN1CO1CP1CQ1CR1CS1CT1CU1CV1CW1CX1DA1DB1DC1DD1DE1DF1DG1DH1DI1DJ1DK1DL1DM1DN1DO1DP1DQ1DR1DS1DT1DU1DV1DW1DX1EA1EB1EC1ED1EE1EF1EG1EH1EI1EJ1EK1EL1EM1EN1EO1EP1EQ1ER1ES1ET1EU1EV1EW1EX1FA1FB1FC1FD1FE1FF1FG1FH1FI1FJ1FK1FL1FM1FN1FO1FP1FQ1FR1FS1FT1FU1FV1FW1FX1GA1GB1GC1GD1GE1GF1GG1GH1GI1GJ1GK1GL1GM1GN1GO1GP1GQ1GR1GS1GT1GU1GV1GW1GX1HA1HB1HC1HD1HE1HF1HG1HH1HI1HJ1HK1HL1HM1HN1HO1HP1HQ1HR1HS1HT1HU1HV1HW1HX1IA1IB1IC1ID1IE1IF1IG1IH1II1IJ1IK1IL1IM1IN1IO1IP1IQ1IR1IS1IT1IU1IV1IW1IX1JA1JB1JC1JD1JE1JF1JG1JH1JI1JJ1JK1JL1JM1JN1JO1JP1JQ1JR1JS1JT1JU1JV1JW1JX1KA1KB1KC1KD1KE1KF1KG1KH1KI1KJ1KK1KL1KM1KN1KO1KP1KQ1KR1KS1KT1KU1KV1KW1KX1LA1LB1LC1LD1LE1LF1LG1LH1LI1LJ1LK1LL1LM1LN1LO1LP1LQ1LR1LS1LT1LU1LV1LW1LX1MA1MB1MC1MD1ME1MF1MG1MH1MI1MJ1MK1ML1MM1MN1MO1MP1MQ1MR1MS1MT1MU1MV1MW1MX1NA1NB1NC1ND1NE1NF1NG1NH1NI1NJ1NK1NL1NM1NN1NO1NP1NQ1NR1NS1NT1NU1NV1NW1NX1OA1OB1OC1OD1OE1OF1OG1OH1OI1OJ1OK1OL1OM1ON1OO1OP1OQ1OR1OS1OT1OU1OV1OW1OX1PA1PB1PC1PD1PE1PF1PG1PH1PI1PJ1PK1PL1PM1PN1PO1PP1PQ1PR1PS1PT1PU1PV1PW1PX1QA1QB1QC1QD1QE1QF1QG1QH1QI1QJ1QK1QL1QM1QN1QO1QP1QQ1QR1QS1QT1QU1QV1QW1QX1RA1RB1RC1RD1RE1RF1RG1RH1RI1RJ1RK1RL1RM1RN1RO1RP1RQ1RR1RS1RT1RU1RV1RW1RX1SA1SB1SC1SD1SE1SF1SG1SH1SI1SJ1SK1SL1SM1SN1SO1SP1SQ1SR1SS1ST1SU1SV1SW1SX1TA1TB1TC1TD1TE1TF1TG1TH1TI1TJ1TK1TL1TM1TN1TO1TP1TQ1TR1TS1TT1TU1TV1TW1TX1UA1UB1UC1UD1UE1UF1UG1UH1UI1UJ1UK1UL1UM1UN1UO1UP1UQ1UR1US1UT1UU1UV1UW1UX1VA1VB1VC1VD1VE1VF1VG1VH1VI1VJ1VK1VL1VM1VN1VO1VP1VQ1VR1VS1VT1VU1VV1VW1VX1WA1WB1WC1WD1WE1WF1WG1WH1WI1WJ1WK1WL1WM1WN1WO1WP1WQ1WR1WS1WT1WU1WV1WW1WX1XA1XB1XC1XD1XE1XF1XG1XH1XI1XJ1XK1XL1XM1XN1XO1XP1XQ1XR1XS1XT1XU1XV1XW1XX2AA2AB2AC2AD2AE2AF2AG2AH2AI2AJ2AK2AL2AM2AN2AO2AP2AQ2AR2AS2AT2AU2AV2AW2AX2BA2BB2BC2BD2BE2BF2BG2BH2BI2BJ2BK2BL2BM2BN2BO2BP2BQ2BR2BS2BT2BU2BV2BW2BX2CA2CB2CC2CD2CE2CF2CG2CH2CI2CJ2CK2CL2CM2CN2CO2CP2CQ2CR2CS2CT2CU2CV2CW2CX2DA2DB2DC2DD2DE2DF2DG2DH2DI2DJ2DK2DL2DM2DN2DO2DP2DQ2DR2DS2DT2DU2DV2DW2DX2EA2EB2EC2ED2EE2EF2EG2EH2EI2EJ2EK2EL2EM2EN2EO2EP2EQ2ER2ES2ET2EU2EV2EW2EX2FA2FB2FC2FD2FE2FF2FG2FH2FI2FJ2FK2FL2FM2FN2FO2FP2FQ2FR2FS2FT2FU2FV2FW2FX2GA2GB2GC2GD2GE2GF2GG2GH2GI2GJ2GK2GL2GM2GN2GO2GP2GQ2GR2GS2GT2GU2GV2GW2GX2HA2HB2HC2HD2HE2HF2HG2HH2HI2HJ2HK2HL2HM2HN2HO2HP2HQ2HR2HS2HT2HU2HV2HW2HX2IA2IB2IC2ID2IE2IF2IG2IH2II2IJ2IK2IL2IM2IN2IO2IP2IQ2IR2IS2IT2IU2IV2IW2IX2JA2JB2JC2JD2JE2JF2JG2JH2JI2JJ2JK2JL2JM2JN2JO2JP2JQ2JR2JS2JT2JU2JV2JW2JX2KA2KB2KC2KD2KE2KF2KG2KH2KI2KJ2KK2KL2KM2KN2KO2KP2KQ2KR2KS2KT2KU2KV2KW2KX2LA2LB2LC2LD2LE2LF2LG2LH2LI2LJ2LK2LL2LM2LN2LO2LP2LQ2LR2LS2LT2LU2LV2LW2LX2MA2MB2MC2MD2ME2MF2MG2MH2MI2MJ2MK2ML2MM2MN2MO2MP2MQ2MR2MS2MT2MU2MV2MW2MX2NA2NB2NC2ND2NE2NF2NG2NH2NI2NJ2NK2NL2NM2NN2NO2NP2NQ2NR2NS2NT2NU2NV2NW2NX2OA2OB2OC2OD2OE2OF2OG2OH2OI2OJ2OK2OL2OM2ON2OO2OP2OQ2OR2OS2OT2OU2OV2OW2OX2PA2PB2PC2PD2PE2PF2PG2PH2PI2PJ2PK2PL2PM2PN2PO2PP2PQ2PR2PS2PT2PU2PV2PW2PX2QA2QB2QC2QD2QE2QF2QG2QH2QI2QJ2QK2QL2QM2QN2QO2QP2QQ2QR2QS2QT2QU2QV2QW2QX2RA2RB2RC2RD2RE2RF2RG2RH2RI2RJ2RK2RL2RM2RN2RO2RP2RQ2RR2RS2RT2RU2RV2RW2RX2SA2SB2SC2SD2SE2SF2SG2SH2SI2SJ2SK2SL2SM2SN2SO2SP2SQ2SR2SS2ST2SU2SV2SW2SX2TA2TB2TC2TD2TE2TF2TG2TH2TI2TJ2TK2TL2TM2TN2TO2TP2TQ2TR2TS2TT2TU2TV2TW2TX2UA2UB2UC2UD2UE2UF2UG2UH2UI2UJ2UK2UL2UM2UN2UO2UP2UQ2UR2US2UT2UU2UV2UW2UX2VA2VB2VC2VD2VE2VF2VG2VH2VI2VJ2VK2VL2VM2VN2VO2VP2VQ2VR2VS2VT2VU2VV2VW2VX2WA2WB2WC2WD2WE2WF2WG2WH2WI2WJ2WK2WL2WM2WN2WO2WP2WQ2WR2WS2WT2WU2WV2WW2WX2XA2XB2XC2XD2XE2XF2XG2XH2XI2XJ2XK2XL2XM2XN2XO2XP2XQ2XR2XS2XT2XU2XV2XW2XX3AA3AB3AC3AD3AE3AF3AG3AH3AI3AJ3AK3AL3AM3AN3AO3AP3AQ3AR3AS3AT3AU3AV3AW3AX3BA3BB3BC3BD3BE3BF3BG3BH3BI3BJ3BK3BL3BM3BN3BO3BP3BQ3BR3BS3BT3BU3BV3BW3BX3CA3CB3CC3CD3CE3CF3CG3CH3CI3CJ3CK3CL3CM3CN3CO3CP3CQ3CR3CS3CT3CU3CV3CW3CX3DA3DB3DC3DD3DE3DF3DG3DH3DI3DJ3DK3DL3DM3DN3DO3DP3DQ3DR3DS3DT3DU3DV3DW3DX3EA3EB3EC3ED3EE3EF3EG3EH3EI3EJ3EK3EL3EM3EN3EO3EP3EQ3ER3ES3ET3EU3EV3EW3EX3FA3FB3FC3FD3FE3FF3FG3FH3FI3FJ3FK3FL3FM3FN3FO3FP3FQ3FR3FS3FT3FU3FV3FW3FX3GA3GB3GC3GD3GE3GF3GG3GH3GI3GJ3GK3GL3GM3GN3GO3GP3GQ3GR3GS3GT3GU3GV3GW3GX3HA3HB3HC3HD3HE3HF3HG3HH3HI3HJ3HK3HL3HM3HN3HO3HP3HQ3HR3HS3HT3HU3HV3HW3HX3IA3IB3IC3ID3IE3IF3IG3IH3II3IJ3IK3IL3IM3IN3IO3IP3IQ3IR3IS3IT3IU3IV3IW3IX3JA3JB3JC3JD3JE3JF3JG3JH3JI3JJ3JK3JL3JM3JN3JO3JP3JQ3JR3JS3JT3JU3JV3JW3JX3KA3KB3KC3KD3KE3KF3KG3KH3KI3KJ3KK3KL3KM3KN3KO3KP3KQ3KR3KS3KT3KU3KV3KW3KX3LA3LB3LC3LD3LE3LF3LG3LH3LI3LJ3LK3LL3LM3LN3LO3LP3LQ3LR3LS3LT3LU3LV3LW3LX3MA3MB3MC3MD3ME3MF3MG3MH3MI3MJ3MK3ML3MM3MN3MO3MP3MQ3MR3MS3MT3MU3MV3MW3MX3NA3NB3NC3ND3NE3NF3NG3NH3NI3NJ3NK3NL3NM3NN3NO3NP3NQ3NR3NS3NT3NU3NV3NW3NX3OA3OB3OC3OD3OE3OF3OG3OH3OI3OJ3OK3OL3OM3ON3OO3OP3OQ3OR3OS3OT3OU3OV3OW3OX3PA3PB3PC3PD3PE3PF3PG3PH3PI3PJ3PK3PL3PM3PN3PO3PP3PQ3PR3PS3PT3PU3PV3PW3PX3QA3QB3QC3QD3QE3QF3QG3QH3QI3QJ3QK3QL3QM3QN3QO3QP3QQ3QR3QS3QT3QU3QV3QW3QX3RA3RB3RC3RD3RE3RF3RG3RH3RI3RJ3RK3RL3RM3RN3RO3RP3RQ3RR3RS3RT3RU3RV3RW3RX3SA3SB3SC3SD3SE3SF3SG3SH3SI3SJ3SK3SL3SM3SN3SO3SP3SQ3SR3SS3ST3SU3SV3SW3SX3TA3TB3TC3TD3TE3TF3TG3TH3TI3TJ3TK3TL3TM3TN3TO3TP3TQ3TR3TS3TT3TU3TV3TW3TX3UA3UB3UC3UD3UE3UF3UG3UH3UI3UJ3UK3UL3UM3UN3UO3UP3UQ3UR3US3UT3UU3UV3UW3UX3VA3VB3VC3VD3VE3VF3VG3VH3VI3VJ3VK3VL3VM3VN3VO3VP3VQ3VR3VS3VT3VU3VV3VW3VX3WA3WB3WC3WD3WE3WF3WG3WH3WI3WJ3WK3WL3WM3WN3WO3WP3WQ3WR3WS3WT3WU3WV3WW3WX3XA3XB3XC3XD3XE3XF3XG3XH3XI3XJ3XK3XL3XM3XN3XO3XP3XQ3XR3XS3XT3XU3XV3XW3XX4AA4AB4AC4AD4AE4AF4AG4AH4AI4AJ4AK4AL4AM4AN4AO4AP4AQ4AR4AS4AT4AU4AV4AW4AX4BA4BB4BC4BD4BE4BF4BG4BH4BI4BJ4BK4BL4BM4BN4BO4BP4BQ4BR4BS4BT4BU4BV4BW4BX4CA4CB4CC4CD4CE4CF4CG4CH4CI4CJ4CK4CL4CM4CN4CO4CP4CQ4CR4CS4CT4CU4CV4CW4CX4DA4DB4DC4DD4DE4DF4DG4DH4DI4DJ4DK4DL4DM4DN4DO4DP4DQ4DR4DS4DT4DU4DV4DW4DX4EA4EB4EC4ED4EE4EF4EG4EH4EI4EJ4EK4EL4EM4EN4EO4EP4EQ4ER4ES4ET4EU4EV4EW4EX4FA4FB4FC4FD4FE4FF4FG4FH4FI4FJ4FK4FL4FM4FN4FO4FP4FQ4FR4FS4FT4FU4FV4FW4FX4GA4GB4GC4GD4GE4GF4GG4GH4GI4GJ4GK4GL4GM4GN4GO4GP4GQ4GR4GS4GT4GU4GV4GW4GX4HA4HB4HC4HD4HE4HF4HG4HH4HI4HJ4HK4HL4HM4HN4HO4HP4HQ4HR4HS4HT4HU4HV4HW4HX4IA4IB4IC4ID4IE4IF4IG4IH4II4IJ4IK4IL4IM4IN4IO4IP4IQ4IR4IS4IT4IU4IV4IW4IX4JA4JB4JC4JD4JE4JF4JG4JH4JI4JJ4JK4JL4JM4JN4JO4JP4JQ4JR4JS4JT4JU4JV4JW4JX4KA4KB4KC4KD4KE4KF4KG4KH4KI4KJ4KK4KL4KM4KN4KO4KP4KQ4KR4KS4KT4KU4KV4KW4KX4LA4LB4LC4LD4LE4LF4LG4LH4LI4LJ4LK4LL4LM4LN4LO4LP4LQ4LR4LS4LT4LU4LV4LW4LX4MA4MB4MC4MD4ME4MF4MG4MH4MI4MJ4MK4ML4MM4MN4MO4MP4MQ4MR4MS4MT4MU4MV4MW4MX4NA4NB4NC4ND4NE4NF4NG4NH4NI4NJ4NK4NL4NM4NN4NO4NP4NQ4NR4NS4NT4NU4NV4NW4NX4OA4OB4OC4OD4OE4OF4OG4OH4OI4OJ4OK4OL4OM4ON4OO4OP4OQ4OR4OS4OT4OU4OV4OW4OX4PA4PB4PC4PD4PE4PF4PG4PH4PI4PJ4PK4PL4PM4PN4PO4PP4PQ4PR4PS4PT4PU4PV4PW4PX4QA4QB4QC4QD4QE4QF4QG4QH4QI4QJ4QK4QL4QM4QN4QO4QP4QQ4QR4QS4QT4QU4QV4QW4QX4RA4RB4RC4RD4RE4RF4RG4RH4RI4RJ4RK4RL4RM4RN4RO4RP4RQ4RR4RS4RT4RU4RV4RW4RX4SA4SB4SC4SD4SE4SF4SG4SH4SI4SJ4SK4SL4SM4SN4SO4SP4SQ4SR4SS4ST4SU4SV4SW4SX4TA4TB4TC4TD4TE4TF4TG4TH4TI4TJ4TK4TL4TM4TN4TO4TP4TQ4TR4TS4TT4TU4TV4TW4TX4UA4UB4UC4UD4UE4UF4UG4UH4UI4UJ4UK4UL4UM4UN4UO4UP4UQ4UR4US4UT4UU4UV4UW4UX4VA4VB4VC4VD4VE4VF4VG4VH4VI4VJ4VK4VL4VM4VN4VO4VP4VQ4VR4VS4VT4VU4VV4VW4VX4WA4WB4WC4WD4WE4WF4WG4WH4WI4WJ4WK4WL4WM4WN4WO4WP4WQ4WR4WS4WT4WU4WV4WW4WX4XA4XB4XC4XD4XE4XF4XG4XH4XI4XJ4XK4XL4XM4XN4XO4XP4XQ4XR4XS4XT4XU4XV4XW4XX</Field37>
<Field38>2304</Field38>
<Field40>0</Field40>
</results>
<results>
<Field1>3INZSNUD8238QZODBZL3ZIFJY269DN</Field1>
<Field2>3PUZG2R74TXVF7CR9RD94D92J8X45X</Field2>
<Field3>Participate in a land classification study (Bonuses for accuracy)</Field3>
<Field4>Classify an aerial image into four different types of land cover</Field4>
<Field5>image classification, land cover, photo interpretation</Field5>
<Field6>$0.50</Field6>
<Field7>Tue Jun 29 15:46:53 PDT 2021</Field7>
<Field8>6</Field8>
<Field9>BatchId:4491423;OriginalHitTemplateId:928390828;</Field9>
<Field10>3600</Field10>
<Field11>259200</Field11>
<Field12>Tue Jul 06 15:46:53 PDT 2021</Field12>
<Field15>3D8YOU6S9HX9C2VVPQDHESOWNZW6U0</Field15>
<Field16>A1NSS58MHS3QXY</Field16>
<Field17>Submitted</Field17>
<Field18>Tue Jun 29 19:47:21 PDT 2021</Field18>
<Field19>Tue Jun 29 20:13:36 PDT 2021</Field19>
<Field20>Fri Jul 02 20:13:36 PDT 2021</Field20>
<Field24>1575</Field24>
<Field25>0% (0/0)</Field25>
<Field26>0% (0/0)</Field26>
<Field27>0% (0/0)</Field27>
<Field28>25889</Field28>
<Field29>old</Field29>
<Field30>img25889_old.jpg</Field30>
<Field31>https://raw.githubusercontent.com/ROIHabitat/lcimages/master/img25889_old.jpg</Field31>
<Field32>2298</Field32>
<Field34>0</Field34>
<Field35>2AH2AI2AJ2AK2AL2AM2AN2AO2AP2BH2BI2BJ2BK2BL2BM2BN2BO2BP2CH2CI2CJ2CK2CL2CM2CN2CO2CP2DH2DI2DJ2DK2DL2DM2DN2DO2DP2EA2EB2EC2EH2EI2EJ2EK2EL2EM2EN2EO2EP2FA2FB2FC2FD2FE2FF2FG2FH2FI2FJ2FK2FL2FM2FN2FO2FP2GA2GB2GC2GD2GE2GF2GG2GH2GI2GJ2GK2GL2GM2GN2GO2GP2HA2HF2HG2HH2HI2HJ2HK2HL2HM2HN2HO2HP2IF2IG2IH2II2IJ2IK2IL2IM2IN2IO2IP2JG2JH2JI2JJ2JK2JL2JM2JN2JO2JP2KG2KH2KI2KJ2KK2KL2KM2KN2KO2KP2LA2LB2LC2LD2LE2LF2LG2LH2LI2LJ2LK2LL2LM2LN2LO2LP2MA2MB2MC2MD2ME2MF2MG2MH2MI2MJ2MK2ML2MM2MN2MO2MP2NA2NB2NC2ND2NE2NF2NG2NH2NI2NJ2NK2NL2NM2NN2NO2NP2OA2OB2OC2OD2OE2OF2OG2OH2OI2OJ2OK2OL2OM2ON2OO2OP2PA2PB2PC2PD2PE2PF2PG2PH2PI2PJ2PK2PL2PM2PN2PO2PP2QB2QC2QD2QE2QF2QG2QH2QI2QJ2QK2QL2QM2QN2QO2QP2RC2RD2RE2RF2RG2RH2RI2RJ2RK2RL2RM2RN2RO2RP2SD2SE2SF2SG2SH2SI2SJ2SK2SL2SM2SN2SO2SP2TE2TF2TG2TH2TI2TJ2TK2TL2TM2TN2TO2TP2UF2UG2UH2UI2UJ2UK2UL2UM2UN2UO2UP3AA3AB3AC3AD3AE3AF3AG3AH3AI3AJ3AK3AL3AM3AN3AS3AT3AU3AV3AW3AX3BA3BB3BC3BD3BE3BF3BG3BH3BI3BJ3BK3BL3BM3BN3BS3BT3BU3BV3BW3CA3CB3CC3CD3CE3CF3CG3CH3CI3CJ3CK3CL3CM3CN3CT3CU3CV3CW3CX3DA3DB3DC3DD3DE3DF3DG3DH3DI3DJ3DK3DL3DM3DV3DW3DX3EA3EB3EC3ED3EE3EF3EG3EH3EI3EJ3EK3EL3EM3EN3EP3EQ3EV3EW3EX3FA3FC3FD3FE3FF3FG3FH3FI3FJ3FK3FL3FM3FN3FP3FQ3FR3FV3FW3FX3GA3GB3GC3GD3GE3GF3GG3GH3GI3GJ3GK3GL3GM3GN3GP3GQ3GV3GW3GX3HA3HC3HD3HE3HF3HG3HH3HI3HJ3HK3HL3HM3HV3HW3HX3ID3IE3IF3IG3IH3II3IJ3IK3IL3IM3IN3IO3IU3IV3IW3IX3JF3JG3JH3JI3JJ3JK3JL3JM3JN3JO3JP3JQ3JT3JU3JV3JW3JX3KG3KH3KI3KJ3KK3KL3KM3KN3KO3KP3KQ3KT3KU3KV3KW3KX3LG3LH3LI3LJ3LK3LL3LM3LN3LO3LP3LQ3LS3LT3LU3LV3LW3LX3MH3MI3MJ3MK3ML3MM3MN3MO3MP3MQ3MS3MT3MU3MV3MW3MX3NG3NH3NI3NJ3NK3NL3NM3NN3NO3NP3NQ3NS3NT3NU3NV3NW3NX3OA3OG3OH3OI3OJ3OK3OL3OM3ON3OO3OP3OQ3OS3OT3OU3OV3OW3OX3PA3PE3PF3PG3PH3PI3PJ3PL3PM3PN3PO3PP3PQ3PT3PU3PV3PW3PX3QA3QB3QH3QI3QJ3QK3QM3QN3QO3QP3QQ3QT3QU3QV3QW3QX3RA3RB3RC3RH3RI3RJ3RK3RN3RO3RP3RQ3RR3RV3RW3RX3SA3SB3SC3SG3SH3SI3SJ3SK3SL3SN3SO3SP3SQ3SR3SV3SW3SX3TA3TB3TC3TD3TE3TF3TG3TH3TI3TJ3TK3TL3TN3TO3TP3TQ3TR3TV3TW3TX3UE3UF3UG3UH3UI3UJ3UK3UL3UN3UO3UP3UQ3UR3US3UV3UW3UX3VG3VH3VI3VJ3VK3VL3VM3VN3VO3VP3VQ3VR3VS3VW3VX3WG3WH3WI3WJ3WK3WL3WM3WN3WO3WP3WQ3WR3WS3WW3WX3XG3XH3XI3XJ3XK3XL3XM3XN3XO3XP3XQ3XR3XS3XW3XX4AD4BC4BD4CA4CB4CC4CD4DA4DB4DC4DD4EA4EB4EC4ED4FA4FB4FC4FD4FE4FQ4FR4FS4GA4GB4GC4GD4GE4GF4GQ4GR4GS4HA4HB4HC4HD4HE4HF4HG4HQ4HR4HS4IA4IB4IC4ID4IE4IF4IG4IH4IR4IS4JC4JD4JE4JF4JG4JH4JT4JU4JV4JW4JX4KC4KD4KE4KF4KG4KH4KI4KT4KU4KV4KW4KX4LA4LB4LC4LD4LE4LF4LG4LH4LI4LJ4LT4LU4LV4LW4LX4MA4MB4MC4MD4ME4MF4MG4MH4MI4MJ4MK4MT4MU4MV4MW4MX4NA4NB4NC4ND4NE4NF4NG4NH4NI4NJ4NK4NL4NT4NU4NV4NW4NX4OA4OB4OC4OD4OE4OF4OK4OL4OM4OT4OU4OV4OW4OX4PA4PB4PC4PD4PE4PF4PL4PM4PN4PT4PU4PV4PW4PX4QA4QB4QC4QD4QE4QF4QN4QO4QU4QV4QW4QX4RA4RB4RC4RD4RE4RF4RO4RP4RV4RW4RX4SA4SB4SC4SD4SE4SF4SO4SP4SQ4SW4SX4TA4TB4TC4TD4TE4TF4TQ4TR4TX4UA4UB4UC4UD4UE4UF4UR4US4UT4VA4VB4VC4VD4VE4VF4VG4VT4VU4WA4WB4WC4WD4WE4WF4WG4WH4WT4WX4XA4XB4XC4XD4XE4XF4XG4XH4XI4XJ4XK4XL4XM4XN4XO4XP4XQ4XR4XS4XT4XX</Field35>
<Field36>922</Field36>
<Field37>1AR1AS1AT1AU1AV1AW1AX1BM1BN1BO1BP1BQ1BR1BS1BT1BU1BV1BW1BX1CU1CV1CW1CX1DU1DV1DW1DX1NA1OA1OB1PA1PB1QA1QB1QC1RA1RB1RC1RD1SA1SB1SC1TA1TB1UA1UB2AA2AB2AC2AD2AE2AF2AG2BA2BB2BC2BD2BE2BF2BG2CA2CB2CC2CD2CE2CF2CG2DA2DB2DC2DD2DE2DF2DG2ED2EE2EF2EG2TW2UU2UV2UW2VU2WV2WW2XU2XV2XW3IA3IB3IC3JA3JB3JC3JD3JE3KA3KB3KC3KD3KE3LA3LB3LC3LD3LE3MA3MB3MC3MD3ME3NA3NB3NC3ND3NE3VA3VB3VC3WA3WB3WC3WD3XA3XB3XC3XD4AT4AU4AV4AW4AX4BU4BV4BW4BX4CT4CU4CV4CW4CX4DU4DV4DW4DX4EV4EW4EX4FW4FX4OG4OH4OI4OJ4PG4PH4PI4PJ4PK4QG4QH4QI4QJ4QK4QL4QM4RG4RH4RI4RJ4RK4RL4RM4RN4SG4SH4SI4SJ4SK4SL4SM4SN4TG4TH4TI4TJ4TK4TL4TM4TN4TO4TP4UG4UH4UI4UJ4UK4UL4UM4UN4UO4UP4UQ4VH4VI4VJ4VK4VL4VM4VN4VO4VP4VQ4VR4VS4WI4WJ4WK4WL4WM4WN4WO4WP4WQ4WR4WS4WU4WV4WW4XU4XV4XW</Field37>
<Field38>232</Field38>
<Field39>1AA1AB1AC1AD1AE1AF1AG1AH1AI1AJ1AK1AL1AM1AN1AO1AP1AQ1BA1BB1BC1BD1BE1BF1BG1BH1BI1BJ1BK1BL1CA1CB1CC1CD1CE1CF1CG1CH1CI1CJ1CK1CL1CM1CN1CO1CP1CQ1CR1CS1CT1DA1DB1DC1DD1DE1DF1DG1DH1DI1DJ1DK1DL1DM1DN1DO1DP1DQ1DR1DS1DT1EA1EB1EC1ED1EE1EF1EG1EH1EI1EJ1EK1EL1EM1EN1EO1EP1EQ1ER1ES1ET1EU1EV1EW1EX1FA1FB1FC1FD1FE1FF1FG1FH1FI1FJ1FK1FL1FM1FN1FO1FP1FQ1FR1FS1FT1FU1FV1FW1FX1GA1GB1GC1GD1GE1GF1GG1GH1GI1GJ1GK1GL1GM1GN1GO1GP1GQ1GR1GS1GT1GU1GV1GW1GX1HA1HB1HC1HD1HE1HF1HG1HH1HI1HJ1HK1HL1HM1HN1HO1HP1HQ1HR1HS1HT1HU1HV1HW1HX1IA1IB1IC1ID1IE1IF1IG1IH1II1IJ1IK1IL1IM1IN1IO1IP1IQ1IR1IS1IT1IU1IV1IW1IX1JA1JB1JC1JD1JE1JF1JG1JH1JI1JJ1JK1JL1JM1JN1JO1JP1JQ1JR1JS1JT1JU1JV1JW1JX1KA1KB1KC1KD1KE1KF1KG1KH1KI1KJ1KK1KL1KM1KN1KO1KP1KQ1KR1KS1KT1KU1KV1KW1KX1LA1LB1LC1LD1LE1LF1LG1LH1LI1LJ1LK1LL1LM1LN1LO1LP1LQ1LR1LS1LT1LU1LV1LW1LX1MA1MB1MC1MD1ME1MF1MG1MH1MI1MJ1MK1ML1MM1MN1MO1MP1MQ1MR1MS1MT1MU1MV1MW1MX1NB1NC1ND1NE1NF1NG1NH1NI1NJ1NK1NL1NM1NN1NO1NP1NQ1NR1NS1NT1NU1NV1NW1NX1OC1OD1OE1OF1OG1OH1OI1OJ1OK1OL1OM1ON1OO1OP1OQ1OR1OS1OT1OU1OV1OW1OX1PC1PD1PE1PF1PG1PH1PI1PJ1PK1PL1PM1PN1PO1PP1PQ1PR1PS1PT1PU1PV1PW1PX1QD1QE1QF1QG1QH1QI1QJ1QK1QL1QM1QN1QO1QP1QQ1QR1QS1QT1QU1QV1QW1QX1RE1RF1RG1RH1RI1RJ1RK1RL1RM1RN1RO1RP1RQ1RR1RS1RT1RU1RV1RW1RX1SD1SE1SF1SG1SH1SI1SJ1SK1SL1SM1SN1SO1SP1SQ1SR1SS1ST1SU1SV1SW1SX1TC1TD1TE1TF1TG1TH1TI1TJ1TK1TL1TM1TN1TO1TP1TQ1TR1TS1TT1TU1TV1TW1TX1UC1UD1UE1UF1UG1UH1UI1UJ1UK1UL1UM1UN1UO1UP1UQ1UR1US1UT1UU1UV1UW1UX1VA1VB1VC1VD1VE1VF1VG1VH1VI1VJ1VK1VL1VM1VN1VO1VP1VQ1VR1VS1VT1VU1VV1VW1VX1WA1WB1WC1WD1WE1WF1WG1WH1WI1WJ1WK1WL1WM1WN1WO1WP1WQ1WR1WS1WT1WU1WV1WW1WX1XA1XB1XC1XD1XE1XF1XG1XH1XI1XJ1XK1XL1XM1XN1XO1XP1XQ1XR1XS1XT1XU1XV1XW1XX2AQ2AR2AS2AT2AU2AV2AW2AX2BQ2BR2BS2BT2BU2BV2BW2BX2CQ2CR2CS2CT2CU2CV2CW2CX2DQ2DR2DS2DT2DU2DV2DW2DX2EQ2ER2ES2ET2EU2EV2EW2EX2FQ2FR2FS2FT2FU2FV2FW2FX2GQ2GR2GS2GT2GU2GV2GW2GX2HB2HC2HD2HE2HQ2HR2HS2HT2HU2HV2HW2HX2IA2IB2IC2ID2IE2IQ2IR2IS2IT2IU2IV2IW2IX2JA2JB2JC2JD2JE2JF2JQ2JR2JS2JT2JU2JV2JW2JX2KA2KB2KC2KD2KE2KF2KQ2KR2KS2KT2KU2KV2KW2KX2LQ2LR2LS2LT2LU2LV2LW2LX2MQ2MR2MS2MT2MU2MV2MW2MX2NQ2NR2NS2NT2NU2NV2NW2NX2OQ2OR2OS2OT2OU2OV2OW2OX2PQ2PR2PS2PT2PU2PV2PW2PX2QA2QQ2QR2QS2QT2QU2QV2QW2QX2RA2RB2RQ2RR2RS2RT2RU2RV2RW2RX2SA2SB2SC2SQ2SR2SS2ST2SU2SV2SW2SX2TA2TB2TC2TD2TQ2TR2TS2TT2TU2TV2TX2UA2UB2UC2UD2UE2UQ2UR2US2UT2UX2VA2VB2VC2VD2VE2VF2VG2VH2VI2VJ2VK2VL2VM2VN2VO2VP2VQ2VR2VS2VT2VV2VW2VX2WA2WB2WC2WD2WE2WF2WG2WH2WI2WJ2WK2WL2WM2WN2WO2WP2WQ2WR2WS2WT2WU2WX2XA2XB2XC2XD2XE2XF2XG2XH2XI2XJ2XK2XL2XM2XN2XO2XP2XQ2XR2XS2XT2XX3AO3AP3AQ3AR3BO3BP3BQ3BR3BX3CO3CP3CQ3CR3CS3DN3DO3DP3DQ3DR3DS3DT3DU3EO3ER3ES3ET3EU3FB3FO3FS3FT3FU3GO3GR3GS3GT3GU3HB3HN3HO3HP3HQ3HR3HS3HT3HU3IP3IQ3IR3IS3IT3JR3JS3KF3KR3KS3LR3MF3MG3MR3NF3NR3OB3OE3OF3OR3PC3PD3PK3PR3PS3QC3QD3QE3QF3QG3QL3QR3QS3RD3RE3RF3RG3RL3RM3RS3RT3RU3SD3SM3SS3ST3SU3TM3TS3TT3TU3UA3UB3UC3UD3UM3UT3UU3VD3VE3VF3VT3VU3VV3WE3WF3WT3WU3WV3XE3XF3XT3XU3XV4AA4AB4AC4AE4AF4AG4AH4AI4AJ4AK4AL4AM4AN4AO4AP4AQ4AR4AS4BA4BB4BE4BF4BG4BH4BI4BJ4BK4BL4BM4BN4BO4BP4BQ4BR4BS4BT4CE4CF4CG4CH4CI4CJ4CK4CL4CM4CN4CO4CP4CQ4CR4CS4DE4DF4DG4DH4DI4DJ4DK4DL4DM4DN4DO4DP4DQ4DR4DS4DT4EE4EF4EG4EH4EI4EJ4EK4EL4EM4EN4EO4EP4EQ4ER4ES4ET4EU4FF4FG4FH4FI4FJ4FK4FL4FM4FN4FO4FP4FT4FU4FV4GG4GH4GI4GJ4GK4GL4GM4GN4GO4GP4GT4GU4GV4GW4GX4HH4HI4HJ4HK4HL4HM4HN4HO4HP4HT4HU4HV4HW4HX4II4IJ4IK4IL4IM4IN4IO4IP4IQ4IT4IU4IV4IW4IX4JA4JB4JI4JJ4JK4JL4JM4JN4JO4JP4JQ4JR4JS4KA4KB4KJ4KK4KL4KM4KN4KO4KP4KQ4KR4KS4LK4LL4LM4LN4LO4LP4LQ4LR4LS4ML4MM4MN4MO4MP4MQ4MR4MS4NM4NN4NO4NP4NQ4NR4NS4ON4OO4OP4OQ4OR4OS4PO4PP4PQ4PR4PS4QP4QQ4QR4QS4QT4RQ4RR4RS4RT4RU4SR4SS4ST4SU4SV4TS4TT4TU4TV4TW4UU4UV4UW4UX4VV4VW4VX</Field39>
<Field40>1144</Field40>
</results>
<results>
<Field1>3INZSNUD8238QZODBZL3ZIFJY269DN</Field1>
<Field2>3PUZG2R74TXVF7CR9RD94D92J8X45X</Field2>
<Field3>Participate in a land classification study (Bonuses for accuracy)</Field3>
<Field4>Classify an aerial image into four different types of land cover</Field4>
<Field5>image classification, land cover, photo interpretation</Field5>
<Field6>$0.50</Field6>
<Field7>Tue Jun 29 15:46:53 PDT 2021</Field7>
<Field8>6</Field8>
<Field9>BatchId:4491423;OriginalHitTemplateId:928390828;</Field9>
<Field10>3600</Field10>
<Field11>259200</Field11>
<Field12>Tue Jul 06 15:46:53 PDT 2021</Field12>
<Field15>3HYA4D452UWWBJF47Z6F2F6HX66F2I</Field15>
<Field16>A3TKUXUTDX6FBF</Field16>
<Field17>Submitted</Field17>
<Field18>Tue Jun 29 16:53:44 PDT 2021</Field18>
<Field19>Tue Jun 29 17:22:47 PDT 2021</Field19>
<Field20>Fri Jul 02 17:22:47 PDT 2021</Field20>
<Field24>1743</Field24>
<Field25>0% (0/0)</Field25>
<Field26>0% (0/0)</Field26>
<Field27>0% (0/0)</Field27>
<Field28>25889</Field28>
<Field29>old</Field29>
<Field30>img25889_old.jpg</Field30>
<Field31>https://raw.githubusercontent.com/ROIHabitat/lcimages/master/img25889_old.jpg</Field31>
<Field32>2194</Field32>
<Field33>1UR1VR1VS1VT1WR1WS1WT1WU1XR1XS1XT1XU2BH2BI2BJ2BK2BL2BM2BN2CH2CI2CJ2CK2CL2CM2CN2DH2DI2DJ2DK2DL2DM2DN2EJ2EK2EL2EM2EN2EO2FJ2FK2FL2FM2FN2FO2GJ2GK2GL2GM2GN2GO2HJ2HK2HL2HM2HN2HO2HP2IH2II2IJ2IK2IL2IM2IN2IO2IP2JH2JI2JJ2JK2JL2JM2KA2KB2KH2KI2KJ2KK2KL2LA2LB2LH2LI2LJ2LK2LL2LM2MA2MB2MC2MD2ME2MF2MG2MJ2MK2ML2MM2MN2MO2NB2NC2ND2NE2NF2NG2NH2NI2NM2NN2NO2OB2OC2OD2OE2OF2OG2OI2OM2ON2OO2PB2PC2PD2PE2PF2PG2PH2PI2PM2QA2QB2QC2QD2QE2QF2QG2QH2RA2RB2RC2RD2RE2RF2RG2RH2SA2SB2SC2SD2SE2SF2SG2SH2TA2TB2TC2TD2TE2TF2TG2TH2UF2UG2UH3KE3KF3LF3NB3NC3ND3OB3OC3OD3PB3PC3UB3UC3UD4GD4GE4GF4GG4GH4GI4HD4HE4HF4HG4IA4IB4IC4ID4IE4IF4IG4JA4JB4JC4JD4JE4JF4KA4KB4KC4KD4KE4KF4KG4KH4KI4LA4LB4LC4LD4LE4LF4LG4LH4LI4LJ4MA4MB4MC4ME4MF4MG4MH4MI4MJ4NA4NB4NC4NE4NF4NG4NH4NI4NJ4OB4OC4OD4OE4OF4OI4OJ4OK4PB4PC4PD4PE4PF4PI4PJ4PK4PL4PM4QB4QC4QD4QE4QF4QI4QJ4QK4QL4QM4RB4RC4RD4RG4RH4RI4RK4RL4RM4RO4RP4RQ4SB4SC4SD4SE4SF4SG4SH4SI4SK4SL4SM4SO4SP4SQ4TB4TC4TD4TE4TF4TG4TH4TI4TK4TL4TM4TO4TP4TQ4TR4UB4UC4UD4UE4UF4UH4UI4UJ4UP4VB4VC4VD4VE4VF4VH4VI4VJ4VP4WB4WC4WD4WE4WF4WH4WI4WJ4XD4XE4XF</Field33>
<Field34>338</Field34>
<Field35>3AS3AT3AU3AV3AW3AX3BS3BT3BU3BV3BW3BX3CU3CV3CW3DU3DV3DW3DX3EV3EW3EX3FW3FX3GW3GX3HW3HX3IW3IX3QW3QX3RW3RX3SW3SX3TW3TX3UX3VX</Field35>
<Field36>40</Field36>
<Field37>1AV1AW1AX1BU1BV1BW1BX1CU1CV1CW1CX1DU1DV1DW1DX1EV1EW1EX1OA1OB1PA1PB1QA1QB1QC1RA1RB1RC1SA1SB1SC1TA1TB1TC1UA1UB1UC2AA2AB2AC2BA2BB2BC2BD2BE2BF2CA2CB2CC2CD2CE2CF2DA2DB2DD2DE2DF2ED2EE2EF3JB3JC3JD3KB3KC3KD3LB3LC3LD3LE3MB3MC3MD3VB3VC3VD3VE3WB3WC3WD3WE3XB3XC3XD3XE4AU4AV4AW4BU4BV4BW4CU4CV4CW4CX4DT4DU4DV4DW4DX4EV4EW4EX4FA4FB4FC4FW4GA4GB4GC4HA4HB4HC</Field37>
<Field38>113</Field38>
<Field39>1AM1AN1AO1BF1BG1BH1BJ1BK1BL1BM1BN1BO1BP1BQ1BR1BS1BT1CA1CB1CC1CD1CE1CF1CG1CH1CI1CJ1CK1CL1CM1CN1CO1CP1CQ1CR1CS1CT1DA1DB1DC1DD1DE1DF1DG1DH1DI1DJ1DK1DL1DM1DN1DO1DP1DQ1DR1DS1DT1EA1EB1EC1ED1EE1EF1EG1EH1EI1EJ1EK1EL1EM1EN1EO1EP1EQ1ER1ES1ET1EU1FB1FC1FD1FF1FG1FH1FI1FJ1FK1FL1FM1FN1FO1FP1FQ1FR1FS1FT1FU1FV1FW1FX1GB1GC1GD1GE1GF1GG1GH1GI1GJ1GK1GL1GM1GN1GO1GP1GQ1GR1GS1GT1GU1GV1GW1GX1HA1HB1HC1HD1HE1HF1HG1HH1HI1HJ1HK1HL1HM1HN1HO1HP1HQ1HR1HS1HT1HU1HV1HW1HX1IA1IB1IC1ID1IE1IF1IG1IH1II1IJ1IK1IL1IM1IN1IO1IP1IQ1IR1IS1IT1IU1IV1IW1IX1JA1JB1JC1JD1JE1JF1JG1JH1JI1JJ1JK1JL1JM1JN1JO1JP1JQ1JR1JS1JT1JU1JV1JW1JX1KA1KB1KC1KD1KE1KF1KG1KH1KI1KJ1KK1KL1KM1KN1KP1KQ1KR1KS1KT1KU1KV1KW1KX1LA1LB1LC1LD1LE1LF1LG1LH1LI1LJ1LK1LL1LM1LN1LO1LP1LQ1LR1LS1LT1LU1LV1LW1LX1MA1MB1MC1MD1ME1MF1MG1MH1MI1MJ1MK1ML1MM1MN1MO1MP1MQ1MR1MS1MT1MU1MV1MW1MX1NC1ND1NE1NF1NG1NH1NI1NJ1NK1NL1NM1NN1NO1NP1NQ1NR1NS1NT1NU1NV1NW1NX1OC1OD1OE1OF1OG1OH1OI1OJ1OK1OL1OM1ON1OO1OP1OQ1OR1OS1OT1OU1OV1OW1OX1PC1PD1PE1PF1PG1PH1PI1PJ1PK1PL1PM1PN1PO1PP1PQ1PR1PS1PT1PU1PV1PW1PX1QE1QF1QG1QH1QI1QJ1QK1QL1QM1QN1QO1QP1QQ1QR1QS1QT1QU1QV1QW1QX1RD1RE1RF1RG1RH1RI1RJ1RK1RL1RM1RN1RO1RP1RQ1RR1RS1RT1RU1RV1RW1RX1SD1SE1SF1SG1SH1SI1SJ1SK1SL1SM1SN1SO1SP1SQ1SR1SS1ST1SU1SV1SW1SX1TD1TE1TF1TG1TH1TI1TJ1TK1TL1TM1TN1TO1TP1TQ1TS1TT1TU1TV1TW1TX1UD1UE1UF1UG1UH1UI1UJ1UK1UL1UM1UN1UO1UP1UQ1US1UT1UU1UV1UW1UX1VB1VC1VD1VE1VF1VG1VH1VI1VJ1VK1VL1VM1VN1VO1VP1VQ1VU1VV1VW1VX1WB1WC1WD1WE1WF1WG1WH1WI1WJ1WK1WL1WM1WN1WO1WP1WQ1WV1WW1WX1XB1XC1XD1XE1XF1XG1XH1XI1XJ1XK1XL1XM1XN1XO1XP1XQ1XV1XW1XX2AF2AG2AH2AI2AJ2AK2AL2AM2AN2AO2AP2AQ2AR2AS2AT2AU2AV2AW2AX2BG2BO2BP2BQ2BR2BS2BT2BU2BV2BW2BX2CG2CO2CP2CQ2CR2CS2CT2CU2CV2CW2DC2DG2DO2DP2DQ2DR2DS2DT2DU2DV2DW2EA2EB2EG2EH2EI2EP2EQ2ER2ES2ET2EU2EV2EW2FA2FB2FC2FD2FE2FF2FG2FH2FI2FP2FQ2FR2FS2FT2FU2FV2FW2GA2GB2GC2GD2GE2GF2GG2GH2GI2GP2GQ2GR2GS2GT2GU2GV2GW2HA2HB2HC2HD2HE2HF2HG2HH2HI2HQ2HR2HS2HT2HU2HV2HW2IA2IB2IC2ID2IE2IF2IG2IQ2IR2IS2IT2IU2IV2IW2JA2JB2JC2JD2JE2JF2JG2JN2JO2JP2JQ2JR2JS2JT2JU2JV2JW2KC2KD2KE2KF2KG2KM2KN2KO2KP2KQ2KR2KS2KT2KU2KV2KW2LC2LD2LE2LF2LG2LN2LO2LP2LQ2LR2LS2LT2LU2LV2LW2MH2MI2MP2MQ2MR2MS2MT2MU2MV2MW2NA2NJ2NK2NL2NP2NQ2NR2NS2NT2NU2NV2NW2OA2OH2OJ2OK2OL2OP2OQ2OR2OS2OT2OU2OV2OW2PA2PJ2PK2PL2PN2PO2PP2PQ2PR2PS2PT2PU2PV2PW2QI2QJ2QK2QL2QM2QN2QO2QP2QQ2QR2QS2QT2QU2QV2QW2QX2RI2RJ2RK2RL2RM2RN2RO2RP2RQ2RR2RS2RT2RU2RV2RW2RX2SI2SJ2SK2SL2SM2SN2SO2SP2SQ2SR2SS2ST2SU2SV2SW2SX2TI2TJ2TK2TL2TM2TN2TO2TP2TQ2TR2TS2TT2TU2TV2TW2UA2UB2UC2UD2UE2UI2UJ2UK2UL2UM2UN2UO2UP2UQ2UR2US2UT2UU2UV2UW2VA2VB2VC2VD2VE2VF2VG2VH2VI2VJ2VK2VL2VM2VN2VO2VP2VQ2VR2VS2VT2VU2VV2VW2WA2WB2WC2WD2WE2WF2WG2WH2WI2WJ2WK2WL2WM2WN2WO2WP2WQ2WR2WS2WT2WU2WV2WW2XA2XB2XC2XD2XE2XF2XG2XH2XI2XJ2XK2XL2XM2XN2XO2XP2XQ2XR2XS2XT2XU2XV2XW2XX3AA3AB3AC3AD3AE3AF3AG3AH3AI3AJ3AK3AL3AM3AN3AO3AP3AQ3AR3BA3BB3BC3BD3BE3BF3BG3BH3BI3BJ3BK3BL3BM3BN3BO3BP3BQ3BR3CA3CB3CC3CD3CE3CF3CG3CH3CI3CJ3CK3CL3CM3CN3CO3CP3CQ3CR3CS3CT3DA3DB3DC3DD3DE3DF3DG3DH3DI3DJ3DK3DL3DM3DN3DO3DP3DQ3DR3DS3DT3EA3EB3EC3ED3EE3EF3EG3EH3EI3EJ3EK3EL3EM3EN3EO3EP3EQ3ER3ES3ET3FA3FB3FC3FD3FE3FF3FG3FH3FI3FJ3FK3FL3FM3FN3FO3FP3FQ3FR3FS3FT3FU3FV3GA3GB3GC3GD3GE3GF3GG3GH3GI3GJ3GK3GL3GM3GN3GO3GP3GQ3GR3GS3GT3GU3GV3HB3HC3HD3HE3HF3HG3HH3HI3HJ3HK3HL3HM3HN3HO3HP3HQ3HR3HS3HT3HU3HV3IB3IC3ID3IE3IF3IG3IH3II3IJ3IK3IL3IM3IN3IO3IP3IQ3IR3IS3IT3IU3IV3JE3JF3JG3JH3JI3JJ3JK3JL3JM3JN3JO3JP3JQ3JR3JS3JT3JU3JV3JW3JX3KG3KH3KI3KJ3KK3KL3KM3KN3KO3KP3KQ3KR3KS3KT3KU3KV3KW3KX3LG3LH3LI3LJ3LK3LL3LM3LN3LO3LP3LQ3LR3LS3LT3LU3LV3LW3LX3ME3MF3MG3MH3MI3MJ3MK3ML3MM3MN3MO3MP3MQ3MR3MS3MT3MU3MV3MW3MX3NE3NF3NG3NH3NI3NJ3NK3NL3NM3NN3NO3NP3NQ3NR3NS3NT3NU3NV3NW3NX3OE3OF3OG3OH3OI3OJ3OK3OL3OM3ON3OO3OP3OQ3OR3OS3OT3OU3OV3OW3OX3PD3PE3PF3PG3PH3PI3PJ3PK3PL3PM3PN3PO3PP3PQ3PR3PS3PT3PU3PV3PW3PX3QB3QC3QD3QE3QF3QG3QH3QI3QJ3QK3QL3QM3QN3QO3QP3QQ3QR3QS3QT3QU3QV3RB3RC3RD3RE3RF3RG3RH3RI3RJ3RK3RL3RM3RN3RO3RP3RQ3RR3RS3RT3RU3RV3SB3SC3SD3SE3SF3SG3SH3SI3SJ3SK3SL3SM3SN3SO3SP3SQ3SR3SS3ST3SU3SV3TB3TC3TD3TE3TF3TG3TH3TI3TJ3TK3TL3TM3TN3TO3TP3TQ3TR3TS3TT3TU3TV3UE3UF3UG3UH3UI3UJ3UK3UL3UM3UN3UO3UP3UQ3UR3US3UT3UU3UV3UW3VF3VG3VH3VI3VJ3VK3VL3VM3VN3VO3VP3VQ3VR3VS3VT3VU3VV3VW3WF3WG3WH3WI3WJ3WK3WL3WM3WN3WO3WP3WQ3WR3WS3WT3WU3WV3WW3XF3XG3XH3XI3XJ3XK3XL3XM4AA4AB4AC4AD4AE4AF4AG4AH4AI4AJ4AK4AL4AM4AN4AO4AP4AQ4AR4AS4AT4BA4BB4BC4BD4BE4BF4BG4BH4BI4BJ4BK4BL4BM4BN4BO4BP4BQ4BR4BS4BT4CA4CB4CC4CD4CE4CF4CG4CH4CI4CJ4CK4CL4CM4CN4CO4CP4CQ4CR4CS4CT4DA4DB4DC4DD4DE4DF4DG4DH4DI4DJ4DK4DL4DM4DN4DO4DP4DQ4DR4DS4EA4EB4EC4ED4EE4EF4EG4EH4EI4EJ4EK4EL4EM4EN4EO4EP4EQ4ER4ES4ET4EU4FD4FE4FF4FG4FH4FI4FJ4FK4FL4FM4FN4FO4FP4FQ4FR4FS4FT4FU4FV4FX4GJ4GK4GL4GM4GN4GO4GP4GQ4GR4GS4GT4GU4GV4GW4GX4HH4HI4HJ4HK4HL4HM4HN4HO4HP4HQ4HR4HS4HT4HU4HV4HW4IH4II4IJ4IK4IL4IM4IN4IO4IP4IQ4IR4IS4IT4IU4IV4IW4IX4JG4JH4JI4JJ4JK4JL4JM4JN4JO4JP4JQ4JR4JS4JT4JU4JV4JW4JX4KJ4KK4KL4KM4KN4KO4KP4KQ4KR4KS4KT4KU4KV4KW4KX4LK4LL4LM4LN4LO4LP4LQ4LR4LS4LT4LU4LV4LW4LX4MD4MK4ML4MM4MN4MO4MP4MQ4MR4MS4MT4MU4MV4MW4MX4ND4NK4NL4NM4NN4NO4NP4NQ4NR4NS4NT4NU4NV4NW4NX4OA4OG4OH4OL4OM4ON4OO4OP4OQ4OR4OS4OT4OU4OV4OW4OX4PA4PG4PH4PN4PO4PP4PQ4PR4PS4PT4PU4PV4PW4PX4QA4QG4QH4QN4QO4QP4QQ4QR4QS4QT4QU4QV4QW4QX4RA4RE4RF4RJ4RN4RR4RS4RT4RU4RV4RW4RX4SA4SJ4SN4SR4SS4ST4SU4SV4SW4SX4TA4TJ4TN4TS4TT4TU4TV4TW4TX4UA4UG4UK4UL4UM4UN4UO4UQ4UR4US4UT4UU4UV4UW4UX4VA4VG4VK4VL4VM4VN4VO4VQ4VR4VS4VT4VU4VV4VW4WA4WG4WK4WL4WM4WN4WO4WP4WQ4WR4WS4WT4WU4WV4WW4XL4XM4XN</Field39>
<Field40>1703</Field40>
</results>
<results>
<Field1>3INZSNUD8238QZODBZL3ZIFJY269DN</Field1>
<Field2>3PUZG2R74TXVF7CR9RD94D92J8X45X</Field2>
<Field3>Participate in a land classification study (Bonuses for accuracy)</Field3>
<Field4>Classify an aerial image into four different types of land cover</Field4>
<Field5>image classification, land cover, photo interpretation</Field5>
<Field6>$0.50</Field6>
<Field7>Tue Jun 29 15:46:53 PDT 2021</Field7>
<Field8>6</Field8>
<Field9>BatchId:4491423;OriginalHitTemplateId:928390828;</Field9>
<Field10>3600</Field10>
<Field11>259200</Field11>
<Field12>Tue Jul 06 15:46:53 PDT 2021</Field12>
<Field15>3XM0HYN6NNC0XCGEEMXLGATAWFPEPS</Field15>
<Field16>A297CTRQBL4U3W</Field16>
<Field17>Submitted</Field17>
<Field18>Tue Jun 29 18:06:24 PDT 2021</Field18>
<Field19>Tue Jun 29 18:36:06 PDT 2021</Field19>
<Field20>Fri Jul 02 18:36:06 PDT 2021</Field20>
<Field24>1782</Field24>
<Field25>0% (0/0)</Field25>
<Field26>0% (0/0)</Field26>
<Field27>0% (0/0)</Field27>
<Field28>25889</Field28>
<Field29>old</Field29>
<Field30>img25889_old.jpg</Field30>
<Field31>https://raw.githubusercontent.com/ROIHabitat/lcimages/master/img25889_old.jpg</Field31>
<Field32>2243</Field32>
<Field33>1CO1CP1CQ1CR1DO1DP1DQ1DR1DS1EO1EP1EQ1ER1ES1ET1EU1FP1FQ1FR1FS1FT1FU1FW1GQ1GR1GS1GT1GU1GW1GX1HR1HS1HT1HU1HV1HW1HX1IV1IW1IX1JV1JW1JX1KV1KW1KX1LV1LW1LX1MV1MW1MX1NX2AH2AI2AJ2AK2AL2AM2AN2AO2AP2AQ2AR2AS2AT2AU2AV2AW2BH2BI2BJ2BK2BL2BM2BN2BO2BP2BQ2BR2BS2BT2BU2BV2BW2CH2CI2CJ2CK2CL2CM2CN2CO2CP2CQ2CR2CS2CT2CU2CV2CW2DH2DI2DJ2DK2DL2DM2DN2DO2DP2DQ2DR2DS2DT2DU2DV2DW2EA2EB2EC2EH2EI2EJ2EK2EL2EM2EN2EO2EP2EQ2ER2ES2ET2EU2EV2EW2FA2FB2FC2FD2FE2FF2FG2FH2FI2FJ2FK2FL2FM2FN2FO2FP2FQ2FR2FS2FT2FU2FV2FW2GA2GB2GC2GD2GE2GF2GG2GH2GI2GJ2GK2GL2GM2GN2GO2GP2GQ2GR2GS2GT2GU2GV2GW2HA2HE2HF2HG2HH2HI2HJ2HK2HL2HM2HN2HO2HP2HQ2HR2HS2HT2HU2HV2HW2IF2IG2IH2II2IJ2IK2IL2IM2IN2IO2IP2IQ2IR2IS2IT2IU2IV2IW2IX2JG2JH2JI2JJ2JK2JL2JM2JN2JO2JP2JQ2JR2JS2JT2JU2JV2JW2JX2KG2KH2KI2KJ2KK2KL2KM2KN2KO2KP2KQ2KR2KS2KT2KU2KV2KW2KX2LA2LB2LC2LD2LG2LH2LI2LJ2LK2LL2LM2LN2LO2LP2LQ2LR2LS2LT2LU2LV2LW2LX2MA2MB2MC2MD2ME2MF2MG2MH2MI2MJ2MK2ML2MM2MN2MO2MP2MQ2MR2MS2MT2MU2MV2MW2MX2NA2NB2NC2ND2NE2NF2NG2NH2NI2NJ2NK2NL2NM2NN2NO2NP2NQ2NR2NS2NT2NU2NV2NW2NX2OA2OB2OC2OD2OE2OF2OG2OH2OI2OJ2OK2OL2OM2ON2OO2OP2OQ2OR2OS2OT2OU2OV2OW2OX2PA2PB2PC2PD2PE2PF2PG2PH2PI2PJ2PK2PL2PM2PN2PO2PP2PQ2PR2PS2PT2PU2PV2PW2PX2QB2QC2QD2QE2QF2QG2QH2QI2QJ2QK2QL2QM2QN2QO2QP2QQ2QR2QS2QT2QU2QV2QW2QX2RC2RD2RE2RF2RG2RH2RI2RJ2RK2RL2RM2RN2RO2RP2RQ2RR2RS2RT2RU2RV2RW2RX2SD2SE2SF2SG2SH2SI2SJ2SK2SL2SM2SN2SO2SP2SQ2SR2SS2ST2SU2SV2SW2SX2TE2TF2TG2TH2TI2TJ2TK2TL2TM2TN2TO2TP2TQ2TR2TS2TT2TU2UF2UG2UH2UI2UJ2UK2UL2UM2UN2UO2UP</Field33>
<Field34>469</Field34>
<Field35>1AA1AB1AC1AD1AE1AF1AG1AH1AI1AJ1AK1AL1AM1AN1AO1AP1AQ1AR1AS1AT1AU1AV1AW1AX1BA1BB1BC1BD1BE1BF1BG1BH1BI1BK1BL1BM1CA1CB1CC1CD1CE1CF1CG1CH1CI1CJ1CK1CL1CM1CN1CS1CT1DA1DB1DC1DD1DE1DF1DG1DH1DI1DJ1DK1DL1DM1DN1DT1EA1EB1EC1ED1EE1EF1EG1EH1EI1EJ1EK1EL1EM1EN1EX1FA1FB1FC1FD1FE1FF1FG1FH1FI1FJ1FK1FL1FM1FN1FO1FX1GA1GB1GC1GD1GE1GF1GG1GH1GI1GJ1GK1GL1GM1GN1GO1GP1HA1HB1HC1HD1HE1HF1HG1HH1HI1HJ1HK1HL1HM1HN1HO1HP1HQ1IA1IB1IC1ID1IE1IF1IG1IH1II1IJ1IK1IL1IM1IN1IO1IP1IQ1IR1IS1IT1IU1JA1JB1JC1JD1JE1JF1JG1JH1JI1JJ1JK1JL1JM1JN1JO1JP1JQ1JR1JS1JT1JU1KA1KB1KC1KD1KE1KF1KG1KH1KI1KJ1KK1KL1KM1KN1KO1KP1KQ1KR1KS1KT1KU1LA1LB1LC1LD1LE1LF1LG1LH1LI1LK1LL1LM1LN1LO1LP1LQ1LR1LS1LT1LU1MA1MB1MC1MD1ME1MF1MG1MH1MI1MJ1MK1ML1MM1MN1MO1MP1MQ1MR1MS1MT1MU1NA1NC1ND1NE1NF1NG1NH1NI1NJ1NK1NL1NM1NN1NO1NP1NQ1NR1NS1NT1NU1NV1NW1OC1OD1OE1OF1OG1OH1OI1OJ1OK1OL1OM1ON1OO1OP1OQ1OR1OS1OT1OU1OV1OW1OX1PC1PD1PE1PF1PG1PH1PI1PJ1PK1PL1PM1PN1PO1PP1PQ1PR1PS1PT1PU1PV1PW1PX1QC1QD1QE1QF1QG1QH1QI1QJ1QK1QL1QM1QN1QO1QP1QQ1QR1QS1QT1QU1QV1QW1QX1RD1RE1RF1RG1RH1RI1RJ1RK1RL1RM1RN1RO1RP1RQ1RR1RS1RT1RU1RV1RW1RX1SD1SE1SF1SG1SH1SI1SJ1SK1SL1SM1SN1SO1SP1SQ1SR1SS1ST1SU1SV1SW1SX1TD1TE1TF1TG1TH1TI1TJ1TK1TL1TM1TN1TO1TP1TQ1TS1TT1TU1TV1TW1TX1UA1UB1UC1UD1UE1UF1UG1UH1UI1UJ1UK1UL1UM1UN1UO1UP1UQ1UT1UU1UV1UW1UX1VA1VB1VC1VD1VE1VF1VG1VH1VI1VJ1VK1VL1VM1VN1VO1VP1VQ1VR1VT1VU1VV1VW1VX1WA1WB1WC1WD1WE1WF1WG1WH1WI1WJ1WK1WL1WM1WN1WO1WP1WQ1WR1WT1WU1WV1WW1WX1XA1XB1XC1XD1XE1XF1XG1XH1XI1XJ1XK1XL1XM1XN1XO1XP1XQ1XR1XS1XU1XV1XW1XX2HB2HC2HD2IA2IB2IC2ID2IE2JA2JB2JC2JD2JE2JF2KA2KB2KC2KD2KE2KF2LE2LF2QA2RA2RB2SA2SB2SC2TA2TB2TC2TD2TV2TW2UA2UB2UC2UD2UE2UQ2UR2US2UT2UU2VA2VB2VC2VD2VE2VF2VG2VH2VI2VJ2VK2VL2VM2VN2VO2VP2VQ2VR2VS2VT2VV2VW2WA2WB2WC2WD2WE2WF2WG2WH2WI2WJ2WK2WL2WM2WN2WO2WP2WQ2WR2WS2WT2WU2WV2XA2XB2XC2XD2XE2XF2XG2XH2XI2XJ2XK2XL2XM2XN2XO2XP2XQ2XR2XS2XT2XV3AB3AC3AD3AE3AF3AG3AH3AI3AJ3AK3AL3AM3AN3AO3AP3AQ3AR3AS3AT3AW3AX3BB3BC3BD3BE3BF3BG3BH3BI3BJ3BK3BL3BM3BN3BO3BP3BQ3BR3BS3BV3BW3BX3CB3CC3CD3CE3CF3CG3CH3CI3CJ3CK3CL3CM3CN3CO3CP3CQ3CR3CS3CU3CV3CW3CX3DB3DC3DD3DE3DF3DG3DH3DI3DJ3DK3DL3DM3DN3DO3DP3DQ3DR3DS3DT3DU3EB3EC3ED3EE3EF3EG3EH3EI3EJ3EK3EL3EM3EN3EO3EP3EQ3ER3ES3ET3EU3EV3FB3FC3FD3FE3FF3FG3FH3FI3FJ3FK3FL3FM3FN3FO3FP3FQ3FR3FS3FT3FU3FV3FW3FX3GB3GC3GD3GE3GF3GG3GH3GI3GJ3GK3GL3GM3GN3GO3GP3GQ3GR3GS3GT3GU3GV3GW3GX3HB3HC3HD3HE3HF3HG3HH3HI3HJ3HK3HL3HM3HN3HO3HP3HQ3HR3HS3HT3HU3HV3HW3HX3IB3IC3ID3IE3IF3IG3IH3II3IJ3IK3IL3IM3IN3IO3IP3IQ3IR3IS3IT3IU3IV3IW3IX3JE3JF3JG3JH3JI3JJ3JK3JL3JM3JN3JO3JP3JQ3JR3JS3JT3JU3JV3JW3JX3KB3KC3KF3KG3KH3KI3KJ3KK3KL3KM3KN3KO3KP3KQ3KR3KS3KT3KU3KV3KW3KX3LB3LF3LG3LH3LI3LJ3LK3LL3LM3LN3LO3LP3LQ3LR3LS3LT3LU3LV3LW3LX3MF3MG3MH3MI3MJ3MK3ML3MM3MN3MO3MP3MQ3MR3MS3MT3MU3MV3MW3MX3NB3NC3ND3NE3NF3NG3NH3NI3NJ3NK3NL3NM3NN3NO3NP3NQ3NR3NS3NT3NU3NV3NW3NX3OB3OC3OD3OE3OF3OG3OH3OI3OJ3OK3OL3OM3ON3OO3OP3OQ3OR3OS3OT3OU3OV3OW3OX3PB3PC3PD3PE3PF3PG3PH3PI3PJ3PK3PL3PM3PN3PO3PP3PQ3PR3PS3PT3PU3PV3PW3PX3QB3QC3QD3QE3QF3QG3QH3QI3QJ3QK3QL3QM3QN3QO3QP3QQ3QR3QS3QT3QU3QV3QW3QX3RB3RC3RD3RE3RF3RG3RH3RI3RJ3RK3RL3RM3RN3RO3RP3RQ3RR3RS3RT3RU3RV3RW3RX3SB3SC3SD3SE3SF3SG3SH3SI3SJ3SK3SL3SM3SN3SO3SP3SQ3SR3SS3ST3SU3SV3SW3SX3TB3TC3TD3TE3TF3TG3TH3TI3TJ3TK3TL3TM3TN3TO3TP3TQ3TR3TS3TT3TU3TV3TW3TX3UB3UC3UD3UE3UF3UG3UH3UI3UJ3UK3UL3UM3UN3UO3UP3UQ3UR3US3UT3UU3UV3UW3UX3VC3VD3VE3VF3VG3VH3VI3VJ3VK3VL3VM3VN3VO3VP3VQ3VR3VS3VT3VU3VV3VW3VX3WD3WE3WF3WG3WH3WI3WJ3WK3WL3WM3WN3WO3WP3WQ3WR3WS3WT3WU3WV3WW3WX3XE3XF3XG3XH3XI3XJ3XK3XL3XM3XN3XO3XP3XQ3XR3XS3XT3XU3XV3XW3XX4AA4AB4AC4AD4AE4AF4AG4AH4AI4AJ4AK4AL4AM4AN4AO4AP4AQ4AR4AS4AT4BA4BB4BC4BD4BE4BF4BG4BH4BI4BJ4BK4BL4BM4BN4BO4BP4BQ4BR4BS4BT4CA4CB4CC4CD4CE4CF4CG4CH4CI4CJ4CK4CL4CM4CN4CO4CP4CQ4CR4CS4CT4DA4DB4DC4DD4DE4DF4DG4DH4DI4DJ4DK4DL4DM4DN4DO4DP4DQ4DR4DS4DT4EA4EB4EC4ED4EE4EF4EG4EH4EI4EJ4EK4EL4EM4EN4EO4EP4EQ4ER4ES4ET4EU4EV4FA4FB4FC4FD4FE4FF4FG4FH4FI4FJ4FK4FL4FM4FN4FO4FP4FQ4FR4FS4FT4FU4FV4GA4GB4GC4GD4GE4GF4GG4GH4GI4GJ4GK4GL4GM4GN4GO4GP4GQ4GR4GS4GT4GU4GV4GW4GX4HA4HB4HC4HD4HE4HF4HG4HH4HI4HJ4HK4HL4HM4HN4HO4HP4HQ4HR4HS4HT4HU4HV4HW4HX4IA4IB4IC4ID4IE4IF4IG4IH4II4IJ4IK4IL4IM4IN4IO4IP4IQ4IR4IS4IT4IU4IV4IW4IX4JA4JB4JC4JD4JE4JF4JG4JH4JI4JJ4JK4JL4JM4JN4JO4JP4JQ4JR4JS4JT4JU4JV4JW4JX4KA4KB4KC4KD4KE4KF4KG4KH4KI4KJ4KK4KL4KM4KN4KO4KP4KQ4KR4KS4KT4KU4KV4KW4KX4LA4LB4LC4LD4LE4LF4LG4LH4LI4LJ4LK4LL4LM4LN4LO4LP4LQ4LR4LS4LT4LU4LV4LW4LX4MA4MB4MC4MD4ME4MF4MG4MH4MI4MJ4MK4ML4MM4MN4MO4MP4MQ4MR4MS4MT4MU4MV4MW4MX4NA4NB4NC4ND4NE4NF4NG4NH4NI4NJ4NK4NL4NM4NN4NO4NP4NQ4NR4NS4NT4NU4NV4NW4NX4OA4OB4OC4OD4OE4OF4OG4OH4OI4OJ4OK4OL4OM4ON4OO4OP4OQ4OR4OS4OT4OU4OV4OW4OX4PA4PB4PC4PD4PE4PF4PG4PH4PI4PJ4PK4PL4PM4PN4PO4PP4PQ4PR4PS4PT4PU4PV4PW4PX4QA4QB4QC4QD4QE4QF4QG4QH4QI4QJ4QK4QL4QM4QN4QO4QP4QQ4QR4QS4QT4QU4QV4QW4QX4RA4RB4RC4RD4RE4RF4RG4RH4RI4RJ4RK4RL4RM4RN4RO4RP4RQ4RR4RS4RT4RU4RV4RW4RX4SA4SB4SC4SD4SE4SF4SG4SH4SI4SJ4SK4SL4SM4SN4SO4SP4SQ4SR4SS4ST4SU4SV4SW4SX4TA4TB4TC4TD4TE4TF4TG4TH4TI4TJ4TK4TL4TM4TN4TO4TP4TQ4TR4TS4TT4TU4TV4TW4TX4UA4UB4UC4UD4UE4UF4UG4UH4UI4UJ4UK4UL4UM4UN4UO4UP4UQ4UR4US4UT4UU4UV4UW4UX4VA4VB4VC4VD4VE4VF4VG4VH4VI4VJ4VK4VL4VM4VN4VO4VP4VQ4VR4VS4VT4VU4VV4VW4WA4WB4WC4WD4WE4WF4WG4WH4WI4WJ4WK4WL4WM4WN4WO4WP4WQ4WR4WS4WT4WU4WV</Field35>
<Field36>1638</Field36>
<Field37>1BJ1BN1BO1BP1BQ1BR1BS1BT1BU1BV1BW1BX1CU1CV1CW1CX1DU1DV1DW1DX1EV1EW1FV1GV1LJ1NB1OA1OB1PA1PB1QA1QB1RA1RB1RC1SA1SB1SC1TA1TB1TC1TR1UR1US1VS1WS1XT2AA2AB2AC2AD2AE2AF2AG2BA2BB2BC2BD2BE2BF2BG2CA2CB2CC2CD2CE2CF2CG2DA2DB2DC2DD2DE2DF2DG2ED2EE2EF2EG2UV2UW2VU2WW2XU2XW3AU3AV3BT3BU3CT3DV3DW3DX3EW3EX3JB3JC3JD3KD3KE3LC3LD3LE3MB3MC3MD3ME3VB3WB3WC3XB3XC3XD4AU4AV4AW4AX4BU4BV4BW4BX4CU4CV4CW4CX4DU4DV4DW4DX4EW4EX4FW4FX4VX4WW4WX</Field37>
<Field38>136</Field38>
<Field40>0</Field40>
</results>
</dataroot>
